******************************************************************************
             TMS320C2000 Linker PC v25.11.0                    
******************************************************************************
>> Linked Mon Jun 22 09:12:13 2026

OUTPUT FILE NAME:   <ATTLA_T_CPU1.out>
ENTRY POINT SYMBOL: "code_start"  address: 00000000


MEMORY CONFIGURATION

         name            origin    length      used     unused   attr    fill
----------------------  --------  ---------  --------  --------  ----  --------
PAGE 0:
  BEGIN                 00000000   00000002  00000002  00000000  RWIX
  BOOT_RSVD             00000002   000001af  00000000  000001af  RWIX
  RAMM0                 000001b1   0000024f  00000060  000001ef  RWIX
  RAMM1                 00000400   000003f8  00000100  000002f8  RWIX
  RAMLS0                00008000   00000800  00000800  00000000  RWIX
  RAMLS1                00008800   00000800  00000800  00000000  RWIX
  RAMLS2                00009000   00000800  00000800  00000000  RWIX
  RAMLS3                00009800   00000800  00000800  00000000  RWIX
  RAMLS4                0000a000   00000800  000001fb  00000605  RWIX
  RAMLS5                0000a800   00000800  0000076a  00000096  RWIX
  RAMLS6                0000b000   00000800  00000000  00000800  RWIX
  RAMLS7                0000b800   00000800  00000000  00000800  RWIX
  RAMD0                 0000c000   00000800  00000800  00000000  RWIX
  RAMD1                 0000c800   00000800  00000800  00000000  RWIX
  RAMGS0                0000d000   00001000  00000ae1  0000051f  RWIX
  RAMGS1                0000e000   00001000  00000000  00001000  RWIX
  RAMGS2                0000f000   00001000  00000000  00001000  RWIX
  RAMGS3                00010000   00001000  0000010a  00000ef6  RWIX
  RAMGS4                00011000   00001000  00000000  00001000  RWIX
  RAMGS5                00012000   00001000  00000000  00001000  RWIX
  RAMGS6                00013000   00001000  00000000  00001000  RWIX
  RAMGS7                00014000   00001000  00000000  00001000  RWIX
  RAMGS8                00015000   00001000  00000000  00001000  RWIX
  RAMGS9                00016000   00001000  00000000  00001000  RWIX
  RAMGS10               00017000   00001000  00000000  00001000  RWIX
  RAMGS11               00018000   00001000  00000000  00001000  RWIX
  RAMGS12               00019000   00001000  00000000  00001000  RWIX
  RAMGS13               0001a000   00001000  00000000  00001000  RWIX
  RAMGS14               0001b000   00001000  00000000  00001000  RWIX
  RAMGS15               0001c000   00000ff8  00000000  00000ff8  RWIX
  CMTOCPURAM            00038000   00000800  00000088  00000778  RWIX
  CPUTOCMRAM            00039000   00000800  00000088  00000778  RWIX
  CPU1TOCPU2RAM         0003a000   00000800  00000088  00000778  RWIX
  CPU2TOCPU1RAM         0003b000   00000800  00000088  00000778  RWIX
  CANA_MSG_RAM          00049000   00000800  00000000  00000800  RWIX
  CANB_MSG_RAM          0004b000   00000800  00000000  00000800  RWIX
  FLASH0                00080000   00002000  00000000  00002000  RWIX
  FLASH1                00082000   00002000  00000000  00002000  RWIX
  FLASH2                00084000   00002000  00000000  00002000  RWIX
  FLASH3                00086000   00002000  00000000  00002000  RWIX
  FLASH4                00088000   00008000  00000000  00008000  RWIX
  FLASH5                00090000   00008000  00000000  00008000  RWIX
  FLASH6                00098000   00008000  00000000  00008000  RWIX
  FLASH7                000a0000   00008000  00000000  00008000  RWIX
  FLASH8                000a8000   00008000  00000000  00008000  RWIX
  FLASH9                000b0000   00008000  00000000  00008000  RWIX
  FLASH10               000b8000   00002000  00000000  00002000  RWIX
  FLASH11               000ba000   00002000  00000000  00002000  RWIX
  FLASH12               000bc000   00002000  00000000  00002000  RWIX
  FLASH13               000be000   00002000  00000000  00002000  RWIX
  RESET                 003fffc0   00000002  00000000  00000002  RWIX

PAGE 1:
  ADCARESULT            00000b00   00000018  00000000  00000018  RWIX
  ADCBRESULT            00000b20   00000018  00000000  00000018  RWIX
  ADCCRESULT            00000b40   00000018  00000000  00000018  RWIX
  ADCDRESULT            00000b60   00000018  00000000  00000018  RWIX
  CPUTIMER0             00000c00   00000008  00000000  00000008  RWIX
  CPUTIMER1             00000c08   00000008  00000000  00000008  RWIX
  CPUTIMER2             00000c10   00000008  00000000  00000008  RWIX
  PIECTRL               00000ce0   0000001a  00000000  0000001a  RWIX
  PIEVECTTABLE          00000d00   00000200  000001c0  00000040  RWIX
  DMA                   00001000   00000200  00000000  00000200  RWIX
  CLA1                  00001400   00000080  00000000  00000080  RWIX
  CLB1LOGICCFG          00003000   00000052  00000000  00000052  RWIX
  CLB1LOGICCTRL         00003100   00000040  00000000  00000040  RWIX
  CLB1DATAEXCH          00003180   00000080  00000000  00000080  RWIX
  CLB2LOGICCFG          00003200   00000052  00000000  00000052  RWIX
  CLB2LOGICCTRL         00003300   00000040  00000000  00000040  RWIX
  CLB2DATAEXCH          00003380   00000080  00000000  00000080  RWIX
  CLB3LOGICCFG          00003400   00000052  00000000  00000052  RWIX
  CLB3LOGICCTRL         00003500   00000040  00000000  00000040  RWIX
  CLB3DATAEXCH          00003580   00000080  00000000  00000080  RWIX
  CLB4LOGICCFG          00003600   00000052  00000000  00000052  RWIX
  CLB4LOGICCTRL         00003700   00000040  00000000  00000040  RWIX
  CLB4DATAEXCH          00003780   00000080  00000000  00000080  RWIX
  CLB5LOGICCFG          00003800   00000052  00000000  00000052  RWIX
  CLB5LOGICCTRL         00003900   00000040  00000000  00000040  RWIX
  CLB5DATAEXCH          00003980   00000080  00000000  00000080  RWIX
  CLB6LOGICCFG          00003a00   00000052  00000000  00000052  RWIX
  CLB6LOGICCTRL         00003b00   00000040  00000000  00000040  RWIX
  CLB6DATAEXCH          00003b80   00000080  00000000  00000080  RWIX
  CLB7LOGICCFG          00003c00   00000052  00000000  00000052  RWIX
  CLB7LOGICCTRL         00003d00   00000040  00000000  00000040  RWIX
  CLB7DATAEXCH          00003d80   00000080  00000000  00000080  RWIX
  CLB8LOGICCFG          00003e00   00000052  00000000  00000052  RWIX
  CLB8LOGICCTRL         00003f00   00000040  00000000  00000040  RWIX
  CLB8DATAEXCH          00003f80   00000080  00000000  00000080  RWIX
  EPWM1                 00004000   00000100  00000000  00000100  RWIX
  EPWM2                 00004100   00000100  00000000  00000100  RWIX
  EPWM3                 00004200   00000100  00000000  00000100  RWIX
  EPWM4                 00004300   00000100  00000000  00000100  RWIX
  EPWM5                 00004400   00000100  00000000  00000100  RWIX
  EPWM6                 00004500   00000100  00000000  00000100  RWIX
  EPWM7                 00004600   00000100  00000000  00000100  RWIX
  EPWM8                 00004700   00000100  00000000  00000100  RWIX
  EPWM9                 00004800   00000100  00000000  00000100  RWIX
  EPWM10                00004900   00000100  00000000  00000100  RWIX
  EPWM11                00004a00   00000100  00000000  00000100  RWIX
  EPWM12                00004b00   00000100  00000000  00000100  RWIX
  EPWM13                00004c00   00000100  00000000  00000100  RWIX
  EPWM14                00004d00   00000100  00000000  00000100  RWIX
  EPWM15                00004e00   00000100  00000000  00000100  RWIX
  EPWM16                00004f00   00000100  00000000  00000100  RWIX
  EQEP1                 00005100   00000040  00000000  00000040  RWIX
  EQEP2                 00005140   00000040  00000000  00000040  RWIX
  EQEP3                 00005180   00000040  00000000  00000040  RWIX
  ECAP1                 00005200   00000020  00000000  00000020  RWIX
  ECAP2                 00005240   00000020  00000000  00000020  RWIX
  ECAP3                 00005280   00000020  00000000  00000020  RWIX
  ECAP4                 000052c0   00000020  00000000  00000020  RWIX
  ECAP5                 00005300   00000020  00000000  00000020  RWIX
  ECAP6                 00005340   00000020  00000000  00000020  RWIX
  HRCAP6                00005360   00000020  00000000  00000020  RWIX
  ECAP7                 00005380   00000020  00000000  00000020  RWIX
  HRCAP7                000053a0   00000020  00000000  00000020  RWIX
  DACA                  00005c00   00000008  00000000  00000008  RWIX
  DACB                  00005c10   00000008  00000000  00000008  RWIX
  DACC                  00005c20   00000008  00000000  00000008  RWIX
  CMPSS1                00005c80   00000020  00000000  00000020  RWIX
  CMPSS2                00005ca0   00000020  00000000  00000020  RWIX
  CMPSS3                00005cc0   00000020  00000000  00000020  RWIX
  CMPSS4                00005ce0   00000020  00000000  00000020  RWIX
  CMPSS5                00005d00   00000020  00000000  00000020  RWIX
  CMPSS6                00005d20   00000020  00000000  00000020  RWIX
  CMPSS7                00005d40   00000020  00000000  00000020  RWIX
  CMPSS8                00005d60   00000020  00000000  00000020  RWIX
  SDFM1                 00005e00   00000080  00000000  00000080  RWIX
  SDFM2                 00005e80   00000080  00000000  00000080  RWIX
  MCBSPA                00006000   00000024  00000000  00000024  RWIX
  MCBSPB                00006040   00000024  00000000  00000024  RWIX
  SPIA                  00006100   00000010  00000000  00000010  RWIX
  SPIB                  00006110   00000010  00000000  00000010  RWIX
  SPIC                  00006120   00000010  00000000  00000010  RWIX
  SPID                  00006130   00000010  00000000  00000010  RWIX
  BGCRCCPU              00006340   00000040  00000000  00000040  RWIX
  BGCRCCLA1             00006380   00000040  00000000  00000040  RWIX
  PMBUSA                00006400   00000020  00000000  00000020  RWIX
  FSITXA                00006600   00000050  00000000  00000050  RWIX
  FSIRXA                00006680   00000050  00000000  00000050  RWIX
  FSITXB                00006700   00000050  00000000  00000050  RWIX
  FSIRXB                00006780   00000050  00000000  00000050  RWIX
  FSIRXC                00006880   00000050  00000000  00000050  RWIX
  FSIRXD                00006980   00000050  00000000  00000050  RWIX
  FSIRXE                00006a80   00000050  00000000  00000050  RWIX
  FSIRXF                00006b80   00000050  00000000  00000050  RWIX
  FSIRXG                00006c80   00000050  00000000  00000050  RWIX
  FSIRXH                00006d80   00000050  00000000  00000050  RWIX
  WD                    00007000   0000002c  00000000  0000002c  RWIX
  NMIINTRUPT            00007060   00000010  00000000  00000010  RWIX
  XINT                  00007070   0000000c  00000000  0000000c  RWIX
  SCIA                  00007200   00000010  00000000  00000010  RWIX
  SCIB                  00007210   00000010  00000000  00000010  RWIX
  SCIC                  00007220   00000010  00000000  00000010  RWIX
  SCID                  00007230   00000010  00000000  00000010  RWIX
  I2CA                  00007300   00000022  00000000  00000022  RWIX
  I2CB                  00007340   00000022  00000000  00000022  RWIX
  ADCA                  00007400   00000080  00000000  00000080  RWIX
  ADCB                  00007480   00000080  00000000  00000080  RWIX
  ADCC                  00007500   00000080  00000000  00000080  RWIX
  ADCD                  00007580   00000080  00000000  00000080  RWIX
  INPUTXBAR             00007900   00000020  00000000  00000020  RWIX
  XBAR                  00007920   00000020  00000000  00000020  RWIX
  SYNCSOC               00007940   00000006  00000000  00000006  RWIX
  CLBINPUTXBAR          00007960   00000020  00000000  00000020  RWIX
  DMACLASRCSEL          00007980   0000001a  00000000  0000001a  RWIX
  EPWMXBAR              00007a00   00000040  00000000  00000040  RWIX
  CLBXBAR               00007a40   00000040  00000000  00000040  RWIX
  OUTPUTXBAR            00007a80   00000040  00000000  00000040  RWIX
  CLBOUTPUTXBAR         00007bc0   00000040  00000000  00000040  RWIX
  GPIOCTRL              00007c00   00000200  00000000  00000200  RWIX
  GPIODATA              00007f00   00000040  00000000  00000040  RWIX
  GPIODATAREAD          00007f80   00000010  00000000  00000010  RWIX
  EMIF1                 00047000   00000070  00000000  00000070  RWIX
  EMIF2                 00047800   00000070  00000000  00000070  RWIX
  CANA                  00048000   00000200  00000000  00000200  RWIX
  CANB                  0004a000   00000200  00000000  00000200  RWIX
  ESCSS                 00057e00   00000024  00000000  00000024  RWIX
  ESCSSCONFIG           00057f00   00000016  00000000  00000016  RWIX
  MCANASS               0005c400   0000002c  00000000  0000002c  RWIX
  MCANA                 0005c600   00000100  00000000  00000100  RWIX
  MCANAERR              0005c800   00000210  00000000  00000210  RWIX
  CPU1TOCPU2IPC         0005ce00   00000026  00000000  00000026  RWIX
  CPU1TOCMIPC           0005ce40   00000026  00000000  00000026  RWIX
  DEVCFG                0005d000   000001a0  00000000  000001a0  RWIX
  CLKCFG                0005d200   00000100  00000000  00000100  RWIX
  CPUSYS                0005d300   000000a0  00000000  000000a0  RWIX
  SYSSTATUS             0005d400   00000100  00000000  00000100  RWIX
  SYSPERIPHAC           0005d500   00000200  00000000  00000200  RWIX
  ANALOGSUBSYS          0005d700   00000100  00000000  00000100  RWIX
  CMCONF                0005dc00   00000400  00000000  00000400  RWIX
  DCC0                  0005e700   00000038  00000000  00000038  RWIX
  DCC1                  0005e740   00000038  00000000  00000038  RWIX
  DCC2                  0005e780   00000038  00000000  00000038  RWIX
  ERADGLOBAL            0005e800   00000014  00000000  00000014  RWIX
  ERADHWBP1             0005e900   00000008  00000000  00000008  RWIX
  ERADHWBP2             0005e908   00000008  00000000  00000008  RWIX
  ERADHWBP3             0005e910   00000008  00000000  00000008  RWIX
  ERADHWBP4             0005e918   00000008  00000000  00000008  RWIX
  ERADHWBP5             0005e920   00000008  00000000  00000008  RWIX
  ERADHWBP6             0005e928   00000008  00000000  00000008  RWIX
  ERADHWBP7             0005e930   00000008  00000000  00000008  RWIX
  ERADHWBP8             0005e938   00000008  00000000  00000008  RWIX
  ERADCOUNTER1          0005e980   00000010  00000000  00000010  RWIX
  ERADCOUNTER2          0005e990   00000010  00000000  00000010  RWIX
  ERADCOUNTER3          0005e9a0   00000010  00000000  00000010  RWIX
  ERADCOUNTER4          0005e9b0   00000010  00000000  00000010  RWIX
  ERADCRCGLOBAL         0005ea00   00000010  00000000  00000010  RWIX
  ERADCRC1              0005ea10   00000010  00000000  00000010  RWIX
  ERADCRC2              0005ea20   00000010  00000000  00000010  RWIX
  ERADCRC3              0005ea30   00000010  00000000  00000010  RWIX
  ERADCRC4              0005ea40   00000010  00000000  00000010  RWIX
  ERADCRC5              0005ea50   00000010  00000000  00000010  RWIX
  ERADCRC6              0005ea60   00000010  00000000  00000010  RWIX
  ERADCRC7              0005ea70   00000010  00000000  00000010  RWIX
  ERADCRC8              0005ea80   00000010  00000000  00000010  RWIX
  DCSMZ1                0005f000   0000003e  00000000  0000003e  RWIX
  DCSMZ2                0005f080   0000003e  00000000  0000003e  RWIX
  DCSMCOMMON            0005f0c0   00000020  00000000  00000020  RWIX
  MEMCFG                0005f400   000000c0  00000000  000000c0  RWIX
  EMIF1CONFIG           0005f4c0   00000020  00000000  00000020  RWIX
  EMIF2CONFIG           0005f4e0   00000020  00000000  00000020  RWIX
  ACCESSPROTECTION      0005f500   00000040  00000000  00000040  RWIX
  MEMORYERROR           0005f540   00000040  00000000  00000040  RWIX
  ROMWAITSTATE          0005f580   00000008  00000000  00000008  RWIX
  ROMPREFETCH           0005f588   00000008  00000000  00000008  RWIX
  TESTERROR             0005f590   00000010  00000000  00000010  RWIX
  FLASH0CTRL            0005f800   00000182  00000000  00000182  RWIX
  FLASH0ECC             0005fb00   00000028  00000000  00000028  RWIX
  UID                   00070200   00000010  00000000  00000010  RWIX
  DCSMZ1OTP             00078000   00000020  00000000  00000020  RWIX
  DCSMZ2OTP             00078200   00000020  00000000  00000020  RWIX


SECTION ALLOCATION MAP

 output                                  attributes/
section   page    origin      length       input sections
--------  ----  ----------  ----------   ----------------
codestart 
*          0    00000000    00000002     
                  00000000    00000002     f2838x_codestartbranch.obj (codestart)

.cinit     0    000001b2    00000060     
                  000001b2    0000003e     (.cinit..data.load) [load image, compression = lzss]
                  000001f0    00000006     (__TI_handler_table)
                  000001f6    00000004     (.cinit..bss.1.load) [load image, compression = zero_init]
                  000001fa    00000004     (.cinit..bss.2.load) [load image, compression = zero_init]
                  000001fe    00000004     (.cinit.PieVectTableFile.load) [load image, compression = zero_init]
                  00000202    00000010     (__TI_cinit_table)

.reset     0    003fffc0    00000000     DSECT

.stack     0    00000400    00000100     UNINITIALIZED
                  00000400    00000100     --HOLE--

.init_array 
*          0    000001b1    00000000     UNINITIALIZED

.data      0    0000a800    00000095     UNINITIALIZED
                  0000a800    00000026     easy28x_driverlib_v12.2.obj (.data)
                  0000a826    0000001a     wizchip_conf.obj (.data)
                  0000a840    00000022     csu_MotorCtrl.obj (.data)
                  0000a862    0000000a     csu_Dio.obj (.data)
                  0000a86c    00000008     socket.obj (.data:sock_pack_info)
                  0000a874    00000008     socket.obj (.data:sock_remained_size)
                  0000a87c    00000004     csu_Ethernet.obj (.data:fc_ip)
                  0000a880    00000006     csu_Bit.obj (.data)
                  0000a886    00000006     rts2800_fpu64_eabi.lib : exit.c.obj (.data)
                  0000a88c    00000003     socket.obj (.data)
                  0000a88f    00000001     csu_Control.obj (.data)
                  0000a890    00000002     rts2800_fpu64_eabi.lib : _lock.c.obj (.data:_lock)
                  0000a892    00000002                            : _lock.c.obj (.data:_unlock)
                  0000a894    00000001     hal_Ethernet.obj (.data)

.const     0    0000a896    0000050f     
                  0000a896    0000001d     interrupt.obj (.const:.string)
                  0000a8b3    00000008     hal_Ethernet.obj (.const:$P$T0$1)
                  0000a8bb    00000005     --HOLE-- [fill = 0]
                  0000a8c0    000001c0     f2838x_pievect.obj (.const)
                  0000aa80    00000088     ipc.obj (.const:IPC_Instance)
                  0000ab08    0000005d     hal_Timer.obj (.const:.string)
                  0000ab65    00000001     --HOLE-- [fill = 0]
                  0000ab66    00000059     csu_Led.obj (.const:.string)
                  0000abbf    00000001     --HOLE-- [fill = 0]
                  0000abc0    00000058     easy28x_driverlib_v12.2.obj (.const:.string)
                  0000ac18    00000031     sysctl.obj (.const:.string)
                  0000ac49    00000001     --HOLE-- [fill = 0]
                  0000ac4a    00000030     epwm.obj (.const:.string)
                  0000ac7a    00000030     gpio.obj (.const:.string)
                  0000acaa    0000002f     dcc.obj (.const:.string)
                  0000acd9    00000001     --HOLE-- [fill = 0]
                  0000acda    0000002f     sci.obj (.const:.string)
                  0000ad09    00000001     --HOLE-- [fill = 0]
                  0000ad0a    0000002f     spi.obj (.const:.string)
                  0000ad39    00000001     --HOLE-- [fill = 0]
                  0000ad3a    0000001c     cputimer.obj (.const:.string)
                  0000ad56    00000018     hal_Ethernet.obj (.const)
                  0000ad6e    00000017     adc.obj (.const:.string)
                  0000ad85    00000001     --HOLE-- [fill = 0]
                  0000ad86    00000017     ipc.obj (.const:.string)
                  0000ad9d    00000008     hal_Ethernet.obj (.const:$P$T1$2)

MSGRAM_CM_TO_CPU 
*          0    00038000    00000088     UNINITIALIZED
                  00038000    00000088     ipc.obj (MSGRAM_CM_TO_CPU)

MSGRAM_CPU_TO_CM 
*          0    00039000    00000088     UNINITIALIZED
                  00039000    00000088     ipc.obj (MSGRAM_CPU_TO_CM)

MSGRAM_CPU1_TO_CPU2 
*          0    0003a000    00000088     UNINITIALIZED
                  0003a000    00000088     ipc.obj (MSGRAM_CPU1_TO_CPU2)

MSGRAM_CPU2_TO_CPU1 
*          0    0003b000    00000088     UNINITIALIZED
                  0003b000    00000088     ipc.obj (MSGRAM_CPU2_TO_CPU1)

PieVectTableFile 
*          1    00000d00    000001c0     UNINITIALIZED
                  00000d00    000001c0     f2838x_globalvariabledefs.obj (PieVectTableFile)

EmuKeyVar 
*          1    00000d00    00000000     UNINITIALIZED

EmuBModeVar 
*          1    00000d00    00000000     UNINITIALIZED

EmuBootPinsVar 
*          1    00000d00    00000000     UNINITIALIZED

FlashCallbackVar 
*          1    00000d00    00000000     UNINITIALIZED

FlashScalingVar 
*          1    00000d00    00000000     UNINITIALIZED

dcsm_z1otp_link_pointer 
*          0    00000000    00000000     

dcsm_z1otp_jlm_enable 
*          0    00000000    00000000     

dcsm_z1otp_gpreg 
*          0    00000000    00000000     

dcsm_z1otp_pswd_lock 
*          0    00000000    00000000     

dcsm_z1otp_crc_lock 
*          0    00000000    00000000     

dcsm_z1otp_jtag_pswdh 
*          0    00000000    00000000     

dcsm_z1otp_cmac_key 
*          0    00000000    00000000     

dcsm_zsel_z1 
*          0    00000000    00000000     

dcsm_z2otp_link_pointer 
*          0    00000000    00000000     

dcsm_rsvd_z2 
*          0    00000000    00000000     

dcsm_z2otp_gpreg 
*          0    00000000    00000000     

dcsm_z2otp_pswd_lock 
*          0    00000000    00000000     

dcsm_z2otp_crc_lock 
*          0    00000000    00000000     

dcsm_rsvd1_z2 
*          0    00000000    00000000     

dcsm_zsel_z2 
*          0    00000000    00000000     

.text.1    0    00008000    00000800     
                  00008000    000000dc     socket.obj (.text:recvfrom_W6x00)
                  000080dc    000000b4     csu_MotorCtrl.obj (.text:MotorCtrl_Run)
                  00008190    000000b1     hal_DspInit.obj (.text:Init_GpioDin)
                  00008241    000000aa     csu_Encoder.obj (.text:Encoder_UpdatePosition)
                  000082eb    000000a7     hal_Sci.obj (.text:isrScia_SCI_PC)
                  00008392    0000009e     csu_Ethernet.obj (.text:Ethernet_ParsePacket)
                  00008430    00000096     hal_Timer.obj (.text:configCPUTimer)
                  000084c6    00000095     socket.obj (.text:socket)
                  0000855b    00000093     sci.obj (.text:SCI_setConfig)
                  000085ee    00000092     sci.obj (.text:SCI_readCharArray)
                  00008680    00000091     csu_Ethernet.obj (.text:Ethernet_StateMachine)
                  00008711    00000091     sysctl.obj (.text:SysCtl_getAuxClock)
                  000087a2    00000057     epwm.obj (.text:EPWM_setEmulationMode)
                  000087f9    00000007     csu_MotorDriver.obj (.text:MotorDriver_UpdateStatus)

.text.2    0    00008800    00000800     
                  00008800    00000090     hal_Adc.obj (.text:InitAdcModules)
                  00008890    00000087     hal_Epwm.obj (.text:Initial_EpwmTimer)
                  00008917    00000083     spi.obj (.text:SPI_setConfig)
                  0000899a    00000079     device.obj (.text:Device_init)
                  00008a13    00000079     interrupt.obj (.text:Interrupt_clearIFR)
                  00008a8c    00000078     hal_DspInit.obj (.text:Init_GpioDout)
                  00008b04    00000077     csu_Led.obj (.text:updateLedStatus)
                  00008b7b    00000075     hal_Spi.obj (.text:InitSpia)
                  00008bf0    00000075     easy28x_driverlib_v12.2.obj (.text:easy_addRing)
                  00008c65    00000074     hal_Spi.obj (.text:InitSpid)
                  00008cd9    00000073     csu_Pid.obj (.text:PID_Calculate)
                  00008d4c    00000073     sysctl.obj (.text:SysCtl_getClock)
                  00008dbf    00000070     hal_Encoder.obj (.text:Encoder_ReadSpiData)
                  00008e2f    0000006f     hal_Spi.obj (.text:InitSpib)
                  00008e9e    0000006e     wizchip_conf.obj (.text:wizchip_sw_reset)
                  00008f0c    00000067     hal_Timer.obj (.text:Initial_TIMER)
                  00008f73    00000066     csu_Ethernet.obj (.text:Ethernet_SendMessage)
                  00008fd9    00000027     csu_Adc.obj (.text:Initial_Adc)

.text.3    0    00009000    00000800     
                  00009000    00000066     csu_MotorCtrl.obj (.text:MotorCtrl_Init)
                  00009066    00000062     hal_Encoder.obj (.text:Encoder_Init_Hardware)
                  000090c8    00000061     adc.obj (.text:ADC_setINLTrim)
                  00009129    00000056     interrupt.obj (.text:Interrupt_disable)
                  0000917f    00000056     sci.obj (.text:SCI_clearInterruptStatus)
                  000091d5    00000055     adc.obj (.text:ADC_setOffsetTrim)
                  0000922a    00000052     w6100.obj (.text:WIZCHIP_READ_BUF)
                  0000927c    00000052     w6100.obj (.text:WIZCHIP_WRITE_BUF)
                  000092ce    00000050     sysctl.obj (.text:SysCtl_selectOscSourceAuxPLL)
                  0000931e    0000004f     hal_Spi.obj (.text:InitSpic)
                  0000936d    0000004e     gpio.obj (.text:GPIO_setPadConfig)
                  000093bb    0000004b     hal_Timer.obj (.text:initCPUTimers)
                  00009406    00000048     hal_Ethernet.obj (.text:Ethernet_Process)
                  0000944e    00000045     csu_Bit.obj (.text:Bit_OvCurrent_Check)
                  00009493    00000045     wizchip_conf.obj (.text:wizchip_init)
                  000094d8    00000043     hal_Ethernet.obj (.text:Initial_W6100)
                  0000951b    00000042     sysctl.obj (.text:SysCtl_selectXTAL)
                  0000955d    00000042     socket.obj (.text:close)
                  0000959f    00000042     w6100.obj (.text:wiz_send_data)
                  000095e1    00000041     csu_Bit.obj (.text:Bit_OvVoltage_Check)
                  00009622    00000041     interrupt.obj (.text:Interrupt_enable)
                  00009663    00000041     interrupt.obj (.text:Interrupt_initModule)
                  000096a4    00000041     sysctl.obj (.text:SysCtl_selectOscSource)
                  000096e5    00000040     w6100.obj (.text:WIZCHIP_READ)
                  00009725    00000040     hal_Ethernet.obj (.text:isr_EthernetExtInt)
                  00009765    00000040     main.obj (.text:main)
                  000097a5    0000003e     ipc.obj (.text:IPC_unregisterInterrupt)
                  000097e3    0000001d     csu_MotorCtrl.obj (.text:MotorCtrl_SetOutput)

.text.4    0    00009800    00000800     
                  00009800    0000003e     w6100.obj (.text:WIZCHIP_WRITE)
                  0000983e    0000003c     spi.obj (.text:SPI_clearInterruptStatus)
                  0000987a    0000003b     adc.obj (.text:ADC_setMode)
                  000098b5    0000003a     sysctl.obj (.text:SysCtl_pollX1Counter)
                  000098ef    00000039     gpio.obj (.text:GPIO_setInterruptPin)
                  00009928    00000039     sci.obj (.text:SCI_disableInterrupt)
                  00009961    00000038     sci.obj (.text:SCI_enableInterrupt)
                  00009999    00000036     w6100.obj (.text:wiz_recv_ignore)
                  000099cf    00000035     csu_Pid.obj (.text:PID_Init)
                  00009a04    00000033     hal_DspInit.obj (.text:initW6100GpioPins)
                  00009a37    00000032     csu_Control.obj (.text:Control_SaveOffsetToFram)
                  00009a69    00000031     csu_Bit.obj (.text:Bit_MotorStall_Check)
                  00009a9a    00000031     wizchip_conf.obj (.text:wizchip_getnetinfo)
                  00009acb    00000031     wizchip_conf.obj (.text:wizchip_setnetinfo)
                  00009afc    00000030     gpio.obj (.text:GPIO_setPinConfig)
                  00009b2c    0000002f     csu_Bit.obj (.text:Bit_MotorOverSpeed_Check)
                  00009b5b    0000002f     gpio.obj (.text:GPIO_setControllerCore)
                  00009b8a    0000002f     gpio.obj (.text:GPIO_setQualificationMode)
                  00009bb9    0000002f     csu_MotorCtrl.obj (.text:MotorCtrl_UpdateFeedback)
                  00009be8    0000002e     rts2800_fpu64_eabi.lib : copy_decompress_lzss.c.obj (.text:decompress:lzss)
                  00009c16    0000002c     gpio.obj (.text:GPIO_setDirectionMode)
                  00009c42    0000002b     rts2800_fpu64_eabi.lib : autoinit.c.obj (.text:__TI_auto_init_nobinit_nopinit)
                  00009c6d    0000002a     w6100.obj (.text:getSn_RX_RSR)
                  00009c97    0000002a     w6100.obj (.text:getSn_TX_FSR)
                  00009cc1    00000029     csu_Encoder.obj (.text:Encoder_LoadOffset)
                  00009cea    00000029     rts2800_fpu64_eabi.lib : exit.c.obj (.text)
                  00009d13    00000028     csu_Ethernet.obj (.text:Ethernet_SendAck)
                  00009d3b    00000026     hal_Fram.obj (.text:Fram_WriteByte)
                  00009d61    00000024     device.obj (.text:Device_initGPIO)
                  00009d85    00000024     hal_Ethernet.obj (.text:Ethernet_Init)
                  00009da9    00000024     sysctl.obj (.text:SysCtl_getLowSpeedClock)
                  00009dcd    00000023     csu_Bit.obj (.text:Bit_OvTemperature_Check)
                  00009df0    00000023     hal_MotorDriver.obj (.text:MotorDriver_Init_Hardware)
                  00009e13    00000022     csu_Encoder.obj (.text:Encoder_CalcCrc6)
                  00009e35    00000022     sysctl.obj (.text:SysCtl_selectXTALSingleEnded)
                  00009e57    00000021     hal_Epwm.obj (.text:Epwm_SetMotorDuty_1x)
                  00009e78    00000021     wizchip_conf.obj (.text:reg_wizchip_spi_cbfunc)
                  00009e99    00000020     cputimer.obj (.text:CPUTimer_setEmulationMode)
                  00009eb9    00000020     rts2800_fpu64_eabi.lib : memcpy.c.obj (.text)
                  00009ed9    00000020     hal_Spi.obj (.text:spia_write_byte)
                  00009ef9    0000001e     rts2800_fpu64_eabi.lib : ll_cmp28.asm.obj (.text)
                  00009f17    0000001e     hal_Spi.obj (.text:spia_read_byte)
                  00009f35    0000001d     hal_Spi.obj (.text:Spid_Transmit)
                  00009f52    0000001c     device.obj (.text:Device_verifyXTAL)
                  00009f6e    0000001c     csu_Encoder.obj (.text:Encoder_Init)
                  00009f8a    0000001b     hal_Fram.obj (.text:Fram_ReadByte)
                  00009fa5    0000001a     interrupt.obj (.text:Interrupt_initVectorTable)
                  00009fbf    00000019     device.obj (.text:SysCtl_enablePeripheral)
                  00009fd8    00000019     csu_SciPc.obj (.text:recvSciPcMessage)
                  00009ff1    0000000f     csu_Control.obj (.text:Bit_RunCBIT)

.TI.ramfunc 
*          0    0000a000    000001fb     
                  0000a000    000000a6     csu_Control.obj (.TI.ramfunc:Offset_Isr)
                  0000a0a6    00000076     csu_Control.obj (.TI.ramfunc:Pbit_Isr)
                  0000a11c    0000006e     csu_Control.obj (.TI.ramfunc:MainControl_Isr)
                  0000a18a    00000069     csu_Dio.obj (.TI.ramfunc:Dio_UpdateInput)
                  0000a1f3    00000004     f2838x_usdelay.obj (.TI.ramfunc)
                  0000a1f7    00000004     sysctl.obj (.TI.ramfunc)

.bss.1     0    0000ada6    000001c6     UNINITIALIZED
                  0000ada6    00000018     csu_Encoder.obj (.bss)
                  0000adbe    00000001     csu_MotorDriver.obj (.bss)
                  0000adbf    00000001     wizchip_conf.obj (.bss)
                  0000adc0    0000010e     csu_Ethernet.obj (.bss)
                  0000aece    00000010     csu_Adc.obj (.bss)
                  0000aede    00000010     csu_Bit.obj (.bss)
                  0000aeee    0000000a     csu_Dio.obj (.bss)
                  0000aef8    00000008     csu_Control.obj (.bss)
                  0000af00    00000054     csu_MotorCtrl.obj (.bss)
                  0000af54    00000006     hal_Adc.obj (.bss)
                  0000af5a    00000006     hal_Timer.obj (.bss)
                  0000af60    00000005     csu_Led.obj (.bss)
                  0000af65    00000004     wizchip_conf.obj (.bss:_DNS_)
                  0000af69    00000003     csu_SciPc.obj (.bss)

.text.5    0    0000c000    00000800     
                  0000c000    000003ab     easy28x_driverlib_v12.2.obj (.text:easy_RXINT_ISR)
                  0000c3ab    000002af     dcc.obj (.text:DCC_verifyClockFrequency)
                  0000c65a    00000167     device.obj (.text:Device_enableAllPeripherals)
                  0000c7c1    0000003f     w6100.obj (.text:wiz_recv_data)

.text.6    0    0000c800    00000800     
                  0000c800    00000256     sysctl.obj (.text:SysCtl_isPLLValid)
                  0000ca56    000001a8     easy28x_driverlib_v12.2.obj (.text:easyDSP_SCI_Init)
                  0000cbfe    0000012d     sysctl.obj (.text:SysCtl_setClock)
                  0000cd2b    0000010e     sysctl.obj (.text:SysCtl_setAuxClock)
                  0000ce39    00000106     socket.obj (.text:sendto_W6x00)
                  0000cf3f    000000bd     csu_Adc.obj (.text:CalcAdcData)
                  0000cffc    00000004     csu_Bit.obj (.text:Bit_Init)

.text.7    0    0000d000    00000ae1     
                  0000d000    00000019     rts2800_fpu64_eabi.lib : boot28.asm.obj (.text)
                  0000d019    00000018                            : ll_aox28.asm.obj (.text)
                  0000d031    00000018     wizchip_conf.obj (.text:wizchip_spi_writeburst)
                  0000d049    00000017     csu_Bit.obj (.text:Bit_Encoder_Check)
                  0000d060    00000017     csu_Dio.obj (.text:Dio_Init)
                  0000d077    00000016     hal_Timer.obj (.text:isr_CpuTimer1)
                  0000d08d    00000015     hal_Timer.obj (.text:isr_CpuTimer2)
                  0000d0a2    00000015     wizchip_conf.obj (.text:wizchip_spi_readburst)
                  0000d0b7    00000014     csu_Bit.obj (.text:Bit_FaultReset)
                  0000d0cb    00000014     csu_Ethernet.obj (.text:Ethernet_ProtocolInit)
                  0000d0df    00000013     device.obj (.text:Device_enableUnbondedGPIOPullupsFor176Pin)
                  0000d0f2    00000013     csu_Ethernet.obj (.text:Ethernet_CalculateChecksum)
                  0000d105    00000013     hal_DspInit.obj (.text:InitialPeripherals)
                  0000d118    00000013     hal_MotorDriver.obj (.text:MotorDriver_ReadReg)
                  0000d12b    00000012     hal_MotorDriver.obj (.text:MotorDriver_WriteReg)
                  0000d13d    00000012     wizchip_conf.obj (.text:reg_wizchip_cs_cbfunc)
                  0000d14f    00000012     rts2800_fpu64_eabi.lib : args_main.c.obj (.text)
                  0000d161    00000010     csu_Control.obj (.text:Control_Init)
                  0000d171    00000010     hal_DspInit.obj (.text:System_Initialization)
                  0000d181    00000010     hal_Timer.obj (.text:isr_CpuTimer0)
                  0000d191    00000010     hal_Sci.obj (.text:setupSciaPC_Interrupt)
                  0000d1a1    0000000f     csu_Control.obj (.text:Bit_RunPBIT)
                  0000d1b0    0000000f     csu_Dio.obj (.text:Dio_Debounce)
                  0000d1bf    0000000e     hal_Fram.obj (.text:Fram_WriteStatusRegister)
                  0000d1cd    0000000d     csu_Bit.obj (.text:Bit_GateFault_Check)
                  0000d1da    0000000d     csu_Control.obj (.text:Control_SystemOperation)
                  0000d1e7    0000000d     f2838x_defaultisr.obj (.text:EMPTY_ISR)
                  0000d1f4    0000000c     interrupt.obj (.text:Interrupt_defaultHandler)
                  0000d200    0000000c     hal_MotorDriver.obj (.text:MotorDriver_Enable)
                  0000d20c    0000000c     hal_MotorDriver.obj (.text:MotorDriver_SetDir)
                  0000d218    0000000b     device.obj (.text:Device_enableUnbondedGPIOPullups)
                  0000d223    0000000b     csu_Led.obj (.text:Initial_Led)
                  0000d22e    0000000b     csu_MotorDriver.obj (.text:MotorDriver_Init)
                  0000d239    0000000a     f2838x_defaultisr.obj (.text:ADCA1_ISR)
                  0000d243    0000000a     f2838x_defaultisr.obj (.text:ADCA2_ISR)
                  0000d24d    0000000a     f2838x_defaultisr.obj (.text:ADCA3_ISR)
                  0000d257    0000000a     f2838x_defaultisr.obj (.text:ADCA4_ISR)
                  0000d261    0000000a     f2838x_defaultisr.obj (.text:ADCA_EVT_ISR)
                  0000d26b    0000000a     f2838x_defaultisr.obj (.text:ADCB1_ISR)
                  0000d275    0000000a     f2838x_defaultisr.obj (.text:ADCB2_ISR)
                  0000d27f    0000000a     f2838x_defaultisr.obj (.text:ADCB3_ISR)
                  0000d289    0000000a     f2838x_defaultisr.obj (.text:ADCB4_ISR)
                  0000d293    0000000a     f2838x_defaultisr.obj (.text:ADCB_EVT_ISR)
                  0000d29d    0000000a     f2838x_defaultisr.obj (.text:ADCC1_ISR)
                  0000d2a7    0000000a     f2838x_defaultisr.obj (.text:ADCC2_ISR)
                  0000d2b1    0000000a     f2838x_defaultisr.obj (.text:ADCC3_ISR)
                  0000d2bb    0000000a     f2838x_defaultisr.obj (.text:ADCC4_ISR)
                  0000d2c5    0000000a     f2838x_defaultisr.obj (.text:ADCC_EVT_ISR)
                  0000d2cf    0000000a     f2838x_defaultisr.obj (.text:ADCD1_ISR)
                  0000d2d9    0000000a     f2838x_defaultisr.obj (.text:ADCD2_ISR)
                  0000d2e3    0000000a     f2838x_defaultisr.obj (.text:ADCD3_ISR)
                  0000d2ed    0000000a     f2838x_defaultisr.obj (.text:ADCD4_ISR)
                  0000d2f7    0000000a     f2838x_defaultisr.obj (.text:ADCD_EVT_ISR)
                  0000d301    0000000a     f2838x_defaultisr.obj (.text:CANA0_ISR)
                  0000d30b    0000000a     f2838x_defaultisr.obj (.text:CANA1_ISR)
                  0000d315    0000000a     f2838x_defaultisr.obj (.text:CANB0_ISR)
                  0000d31f    0000000a     f2838x_defaultisr.obj (.text:CANB1_ISR)
                  0000d329    0000000a     f2838x_defaultisr.obj (.text:CIPC0_ISR)
                  0000d333    0000000a     f2838x_defaultisr.obj (.text:CIPC1_ISR)
                  0000d33d    0000000a     f2838x_defaultisr.obj (.text:CIPC2_ISR)
                  0000d347    0000000a     f2838x_defaultisr.obj (.text:CIPC3_ISR)
                  0000d351    0000000a     f2838x_defaultisr.obj (.text:CLA1CRC_ISR)
                  0000d35b    0000000a     f2838x_defaultisr.obj (.text:CLA1_1_ISR)
                  0000d365    0000000a     f2838x_defaultisr.obj (.text:CLA1_2_ISR)
                  0000d36f    0000000a     f2838x_defaultisr.obj (.text:CLA1_3_ISR)
                  0000d379    0000000a     f2838x_defaultisr.obj (.text:CLA1_4_ISR)
                  0000d383    0000000a     f2838x_defaultisr.obj (.text:CLA1_5_ISR)
                  0000d38d    0000000a     f2838x_defaultisr.obj (.text:CLA1_6_ISR)
                  0000d397    0000000a     f2838x_defaultisr.obj (.text:CLA1_7_ISR)
                  0000d3a1    0000000a     f2838x_defaultisr.obj (.text:CLA1_8_ISR)
                  0000d3ab    0000000a     f2838x_defaultisr.obj (.text:CLA_OVERFLOW_ISR)
                  0000d3b5    0000000a     f2838x_defaultisr.obj (.text:CLA_UNDERFLOW_ISR)
                  0000d3bf    0000000a     f2838x_defaultisr.obj (.text:CLB1_ISR)
                  0000d3c9    0000000a     f2838x_defaultisr.obj (.text:CLB2_ISR)
                  0000d3d3    0000000a     f2838x_defaultisr.obj (.text:CLB3_ISR)
                  0000d3dd    0000000a     f2838x_defaultisr.obj (.text:CLB4_ISR)
                  0000d3e7    0000000a     f2838x_defaultisr.obj (.text:CLB5_ISR)
                  0000d3f1    0000000a     f2838x_defaultisr.obj (.text:CLB6_ISR)
                  0000d3fb    0000000a     f2838x_defaultisr.obj (.text:CLB7_ISR)
                  0000d405    0000000a     f2838x_defaultisr.obj (.text:CLB8_ISR)
                  0000d40f    0000000a     f2838x_defaultisr.obj (.text:CMTOCPUXIPC0_ISR)
                  0000d419    0000000a     f2838x_defaultisr.obj (.text:CMTOCPUXIPC1_ISR)
                  0000d423    0000000a     f2838x_defaultisr.obj (.text:CMTOCPUXIPC2_ISR)
                  0000d42d    0000000a     f2838x_defaultisr.obj (.text:CMTOCPUXIPC3_ISR)
                  0000d437    0000000a     f2838x_defaultisr.obj (.text:CMTOCPUXIPC4_ISR)
                  0000d441    0000000a     f2838x_defaultisr.obj (.text:CMTOCPUXIPC5_ISR)
                  0000d44b    0000000a     f2838x_defaultisr.obj (.text:CMTOCPUXIPC6_ISR)
                  0000d455    0000000a     f2838x_defaultisr.obj (.text:CMTOCPUXIPC7_ISR)
                  0000d45f    0000000a     f2838x_defaultisr.obj (.text:CM_STATUS_ISR)
                  0000d469    0000000a     f2838x_defaultisr.obj (.text:CPUCRC_ISR)
                  0000d473    0000000a     f2838x_defaultisr.obj (.text:DATALOG_ISR)
                  0000d47d    0000000a     f2838x_defaultisr.obj (.text:DMA_CH1_ISR)
                  0000d487    0000000a     f2838x_defaultisr.obj (.text:DMA_CH2_ISR)
                  0000d491    0000000a     f2838x_defaultisr.obj (.text:DMA_CH3_ISR)
                  0000d49b    0000000a     f2838x_defaultisr.obj (.text:DMA_CH4_ISR)
                  0000d4a5    0000000a     f2838x_defaultisr.obj (.text:DMA_CH5_ISR)
                  0000d4af    0000000a     f2838x_defaultisr.obj (.text:DMA_CH6_ISR)
                  0000d4b9    0000000a     f2838x_defaultisr.obj (.text:ECAP1_ISR)
                  0000d4c3    0000000a     f2838x_defaultisr.obj (.text:ECAP2_ISR)
                  0000d4cd    0000000a     f2838x_defaultisr.obj (.text:ECAP3_ISR)
                  0000d4d7    0000000a     f2838x_defaultisr.obj (.text:ECAP4_ISR)
                  0000d4e1    0000000a     f2838x_defaultisr.obj (.text:ECAP5_ISR)
                  0000d4eb    0000000a     f2838x_defaultisr.obj (.text:ECAP6_2_ISR)
                  0000d4f5    0000000a     f2838x_defaultisr.obj (.text:ECAP6_ISR)
                  0000d4ff    0000000a     f2838x_defaultisr.obj (.text:ECAP7_2_ISR)
                  0000d509    0000000a     f2838x_defaultisr.obj (.text:ECAP7_ISR)
                  0000d513    0000000a     f2838x_defaultisr.obj (.text:ECATRST_ISR)
                  0000d51d    0000000a     f2838x_defaultisr.obj (.text:ECATSYNC0_ISR)
                  0000d527    0000000a     f2838x_defaultisr.obj (.text:ECATSYNC1_ISR)
                  0000d531    0000000a     f2838x_defaultisr.obj (.text:ECAT_ISR)
                  0000d53b    0000000a     f2838x_defaultisr.obj (.text:EMU_ISR)
                  0000d545    0000000a     f2838x_defaultisr.obj (.text:EPWM10_ISR)
                  0000d54f    0000000a     f2838x_defaultisr.obj (.text:EPWM10_TZ_ISR)
                  0000d559    0000000a     f2838x_defaultisr.obj (.text:EPWM11_ISR)
                  0000d563    0000000a     f2838x_defaultisr.obj (.text:EPWM11_TZ_ISR)
                  0000d56d    0000000a     f2838x_defaultisr.obj (.text:EPWM12_ISR)
                  0000d577    0000000a     f2838x_defaultisr.obj (.text:EPWM12_TZ_ISR)
                  0000d581    0000000a     f2838x_defaultisr.obj (.text:EPWM13_ISR)
                  0000d58b    0000000a     f2838x_defaultisr.obj (.text:EPWM13_TZ_ISR)
                  0000d595    0000000a     f2838x_defaultisr.obj (.text:EPWM14_ISR)
                  0000d59f    0000000a     f2838x_defaultisr.obj (.text:EPWM14_TZ_ISR)
                  0000d5a9    0000000a     f2838x_defaultisr.obj (.text:EPWM15_ISR)
                  0000d5b3    0000000a     f2838x_defaultisr.obj (.text:EPWM15_TZ_ISR)
                  0000d5bd    0000000a     f2838x_defaultisr.obj (.text:EPWM16_ISR)
                  0000d5c7    0000000a     f2838x_defaultisr.obj (.text:EPWM16_TZ_ISR)
                  0000d5d1    0000000a     f2838x_defaultisr.obj (.text:EPWM1_ISR)
                  0000d5db    0000000a     f2838x_defaultisr.obj (.text:EPWM1_TZ_ISR)
                  0000d5e5    0000000a     f2838x_defaultisr.obj (.text:EPWM2_ISR)
                  0000d5ef    0000000a     f2838x_defaultisr.obj (.text:EPWM2_TZ_ISR)
                  0000d5f9    0000000a     f2838x_defaultisr.obj (.text:EPWM3_ISR)
                  0000d603    0000000a     f2838x_defaultisr.obj (.text:EPWM3_TZ_ISR)
                  0000d60d    0000000a     f2838x_defaultisr.obj (.text:EPWM4_ISR)
                  0000d617    0000000a     f2838x_defaultisr.obj (.text:EPWM4_TZ_ISR)
                  0000d621    0000000a     f2838x_defaultisr.obj (.text:EPWM5_ISR)
                  0000d62b    0000000a     f2838x_defaultisr.obj (.text:EPWM5_TZ_ISR)
                  0000d635    0000000a     f2838x_defaultisr.obj (.text:EPWM6_ISR)
                  0000d63f    0000000a     f2838x_defaultisr.obj (.text:EPWM6_TZ_ISR)
                  0000d649    0000000a     f2838x_defaultisr.obj (.text:EPWM7_ISR)
                  0000d653    0000000a     f2838x_defaultisr.obj (.text:EPWM7_TZ_ISR)
                  0000d65d    0000000a     f2838x_defaultisr.obj (.text:EPWM8_ISR)
                  0000d667    0000000a     f2838x_defaultisr.obj (.text:EPWM8_TZ_ISR)
                  0000d671    0000000a     f2838x_defaultisr.obj (.text:EPWM9_ISR)
                  0000d67b    0000000a     f2838x_defaultisr.obj (.text:EPWM9_TZ_ISR)
                  0000d685    0000000a     f2838x_defaultisr.obj (.text:EQEP1_ISR)
                  0000d68f    0000000a     f2838x_defaultisr.obj (.text:EQEP2_ISR)
                  0000d699    0000000a     f2838x_defaultisr.obj (.text:EQEP3_ISR)
                  0000d6a3    0000000a     f2838x_defaultisr.obj (.text:FMC_ISR)
                  0000d6ad    0000000a     f2838x_defaultisr.obj (.text:FPU_OFLOW_ISR)
                  0000d6b7    0000000a     f2838x_defaultisr.obj (.text:FPU_UFLOW_ISR)
                  0000d6c1    0000000a     f2838x_defaultisr.obj (.text:FSIRXA1_ISR)
                  0000d6cb    0000000a     f2838x_defaultisr.obj (.text:FSIRXA2_ISR)
                  0000d6d5    0000000a     f2838x_defaultisr.obj (.text:FSIRXB1_ISR)
                  0000d6df    0000000a     f2838x_defaultisr.obj (.text:FSIRXB2_ISR)
                  0000d6e9    0000000a     f2838x_defaultisr.obj (.text:FSIRXC1_ISR)
                  0000d6f3    0000000a     f2838x_defaultisr.obj (.text:FSIRXC2_ISR)
                  0000d6fd    0000000a     f2838x_defaultisr.obj (.text:FSIRXD1_ISR)
                  0000d707    0000000a     f2838x_defaultisr.obj (.text:FSIRXD2_ISR)
                  0000d711    0000000a     f2838x_defaultisr.obj (.text:FSIRXE1_ISR)
                  0000d71b    0000000a     f2838x_defaultisr.obj (.text:FSIRXE2_ISR)
                  0000d725    0000000a     f2838x_defaultisr.obj (.text:FSIRXF1_ISR)
                  0000d72f    0000000a     f2838x_defaultisr.obj (.text:FSIRXF2_ISR)
                  0000d739    0000000a     f2838x_defaultisr.obj (.text:FSIRXG1_ISR)
                  0000d743    0000000a     f2838x_defaultisr.obj (.text:FSIRXG2_ISR)
                  0000d74d    0000000a     f2838x_defaultisr.obj (.text:FSIRXH1_ISR)
                  0000d757    0000000a     f2838x_defaultisr.obj (.text:FSIRXH2_ISR)
                  0000d761    0000000a     f2838x_defaultisr.obj (.text:FSITXA1_ISR)
                  0000d76b    0000000a     f2838x_defaultisr.obj (.text:FSITXA2_ISR)
                  0000d775    0000000a     f2838x_defaultisr.obj (.text:FSITXB1_ISR)
                  0000d77f    0000000a     f2838x_defaultisr.obj (.text:FSITXB2_ISR)
                  0000d789    0000000a     f2838x_defaultisr.obj (.text:I2CA_FIFO_ISR)
                  0000d793    0000000a     f2838x_defaultisr.obj (.text:I2CA_HIGH_ISR)
                  0000d79d    0000000a     f2838x_defaultisr.obj (.text:I2CA_ISR)
                  0000d7a7    0000000a     f2838x_defaultisr.obj (.text:I2CB_FIFO_ISR)
                  0000d7b1    0000000a     f2838x_defaultisr.obj (.text:I2CB_ISR)
                  0000d7bb    0000000a     f2838x_defaultisr.obj (.text:ILLEGAL_ISR)
                  0000d7c5    0000000a     interrupt.obj (.text:Interrupt_illegalOperationHandler)
                  0000d7cf    0000000a     interrupt.obj (.text:Interrupt_nmiHandler)
                  0000d7d9    0000000a     f2838x_defaultisr.obj (.text:MCANA_0_ISR)
                  0000d7e3    0000000a     f2838x_defaultisr.obj (.text:MCANA_1_ISR)
                  0000d7ed    0000000a     f2838x_defaultisr.obj (.text:MCANA_ECC_ISR)
                  0000d7f7    0000000a     f2838x_defaultisr.obj (.text:MCANA_WAKE_ISR)
                  0000d801    0000000a     f2838x_defaultisr.obj (.text:MCBSPA_RX_ISR)
                  0000d80b    0000000a     f2838x_defaultisr.obj (.text:MCBSPA_TX_ISR)
                  0000d815    0000000a     f2838x_defaultisr.obj (.text:MCBSPB_RX_ISR)
                  0000d81f    0000000a     f2838x_defaultisr.obj (.text:MCBSPB_TX_ISR)
                  0000d829    0000000a     f2838x_defaultisr.obj (.text:MPOST_ISR)
                  0000d833    0000000a     f2838x_defaultisr.obj (.text:NMI_ISR)
                  0000d83d    0000000a     f2838x_defaultisr.obj (.text:NOTUSED_ISR)
                  0000d847    0000000a     f2838x_defaultisr.obj (.text:PIE_RESERVED_ISR)
                  0000d851    0000000a     f2838x_defaultisr.obj (.text:PMBUSA_ISR)
                  0000d85b    0000000a     f2838x_defaultisr.obj (.text:RTOS_ISR)
                  0000d865    0000000a     f2838x_defaultisr.obj (.text:SCIA_RX_ISR)
                  0000d86f    0000000a     f2838x_defaultisr.obj (.text:SCIA_TX_ISR)
                  0000d879    0000000a     f2838x_defaultisr.obj (.text:SCIB_RX_ISR)
                  0000d883    0000000a     f2838x_defaultisr.obj (.text:SCIB_TX_ISR)
                  0000d88d    0000000a     f2838x_defaultisr.obj (.text:SCIC_RX_ISR)
                  0000d897    0000000a     f2838x_defaultisr.obj (.text:SCIC_TX_ISR)
                  0000d8a1    0000000a     f2838x_defaultisr.obj (.text:SCID_RX_ISR)
                  0000d8ab    0000000a     f2838x_defaultisr.obj (.text:SCID_TX_ISR)
                  0000d8b5    0000000a     f2838x_defaultisr.obj (.text:SDFM1DR1_ISR)
                  0000d8bf    0000000a     f2838x_defaultisr.obj (.text:SDFM1DR2_ISR)
                  0000d8c9    0000000a     f2838x_defaultisr.obj (.text:SDFM1DR3_ISR)
                  0000d8d3    0000000a     f2838x_defaultisr.obj (.text:SDFM1DR4_ISR)
                  0000d8dd    0000000a     f2838x_defaultisr.obj (.text:SDFM1_ISR)
                  0000d8e7    0000000a     f2838x_defaultisr.obj (.text:SDFM2DR1_ISR)
                  0000d8f1    0000000a     f2838x_defaultisr.obj (.text:SDFM2DR2_ISR)
                  0000d8fb    0000000a     f2838x_defaultisr.obj (.text:SDFM2DR3_ISR)
                  0000d905    0000000a     f2838x_defaultisr.obj (.text:SDFM2DR4_ISR)
                  0000d90f    0000000a     f2838x_defaultisr.obj (.text:SDFM2_ISR)
                  0000d919    0000000a     f2838x_defaultisr.obj (.text:SPIA_RX_ISR)
                  0000d923    0000000a     f2838x_defaultisr.obj (.text:SPIA_TX_ISR)
                  0000d92d    0000000a     f2838x_defaultisr.obj (.text:SPIB_RX_ISR)
                  0000d937    0000000a     f2838x_defaultisr.obj (.text:SPIB_TX_ISR)
                  0000d941    0000000a     f2838x_defaultisr.obj (.text:SPIC_RX_ISR)
                  0000d94b    0000000a     f2838x_defaultisr.obj (.text:SPIC_TX_ISR)
                  0000d955    0000000a     f2838x_defaultisr.obj (.text:SPID_RX_ISR)
                  0000d95f    0000000a     f2838x_defaultisr.obj (.text:SPID_TX_ISR)
                  0000d969    0000000a     f2838x_defaultisr.obj (.text:SYS_ERR_ISR)
                  0000d973    0000000a     f2838x_defaultisr.obj (.text:TIMER0_ISR)
                  0000d97d    0000000a     f2838x_defaultisr.obj (.text:TIMER1_ISR)
                  0000d987    0000000a     f2838x_defaultisr.obj (.text:TIMER2_ISR)
                  0000d991    0000000a     f2838x_defaultisr.obj (.text:USBA_ISR)
                  0000d99b    0000000a     f2838x_defaultisr.obj (.text:USER10_ISR)
                  0000d9a5    0000000a     f2838x_defaultisr.obj (.text:USER11_ISR)
                  0000d9af    0000000a     f2838x_defaultisr.obj (.text:USER12_ISR)
                  0000d9b9    0000000a     f2838x_defaultisr.obj (.text:USER1_ISR)
                  0000d9c3    0000000a     f2838x_defaultisr.obj (.text:USER2_ISR)
                  0000d9cd    0000000a     f2838x_defaultisr.obj (.text:USER3_ISR)
                  0000d9d7    0000000a     f2838x_defaultisr.obj (.text:USER4_ISR)
                  0000d9e1    0000000a     f2838x_defaultisr.obj (.text:USER5_ISR)
                  0000d9eb    0000000a     f2838x_defaultisr.obj (.text:USER6_ISR)
                  0000d9f5    0000000a     f2838x_defaultisr.obj (.text:USER7_ISR)
                  0000d9ff    0000000a     f2838x_defaultisr.obj (.text:USER8_ISR)
                  0000da09    0000000a     f2838x_defaultisr.obj (.text:USER9_ISR)
                  0000da13    0000000a     f2838x_defaultisr.obj (.text:WAKE_ISR)
                  0000da1d    0000000a     f2838x_defaultisr.obj (.text:XINT1_ISR)
                  0000da27    0000000a     f2838x_defaultisr.obj (.text:XINT2_ISR)
                  0000da31    0000000a     f2838x_defaultisr.obj (.text:XINT3_ISR)
                  0000da3b    0000000a     f2838x_defaultisr.obj (.text:XINT4_ISR)
                  0000da45    0000000a     f2838x_defaultisr.obj (.text:XINT5_ISR)
                  0000da4f    00000009     hal_Spi.obj (.text:Initial_SPI)
                  0000da58    00000009     csu_MotorDriver.obj (.text:MotorDriver_ClearFaults)
                  0000da61    00000009     rts2800_fpu64_eabi.lib : _lock.c.obj (.text)
                  0000da6a    00000008     hal_Fram.obj (.text:Fram_WriteEnable)
                  0000da72    00000008     rts2800_fpu64_eabi.lib : copy_decompress_none.c.obj (.text:decompress:none)
                  0000da7a    00000008     f2838x_codestartbranch.obj (.text)
                  0000da82    00000008     csu_Led.obj (.text:setLedModeToggle)
                  0000da8a    00000007     hal_Spi.obj (.text:Spid_CsHigh)
                  0000da91    00000007     hal_Spi.obj (.text:Spid_CsLow)
                  0000da98    00000007     hal_DspInit.obj (.text:initSystemCommunications)
                  0000da9f    00000007     rts2800_fpu64_eabi.lib : memset.c.obj (.text)
                  0000daa6    00000006     hal_Fram.obj (.text:Fram_Init)
                  0000daac    00000006     rts2800_fpu64_eabi.lib : copy_zero_init.c.obj (.text:decompress:ZI)
                  0000dab2    00000006     hal_Spi.obj (.text:spia_cs_desel)
                  0000dab8    00000006     hal_Spi.obj (.text:spia_cs_sel)
                  0000dabe    00000005     hal_DspInit.obj (.text:Initial_GPIO)
                  0000dac3    00000005     main.obj (.text:cycle_100ms)
                  0000dac8    00000005     hal_DspInit.obj (.text:initSystemAnalogAdc)
                  0000dacd    00000004     main.obj (.text:cycle_1ms)
                  0000dad1    00000003     device.obj (.text:__error__)
                  0000dad4    00000003     hal_DspInit.obj (.text:initSystemUserInterface)
                  0000dad7    00000002     rts2800_fpu64_eabi.lib : pre_init.c.obj (.text)
                  0000dad9    00000002     wizchip_conf.obj (.text:wizchip_spi_readbyte)
                  0000dadb    00000001     rts2800_fpu64_eabi.lib : startup.c.obj (.text)
                  0000dadc    00000001     wizchip_conf.obj (.text:wizchip_cris_enter)
                  0000dadd    00000001     wizchip_conf.obj (.text:wizchip_cris_exit)
                  0000dade    00000001     wizchip_conf.obj (.text:wizchip_cs_deselect)
                  0000dadf    00000001     wizchip_conf.obj (.text:wizchip_cs_select)
                  0000dae0    00000001     wizchip_conf.obj (.text:wizchip_spi_writebyte)

.bss.2     0    00010000    0000010a     UNINITIALIZED
                  00010000    0000010a     hal_Sci.obj (.bss)

MODULE SUMMARY

       Module                          code    ro data   rw data
       ------                          ----    -------   -------
    .\
       main.obj                        73      0         0      
    +--+-------------------------------+-------+---------+---------+
       Total:                          73      0         0      
                                                                
    .\CSU\
       csu_Ethernet.obj                484     0         274    
       csu_Control.obj                 503     0         9      
       csu_MotorCtrl.obj               358     0         118    
       csu_Bit.obj                     325     0         22     
       csu_Encoder.obj                 273     0         24     
       csu_Adc.obj                     228     0         16     
       csu_Led.obj                     138     89        5      
       csu_Pid.obj                     168     0         0      
       csu_Dio.obj                     143     0         20     
       csu_MotorDriver.obj             27      0         1      
       csu_SciPc.obj                   25      0         3      
    +--+-------------------------------+-------+---------+---------+
       Total:                          2672    89        492    
                                                                
    .\HAL\
       easy28x_driverlib_v12.2.obj     1480    88        38     
       socket.obj                      697     0         19     
       w6100.obj                       557     0         0      
       hal_Spi.obj                     549     0         0      
       hal_Timer.obj                   387     93        6      
       hal_Sci.obj                     183     0         266    
       wizchip_conf.obj                380     0         31     
       hal_DspInit.obj                 403     0         0      
       hal_Ethernet.obj                239     40        1      
       hal_Encoder.obj                 210     0         0      
       hal_Epwm.obj                    168     0         0      
       hal_Adc.obj                     144     0         6      
       hal_MotorDriver.obj             96      0         0      
       hal_Fram.obj                    93      0         0      
    +--+-------------------------------+-------+---------+---------+
       Total:                          5586    221       367    
                                                                
    .\SDK\common\source\
       f2838x_defaultisr.obj           2063    0         0      
       device.obj                      602     0         0      
       f2838x_pievect.obj              0       448       0      
       f2838x_codestartbranch.obj      10      0         0      
       f2838x_usdelay.obj              4       0         0      
    +--+-------------------------------+-------+---------+---------+
       Total:                          2679    448       0      
                                                                
    .\SDK\driverlib\
       sysctl.obj                      1772    49        0      
       ipc.obj                         62      159       544    
       dcc.obj                         687     47        0      
       sci.obj                         492     47        0      
       interrupt.obj                   395     29        0      
       gpio.obj                        321     48        0      
       adc.obj                         241     23        0      
       spi.obj                         191     47        0      
       epwm.obj                        87      48        0      
       cputimer.obj                    32      28        0      
    +--+-------------------------------+-------+---------+---------+
       Total:                          4280    525       544    
                                                                
    .\SDK\headers\source\
       f2838x_globalvariabledefs.obj   0       0         448    
    +--+-------------------------------+-------+---------+---------+
       Total:                          0       0         448    
                                                                
    C:\ti\ccs2051\ccs\tools\compiler\ti-cgt-c2000_25.11.0.LTS\lib\rts2800_fpu64_eabi.lib
       exit.c.obj                      41      0         6      
       copy_decompress_lzss.c.obj      46      0         0      
       autoinit.c.obj                  43      0         0      
       memcpy.c.obj                    32      0         0      
       ll_cmp28.asm.obj                30      0         0      
       boot28.asm.obj                  25      0         0      
       ll_aox28.asm.obj                24      0         0      
       args_main.c.obj                 18      0         0      
       _lock.c.obj                     9       0         4      
       copy_decompress_none.c.obj      8       0         0      
       memset.c.obj                    7       0         0      
       copy_zero_init.c.obj            6       0         0      
       pre_init.c.obj                  2       0         0      
       startup.c.obj                   1       0         0      
    +--+-------------------------------+-------+---------+---------+
       Total:                          292     0         10     
                                                                
       Stack:                          0       0         256    
       Linker Generated:               0       96        0      
    +--+-------------------------------+-------+---------+---------+
       Grand Total:                    15582   1379      2117   


LINKER GENERATED COPY TABLES

__TI_cinit_table @ 00000202 records: 4, size/record: 4, table size: 16
	.data: load addr=000001b2, load size=0000003e bytes, run addr=0000a800, run size=00000095 bytes, compression=lzss
	.bss.1: load addr=000001f6, load size=00000004 bytes, run addr=0000ada6, run size=000001c6 bytes, compression=zero_init
	.bss.2: load addr=000001fa, load size=00000004 bytes, run addr=00010000, run size=0000010a bytes, compression=zero_init
	PieVectTableFile: load addr=000001fe, load size=00000004 bytes, run addr=00000d00, run size=000001c0 bytes, compression=zero_init


LINKER GENERATED HANDLER TABLE

__TI_handler_table @ 000001f0 records: 3, size/record: 2, table size: 6
	index: 0, handler: __TI_zero_init
	index: 1, handler: __TI_decompress_lzss
	index: 2, handler: __TI_decompress_none


GLOBAL DATA SYMBOLS: SORTED BY DATA PAGE

address     data page           name
--------    ----------------    ----
00000400      10 (00000400)     __stack

00000d00      34 (00000d00)     PieVectTable

0000a800     2a0 (0000a800)     ezDSP_Version_SCI
0000a801     2a0 (0000a800)     ezDSP_uRead16BPossible
0000a802     2a0 (0000a800)     ezDSP_uRead8BPossible
0000a803     2a0 (0000a800)     ezDSP_b32bitAddress
0000a804     2a0 (0000a800)     ezDSP_uCPU
0000a805     2a0 (0000a800)     ezDSP_uOnChipFlash
0000a806     2a0 (0000a800)     ezDSP_uBRKDTCount
0000a807     2a0 (0000a800)     ezDSP_uFECount
0000a808     2a0 (0000a800)     ezDSP_uOECount
0000a809     2a0 (0000a800)     ezDSP_uPECount
0000a80a     2a0 (0000a800)     ezDSP_uWrongISRCount
0000a80b     2a0 (0000a800)     ezDSP_ucRx
0000a80c     2a0 (0000a800)     ezDSP_uState
0000a80d     2a0 (0000a800)     ezDSP_uData
0000a80e     2a0 (0000a800)     ezDSP_uChksum
0000a80f     2a0 (0000a800)     ezDSP_uAddrRdCnt
0000a810     2a0 (0000a800)     ezDSP_uDataRdCnt
0000a811     2a0 (0000a800)     ezDSP_uBlockSize
0000a812     2a0 (0000a800)     ezDSP_uBlockIndex
0000a813     2a0 (0000a800)     ezDSP_uChkSumCalculated
0000a814     2a0 (0000a800)     ezDSP_uCommand
0000a815     2a0 (0000a800)     ezDSP_uISRRxCount
0000a816     2a0 (0000a800)     ezDSP_uISRTxCount
0000a817     2a0 (0000a800)     ezDSP_uRxFifoCnt
0000a818     2a0 (0000a800)     ezDSP_uMaxRxFifoCnt
0000a819     2a0 (0000a800)     ezDSP_uTxFifoCnt
0000a81a     2a0 (0000a800)     ezDSP_uMaxTxFifoCnt
0000a81b     2a0 (0000a800)     ezDSP_uTxFifoFullCnt
0000a81c     2a0 (0000a800)     SCIx_BASE
0000a81e     2a0 (0000a800)     ezDSP_ulData
0000a820     2a0 (0000a800)     ezDSP_ulAddr
0000a822     2a0 (0000a800)     ezDSP_ullData
0000a826     2a0 (0000a800)     WIZCHIP

0000a84a     2a1 (0000a840)     xPidGain
0000a86c     2a1 (0000a840)     sock_pack_info

0000a886     2a2 (0000a880)     __TI_enable_exit_profile_output
0000a888     2a2 (0000a880)     __TI_cleanup_ptr
0000a88a     2a2 (0000a880)     __TI_dtors_ptr
0000a890     2a2 (0000a880)     _lock
0000a892     2a2 (0000a880)     _unlock
0000a894     2a2 (0000a880)     g_isW6100Connected

0000a8c0     2a3 (0000a8c0)     PieVectTableInit

0000aa80     2aa (0000aa80)     IPC_Instance

0000ada6     2b6 (0000ad80)     xEncoder
0000adbe     2b6 (0000ad80)     xMotorDriver

0000adc0     2b7 (0000adc0)     xEthCtrl

0000aece     2bb (0000aec0)     xAdc
0000aede     2bb (0000aec0)     xBit
0000aeee     2bb (0000aec0)     xDio
0000aef8     2bb (0000aec0)     xSysCtrl

0000af00     2bc (0000af00)     xMotorCtrl
0000af0a     2bc (0000af00)     currPid
0000af1e     2bc (0000af00)     speedPid

0000af40     2bd (0000af40)     posPid
0000af54     2bd (0000af40)     adcRawData
0000af5a     2bd (0000af40)     xTimer
0000af60     2bd (0000af40)     xLed
0000af69     2bd (0000af40)     xRcvSciPcMsg1
0000af6a     2bd (0000af40)     xXmtSciPcMsg1

00010040     401 (00010040)     xQueSCI_PC

00038000     e00 (00038000)     IPC_CPU_To_CM_GetBuffer

00039000     e40 (00039000)     IPC_CPU_To_CM_PutBuffer

0003a000     e80 (0003a000)     IPC_CPU1_To_CPU2_PutBuffer

0003b000     ec0 (0003b000)     IPC_CPU1_To_CPU2_GetBuffer


GLOBAL SYMBOLS: SORTED ALPHABETICALLY BY Name 

page  address   name                                     
----  -------   ----                                     
0     0000d239  ADCA1_ISR                                
0     0000d243  ADCA2_ISR                                
0     0000d24d  ADCA3_ISR                                
0     0000d257  ADCA4_ISR                                
0     0000d261  ADCA_EVT_ISR                             
0     0000d26b  ADCB1_ISR                                
0     0000d275  ADCB2_ISR                                
0     0000d27f  ADCB3_ISR                                
0     0000d289  ADCB4_ISR                                
0     0000d293  ADCB_EVT_ISR                             
0     0000d29d  ADCC1_ISR                                
0     0000d2a7  ADCC2_ISR                                
0     0000d2b1  ADCC3_ISR                                
0     0000d2bb  ADCC4_ISR                                
0     0000d2c5  ADCC_EVT_ISR                             
0     0000d2cf  ADCD1_ISR                                
0     0000d2d9  ADCD2_ISR                                
0     0000d2e3  ADCD3_ISR                                
0     0000d2ed  ADCD4_ISR                                
0     0000d2f7  ADCD_EVT_ISR                             
0     000090c8  ADC_setINLTrim                           
0     0000987a  ADC_setMode                              
0     000091d5  ADC_setOffsetTrim                        
0     0000d049  Bit_Encoder_Check                        
0     0000d0b7  Bit_FaultReset                           
0     0000d1cd  Bit_GateFault_Check                      
0     0000cffc  Bit_Init                                 
0     00009b2c  Bit_MotorOverSpeed_Check                 
0     00009a69  Bit_MotorStall_Check                     
0     0000944e  Bit_OvCurrent_Check                      
0     00009dcd  Bit_OvTemperature_Check                  
0     000095e1  Bit_OvVoltage_Check                      
0     00009ff1  Bit_RunCBIT                              
0     0000d1a1  Bit_RunPBIT                              
0     00009cea  C$$EXIT                                  
0     0000d301  CANA0_ISR                                
0     0000d30b  CANA1_ISR                                
0     0000d315  CANB0_ISR                                
0     0000d31f  CANB1_ISR                                
0     0000d329  CIPC0_ISR                                
0     0000d333  CIPC1_ISR                                
0     0000d33d  CIPC2_ISR                                
0     0000d347  CIPC3_ISR                                
0     0000d351  CLA1CRC_ISR                              
0     0000d35b  CLA1_1_ISR                               
0     0000d365  CLA1_2_ISR                               
0     0000d36f  CLA1_3_ISR                               
0     0000d379  CLA1_4_ISR                               
0     0000d383  CLA1_5_ISR                               
0     0000d38d  CLA1_6_ISR                               
0     0000d397  CLA1_7_ISR                               
0     0000d3a1  CLA1_8_ISR                               
0     0000d3ab  CLA_OVERFLOW_ISR                         
0     0000d3b5  CLA_UNDERFLOW_ISR                        
0     0000d3bf  CLB1_ISR                                 
0     0000d3c9  CLB2_ISR                                 
0     0000d3d3  CLB3_ISR                                 
0     0000d3dd  CLB4_ISR                                 
0     0000d3e7  CLB5_ISR                                 
0     0000d3f1  CLB6_ISR                                 
0     0000d3fb  CLB7_ISR                                 
0     0000d405  CLB8_ISR                                 
0     0000d40f  CMTOCPUXIPC0_ISR                         
0     0000d419  CMTOCPUXIPC1_ISR                         
0     0000d423  CMTOCPUXIPC2_ISR                         
0     0000d42d  CMTOCPUXIPC3_ISR                         
0     0000d437  CMTOCPUXIPC4_ISR                         
0     0000d441  CMTOCPUXIPC5_ISR                         
0     0000d44b  CMTOCPUXIPC6_ISR                         
0     0000d455  CMTOCPUXIPC7_ISR                         
0     0000d45f  CM_STATUS_ISR                            
0     0000d469  CPUCRC_ISR                               
0     00009e99  CPUTimer_setEmulationMode                
0     0000cf3f  CalcAdcData                              
0     0000d161  Control_Init                             
0     00009a37  Control_SaveOffsetToFram                 
0     0000d1da  Control_SystemOperation                  
0     0000d473  DATALOG_ISR                              
0     0000c3ab  DCC_verifyClockFrequency                 
0     0000d47d  DMA_CH1_ISR                              
0     0000d487  DMA_CH2_ISR                              
0     0000d491  DMA_CH3_ISR                              
0     0000d49b  DMA_CH4_ISR                              
0     0000d4a5  DMA_CH5_ISR                              
0     0000d4af  DMA_CH6_ISR                              
0     0000c65a  Device_enableAllPeripherals              
0     0000d218  Device_enableUnbondedGPIOPullups         
0     0000d0df  Device_enableUnbondedGPIOPullupsFor176Pin
0     0000899a  Device_init                              
0     00009d61  Device_initGPIO                          
0     00009f52  Device_verifyXTAL                        
0     0000d060  Dio_Init                                 
0     0000a18a  Dio_UpdateInput                          
0     0000d4b9  ECAP1_ISR                                
0     0000d4c3  ECAP2_ISR                                
0     0000d4cd  ECAP3_ISR                                
0     0000d4d7  ECAP4_ISR                                
0     0000d4e1  ECAP5_ISR                                
0     0000d4eb  ECAP6_2_ISR                              
0     0000d4f5  ECAP6_ISR                                
0     0000d4ff  ECAP7_2_ISR                              
0     0000d509  ECAP7_ISR                                
0     0000d513  ECATRST_ISR                              
0     0000d51d  ECATSYNC0_ISR                            
0     0000d527  ECATSYNC1_ISR                            
0     0000d531  ECAT_ISR                                 
0     0000d1e7  EMPTY_ISR                                
0     0000d53b  EMU_ISR                                  
0     0000d545  EPWM10_ISR                               
0     0000d54f  EPWM10_TZ_ISR                            
0     0000d559  EPWM11_ISR                               
0     0000d563  EPWM11_TZ_ISR                            
0     0000d56d  EPWM12_ISR                               
0     0000d577  EPWM12_TZ_ISR                            
0     0000d581  EPWM13_ISR                               
0     0000d58b  EPWM13_TZ_ISR                            
0     0000d595  EPWM14_ISR                               
0     0000d59f  EPWM14_TZ_ISR                            
0     0000d5a9  EPWM15_ISR                               
0     0000d5b3  EPWM15_TZ_ISR                            
0     0000d5bd  EPWM16_ISR                               
0     0000d5c7  EPWM16_TZ_ISR                            
0     0000d5d1  EPWM1_ISR                                
0     0000d5db  EPWM1_TZ_ISR                             
0     0000d5e5  EPWM2_ISR                                
0     0000d5ef  EPWM2_TZ_ISR                             
0     0000d5f9  EPWM3_ISR                                
0     0000d603  EPWM3_TZ_ISR                             
0     0000d60d  EPWM4_ISR                                
0     0000d617  EPWM4_TZ_ISR                             
0     0000d621  EPWM5_ISR                                
0     0000d62b  EPWM5_TZ_ISR                             
0     0000d635  EPWM6_ISR                                
0     0000d63f  EPWM6_TZ_ISR                             
0     0000d649  EPWM7_ISR                                
0     0000d653  EPWM7_TZ_ISR                             
0     0000d65d  EPWM8_ISR                                
0     0000d667  EPWM8_TZ_ISR                             
0     0000d671  EPWM9_ISR                                
0     0000d67b  EPWM9_TZ_ISR                             
0     000087a2  EPWM_setEmulationMode                    
0     0000d685  EQEP1_ISR                                
0     0000d68f  EQEP2_ISR                                
0     0000d699  EQEP3_ISR                                
0     00009f6e  Encoder_Init                             
0     00009066  Encoder_Init_Hardware                    
0     00009cc1  Encoder_LoadOffset                       
0     00008dbf  Encoder_ReadSpiData                      
0     00008241  Encoder_UpdatePosition                   
0     00009e57  Epwm_SetMotorDuty_1x                     
0     0000d0f2  Ethernet_CalculateChecksum               
0     00009d85  Ethernet_Init                            
0     00008392  Ethernet_ParsePacket                     
0     00009406  Ethernet_Process                         
0     0000d0cb  Ethernet_ProtocolInit                    
0     00008f73  Ethernet_SendMessage                     
0     00008680  Ethernet_StateMachine                    
0     0000a1f3  F28x_usDelay                             
0     0000d6a3  FMC_ISR                                  
0     0000d6ad  FPU_OFLOW_ISR                            
0     0000d6b7  FPU_UFLOW_ISR                            
0     0000d6c1  FSIRXA1_ISR                              
0     0000d6cb  FSIRXA2_ISR                              
0     0000d6d5  FSIRXB1_ISR                              
0     0000d6df  FSIRXB2_ISR                              
0     0000d6e9  FSIRXC1_ISR                              
0     0000d6f3  FSIRXC2_ISR                              
0     0000d6fd  FSIRXD1_ISR                              
0     0000d707  FSIRXD2_ISR                              
0     0000d711  FSIRXE1_ISR                              
0     0000d71b  FSIRXE2_ISR                              
0     0000d725  FSIRXF1_ISR                              
0     0000d72f  FSIRXF2_ISR                              
0     0000d739  FSIRXG1_ISR                              
0     0000d743  FSIRXG2_ISR                              
0     0000d74d  FSIRXH1_ISR                              
0     0000d757  FSIRXH2_ISR                              
0     0000d761  FSITXA1_ISR                              
0     0000d76b  FSITXA2_ISR                              
0     0000d775  FSITXB1_ISR                              
0     0000d77f  FSITXB2_ISR                              
0     0000daa6  Fram_Init                                
0     00009f8a  Fram_ReadByte                            
0     00009d3b  Fram_WriteByte                           
0     00009b5b  GPIO_setControllerCore                   
0     00009c16  GPIO_setDirectionMode                    
0     000098ef  GPIO_setInterruptPin                     
0     0000936d  GPIO_setPadConfig                        
0     00009afc  GPIO_setPinConfig                        
0     00009b8a  GPIO_setQualificationMode                
0     0000d789  I2CA_FIFO_ISR                            
0     0000d793  I2CA_HIGH_ISR                            
0     0000d79d  I2CA_ISR                                 
0     0000d7a7  I2CB_FIFO_ISR                            
0     0000d7b1  I2CB_ISR                                 
0     0000d7bb  ILLEGAL_ISR                              
0     0003b000  IPC_CPU1_To_CPU2_GetBuffer               
0     0003a000  IPC_CPU1_To_CPU2_PutBuffer               
0     00038000  IPC_CPU_To_CM_GetBuffer                  
0     00039000  IPC_CPU_To_CM_PutBuffer                  
0     0000aa80  IPC_Instance                             
0     000097a5  IPC_unregisterInterrupt                  
0     00008800  InitAdcModules                           
0     00008800  InitialAdc                               
0     00008fd9  Initial_Adc                              
0     00008890  Initial_EpwmTimer                        
0     0000d223  Initial_Led                              
0     0000da4f  Initial_SPI                              
0     00008f0c  Initial_TIMER                            
0     000094d8  Initial_W6100                            
0     0000d1f4  Interrupt_defaultHandler                 
0     00009129  Interrupt_disable                        
0     00009622  Interrupt_enable                         
0     0000d7c5  Interrupt_illegalOperationHandler        
0     00009663  Interrupt_initModule                     
0     00009fa5  Interrupt_initVectorTable                
0     0000d7cf  Interrupt_nmiHandler                     
[...]
0     0000a1f3  F28x_usDelay                             
0     0000a1f7  SysCtl_delay                             
0     0000a800  ezDSP_Version_SCI                        
0     0000a801  ezDSP_uRead16BPossible                   
0     0000a802  ezDSP_uRead8BPossible                    
0     0000a803  ezDSP_b32bitAddress                      
0     0000a804  ezDSP_uCPU                               
0     0000a805  ezDSP_uOnChipFlash                       
0     0000a806  ezDSP_uBRKDTCount                        
0     0000a807  ezDSP_uFECount                           
0     0000a808  ezDSP_uOECount                           
0     0000a809  ezDSP_uPECount                           
0     0000a80a  ezDSP_uWrongISRCount                     
0     0000a80b  ezDSP_ucRx                               
0     0000a80c  ezDSP_uState                             
0     0000a80d  ezDSP_uData                              
0     0000a80e  ezDSP_uChksum                            
0     0000a80f  ezDSP_uAddrRdCnt                         
0     0000a810  ezDSP_uDataRdCnt                         
0     0000a811  ezDSP_uBlockSize                         
0     0000a812  ezDSP_uBlockIndex                        
0     0000a813  ezDSP_uChkSumCalculated                  
0     0000a814  ezDSP_uCommand                           
0     0000a815  ezDSP_uISRRxCount                        
0     0000a816  ezDSP_uISRTxCount                        
0     0000a817  ezDSP_uRxFifoCnt                         
0     0000a818  ezDSP_uMaxRxFifoCnt                      
0     0000a819  ezDSP_uTxFifoCnt                         
0     0000a81a  ezDSP_uMaxTxFifoCnt                      
0     0000a81b  ezDSP_uTxFifoFullCnt                     
0     0000a81c  SCIx_BASE                                
0     0000a81e  ezDSP_ulData                             
0     0000a820  ezDSP_ulAddr                             
0     0000a822  ezDSP_ullData                            
0     0000a826  WIZCHIP                                  
0     0000a84a  xPidGain                                 
0     0000a86c  sock_pack_info                           
0     0000a886  __TI_enable_exit_profile_output          
0     0000a888  __TI_cleanup_ptr                         
0     0000a88a  __TI_dtors_ptr                           
0     0000a890  _lock                                    
0     0000a892  _unlock                                  
0     0000a894  g_isW6100Connected                       
0     0000a8c0  PieVectTableInit                         
0     0000aa80  IPC_Instance                             
0     0000ada6  xEncoder                                 
0     0000adbe  xMotorDriver                             
0     0000adc0  xEthCtrl                                 
0     0000aece  xAdc                                     
0     0000aede  xBit                                     
0     0000aeee  xDio                                     
0     0000aef8  xSysCtrl                                 
0     0000af00  xMotorCtrl                               
0     0000af0a  currPid                                  
0     0000af1e  speedPid                                 
0     0000af40  posPid                                   
0     0000af54  adcRawData                               
0     0000af5a  xTimer                                   
0     0000af60  xLed                                     
0     0000af69  xRcvSciPcMsg1                            
0     0000af6a  xXmtSciPcMsg1                            
0     0000c000  easy_RXINT_ISR                           
0     0000c3ab  DCC_verifyClockFrequency                 
0     0000c65a  Device_enableAllPeripherals              
0     0000c7c1  wiz_recv_data                            
0     0000c800  SysCtl_isPLLValid                        
0     0000ca56  easyDSP_SCI_Init                         
0     0000cbfe  SysCtl_setClock                          
0     0000cd2b  SysCtl_setAuxClock                       
0     0000ce39  sendto_W6x00                             
0     0000cf3f  CalcAdcData                              
0     0000cffc  Bit_Init                                 
0     0000d000  _c_int00                                 
0     0000d019  __c28xabi_andll                          
0     0000d021  __c28xabi_orll                           
0     0000d029  __c28xabi_xorll                          
0     0000d031  wizchip_spi_writeburst                   
0     0000d049  Bit_Encoder_Check                        
0     0000d060  Dio_Init                                 
0     0000d077  isr_CpuTimer1                            
0     0000d08d  isr_CpuTimer2                            
0     0000d0a2  wizchip_spi_readburst                    
0     0000d0b7  Bit_FaultReset                           
0     0000d0cb  Ethernet_ProtocolInit                    
0     0000d0df  Device_enableUnbondedGPIOPullupsFor176Pin
0     0000d0f2  Ethernet_CalculateChecksum               
0     0000d118  MotorDriver_ReadReg                      
0     0000d12b  MotorDriver_WriteReg                     
0     0000d13d  reg_wizchip_cs_cbfunc                    
0     0000d14f  _args_main                               
0     0000d161  Control_Init                             
0     0000d171  System_Initialization                    
0     0000d181  isr_CpuTimer0                            
0     0000d1a1  Bit_RunPBIT                              
0     0000d1cd  Bit_GateFault_Check                      
0     0000d1da  Control_SystemOperation                  
0     0000d1e7  EMPTY_ISR                                
0     0000d1f4  Interrupt_defaultHandler                 
0     0000d200  MotorDriver_Enable                       
0     0000d20c  MotorDriver_SetDir                       
0     0000d218  Device_enableUnbondedGPIOPullups         
0     0000d223  Initial_Led                              
0     0000d22e  MotorDriver_Init                         
0     0000d239  ADCA1_ISR                                
0     0000d243  ADCA2_ISR                                
0     0000d24d  ADCA3_ISR                                
0     0000d257  ADCA4_ISR                                
0     0000d261  ADCA_EVT_ISR                             
0     0000d26b  ADCB1_ISR                                
0     0000d275  ADCB2_ISR                                
0     0000d27f  ADCB3_ISR                                
0     0000d289  ADCB4_ISR                                
0     0000d293  ADCB_EVT_ISR                             
0     0000d29d  ADCC1_ISR                                
0     0000d2a7  ADCC2_ISR                                
0     0000d2b1  ADCC3_ISR                                
0     0000d2bb  ADCC4_ISR                                
0     0000d2c5  ADCC_EVT_ISR                             
0     0000d2cf  ADCD1_ISR                                
0     0000d2d9  ADCD2_ISR                                
0     0000d2e3  ADCD3_ISR                                
0     0000d2ed  ADCD4_ISR                                
0     0000d2f7  ADCD_EVT_ISR                             
0     0000d301  CANA0_ISR                                
0     0000d30b  CANA1_ISR                                
0     0000d315  CANB0_ISR                                
0     0000d31f  CANB1_ISR                                
0     0000d329  CIPC0_ISR                                
0     0000d333  CIPC1_ISR                                
0     0000d33d  CIPC2_ISR                                
0     0000d347  CIPC3_ISR                                
0     0000d351  CLA1CRC_ISR                              
0     0000d35b  CLA1_1_ISR                               
0     0000d365  CLA1_2_ISR                               
0     0000d36f  CLA1_3_ISR                               
0     0000d379  CLA1_4_ISR                               
0     0000d383  CLA1_5_ISR                               
0     0000d38d  CLA1_6_ISR                               
0     0000d397  CLA1_7_ISR                               
0     0000d3a1  CLA1_8_ISR                               
0     0000d3ab  CLA_OVERFLOW_ISR                         
0     0000d3b5  CLA_UNDERFLOW_ISR                        
0     0000d3bf  CLB1_ISR                                 
0     0000d3c9  CLB2_ISR                                 
0     0000d3d3  CLB3_ISR                                 
0     0000d3dd  CLB4_ISR                                 
0     0000d3e7  CLB5_ISR                                 
0     0000d3f1  CLB6_ISR                                 
0     0000d3fb  CLB7_ISR                                 
0     0000d405  CLB8_ISR                                 
0     0000d40f  CMTOCPUXIPC0_ISR                         
0     0000d419  CMTOCPUXIPC1_ISR                         
0     0000d423  CMTOCPUXIPC2_ISR                         
0     0000d42d  CMTOCPUXIPC3_ISR                         
0     0000d437  CMTOCPUXIPC4_ISR                         
0     0000d441  CMTOCPUXIPC5_ISR                         
0     0000d44b  CMTOCPUXIPC6_ISR                         
0     0000d455  CMTOCPUXIPC7_ISR                         
0     0000d45f  CM_STATUS_ISR                            
0     0000d469  CPUCRC_ISR                               
0     0000d473  DATALOG_ISR                              
0     0000d47d  DMA_CH1_ISR                              
0     0000d487  DMA_CH2_ISR                              
0     0000d491  DMA_CH3_ISR                              
0     0000d49b  DMA_CH4_ISR                              
0     0000d4a5  DMA_CH5_ISR                              
0     0000d4af  DMA_CH6_ISR                              
0     0000d4b9  ECAP1_ISR                                
0     0000d4c3  ECAP2_ISR                                
0     0000d4cd  ECAP3_ISR                                
0     0000d4d7  ECAP4_ISR                                
0     0000d4e1  ECAP5_ISR                                
0     0000d4eb  ECAP6_2_ISR                              
0     0000d4f5  ECAP6_ISR                                
0     0000d4ff  ECAP7_2_ISR                              
0     0000d509  ECAP7_ISR                                
0     0000d513  ECATRST_ISR                              
0     0000d51d  ECATSYNC0_ISR                            
0     0000d527  ECATSYNC1_ISR                            
0     0000d531  ECAT_ISR                                 
0     0000d53b  EMU_ISR                                  
0     0000d545  EPWM10_ISR                               
0     0000d54f  EPWM10_TZ_ISR                            
0     0000d559  EPWM11_ISR                               
0     0000d563  EPWM11_TZ_ISR                            
0     0000d56d  EPWM12_ISR                               
0     0000d577  EPWM12_TZ_ISR                            
0     0000d581  EPWM13_ISR                               
0     0000d58b  EPWM13_TZ_ISR                            
0     0000d595  EPWM14_ISR                               
0     0000d59f  EPWM14_TZ_ISR                            
0     0000d5a9  EPWM15_ISR                               
0     0000d5b3  EPWM15_TZ_ISR                            
0     0000d5bd  EPWM16_ISR                               
0     0000d5c7  EPWM16_TZ_ISR                            
0     0000d5d1  EPWM1_ISR                                
0     0000d5db  EPWM1_TZ_ISR                             
0     0000d5e5  EPWM2_ISR                                
0     0000d5ef  EPWM2_TZ_ISR                             
0     0000d5f9  EPWM3_ISR                                
0     0000d603  EPWM3_TZ_ISR                             
0     0000d60d  EPWM4_ISR                                
0     0000d617  EPWM4_TZ_ISR                             
0     0000d621  EPWM5_ISR                                
0     0000d62b  EPWM5_TZ_ISR                             
0     0000d635  EPWM6_ISR                                
0     0000d63f  EPWM6_TZ_ISR                             
0     0000d649  EPWM7_ISR                                
0     0000d653  EPWM7_TZ_ISR                             
0     0000d65d  EPWM8_ISR                                
0     0000d667  EPWM8_TZ_ISR                             
0     0000d671  EPWM9_ISR                                
0     0000d67b  EPWM9_TZ_ISR                             
0     0000d685  EQEP1_ISR                                
0     0000d68f  EQEP2_ISR                                
0     0000d699  EQEP3_ISR                                
0     0000d6a3  FMC_ISR                                  
0     0000d6ad  FPU_OFLOW_ISR                            
0     0000d6b7  FPU_UFLOW_ISR                            
0     0000d6c1  FSIRXA1_ISR                              
0     0000d6cb  FSIRXA2_ISR                              
0     0000d6d5  FSIRXB1_ISR                              
0     0000d6df  FSIRXB2_ISR                              
0     0000d6e9  FSIRXC1_ISR                              
0     0000d6f3  FSIRXC2_ISR                              
0     0000d6fd  FSIRXD1_ISR                              
0     0000d707  FSIRXD2_ISR                              
0     0000d711  FSIRXE1_ISR                              
0     0000d71b  FSIRXE2_ISR                              
0     0000d725  FSIRXF1_ISR                              
0     0000d72f  FSIRXF2_ISR                              
0     0000d739  FSIRXG1_ISR                              
0     0000d743  FSIRXG2_ISR                              
0     0000d74d  FSIRXH1_ISR                              
0     0000d757  FSIRXH2_ISR                              
0     0000d761  FSITXA1_ISR                              
0     0000d76b  FSITXA2_ISR                              
0     0000d775  FSITXB1_ISR                              
0     0000d77f  FSITXB2_ISR                              
0     0000d789  I2CA_FIFO_ISR                            
0     0000d793  I2CA_HIGH_ISR                            
0     0000d79d  I2CA_ISR                                 
0     0000d7a7  I2CB_FIFO_ISR                            
0     0000d7b1  I2CB_ISR                                 
0     0000d7bb  ILLEGAL_ISR                              
0     0000d7c5  Interrupt_illegalOperationHandler        
0     0000d7cf  Interrupt_nmiHandler                     
0     0000d7d9  MCANA_0_ISR                              
0     0000d7e3  MCANA_1_ISR                              
0     0000d7ed  MCANA_ECC_ISR                            
0     0000d7f7  MCANA_WAKE_ISR                           
0     0000d801  MCBSPA_RX_ISR                            
0     0000d80b  MCBSPA_TX_ISR                            
0     0000d815  MCBSPB_RX_ISR                            
0     0000d81f  MCBSPB_TX_ISR                            
0     0000d829  MPOST_ISR                                
0     0000d833  NMI_ISR                                  
0     0000d83d  NOTUSED_ISR                              
0     0000d847  PIE_RESERVED_ISR                         
0     0000d851  PMBUSA_ISR                               
0     0000d85b  RTOS_ISR                                 
0     0000d865  SCIA_RX_ISR                              
0     0000d86f  SCIA_TX_ISR                              
0     0000d879  SCIB_RX_ISR                              
0     0000d883  SCIB_TX_ISR                              
0     0000d88d  SCIC_RX_ISR                              
0     0000d897  SCIC_TX_ISR                              
0     0000d8a1  SCID_RX_ISR                              
0     0000d8ab  SCID_TX_ISR                              
0     0000d8b5  SDFM1DR1_ISR                             
0     0000d8bf  SDFM1DR2_ISR                             
0     0000d8c9  SDFM1DR3_ISR                             
0     0000d8d3  SDFM1DR4_ISR                             
0     0000d8dd  SDFM1_ISR                                
0     0000d8e7  SDFM2DR1_ISR                             
0     0000d8f1  SDFM2DR2_ISR                             
0     0000d8fb  SDFM2DR3_ISR                             
0     0000d905  SDFM2DR4_ISR                             
0     0000d90f  SDFM2_ISR                                
0     0000d919  SPIA_RX_ISR                              
0     0000d923  SPIA_TX_ISR                              
0     0000d92d  SPIB_RX_ISR                              
0     0000d937  SPIB_TX_ISR                              
0     0000d941  SPIC_RX_ISR                              
0     0000d94b  SPIC_TX_ISR                              
0     0000d955  SPID_RX_ISR                              
0     0000d95f  SPID_TX_ISR                              
0     0000d969  SYS_ERR_ISR                              
0     0000d973  TIMER0_ISR                               
0     0000d97d  TIMER1_ISR                               
0     0000d987  TIMER2_ISR                               
0     0000d991  USBA_ISR                                 
0     0000d99b  USER10_ISR                               
0     0000d9a5  USER11_ISR                               
0     0000d9af  USER12_ISR                               
0     0000d9b9  USER1_ISR                                
0     0000d9c3  USER2_ISR                                
0     0000d9cd  USER3_ISR                                
0     0000d9d7  USER4_ISR                                
0     0000d9e1  USER5_ISR                                
0     0000d9eb  USER6_ISR                                
0     0000d9f5  USER7_ISR                                
0     0000d9ff  USER8_ISR                                
0     0000da09  USER9_ISR                                
0     0000da13  WAKE_ISR                                 
0     0000da1d  XINT1_ISR                                
0     0000da27  XINT2_ISR                                
0     0000da31  XINT3_ISR                                
0     0000da3b  XINT4_ISR                                
0     0000da45  XINT5_ISR                                
0     0000da4f  Initial_SPI                              
0     0000da58  MotorDriver_ClearFaults                  
0     0000da61  _register_unlock                         
0     0000da65  _register_lock                           
0     0000da69  _nop                                     
0     0000da72  __TI_decompress_none                     
0     0000da82  setLedModeToggle                         
0     0000da8a  Spid_CsHigh                              
0     0000da91  Spid_CsLow                               
0     0000da9f  memset                                   
0     0000daa6  Fram_Init                                
0     0000daac  __TI_zero_init                           
0     0000dab2  spia_cs_desel                            
0     0000dab8  spia_cs_sel                              
0     0000dad1  __error__                                
0     0000dad7  _system_pre_init                         
0     0000dad9  wizchip_spi_readbyte                     
0     0000dadb  _system_post_cinit                       
0     0000dadc  wizchip_cris_enter                       
0     0000dadd  wizchip_cris_exit                        
0     0000dade  wizchip_cs_deselect                      
0     0000dadf  wizchip_cs_select                        
0     0000dae0  wizchip_spi_writebyte                    
0     00010040  xQueSCI_PC                               
0     00038000  IPC_CPU_To_CM_GetBuffer                  
0     00039000  IPC_CPU_To_CM_PutBuffer                  
0     0003a000  IPC_CPU1_To_CPU2_PutBuffer               
0     0003b000  IPC_CPU1_To_CPU2_GetBuffer               
1     00000d00  PieVectTable                             
abs   00000100  __TI_STACK_SIZE                          
abs   ffffffff  __TI_pprof_out_hndl                      
abs   ffffffff  __TI_prof_data_size                      
abs   ffffffff  __TI_prof_data_start                     
abs   ffffffff  __c_args__                               

[455 symbols]
