******************************************************************************
             TMS320C2000 Linker PC v25.11.0                    
******************************************************************************
>> Linked Wed Jun 24 17:47:02 2026

OUTPUT FILE NAME:   <ATTLA_T_CPU1.out>
ENTRY POINT SYMBOL: "code_start"  address: 00000000


MEMORY CONFIGURATION

         name            origin    length      used     unused   attr    fill
----------------------  --------  ---------  --------  --------  ----  --------
PAGE 0:
  BEGIN                 00000000   00000002  00000002  00000000  RWIX
  BOOT_RSVD             00000002   000001af  00000000  000001af  RWIX
  RAMM0                 000001b1   0000024f  00000066  000001e9  RWIX
  RAMM1                 00000400   000003f8  00000100  000002f8  RWIX
  RAMLS0                00008000   00000800  00000800  00000000  RWIX
  RAMLS1                00008800   00000800  00000800  00000000  RWIX
  RAMLS2                00009000   00000800  00000800  00000000  RWIX
  RAMLS3                00009800   00000800  00000800  00000000  RWIX
  RAMLS4                0000a000   00000800  000001fb  00000605  RWIX
  RAMLS5                0000a800   00000800  0000077f  00000081  RWIX
  RAMLS6                0000b000   00000800  00000000  00000800  RWIX
  RAMLS7                0000b800   00000800  00000000  00000800  RWIX
  RAMD0                 0000c000   00000800  00000800  00000000  RWIX
  RAMD1                 0000c800   00000800  00000800  00000000  RWIX
  RAMGS0                0000d000   00001000  00000e25  000001db  RWIX
  RAMGS1                0000e000   00001000  00000000  00001000  RWIX
  RAMGS2                0000f000   00001000  00000000  00001000  RWIX
  RAMGS3                00010000   00001000  0000010a  00000ef6  RWIX
  RAMGS4                00011000   00001000  00000000  00001000  RWIX
  RAMGS5                00012000   00001000  00000000  00001000  RWIX
  RAMGS6                00013000   00001000  00000000  00001000  RWIX
  RAMGS7                00014000   00001000  00000000  00001000  RWIX
  RAMGS8                00015000   00001000  00000000  00001000  RWIX
  RAMGS9                00016000   00001000  00000000  00001000  RWIX
  RAMGS10               00017000   00001000  00000000  00001000  RWIX
  RAMGS11               00018000   00001000  00000000  00001000  RWIX
  RAMGS12               00019000   00001000  00000000  00001000  RWIX
  RAMGS13               0001a000   00001000  00000000  00001000  RWIX
  RAMGS14               0001b000   00001000  00000000  00001000  RWIX
  RAMGS15               0001c000   00000ff8  00000000  00000ff8  RWIX
  CMTOCPURAM            00038000   00000800  00000088  00000778  RWIX
  CPUTOCMRAM            00039000   00000800  00000088  00000778  RWIX
  CPU1TOCPU2RAM         0003a000   00000800  00000088  00000778  RWIX
  CPU2TOCPU1RAM         0003b000   00000800  00000088  00000778  RWIX
  CANA_MSG_RAM          00049000   00000800  00000000  00000800  RWIX
  CANB_MSG_RAM          0004b000   00000800  00000000  00000800  RWIX
  FLASH0                00080000   00002000  00000000  00002000  RWIX
  FLASH1                00082000   00002000  00000000  00002000  RWIX
  FLASH2                00084000   00002000  00000000  00002000  RWIX
  FLASH3                00086000   00002000  00000000  00002000  RWIX
  FLASH4                00088000   00008000  00000000  00008000  RWIX
  FLASH5                00090000   00008000  00000000  00008000  RWIX
  FLASH6                00098000   00008000  00000000  00008000  RWIX
  FLASH7                000a0000   00008000  00000000  00008000  RWIX
  FLASH8                000a8000   00008000  00000000  00008000  RWIX
  FLASH9                000b0000   00008000  00000000  00008000  RWIX
  FLASH10               000b8000   00002000  00000000  00002000  RWIX
  FLASH11               000ba000   00002000  00000000  00002000  RWIX
  FLASH12               000bc000   00002000  00000000  00002000  RWIX
  FLASH13               000be000   00002000  00000000  00002000  RWIX
  RESET                 003fffc0   00000002  00000000  00000002  RWIX

PAGE 1:
  ADCARESULT            00000b00   00000018  00000000  00000018  RWIX
  ADCBRESULT            00000b20   00000018  00000000  00000018  RWIX
  ADCCRESULT            00000b40   00000018  00000000  00000018  RWIX
  ADCDRESULT            00000b60   00000018  00000000  00000018  RWIX
  CPUTIMER0             00000c00   00000008  00000000  00000008  RWIX
  CPUTIMER1             00000c08   00000008  00000000  00000008  RWIX
  CPUTIMER2             00000c10   00000008  00000000  00000008  RWIX
  PIECTRL               00000ce0   0000001a  00000000  0000001a  RWIX
  PIEVECTTABLE          00000d00   00000200  000001c0  00000040  RWIX
  DMA                   00001000   00000200  00000000  00000200  RWIX
  CLA1                  00001400   00000080  00000000  00000080  RWIX
  CLB1LOGICCFG          00003000   00000052  00000000  00000052  RWIX
  CLB1LOGICCTRL         00003100   00000040  00000000  00000040  RWIX
  CLB1DATAEXCH          00003180   00000080  00000000  00000080  RWIX
  CLB2LOGICCFG          00003200   00000052  00000000  00000052  RWIX
  CLB2LOGICCTRL         00003300   00000040  00000000  00000040  RWIX
  CLB2DATAEXCH          00003380   00000080  00000000  00000080  RWIX
  CLB3LOGICCFG          00003400   00000052  00000000  00000052  RWIX
  CLB3LOGICCTRL         00003500   00000040  00000000  00000040  RWIX
  CLB3DATAEXCH          00003580   00000080  00000000  00000080  RWIX
  CLB4LOGICCFG          00003600   00000052  00000000  00000052  RWIX
  CLB4LOGICCTRL         00003700   00000040  00000000  00000040  RWIX
  CLB4DATAEXCH          00003780   00000080  00000000  00000080  RWIX
  CLB5LOGICCFG          00003800   00000052  00000000  00000052  RWIX
  CLB5LOGICCTRL         00003900   00000040  00000000  00000040  RWIX
  CLB5DATAEXCH          00003980   00000080  00000000  00000080  RWIX
  CLB6LOGICCFG          00003a00   00000052  00000000  00000052  RWIX
  CLB6LOGICCTRL         00003b00   00000040  00000000  00000040  RWIX
  CLB6DATAEXCH          00003b80   00000080  00000000  00000080  RWIX
  CLB7LOGICCFG          00003c00   00000052  00000000  00000052  RWIX
  CLB7LOGICCTRL         00003d00   00000040  00000000  00000040  RWIX
  CLB7DATAEXCH          00003d80   00000080  00000000  00000080  RWIX
  CLB8LOGICCFG          00003e00   00000052  00000000  00000052  RWIX
  CLB8LOGICCTRL         00003f00   00000040  00000000  00000040  RWIX
  CLB8DATAEXCH          00003f80   00000080  00000000  00000080  RWIX
  EPWM1                 00004000   00000100  00000000  00000100  RWIX
  EPWM2                 00004100   00000100  00000000  00000100  RWIX
  EPWM3                 00004200   00000100  00000000  00000100  RWIX
  EPWM4                 00004300   00000100  00000000  00000100  RWIX
  EPWM5                 00004400   00000100  00000000  00000100  RWIX
  EPWM6                 00004500   00000100  00000000  00000100  RWIX
  EPWM7                 00004600   00000100  00000000  00000100  RWIX
  EPWM8                 00004700   00000100  00000000  00000100  RWIX
  EPWM9                 00004800   00000100  00000000  00000100  RWIX
  EPWM10                00004900   00000100  00000000  00000100  RWIX
  EPWM11                00004a00   00000100  00000000  00000100  RWIX
  EPWM12                00004b00   00000100  00000000  00000100  RWIX
  EPWM13                00004c00   00000100  00000000  00000100  RWIX
  EPWM14                00004d00   00000100  00000000  00000100  RWIX
  EPWM15                00004e00   00000100  00000000  00000100  RWIX
  EPWM16                00004f00   00000100  00000000  00000100  RWIX
  EQEP1                 00005100   00000040  00000000  00000040  RWIX
  EQEP2                 00005140   00000040  00000000  00000040  RWIX
  EQEP3                 00005180   00000040  00000000  00000040  RWIX
  ECAP1                 00005200   00000020  00000000  00000020  RWIX
  ECAP2                 00005240   00000020  00000000  00000020  RWIX
  ECAP3                 00005280   00000020  00000000  00000020  RWIX
  ECAP4                 000052c0   00000020  00000000  00000020  RWIX
  ECAP5                 00005300   00000020  00000000  00000020  RWIX
  ECAP6                 00005340   00000020  00000000  00000020  RWIX
  HRCAP6                00005360   00000020  00000000  00000020  RWIX
  ECAP7                 00005380   00000020  00000000  00000020  RWIX
  HRCAP7                000053a0   00000020  00000000  00000020  RWIX
  DACA                  00005c00   00000008  00000000  00000008  RWIX
  DACB                  00005c10   00000008  00000000  00000008  RWIX
  DACC                  00005c20   00000008  00000000  00000008  RWIX
  CMPSS1                00005c80   00000020  00000000  00000020  RWIX
  CMPSS2                00005ca0   00000020  00000000  00000020  RWIX
  CMPSS3                00005cc0   00000020  00000000  00000020  RWIX
  CMPSS4                00005ce0   00000020  00000000  00000020  RWIX
  CMPSS5                00005d00   00000020  00000000  00000020  RWIX
  CMPSS6                00005d20   00000020  00000000  00000020  RWIX
  CMPSS7                00005d40   00000020  00000000  00000020  RWIX
  CMPSS8                00005d60   00000020  00000000  00000020  RWIX
  SDFM1                 00005e00   00000080  00000000  00000080  RWIX
  SDFM2                 00005e80   00000080  00000000  00000080  RWIX
  MCBSPA                00006000   00000024  00000000  00000024  RWIX
  MCBSPB                00006040   00000024  00000000  00000024  RWIX
  SPIA                  00006100   00000010  00000000  00000010  RWIX
  SPIB                  00006110   00000010  00000000  00000010  RWIX
  SPIC                  00006120   00000010  00000000  00000010  RWIX
  SPID                  00006130   00000010  00000000  00000010  RWIX
  BGCRCCPU              00006340   00000040  00000000  00000040  RWIX
  BGCRCCLA1             00006380   00000040  00000000  00000040  RWIX
  PMBUSA                00006400   00000020  00000000  00000020  RWIX
  FSITXA                00006600   00000050  00000000  00000050  RWIX
  FSIRXA                00006680   00000050  00000000  00000050  RWIX
  FSITXB                00006700   00000050  00000000  00000050  RWIX
  FSIRXB                00006780   00000050  00000000  00000050  RWIX
  FSIRXC                00006880   00000050  00000000  00000050  RWIX
  FSIRXD                00006980   00000050  00000000  00000050  RWIX
  FSIRXE                00006a80   00000050  00000000  00000050  RWIX
  FSIRXF                00006b80   00000050  00000000  00000050  RWIX
  FSIRXG                00006c80   00000050  00000000  00000050  RWIX
  FSIRXH                00006d80   00000050  00000000  00000050  RWIX
  WD                    00007000   0000002c  00000000  0000002c  RWIX
  NMIINTRUPT            00007060   00000010  00000000  00000010  RWIX
  XINT                  00007070   0000000c  00000000  0000000c  RWIX
  SCIA                  00007200   00000010  00000000  00000010  RWIX
  SCIB                  00007210   00000010  00000000  00000010  RWIX
  SCIC                  00007220   00000010  00000000  00000010  RWIX
  SCID                  00007230   00000010  00000000  00000010  RWIX
  I2CA                  00007300   00000022  00000000  00000022  RWIX
  I2CB                  00007340   00000022  00000000  00000022  RWIX
  ADCA                  00007400   00000080  00000000  00000080  RWIX
  ADCB                  00007480   00000080  00000000  00000080  RWIX
  ADCC                  00007500   00000080  00000000  00000080  RWIX
  ADCD                  00007580   00000080  00000000  00000080  RWIX
  INPUTXBAR             00007900   00000020  00000000  00000020  RWIX
  XBAR                  00007920   00000020  00000000  00000020  RWIX
  SYNCSOC               00007940   00000006  00000000  00000006  RWIX
  CLBINPUTXBAR          00007960   00000020  00000000  00000020  RWIX
  DMACLASRCSEL          00007980   0000001a  00000000  0000001a  RWIX
  EPWMXBAR              00007a00   00000040  00000000  00000040  RWIX
  CLBXBAR               00007a40   00000040  00000000  00000040  RWIX
  OUTPUTXBAR            00007a80   00000040  00000000  00000040  RWIX
  CLBOUTPUTXBAR         00007bc0   00000040  00000000  00000040  RWIX
  GPIOCTRL              00007c00   00000200  00000000  00000200  RWIX
  GPIODATA              00007f00   00000040  00000000  00000040  RWIX
  GPIODATAREAD          00007f80   00000010  00000000  00000010  RWIX
  EMIF1                 00047000   00000070  00000000  00000070  RWIX
  EMIF2                 00047800   00000070  00000000  00000070  RWIX
  CANA                  00048000   00000200  00000000  00000200  RWIX
  CANB                  0004a000   00000200  00000000  00000200  RWIX
  ESCSS                 00057e00   00000024  00000000  00000024  RWIX
  ESCSSCONFIG           00057f00   00000016  00000000  00000016  RWIX
  MCANASS               0005c400   0000002c  00000000  0000002c  RWIX
  MCANA                 0005c600   00000100  00000000  00000100  RWIX
  MCANAERR              0005c800   00000210  00000000  00000210  RWIX
  CPU1TOCPU2IPC         0005ce00   00000026  00000000  00000026  RWIX
  CPU1TOCMIPC           0005ce40   00000026  00000000  00000026  RWIX
  DEVCFG                0005d000   000001a0  00000000  000001a0  RWIX
  CLKCFG                0005d200   00000100  00000000  00000100  RWIX
  CPUSYS                0005d300   000000a0  00000000  000000a0  RWIX
  SYSSTATUS             0005d400   00000100  00000000  00000100  RWIX
  SYSPERIPHAC           0005d500   00000200  00000000  00000200  RWIX
  ANALOGSUBSYS          0005d700   00000100  00000000  00000100  RWIX
  CMCONF                0005dc00   00000400  00000000  00000400  RWIX
  DCC0                  0005e700   00000038  00000000  00000038  RWIX
  DCC1                  0005e740   00000038  00000000  00000038  RWIX
  DCC2                  0005e780   00000038  00000000  00000038  RWIX
  ERADGLOBAL            0005e800   00000014  00000000  00000014  RWIX
  ERADHWBP1             0005e900   00000008  00000000  00000008  RWIX
  ERADHWBP2             0005e908   00000008  00000000  00000008  RWIX
  ERADHWBP3             0005e910   00000008  00000000  00000008  RWIX
  ERADHWBP4             0005e918   00000008  00000000  00000008  RWIX
  ERADHWBP5             0005e920   00000008  00000000  00000008  RWIX
  ERADHWBP6             0005e928   00000008  00000000  00000008  RWIX
  ERADHWBP7             0005e930   00000008  00000000  00000008  RWIX
  ERADHWBP8             0005e938   00000008  00000000  00000008  RWIX
  ERADCOUNTER1          0005e980   00000010  00000000  00000010  RWIX
  ERADCOUNTER2          0005e990   00000010  00000000  00000010  RWIX
  ERADCOUNTER3          0005e9a0   00000010  00000000  00000010  RWIX
  ERADCOUNTER4          0005e9b0   00000010  00000000  00000010  RWIX
  ERADCRCGLOBAL         0005ea00   00000010  00000000  00000010  RWIX
  ERADCRC1              0005ea10   00000010  00000000  00000010  RWIX
  ERADCRC2              0005ea20   00000010  00000000  00000010  RWIX
  ERADCRC3              0005ea30   00000010  00000000  00000010  RWIX
  ERADCRC4              0005ea40   00000010  00000000  00000010  RWIX
  ERADCRC5              0005ea50   00000010  00000000  00000010  RWIX
  ERADCRC6              0005ea60   00000010  00000000  00000010  RWIX
  ERADCRC7              0005ea70   00000010  00000000  00000010  RWIX
  ERADCRC8              0005ea80   00000010  00000000  00000010  RWIX
  DCSMZ1                0005f000   0000003e  00000000  0000003e  RWIX
  DCSMZ2                0005f080   0000003e  00000000  0000003e  RWIX
  DCSMCOMMON            0005f0c0   00000020  00000000  00000020  RWIX
  MEMCFG                0005f400   000000c0  00000000  000000c0  RWIX
  EMIF1CONFIG           0005f4c0   00000020  00000000  00000020  RWIX
  EMIF2CONFIG           0005f4e0   00000020  00000000  00000020  RWIX
  ACCESSPROTECTION      0005f500   00000040  00000000  00000040  RWIX
  MEMORYERROR           0005f540   00000040  00000000  00000040  RWIX
  ROMWAITSTATE          0005f580   00000008  00000000  00000008  RWIX
  ROMPREFETCH           0005f588   00000008  00000000  00000008  RWIX
  TESTERROR             0005f590   00000010  00000000  00000010  RWIX
  FLASH0CTRL            0005f800   00000182  00000000  00000182  RWIX
  FLASH0ECC             0005fb00   00000028  00000000  00000028  RWIX
  UID                   00070200   00000010  00000000  00000010  RWIX
  DCSMZ1OTP             00078000   00000020  00000000  00000020  RWIX
  DCSMZ2OTP             00078200   00000020  00000000  00000020  RWIX


SECTION ALLOCATION MAP

 output                                  attributes/
section   page    origin      length       input sections
--------  ----  ----------  ----------   ----------------
codestart 
*          0    00000000    00000002     
                  00000000    00000002     f2838x_codestartbranch.obj (codestart)

.cinit     0    000001b2    00000066     
                  000001b2    00000043     (.cinit..data.load) [load image, compression = lzss]
                  000001f5    00000001     --HOLE-- [fill = 0]
                  000001f6    00000006     (__TI_handler_table)
                  000001fc    00000004     (.cinit..bss.1.load) [load image, compression = zero_init]
                  00000200    00000004     (.cinit..bss.2.load) [load image, compression = zero_init]
                  00000204    00000004     (.cinit.PieVectTableFile.load) [load image, compression = zero_init]
                  00000208    00000010     (__TI_cinit_table)

.reset     0    003fffc0    00000000     DSECT

.stack     0    00000400    00000100     UNINITIALIZED
                  00000400    00000100     --HOLE--

.init_array 
*          0    000001b1    00000000     UNINITIALIZED

.data      0    0000a800    000000a0     UNINITIALIZED
                  0000a800    00000026     easy28x_driverlib_v12.2.obj (.data)
                  0000a826    0000001a     wizchip_conf.obj (.data)
                  0000a840    00000022     csu_MotorCtrl.obj (.data)
                  0000a862    0000000a     csu_Dio.obj (.data)
                  0000a86c    00000008     socket.obj (.data:sock_pack_info)
                  0000a874    00000008     socket.obj (.data:sock_remained_size)
                  0000a87c    00000004     csu_Ethernet_cpu1.obj (.data:fc_ip)
                  0000a880    00000006     csu_Bit.obj (.data)
                  0000a886    00000006     csu_Ipc_cpu1.obj (.data)
                  0000a88c    00000006     rts2800_fpu64_eabi.lib : exit.c.obj (.data)
                  0000a892    00000004     main_cpu1.obj (.data)
                  0000a896    00000003     socket.obj (.data)
                  0000a899    00000001     csu_Control.obj (.data)
                  0000a89a    00000002     rts2800_fpu64_eabi.lib : _lock.c.obj (.data:_lock)
                  0000a89c    00000002                            : _lock.c.obj (.data:_unlock)
                  0000a89e    00000001     hal_Ethernet_cpu1.obj (.data)
                  0000a89f    00000001     hal_Ipc_cpu1.obj (.data)

.const     0    0000a8a0    0000050d     
                  0000a8a0    0000001d     interrupt.obj (.const:.string)
                  0000a8bd    00000003     --HOLE-- [fill = 0]
                  0000a8c0    000001c0     f2838x_pievect.obj (.const)
                  0000aa80    00000088     ipc.obj (.const:IPC_Instance)
                  0000ab08    0000005d     hal_Timer.obj (.const:.string)
                  0000ab65    00000001     --HOLE-- [fill = 0]
                  0000ab66    00000059     csu_Led.obj (.const:.string)
                  0000abbf    00000001     --HOLE-- [fill = 0]
                  0000abc0    00000058     easy28x_driverlib_v12.2.obj (.const:.string)
                  0000ac18    00000031     sysctl.obj (.const:.string)
                  0000ac49    00000001     --HOLE-- [fill = 0]
                  0000ac4a    00000030     epwm.obj (.const:.string)
                  0000ac7a    00000030     gpio.obj (.const:.string)
                  0000acaa    0000002f     dcc.obj (.const:.string)
                  0000acd9    00000001     --HOLE-- [fill = 0]
                  0000acda    0000002f     sci.obj (.const:.string)
                  0000ad09    00000001     --HOLE-- [fill = 0]
                  0000ad0a    0000002f     spi.obj (.const:.string)
                  0000ad39    00000001     --HOLE-- [fill = 0]
                  0000ad3a    0000001c     cputimer.obj (.const:.string)
                  0000ad56    00000018     hal_Ethernet_cpu1.obj (.const)
                  0000ad6e    00000017     adc.obj (.const:.string)
                  0000ad85    00000001     --HOLE-- [fill = 0]
                  0000ad86    00000017     ipc.obj (.const:.string)
                  0000ad9d    00000008     hal_Ethernet_cpu1.obj (.const:$P$T0$1)
                  0000ada5    00000008     hal_Ethernet_cpu1.obj (.const:$P$T1$2)

MSGRAM_CM_TO_CPU 
*          0    00038000    00000088     UNINITIALIZED
                  00038000    00000088     ipc.obj (MSGRAM_CM_TO_CPU)

MSGRAM_CPU_TO_CM 
*          0    00039000    00000088     UNINITIALIZED
                  00039000    00000088     ipc.obj (MSGRAM_CPU_TO_CM)

MSGRAM_CPU1_TO_CPU2 
*          0    0003a000    00000088     UNINITIALIZED
                  0003a000    00000088     ipc.obj (MSGRAM_CPU1_TO_CPU2)

MSGRAM_CPU2_TO_CPU1 
*          0    0003b000    00000088     UNINITIALIZED
                  0003b000    00000088     ipc.obj (MSGRAM_CPU2_TO_CPU1)

PieVectTableFile 
*          1    00000d00    000001c0     UNINITIALIZED
                  00000d00    000001c0     f2838x_globalvariabledefs.obj (PieVectTableFile)

EmuKeyVar 
*          1    00000d00    00000000     UNINITIALIZED

EmuBModeVar 
*          1    00000d00    00000000     UNINITIALIZED

EmuBootPinsVar 
*          1    00000d00    00000000     UNINITIALIZED

FlashCallbackVar 
*          1    00000d00    00000000     UNINITIALIZED

FlashScalingVar 
*          1    00000d00    00000000     UNINITIALIZED

dcsm_z1otp_link_pointer 
*          0    00000000    00000000     

dcsm_z1otp_jlm_enable 
*          0    00000000    00000000     

dcsm_z1otp_gpreg 
*          0    00000000    00000000     

dcsm_z1otp_pswd_lock 
*          0    00000000    00000000     

dcsm_z1otp_crc_lock 
*          0    00000000    00000000     

dcsm_z1otp_jtag_pswdh 
*          0    00000000    00000000     

dcsm_z1otp_cmac_key 
*          0    00000000    00000000     

dcsm_zsel_z1 
*          0    00000000    00000000     

dcsm_z2otp_link_pointer 
*          0    00000000    00000000     

dcsm_rsvd_z2 
*          0    00000000    00000000     

dcsm_z2otp_gpreg 
*          0    00000000    00000000     

dcsm_z2otp_pswd_lock 
*          0    00000000    00000000     

dcsm_z2otp_crc_lock 
*          0    00000000    00000000     

dcsm_rsvd1_z2 
*          0    00000000    00000000     

dcsm_zsel_z2 
*          0    00000000    00000000     

.text.1    0    00008000    00000800     
                  00008000    000000dc     socket.obj (.text:recvfrom_W6x00)
                  000080dc    000000d6     csu_Ethernet_cpu1.obj (.text:Ethernet_ParsePacket)
                  000081b2    000000d1     csu_MotorCtrl.obj (.text:MotorCtrl_Run)
                  00008283    000000b1     hal_DspInit.obj (.text:Init_GpioDin)
                  00008334    000000aa     csu_Encoder.obj (.text:Encoder_UpdatePosition)
                  000083de    000000a7     hal_Sci.obj (.text:isrScia_SCI_PC)
                  00008485    00000096     hal_Timer.obj (.text:configCPUTimer)
                  0000851b    00000095     socket.obj (.text:socket)
                  000085b0    00000093     sci.obj (.text:SCI_setConfig)
                  00008643    00000092     sci.obj (.text:SCI_readCharArray)
                  000086d5    00000091     csu_Pid.obj (.text:PID_Calculate)
                  00008766    00000091     sysctl.obj (.text:SysCtl_getAuxClock)
                  000087f7    00000009     hal_Spi.obj (.text:Initial_SPI)

.text.2    0    00008800    00000800     
                  00008800    00000090     hal_Adc.obj (.text:InitAdcModules)
                  00008890    0000008b     hal_DspInit.obj (.text:initEmacGpioPins)
                  0000891b    00000087     hal_Epwm.obj (.text:Initial_EpwmTimer)
                  000089a2    00000085     csu_Ethernet_cpu1.obj (.text:Ethernet_SendMessage)
                  00008a27    00000083     spi.obj (.text:SPI_setConfig)
                  00008aaa    0000007d     csu_LimitSwitch.obj (.text:LimitSwitch_CheckFaults)
                  00008b27    00000079     device.obj (.text:Device_init)
                  00008ba0    00000079     interrupt.obj (.text:Interrupt_clearIFR)
                  00008c19    00000078     hal_DspInit.obj (.text:Init_GpioDout)
                  00008c91    00000077     csu_Led.obj (.text:updateLedStatus)
                  00008d08    00000075     hal_Spi.obj (.text:InitSpia)
                  00008d7d    00000075     easy28x_driverlib_v12.2.obj (.text:easy_addRing)
                  00008df2    00000074     hal_Spi.obj (.text:InitSpid)
                  00008e66    00000073     sysctl.obj (.text:SysCtl_getClock)
                  00008ed9    00000070     hal_Encoder.obj (.text:Encoder_ReadSpiData)
                  00008f49    0000006f     hal_Spi.obj (.text:InitSpib)
                  00008fb8    00000048     hal_Ethernet_cpu1.obj (.text:Ethernet_Process)

.text.3    0    00009000    00000800     
                  00009000    0000006e     wizchip_conf.obj (.text:wizchip_sw_reset)
                  0000906e    00000067     hal_Timer.obj (.text:Initial_TIMER)
                  000090d5    00000066     csu_Ethernet_cpu1.obj (.text:Ethernet_SendAck)
                  0000913b    00000066     csu_MotorCtrl.obj (.text:MotorCtrl_Init)
                  000091a1    00000066     hal_Ipc_cpu1.obj (.text:isrIpcFromCM)
                  00009207    00000062     hal_Encoder.obj (.text:Encoder_Init_Hardware)
                  00009269    00000061     adc.obj (.text:ADC_setINLTrim)
                  000092ca    00000057     epwm.obj (.text:EPWM_setEmulationMode)
                  00009321    00000056     interrupt.obj (.text:Interrupt_disable)
                  00009377    00000056     sci.obj (.text:SCI_clearInterruptStatus)
                  000093cd    00000055     adc.obj (.text:ADC_setOffsetTrim)
                  00009422    00000052     w6100.obj (.text:WIZCHIP_READ_BUF)
                  00009474    00000052     w6100.obj (.text:WIZCHIP_WRITE_BUF)
                  000094c6    00000050     sysctl.obj (.text:SysCtl_selectOscSourceAuxPLL)
                  00009516    0000004f     hal_Spi.obj (.text:InitSpic)
                  00009565    0000004e     gpio.obj (.text:GPIO_setPadConfig)
                  000095b3    0000004b     hal_Timer.obj (.text:initCPUTimers)
                  000095fe    00000046     main_cpu1.obj (.text:main)
                  00009644    00000045     csu_Bit.obj (.text:Bit_OvCurrent_Check)
                  00009689    00000045     wizchip_conf.obj (.text:wizchip_init)
                  000096ce    00000043     hal_Ethernet_cpu1.obj (.text:Initial_W6100)
                  00009711    00000042     socket.obj (.text:close)
                  00009753    00000042     w6100.obj (.text:wiz_send_data)
                  00009795    00000041     csu_Bit.obj (.text:Bit_OvVoltage_Check)
                  000097d6    0000002a     w6100.obj (.text:getSn_RX_RSR)

.text.4    0    00009800    00000800     
                  00009800    00000041     interrupt.obj (.text:Interrupt_enable)
                  00009841    00000041     interrupt.obj (.text:Interrupt_initModule)
                  00009882    00000041     sysctl.obj (.text:SysCtl_selectOscSource)
                  000098c3    00000040     w6100.obj (.text:WIZCHIP_READ)
                  00009903    00000040     hal_Ethernet_cpu1.obj (.text:isr_EthernetExtInt)
                  00009943    0000003f     sysctl.obj (.text:SysCtl_selectXTAL)
                  00009982    0000003f     w6100.obj (.text:wiz_recv_data)
                  000099c1    0000003e     ipc.obj (.text:IPC_unregisterInterrupt)
                  000099ff    0000003e     w6100.obj (.text:WIZCHIP_WRITE)
                  00009a3d    0000003c     spi.obj (.text:SPI_clearInterruptStatus)
                  00009a79    0000003b     adc.obj (.text:ADC_setMode)
                  00009ab4    00000039     gpio.obj (.text:GPIO_setInterruptPin)
                  00009aed    00000039     sci.obj (.text:SCI_disableInterrupt)
                  00009b26    00000039     sysctl.obj (.text:SysCtl_pollX1Counter)
                  00009b5f    00000038     sci.obj (.text:SCI_enableInterrupt)
                  00009b97    00000037     csu_Pid.obj (.text:PID_Init)
                  00009bce    00000036     w6100.obj (.text:wiz_recv_ignore)
                  00009c04    00000033     hal_DspInit.obj (.text:initW6100GpioPins)
                  00009c37    00000032     csu_Control.obj (.text:Control_SaveOffsetToFram)
                  00009c69    00000031     csu_Bit.obj (.text:Bit_MotorStall_Check)
                  00009c9a    00000031     wizchip_conf.obj (.text:wizchip_getnetinfo)
                  00009ccb    00000031     wizchip_conf.obj (.text:wizchip_setnetinfo)
                  00009cfc    00000030     gpio.obj (.text:GPIO_setPinConfig)
                  00009d2c    0000002f     csu_Bit.obj (.text:Bit_MotorOverSpeed_Check)
                  00009d5b    0000002f     gpio.obj (.text:GPIO_setControllerCore)
                  00009d8a    0000002f     gpio.obj (.text:GPIO_setQualificationMode)
                  00009db9    0000002f     csu_MotorCtrl.obj (.text:MotorCtrl_UpdateFeedback)
                  00009de8    0000002e     rts2800_fpu64_eabi.lib : copy_decompress_lzss.c.obj (.text:decompress:lzss)
                  00009e16    0000002c     gpio.obj (.text:GPIO_setDirectionMode)
                  00009e42    0000002b     csu_Ethernet_cpu1.obj (.text:Deserialize_Uint32)
                  00009e6d    0000002b     rts2800_fpu64_eabi.lib : autoinit.c.obj (.text:__TI_auto_init_nobinit_nopinit)
                  00009e98    0000002b     main_cpu1.obj (.text:cycle_100ms)
                  00009ec3    0000002a     w6100.obj (.text:getSn_TX_FSR)
                  00009eed    00000029     csu_Encoder.obj (.text:Encoder_LoadOffset)
                  00009f16    00000029     ipc.obj (.text:IPC_readCommand)
                  00009f3f    00000029     rts2800_fpu64_eabi.lib : exit.c.obj (.text)
                  00009f68    00000027     csu_Adc.obj (.text:Initial_Adc)
                  00009f8f    00000026     hal_Fram.obj (.text:Fram_WriteByte)
                  00009fb5    00000024     device.obj (.text:Device_initGPIO)
                  00009fd9    00000024     hal_Ethernet_cpu1.obj (.text:Ethernet_Init)
                  00009ffd    00000003     hal_DspInit.obj (.text:initSystemUserInterface)

.TI.ramfunc 
*          0    0000a000    000001fb     
                  0000a000    000000a6     csu_Control.obj (.TI.ramfunc:Offset_Isr)
                  0000a0a6    00000076     csu_Control.obj (.TI.ramfunc:Pbit_Isr)
                  0000a11c    0000006e     csu_Control.obj (.TI.ramfunc:MainControl_Isr)
                  0000a18a    00000069     csu_Dio.obj (.TI.ramfunc:Dio_UpdateInput)
                  0000a1f3    00000004     f2838x_usdelay.obj (.TI.ramfunc)
                  0000a1f7    00000004     sysctl.obj (.TI.ramfunc)

.bss.1     0    0000adae    000001d2     UNINITIALIZED
                  0000adae    00000010     csu_Adc.obj (.bss)
                  0000adbe    00000001     csu_MotorDriver.obj (.bss)
                  0000adbf    00000001     wizchip_conf.obj (.bss)
                  0000adc0    0000010e     csu_Ethernet_cpu1.obj (.bss)
                  0000aece    00000018     csu_Encoder.obj (.bss)
                  0000aee6    00000010     csu_Bit.obj (.bss)
                  0000aef6    0000000a     csu_Dio.obj (.bss)
                  0000af00    00000054     csu_MotorCtrl.obj (.bss)
                  0000af54    0000000c     csu_LimitSwitch.obj (.bss)
                  0000af60    00000008     csu_Control.obj (.bss)
                  0000af68    00000006     hal_Adc.obj (.bss)
                  0000af6e    00000006     hal_Timer.obj (.bss)
                  0000af74    00000005     csu_Led.obj (.bss)
                  0000af79    00000004     wizchip_conf.obj (.bss:_DNS_)
                  0000af7d    00000003     csu_SciPc.obj (.bss)

.text.5    0    0000c000    00000800     
                  0000c000    000003ab     easy28x_driverlib_v12.2.obj (.text:easy_RXINT_ISR)
                  0000c3ab    000002af     dcc.obj (.text:DCC_verifyClockFrequency)
                  0000c65a    00000167     device.obj (.text:Device_enableAllPeripherals)
                  0000c7c1    0000003f     ipc.obj (.text:IPC_registerInterrupt)

.text.6    0    0000c800    00000800     
                  0000c800    00000253     sysctl.obj (.text:SysCtl_isPLLValid)
                  0000ca53    000001a8     easy28x_driverlib_v12.2.obj (.text:easyDSP_SCI_Init)
                  0000cbfb    00000131     sysctl.obj (.text:SysCtl_setClock)
                  0000cd2c    0000010e     sysctl.obj (.text:SysCtl_setAuxClock)
                  0000ce3a    00000106     socket.obj (.text:sendto_W6x00)
                  0000cf40    000000bd     csu_Adc.obj (.text:CalcAdcData)
                  0000cffd    00000003     device.obj (.text:__error__)

.text.7    0    0000d000    00000e25     
                  0000d000    00000024     sysctl.obj (.text:SysCtl_getLowSpeedClock)
                  0000d024    00000023     csu_Bit.obj (.text:Bit_OvTemperature_Check)
                  0000d047    00000023     hal_MotorDriver.obj (.text:MotorDriver_Init_Hardware)
                  0000d06a    00000023     csu_Ethernet_cpu1.obj (.text:Serialize_Uint32)
                  0000d08d    00000022     csu_Encoder.obj (.text:Encoder_CalcCrc6)
                  0000d0af    00000022     hal_Ipc_cpu1.obj (.text:Initial_IPC)
                  0000d0d1    00000021     hal_Epwm.obj (.text:Epwm_SetMotorDuty_1x)
                  0000d0f2    00000021     sysctl.obj (.text:SysCtl_selectXTALSingleEnded)
                  0000d113    00000021     wizchip_conf.obj (.text:reg_wizchip_spi_cbfunc)
                  0000d134    00000020     cputimer.obj (.text:CPUTimer_setEmulationMode)
                  0000d154    00000020     rts2800_fpu64_eabi.lib : memcpy.c.obj (.text)
                  0000d174    00000020     hal_Spi.obj (.text:spia_write_byte)
                  0000d194    0000001e     rts2800_fpu64_eabi.lib : ll_cmp28.asm.obj (.text)
                  0000d1b2    0000001e     hal_Spi.obj (.text:spia_read_byte)
                  0000d1d0    0000001d     csu_MotorCtrl.obj (.text:MotorCtrl_SetOutput)
                  0000d1ed    0000001d     hal_Spi.obj (.text:Spid_Transmit)
                  0000d20a    0000001c     device.obj (.text:Device_verifyXTAL)
                  0000d226    0000001c     csu_Encoder.obj (.text:Encoder_Init)
                  0000d242    0000001b     hal_Fram.obj (.text:Fram_ReadByte)
                  0000d25d    0000001b     csu_LimitSwitch.obj (.text:LimitSwitch_Init)
                  0000d278    0000001a     interrupt.obj (.text:Interrupt_initVectorTable)
                  0000d292    0000001a     sysctl.obj (.text:SysCtl_controlCMReset)
                  0000d2ac    00000019     device.obj (.text:Device_bootCM)
                  0000d2c5    00000019     device.obj (.text:SysCtl_enablePeripheral)
                  0000d2de    00000019     csu_SciPc.obj (.text:recvSciPcMessage)
                  0000d2f7    00000019     rts2800_fpu64_eabi.lib : boot28.asm.obj (.text)
                  0000d310    00000018                            : ll_aox28.asm.obj (.text)
                  0000d328    00000018     wizchip_conf.obj (.text:wizchip_spi_writeburst)
                  0000d340    00000017     csu_Bit.obj (.text:Bit_Encoder_Check)
                  0000d357    00000017     csu_Dio.obj (.text:Dio_Init)
                  0000d36e    00000016     hal_DspInit.obj (.text:System_Initialization)
                  0000d384    00000016     hal_Timer.obj (.text:isr_CpuTimer1)
                  0000d39a    00000015     hal_Timer.obj (.text:isr_CpuTimer2)
                  0000d3af    00000015     wizchip_conf.obj (.text:wizchip_spi_readburst)
                  0000d3c4    00000014     csu_Bit.obj (.text:Bit_FaultReset)
                  0000d3d8    00000014     csu_Ethernet_cpu1.obj (.text:Ethernet_ProtocolInit)
                  0000d3ec    00000013     device.obj (.text:Device_enableUnbondedGPIOPullupsFor176Pin)
                  0000d3ff    00000013     csu_Ethernet_cpu1.obj (.text:Ethernet_CalculateChecksum)
                  0000d412    00000013     hal_DspInit.obj (.text:InitialPeripherals)
                  0000d425    00000013     hal_MotorDriver.obj (.text:MotorDriver_ReadReg)
                  0000d438    00000012     csu_Control.obj (.text:Control_Init)
                  0000d44a    00000012     hal_MotorDriver.obj (.text:MotorDriver_WriteReg)
                  0000d45c    00000012     wizchip_conf.obj (.text:reg_wizchip_cs_cbfunc)
                  0000d46e    00000012     rts2800_fpu64_eabi.lib : args_main.c.obj (.text)
                  0000d480    00000011     csu_Ethernet_cpu1.obj (.text:Serialize_Uint16)
                  0000d491    00000010     hal_Timer.obj (.text:isr_CpuTimer0)
                  0000d4a1    00000010     hal_Sci.obj (.text:setupSciaPC_Interrupt)
                  0000d4b1    0000000f     csu_Control.obj (.text:Bit_RunCBIT)
                  0000d4c0    0000000f     csu_Control.obj (.text:Bit_RunPBIT)
                  0000d4cf    0000000f     csu_Dio.obj (.text:Dio_Debounce)
                  0000d4de    0000000f     hal_DspInit.obj (.text:Initial_CmCore)
                  0000d4ed    0000000e     hal_Fram.obj (.text:Fram_WriteStatusRegister)
                  0000d4fb    0000000d     csu_Bit.obj (.text:Bit_GateFault_Check)
                  0000d508    0000000d     csu_Control.obj (.text:Control_SystemOperation)
                  0000d515    0000000d     f2838x_defaultisr.obj (.text:EMPTY_ISR)
                  0000d522    0000000c     csu_Ethernet_cpu1.obj (.text:Deserialize_Uint16)
                  0000d52e    0000000c     interrupt.obj (.text:Interrupt_defaultHandler)
                  0000d53a    0000000c     hal_MotorDriver.obj (.text:MotorDriver_Enable)
                  0000d546    0000000c     hal_MotorDriver.obj (.text:MotorDriver_SetDir)
                  0000d552    0000000b     device.obj (.text:Device_enableUnbondedGPIOPullups)
                  0000d55d    0000000b     csu_Led.obj (.text:Initial_Led)
                  0000d568    0000000b     csu_MotorDriver.obj (.text:MotorDriver_Init)
                  0000d573    0000000a     f2838x_defaultisr.obj (.text:ADCA1_ISR)
                  0000d57d    0000000a     f2838x_defaultisr.obj (.text:ADCA2_ISR)
                  0000d587    0000000a     f2838x_defaultisr.obj (.text:ADCA3_ISR)
                  0000d591    0000000a     f2838x_defaultisr.obj (.text:ADCA4_ISR)
                  0000d59b    0000000a     f2838x_defaultisr.obj (.text:ADCA_EVT_ISR)
                  0000d5a5    0000000a     f2838x_defaultisr.obj (.text:ADCB1_ISR)
                  0000d5af    0000000a     f2838x_defaultisr.obj (.text:ADCB2_ISR)
                  0000d5b9    0000000a     f2838x_defaultisr.obj (.text:ADCB3_ISR)
                  0000d5c3    0000000a     f2838x_defaultisr.obj (.text:ADCB4_ISR)
                  0000d5cd    0000000a     f2838x_defaultisr.obj (.text:ADCB_EVT_ISR)
                  0000d5d7    0000000a     f2838x_defaultisr.obj (.text:ADCC1_ISR)
                  0000d5e1    0000000a     f2838x_defaultisr.obj (.text:ADCC2_ISR)
                  0000d5eb    0000000a     f2838x_defaultisr.obj (.text:ADCC3_ISR)
                  0000d5f5    0000000a     f2838x_defaultisr.obj (.text:ADCC4_ISR)
                  0000d5ff    0000000a     f2838x_defaultisr.obj (.text:ADCC_EVT_ISR)
                  0000d609    0000000a     f2838x_defaultisr.obj (.text:ADCD1_ISR)
                  0000d613    0000000a     f2838x_defaultisr.obj (.text:ADCD2_ISR)
                  0000d61d    0000000a     f2838x_defaultisr.obj (.text:ADCD3_ISR)
                  0000d627    0000000a     f2838x_defaultisr.obj (.text:ADCD4_ISR)
                  0000d631    0000000a     f2838x_defaultisr.obj (.text:ADCD_EVT_ISR)
                  0000d63b    0000000a     f2838x_defaultisr.obj (.text:CANA0_ISR)
                  0000d645    0000000a     f2838x_defaultisr.obj (.text:CANA1_ISR)
                  0000d64f    0000000a     f2838x_defaultisr.obj (.text:CANB0_ISR)
                  0000d659    0000000a     f2838x_defaultisr.obj (.text:CANB1_ISR)
                  0000d663    0000000a     f2838x_defaultisr.obj (.text:CIPC0_ISR)
                  0000d66d    0000000a     f2838x_defaultisr.obj (.text:CIPC1_ISR)
                  0000d677    0000000a     f2838x_defaultisr.obj (.text:CIPC2_ISR)
                  0000d681    0000000a     f2838x_defaultisr.obj (.text:CIPC3_ISR)
                  0000d68b    0000000a     f2838x_defaultisr.obj (.text:CLA1CRC_ISR)
                  0000d695    0000000a     f2838x_defaultisr.obj (.text:CLA1_1_ISR)
                  0000d69f    0000000a     f2838x_defaultisr.obj (.text:CLA1_2_ISR)
                  0000d6a9    0000000a     f2838x_defaultisr.obj (.text:CLA1_3_ISR)
                  0000d6b3    0000000a     f2838x_defaultisr.obj (.text:CLA1_4_ISR)
                  0000d6bd    0000000a     f2838x_defaultisr.obj (.text:CLA1_5_ISR)
                  0000d6c7    0000000a     f2838x_defaultisr.obj (.text:CLA1_6_ISR)
                  0000d6d1    0000000a     f2838x_defaultisr.obj (.text:CLA1_7_ISR)
                  0000d6db    0000000a     f2838x_defaultisr.obj (.text:CLA1_8_ISR)
                  0000d6e5    0000000a     f2838x_defaultisr.obj (.text:CLA_OVERFLOW_ISR)
                  0000d6ef    0000000a     f2838x_defaultisr.obj (.text:CLA_UNDERFLOW_ISR)
                  0000d6f9    0000000a     f2838x_defaultisr.obj (.text:CLB1_ISR)
                  0000d703    0000000a     f2838x_defaultisr.obj (.text:CLB2_ISR)
                  0000d70d    0000000a     f2838x_defaultisr.obj (.text:CLB3_ISR)
                  0000d717    0000000a     f2838x_defaultisr.obj (.text:CLB4_ISR)
                  0000d721    0000000a     f2838x_defaultisr.obj (.text:CLB5_ISR)
                  0000d72b    0000000a     f2838x_defaultisr.obj (.text:CLB6_ISR)
                  0000d735    0000000a     f2838x_defaultisr.obj (.text:CLB7_ISR)
                  0000d73f    0000000a     f2838x_defaultisr.obj (.text:CLB8_ISR)
                  0000d749    0000000a     f2838x_defaultisr.obj (.text:CMTOCPUXIPC0_ISR)
                  0000d753    0000000a     f2838x_defaultisr.obj (.text:CMTOCPUXIPC1_ISR)
                  0000d75d    0000000a     f2838x_defaultisr.obj (.text:CMTOCPUXIPC2_ISR)
                  0000d767    0000000a     f2838x_defaultisr.obj (.text:CMTOCPUXIPC3_ISR)
                  0000d771    0000000a     f2838x_defaultisr.obj (.text:CMTOCPUXIPC4_ISR)
                  0000d77b    0000000a     f2838x_defaultisr.obj (.text:CMTOCPUXIPC5_ISR)
                  0000d785    0000000a     f2838x_defaultisr.obj (.text:CMTOCPUXIPC6_ISR)
                  0000d78f    0000000a     f2838x_defaultisr.obj (.text:CMTOCPUXIPC7_ISR)
                  0000d799    0000000a     f2838x_defaultisr.obj (.text:CM_STATUS_ISR)
                  0000d7a3    0000000a     f2838x_defaultisr.obj (.text:CPUCRC_ISR)
                  0000d7ad    0000000a     f2838x_defaultisr.obj (.text:DATALOG_ISR)
                  0000d7b7    0000000a     f2838x_defaultisr.obj (.text:DMA_CH1_ISR)
                  0000d7c1    0000000a     f2838x_defaultisr.obj (.text:DMA_CH2_ISR)
                  0000d7cb    0000000a     f2838x_defaultisr.obj (.text:DMA_CH3_ISR)
                  0000d7d5    0000000a     f2838x_defaultisr.obj (.text:DMA_CH4_ISR)
                  0000d7df    0000000a     f2838x_defaultisr.obj (.text:DMA_CH5_ISR)
                  0000d7e9    0000000a     f2838x_defaultisr.obj (.text:DMA_CH6_ISR)
                  0000d7f3    0000000a     f2838x_defaultisr.obj (.text:ECAP1_ISR)
                  0000d7fd    0000000a     f2838x_defaultisr.obj (.text:ECAP2_ISR)
                  0000d807    0000000a     f2838x_defaultisr.obj (.text:ECAP3_ISR)
                  0000d811    0000000a     f2838x_defaultisr.obj (.text:ECAP4_ISR)
                  0000d81b    0000000a     f2838x_defaultisr.obj (.text:ECAP5_ISR)
                  0000d825    0000000a     f2838x_defaultisr.obj (.text:ECAP6_2_ISR)
                  0000d82f    0000000a     f2838x_defaultisr.obj (.text:ECAP6_ISR)
                  0000d839    0000000a     f2838x_defaultisr.obj (.text:ECAP7_2_ISR)
                  0000d843    0000000a     f2838x_defaultisr.obj (.text:ECAP7_ISR)
                  0000d84d    0000000a     f2838x_defaultisr.obj (.text:ECATRST_ISR)
                  0000d857    0000000a     f2838x_defaultisr.obj (.text:ECATSYNC0_ISR)
                  0000d861    0000000a     f2838x_defaultisr.obj (.text:ECATSYNC1_ISR)
                  0000d86b    0000000a     f2838x_defaultisr.obj (.text:ECAT_ISR)
                  0000d875    0000000a     f2838x_defaultisr.obj (.text:EMU_ISR)
                  0000d87f    0000000a     f2838x_defaultisr.obj (.text:EPWM10_ISR)
                  0000d889    0000000a     f2838x_defaultisr.obj (.text:EPWM10_TZ_ISR)
                  0000d893    0000000a     f2838x_defaultisr.obj (.text:EPWM11_ISR)
                  0000d89d    0000000a     f2838x_defaultisr.obj (.text:EPWM11_TZ_ISR)
                  0000d8a7    0000000a     f2838x_defaultisr.obj (.text:EPWM12_ISR)
                  0000d8b1    0000000a     f2838x_defaultisr.obj (.text:EPWM12_TZ_ISR)
                  0000d8bb    0000000a     f2838x_defaultisr.obj (.text:EPWM13_ISR)
                  0000d8c5    0000000a     f2838x_defaultisr.obj (.text:EPWM13_TZ_ISR)
                  0000d8cf    0000000a     f2838x_defaultisr.obj (.text:EPWM14_ISR)
                  0000d8d9    0000000a     f2838x_defaultisr.obj (.text:EPWM14_TZ_ISR)
                  0000d8e3    0000000a     f2838x_defaultisr.obj (.text:EPWM15_ISR)
                  0000d8ed    0000000a     f2838x_defaultisr.obj (.text:EPWM15_TZ_ISR)
                  0000d8f7    0000000a     f2838x_defaultisr.obj (.text:EPWM16_ISR)
                  0000d901    0000000a     f2838x_defaultisr.obj (.text:EPWM16_TZ_ISR)
                  0000d90b    0000000a     f2838x_defaultisr.obj (.text:EPWM1_ISR)
                  0000d915    0000000a     f2838x_defaultisr.obj (.text:EPWM1_TZ_ISR)
                  0000d91f    0000000a     f2838x_defaultisr.obj (.text:EPWM2_ISR)
                  0000d929    0000000a     f2838x_defaultisr.obj (.text:EPWM2_TZ_ISR)
                  0000d933    0000000a     f2838x_defaultisr.obj (.text:EPWM3_ISR)
                  0000d93d    0000000a     f2838x_defaultisr.obj (.text:EPWM3_TZ_ISR)
                  0000d947    0000000a     f2838x_defaultisr.obj (.text:EPWM4_ISR)
                  0000d951    0000000a     f2838x_defaultisr.obj (.text:EPWM4_TZ_ISR)
                  0000d95b    0000000a     f2838x_defaultisr.obj (.text:EPWM5_ISR)
                  0000d965    0000000a     f2838x_defaultisr.obj (.text:EPWM5_TZ_ISR)
                  0000d96f    0000000a     f2838x_defaultisr.obj (.text:EPWM6_ISR)
                  0000d979    0000000a     f2838x_defaultisr.obj (.text:EPWM6_TZ_ISR)
                  0000d983    0000000a     f2838x_defaultisr.obj (.text:EPWM7_ISR)
                  0000d98d    0000000a     f2838x_defaultisr.obj (.text:EPWM7_TZ_ISR)
                  0000d997    0000000a     f2838x_defaultisr.obj (.text:EPWM8_ISR)
                  0000d9a1    0000000a     f2838x_defaultisr.obj (.text:EPWM8_TZ_ISR)
                  0000d9ab    0000000a     f2838x_defaultisr.obj (.text:EPWM9_ISR)
                  0000d9b5    0000000a     f2838x_defaultisr.obj (.text:EPWM9_TZ_ISR)
                  0000d9bf    0000000a     f2838x_defaultisr.obj (.text:EQEP1_ISR)
                  0000d9c9    0000000a     f2838x_defaultisr.obj (.text:EQEP2_ISR)
                  0000d9d3    0000000a     f2838x_defaultisr.obj (.text:EQEP3_ISR)
                  0000d9dd    0000000a     f2838x_defaultisr.obj (.text:FMC_ISR)
                  0000d9e7    0000000a     f2838x_defaultisr.obj (.text:FPU_OFLOW_ISR)
                  0000d9f1    0000000a     f2838x_defaultisr.obj (.text:FPU_UFLOW_ISR)
                  0000d9fb    0000000a     f2838x_defaultisr.obj (.text:FSIRXA1_ISR)
                  0000da05    0000000a     f2838x_defaultisr.obj (.text:FSIRXA2_ISR)
                  0000da0f    0000000a     f2838x_defaultisr.obj (.text:FSIRXB1_ISR)
                  0000da19    0000000a     f2838x_defaultisr.obj (.text:FSIRXB2_ISR)
                  0000da23    0000000a     f2838x_defaultisr.obj (.text:FSIRXC1_ISR)
                  0000da2d    0000000a     f2838x_defaultisr.obj (.text:FSIRXC2_ISR)
                  0000da37    0000000a     f2838x_defaultisr.obj (.text:FSIRXD1_ISR)
                  0000da41    0000000a     f2838x_defaultisr.obj (.text:FSIRXD2_ISR)
                  0000da4b    0000000a     f2838x_defaultisr.obj (.text:FSIRXE1_ISR)
                  0000da55    0000000a     f2838x_defaultisr.obj (.text:FSIRXE2_ISR)
                  0000da5f    0000000a     f2838x_defaultisr.obj (.text:FSIRXF1_ISR)
                  0000da69    0000000a     f2838x_defaultisr.obj (.text:FSIRXF2_ISR)
                  0000da73    0000000a     f2838x_defaultisr.obj (.text:FSIRXG1_ISR)
                  0000da7d    0000000a     f2838x_defaultisr.obj (.text:FSIRXG2_ISR)
                  0000da87    0000000a     f2838x_defaultisr.obj (.text:FSIRXH1_ISR)
                  0000da91    0000000a     f2838x_defaultisr.obj (.text:FSIRXH2_ISR)
                  0000da9b    0000000a     f2838x_defaultisr.obj (.text:FSITXA1_ISR)
                  0000daa5    0000000a     f2838x_defaultisr.obj (.text:FSITXA2_ISR)
                  0000daaf    0000000a     f2838x_defaultisr.obj (.text:FSITXB1_ISR)
                  0000dab9    0000000a     f2838x_defaultisr.obj (.text:FSITXB2_ISR)
                  0000dac3    0000000a     f2838x_defaultisr.obj (.text:I2CA_FIFO_ISR)
                  0000dacd    0000000a     f2838x_defaultisr.obj (.text:I2CA_HIGH_ISR)
                  0000dad7    0000000a     f2838x_defaultisr.obj (.text:I2CA_ISR)
                  0000dae1    0000000a     f2838x_defaultisr.obj (.text:I2CB_FIFO_ISR)
                  0000daeb    0000000a     f2838x_defaultisr.obj (.text:I2CB_ISR)
                  0000daf5    0000000a     f2838x_defaultisr.obj (.text:ILLEGAL_ISR)
                  0000daff    0000000a     interrupt.obj (.text:Interrupt_illegalOperationHandler)
                  0000db09    0000000a     interrupt.obj (.text:Interrupt_nmiHandler)
                  0000db13    0000000a     f2838x_defaultisr.obj (.text:MCANA_0_ISR)
                  0000db1d    0000000a     f2838x_defaultisr.obj (.text:MCANA_1_ISR)
                  0000db27    0000000a     f2838x_defaultisr.obj (.text:MCANA_ECC_ISR)
                  0000db31    0000000a     f2838x_defaultisr.obj (.text:MCANA_WAKE_ISR)
                  0000db3b    0000000a     f2838x_defaultisr.obj (.text:MCBSPA_RX_ISR)
                  0000db45    0000000a     f2838x_defaultisr.obj (.text:MCBSPA_TX_ISR)
                  0000db4f    0000000a     f2838x_defaultisr.obj (.text:MCBSPB_RX_ISR)
                  0000db59    0000000a     f2838x_defaultisr.obj (.text:MCBSPB_TX_ISR)
                  0000db63    0000000a     f2838x_defaultisr.obj (.text:MPOST_ISR)
                  0000db6d    0000000a     f2838x_defaultisr.obj (.text:NMI_ISR)
                  0000db77    0000000a     f2838x_defaultisr.obj (.text:NOTUSED_ISR)
                  0000db81    0000000a     f2838x_defaultisr.obj (.text:PIE_RESERVED_ISR)
                  0000db8b    0000000a     f2838x_defaultisr.obj (.text:PMBUSA_ISR)
                  0000db95    0000000a     f2838x_defaultisr.obj (.text:RTOS_ISR)
                  0000db9f    0000000a     f2838x_defaultisr.obj (.text:SCIA_RX_ISR)
                  0000dba9    0000000a     f2838x_defaultisr.obj (.text:SCIA_TX_ISR)
                  0000dbb3    0000000a     f2838x_defaultisr.obj (.text:SCIB_RX_ISR)
                  0000dbbd    0000000a     f2838x_defaultisr.obj (.text:SCIB_TX_ISR)
                  0000dbc7    0000000a     f2838x_defaultisr.obj (.text:SCIC_RX_ISR)
                  0000dbd1    0000000a     f2838x_defaultisr.obj (.text:SCIC_TX_ISR)
                  0000dbdb    0000000a     f2838x_defaultisr.obj (.text:SCID_RX_ISR)
                  0000dbe5    0000000a     f2838x_defaultisr.obj (.text:SCID_TX_ISR)
                  0000dbef    0000000a     f2838x_defaultisr.obj (.text:SDFM1DR1_ISR)
                  0000dbf9    0000000a     f2838x_defaultisr.obj (.text:SDFM1DR2_ISR)
                  0000dc03    0000000a     f2838x_defaultisr.obj (.text:SDFM1DR3_ISR)
                  0000dc0d    0000000a     f2838x_defaultisr.obj (.text:SDFM1DR4_ISR)
                  0000dc17    0000000a     f2838x_defaultisr.obj (.text:SDFM1_ISR)
                  0000dc21    0000000a     f2838x_defaultisr.obj (.text:SDFM2DR1_ISR)
                  0000dc2b    0000000a     f2838x_defaultisr.obj (.text:SDFM2DR2_ISR)
                  0000dc35    0000000a     f2838x_defaultisr.obj (.text:SDFM2DR3_ISR)
                  0000dc3f    0000000a     f2838x_defaultisr.obj (.text:SDFM2DR4_ISR)
                  0000dc49    0000000a     f2838x_defaultisr.obj (.text:SDFM2_ISR)
                  0000dc53    0000000a     f2838x_defaultisr.obj (.text:SPIA_RX_ISR)
                  0000dc5d    0000000a     f2838x_defaultisr.obj (.text:SPIA_TX_ISR)
                  0000dc67    0000000a     f2838x_defaultisr.obj (.text:SPIB_RX_ISR)
                  0000dc71    0000000a     f2838x_defaultisr.obj (.text:SPIB_TX_ISR)
                  0000dc7b    0000000a     f2838x_defaultisr.obj (.text:SPIC_RX_ISR)
                  0000dc85    0000000a     f2838x_defaultisr.obj (.text:SPIC_TX_ISR)
                  0000dc8f    0000000a     f2838x_defaultisr.obj (.text:SPID_RX_ISR)
                  0000dc99    0000000a     f2838x_defaultisr.obj (.text:SPID_TX_ISR)
                  0000dca3    0000000a     f2838x_defaultisr.obj (.text:SYS_ERR_ISR)
                  0000dcad    0000000a     f2838x_defaultisr.obj (.text:TIMER0_ISR)
                  0000dcb7    0000000a     f2838x_defaultisr.obj (.text:TIMER1_ISR)
                  0000dcc1    0000000a     f2838x_defaultisr.obj (.text:TIMER2_ISR)
                  0000dccb    0000000a     f2838x_defaultisr.obj (.text:USBA_ISR)
                  0000dcd5    0000000a     f2838x_defaultisr.obj (.text:USER10_ISR)
                  0000dcdf    0000000a     f2838x_defaultisr.obj (.text:USER11_ISR)
                  0000dce9    0000000a     f2838x_defaultisr.obj (.text:USER12_ISR)
                  0000dcf3    0000000a     f2838x_defaultisr.obj (.text:USER1_ISR)
                  0000dcfd    0000000a     f2838x_defaultisr.obj (.text:USER2_ISR)
                  0000dd07    0000000a     f2838x_defaultisr.obj (.text:USER3_ISR)
                  0000dd11    0000000a     f2838x_defaultisr.obj (.text:USER4_ISR)
                  0000dd1b    0000000a     f2838x_defaultisr.obj (.text:USER5_ISR)
                  0000dd25    0000000a     f2838x_defaultisr.obj (.text:USER6_ISR)
                  0000dd2f    0000000a     f2838x_defaultisr.obj (.text:USER7_ISR)
                  0000dd39    0000000a     f2838x_defaultisr.obj (.text:USER8_ISR)
                  0000dd43    0000000a     f2838x_defaultisr.obj (.text:USER9_ISR)
                  0000dd4d    0000000a     f2838x_defaultisr.obj (.text:WAKE_ISR)
                  0000dd57    0000000a     f2838x_defaultisr.obj (.text:XINT1_ISR)
                  0000dd61    0000000a     f2838x_defaultisr.obj (.text:XINT2_ISR)
                  0000dd6b    0000000a     f2838x_defaultisr.obj (.text:XINT3_ISR)
                  0000dd75    0000000a     f2838x_defaultisr.obj (.text:XINT4_ISR)
                  0000dd7f    0000000a     f2838x_defaultisr.obj (.text:XINT5_ISR)
                  0000dd89    00000009     csu_MotorDriver.obj (.text:MotorDriver_ClearFaults)
                  0000dd92    00000009     rts2800_fpu64_eabi.lib : _lock.c.obj (.text)
                  0000dd9b    00000008     hal_Fram.obj (.text:Fram_WriteEnable)
                  0000dda3    00000008     rts2800_fpu64_eabi.lib : copy_decompress_none.c.obj (.text:decompress:none)
                  0000ddab    00000008     f2838x_codestartbranch.obj (.text)
                  0000ddb3    00000008     csu_Led.obj (.text:setLedModeToggle)
                  0000ddbb    00000007     hal_Ipc_cpu1.obj (.text:Initial_IPC_Clear)
                  0000ddc2    00000007     csu_MotorDriver.obj (.text:MotorDriver_UpdateStatus)
                  0000ddc9    00000007     csu_Ethernet_cpu1.obj (.text:Serialize_Uint8)
                  0000ddd0    00000007     hal_Spi.obj (.text:Spid_CsHigh)
                  0000ddd7    00000007     hal_Spi.obj (.text:Spid_CsLow)
                  0000ddde    00000007     hal_DspInit.obj (.text:initSystemCommunications)
                  0000dde5    00000007     rts2800_fpu64_eabi.lib : memset.c.obj (.text)
                  0000ddec    00000006     hal_Fram.obj (.text:Fram_Init)
                  0000ddf2    00000006     rts2800_fpu64_eabi.lib : copy_zero_init.c.obj (.text:decompress:ZI)
                  0000ddf8    00000006     hal_Spi.obj (.text:spia_cs_desel)
                  0000ddfe    00000006     hal_Spi.obj (.text:spia_cs_sel)
                  0000de04    00000005     csu_Ethernet_cpu1.obj (.text:Deserialize_Uint8)
                  0000de09    00000005     hal_DspInit.obj (.text:Initial_GPIO)
                  0000de0e    00000005     hal_DspInit.obj (.text:initSystemAnalogAdc)
                  0000de13    00000004     csu_Bit.obj (.text:Bit_Init)
                  0000de17    00000004     main_cpu1.obj (.text:cycle_1ms)
                  0000de1b    00000002     rts2800_fpu64_eabi.lib : pre_init.c.obj (.text)
                  0000de1d    00000002     wizchip_conf.obj (.text:wizchip_spi_readbyte)
                  0000de1f    00000001     rts2800_fpu64_eabi.lib : startup.c.obj (.text)
                  0000de20    00000001     wizchip_conf.obj (.text:wizchip_cris_enter)
                  0000de21    00000001     wizchip_conf.obj (.text:wizchip_cris_exit)
                  0000de22    00000001     wizchip_conf.obj (.text:wizchip_cs_deselect)
                  0000de23    00000001     wizchip_conf.obj (.text:wizchip_cs_select)
                  0000de24    00000001     wizchip_conf.obj (.text:wizchip_spi_writebyte)

.bss.2     0    00010000    0000010a     UNINITIALIZED
                  00010000    0000010a     hal_Sci.obj (.bss)

MODULE SUMMARY

       Module                          code    ro data   rw data
       ------                          ----    -------   -------
    .\
       main_cpu1.obj                   117     0         4      
    +--+-------------------------------+-------+---------+---------+
       Total:                          117     0         4      
                                                                
    .\CSU\
       csu_Ethernet_cpu1.obj           607     0         274    
       csu_Control.obj                 505     0         9      
       csu_MotorCtrl.obj               387     0         118    
       csu_Bit.obj                     325     0         22     
       csu_Encoder.obj                 273     0         24     
       csu_Adc.obj                     228     0         16     
       csu_Led.obj                     138     89        5      
       csu_Pid.obj                     200     0         0      
       csu_LimitSwitch.obj             152     0         12     
       csu_Dio.obj                     143     0         20     
       csu_MotorDriver.obj             27      0         1      
       csu_SciPc.obj                   25      0         3      
       csu_Ipc_cpu1.obj                0       0         6      
    +--+-------------------------------+-------+---------+---------+
       Total:                          3010    89        510    
                                                                
    .\HAL\
       hal_DspInit.obj                 563     0         0      
       hal_Spi.obj                     549     0         0      
       hal_Timer.obj                   387     93        6      
       hal_Sci.obj                     183     0         266    
       hal_Ethernet_cpu1.obj           239     40        1      
       hal_Encoder.obj                 210     0         0      
       hal_Epwm.obj                    168     0         0      
       hal_Adc.obj                     144     0         6      
       hal_Ipc_cpu1.obj                143     0         1      
       hal_MotorDriver.obj             96      0         0      
       hal_Fram.obj                    93      0         0      
    +--+-------------------------------+-------+---------+---------+
       Total:                          2775    133       280    
                                                                
    .\HAL\W6100\
       socket.obj                      697     0         19     
       w6100.obj                       557     0         0      
       wizchip_conf.obj                380     0         31     
    +--+-------------------------------+-------+---------+---------+
       Total:                          1634    0         50     
                                                                
    .\SDK\common\source\
       f2838x_defaultisr.obj           2063    0         0      
       device.obj                      627     0         0      
       f2838x_pievect.obj              0       448       0      
       f2838x_codestartbranch.obj      10      0         0      
       f2838x_usdelay.obj              4       0         0      
    +--+-------------------------------+-------+---------+---------+
       Total:                          2704    448       0      
                                                                
    .\SDK\driverlib\
       sysctl.obj                      1794    49        0      
       ipc.obj                         166     159       544    
       dcc.obj                         687     47        0      
       sci.obj                         492     47        0      
       interrupt.obj                   395     29        0      
       gpio.obj                        321     48        0      
       adc.obj                         241     23        0      
       spi.obj                         191     47        0      
       epwm.obj                        87      48        0      
       cputimer.obj                    32      28        0      
    +--+-------------------------------+-------+---------+---------+
       Total:                          4406    525       544    
                                                                
    .\SDK\easydsp\
       easy28x_driverlib_v12.2.obj     1480    88        38     
    +--+-------------------------------+-------+---------+---------+
       Total:                          1480    88        38     
                                                                
    .\SDK\headers\source\
       f2838x_globalvariabledefs.obj   0       0         448    
    +--+-------------------------------+-------+---------+---------+
       Total:                          0       0         448    
                                                                
    C:\ti\ccs2051\ccs\tools\compiler\ti-cgt-c2000_25.11.0.LTS\lib\rts2800_fpu64_eabi.lib
       exit.c.obj                      41      0         6      
       copy_decompress_lzss.c.obj      46      0         0      
       autoinit.c.obj                  43      0         0      
       memcpy.c.obj                    32      0         0      
       ll_cmp28.asm.obj                30      0         0      
       boot28.asm.obj                  25      0         0      
       ll_aox28.asm.obj                24      0         0      
       args_main.c.obj                 18      0         0      
       _lock.c.obj                     9       0         4      
       copy_decompress_none.c.obj      8       0         0      
       memset.c.obj                    7       0         0      
       copy_zero_init.c.obj            6       0         0      
       pre_init.c.obj                  2       0         0      
       startup.c.obj                   1       0         0      
    +--+-------------------------------+-------+---------+---------+
       Total:                          292     0         10     
                                                                
       Stack:                          0       0         256    
       Linker Generated:               0       101       0      
    +--+-------------------------------+-------+---------+---------+
       Grand Total:                    16418   1384      2140   


LINKER GENERATED COPY TABLES

__TI_cinit_table @ 00000208 records: 4, size/record: 4, table size: 16
	.data: load addr=000001b2, load size=00000043 bytes, run addr=0000a800, run size=000000a0 bytes, compression=lzss
	.bss.1: load addr=000001fc, load size=00000004 bytes, run addr=0000adae, run size=000001d2 bytes, compression=zero_init
	.bss.2: load addr=00000200, load size=00000004 bytes, run addr=00010000, run size=0000010a bytes, compression=zero_init
	PieVectTableFile: load addr=00000204, load size=00000004 bytes, run addr=00000d00, run size=000001c0 bytes, compression=zero_init


LINKER GENERATED HANDLER TABLE

__TI_handler_table @ 000001f6 records: 3, size/record: 2, table size: 6
	index: 0, handler: __TI_zero_init
	index: 1, handler: __TI_decompress_lzss
	index: 2, handler: __TI_decompress_none


GLOBAL DATA SYMBOLS: SORTED BY DATA PAGE

address     data page           name
--------    ----------------    ----
00000400      10 (00000400)     __stack

00000d00      34 (00000d00)     PieVectTable

0000a800     2a0 (0000a800)     ezDSP_Version_SCI
0000a801     2a0 (0000a800)     ezDSP_uRead16BPossible
0000a802     2a0 (0000a800)     ezDSP_uRead8BPossible
0000a803     2a0 (0000a800)     ezDSP_b32bitAddress
0000a804     2a0 (0000a800)     ezDSP_uCPU
0000a805     2a0 (0000a800)     ezDSP_uOnChipFlash
0000a806     2a0 (0000a800)     ezDSP_uBRKDTCount
0000a807     2a0 (0000a800)     ezDSP_uFECount
0000a808     2a0 (0000a800)     ezDSP_uOECount
0000a809     2a0 (0000a800)     ezDSP_uPECount
0000a80a     2a0 (0000a800)     ezDSP_uWrongISRCount
0000a80b     2a0 (0000a800)     ezDSP_ucRx
0000a80c     2a0 (0000a800)     ezDSP_uState
0000a80d     2a0 (0000a800)     ezDSP_uData
0000a80e     2a0 (0000a800)     ezDSP_uChksum
0000a80f     2a0 (0000a800)     ezDSP_uAddrRdCnt
0000a810     2a0 (0000a800)     ezDSP_uDataRdCnt
0000a811     2a0 (0000a800)     ezDSP_uBlockSize
0000a812     2a0 (0000a800)     ezDSP_uBlockIndex
0000a813     2a0 (0000a800)     ezDSP_uChkSumCalculated
0000a814     2a0 (0000a800)     ezDSP_uCommand
0000a815     2a0 (0000a800)     ezDSP_uISRRxCount
0000a816     2a0 (0000a800)     ezDSP_uISRTxCount
0000a817     2a0 (0000a800)     ezDSP_uRxFifoCnt
0000a818     2a0 (0000a800)     ezDSP_uMaxRxFifoCnt
0000a819     2a0 (0000a800)     ezDSP_uTxFifoCnt
0000a81a     2a0 (0000a800)     ezDSP_uMaxTxFifoCnt
0000a81b     2a0 (0000a800)     ezDSP_uTxFifoFullCnt
0000a81c     2a0 (0000a800)     SCIx_BASE
0000a81e     2a0 (0000a800)     ezDSP_ulData
0000a820     2a0 (0000a800)     ezDSP_ulAddr
0000a822     2a0 (0000a800)     ezDSP_ullData
0000a826     2a0 (0000a800)     WIZCHIP

0000a84a     2a1 (0000a840)     xPidGain
0000a86c     2a1 (0000a840)     sock_pack_info

0000a886     2a2 (0000a880)     pxDataCpu1ToCm
0000a888     2a2 (0000a880)     pxDataCmToCpu1
0000a88a     2a2 (0000a880)     xEthRxData
0000a88c     2a2 (0000a880)     __TI_enable_exit_profile_output
0000a88e     2a2 (0000a880)     __TI_cleanup_ptr
0000a890     2a2 (0000a880)     __TI_dtors_ptr
0000a892     2a2 (0000a880)     FramTest
0000a89a     2a2 (0000a880)     _lock
0000a89c     2a2 (0000a880)     _unlock
0000a89e     2a2 (0000a880)     isW6100Connected
0000a89f     2a2 (0000a880)     xIpcState

0000a8c0     2a3 (0000a8c0)     PieVectTableInit

0000aa80     2aa (0000aa80)     IPC_Instance

0000adae     2b6 (0000ad80)     xAdc
0000adbe     2b6 (0000ad80)     xMotorDriver

0000adc0     2b7 (0000adc0)     xEthCtrl

0000aece     2bb (0000aec0)     xEncoder
0000aee6     2bb (0000aec0)     xBit
0000aef6     2bb (0000aec0)     xDio

0000af00     2bc (0000af00)     xMotorCtrl
0000af0a     2bc (0000af00)     currPid
0000af1e     2bc (0000af00)     speedPid

0000af40     2bd (0000af40)     posPid
0000af54     2bd (0000af40)     xLimitSwitch
0000af56     2bd (0000af40)     xLimitSwitchConfig
0000af60     2bd (0000af40)     xSysCtrl
0000af68     2bd (0000af40)     adcRawData
0000af6e     2bd (0000af40)     xTimer
0000af74     2bd (0000af40)     xLed
0000af7d     2bd (0000af40)     xRcvSciPcMsg1
0000af7e     2bd (0000af40)     xXmtSciPcMsg1

00010040     401 (00010040)     xQueSCI_PC

00038000     e00 (00038000)     IPC_CPU_To_CM_GetBuffer

00039000     e40 (00039000)     IPC_CPU_To_CM_PutBuffer

0003a000     e80 (0003a000)     IPC_CPU1_To_CPU2_PutBuffer

0003b000     ec0 (0003b000)     IPC_CPU1_To_CPU2_GetBuffer


GLOBAL SYMBOLS: SORTED ALPHABETICALLY BY Name 

page  address   name                                     
----  -------   ----                                     
0     0000d573  ADCA1_ISR                                
0     0000d57d  ADCA2_ISR                                
0     0000d587  ADCA3_ISR                                
0     0000d591  ADCA4_ISR                                
0     0000d59b  ADCA_EVT_ISR                             
0     0000d5a5  ADCB1_ISR                                
0     0000d5af  ADCB2_ISR                                
0     0000d5b9  ADCB3_ISR                                
0     0000d5c3  ADCB4_ISR                                
0     0000d5cd  ADCB_EVT_ISR                             
0     0000d5d7  ADCC1_ISR                                
0     0000d5e1  ADCC2_ISR                                
0     0000d5eb  ADCC3_ISR                                
0     0000d5f5  ADCC4_ISR                                
0     0000d5ff  ADCC_EVT_ISR                             
0     0000d609  ADCD1_ISR                                
0     0000d613  ADCD2_ISR                                
0     0000d61d  ADCD3_ISR                                
0     0000d627  ADCD4_ISR                                
0     0000d631  ADCD_EVT_ISR                             
0     00009269  ADC_setINLTrim                           
0     00009a79  ADC_setMode                              
0     000093cd  ADC_setOffsetTrim                        
0     0000d340  Bit_Encoder_Check                        
0     0000d3c4  Bit_FaultReset                           
0     0000d4fb  Bit_GateFault_Check                      
0     0000de13  Bit_Init                                 
0     00009d2c  Bit_MotorOverSpeed_Check                 
0     00009c69  Bit_MotorStall_Check                     
0     00009644  Bit_OvCurrent_Check                      
0     0000d024  Bit_OvTemperature_Check                  
0     00009795  Bit_OvVoltage_Check                      
0     0000d4b1  Bit_RunCBIT                              
0     0000d4c0  Bit_RunPBIT                              
0     00009f3f  C$$EXIT                                  
0     0000d63b  CANA0_ISR                                
0     0000d645  CANA1_ISR                                
0     0000d64f  CANB0_ISR                                
0     0000d659  CANB1_ISR                                
0     0000d663  CIPC0_ISR                                
0     0000d66d  CIPC1_ISR                                
0     0000d677  CIPC2_ISR                                
0     0000d681  CIPC3_ISR                                
0     0000d68b  CLA1CRC_ISR                              
0     0000d695  CLA1_1_ISR                               
0     0000d69f  CLA1_2_ISR                               
0     0000d6a9  CLA1_3_ISR                               
0     0000d6b3  CLA1_4_ISR                               
0     0000d6bd  CLA1_5_ISR                               
0     0000d6c7  CLA1_6_ISR                               
0     0000d6d1  CLA1_7_ISR                               
0     0000d6db  CLA1_8_ISR                               
0     0000d6e5  CLA_OVERFLOW_ISR                         
0     0000d6ef  CLA_UNDERFLOW_ISR                        
0     0000d6f9  CLB1_ISR                                 
0     0000d703  CLB2_ISR                                 
0     0000d70d  CLB3_ISR                                 
0     0000d717  CLB4_ISR                                 
0     0000d721  CLB5_ISR                                 
0     0000d72b  CLB6_ISR                                 
0     0000d735  CLB7_ISR                                 
0     0000d73f  CLB8_ISR                                 
0     0000d749  CMTOCPUXIPC0_ISR                         
0     0000d753  CMTOCPUXIPC1_ISR                         
0     0000d75d  CMTOCPUXIPC2_ISR                         
0     0000d767  CMTOCPUXIPC3_ISR                         
0     0000d771  CMTOCPUXIPC4_ISR                         
0     0000d77b  CMTOCPUXIPC5_ISR                         
0     0000d785  CMTOCPUXIPC6_ISR                         
0     0000d78f  CMTOCPUXIPC7_ISR                         
0     0000d799  CM_STATUS_ISR                            
0     0000d7a3  CPUCRC_ISR                               
0     0000d134  CPUTimer_setEmulationMode                
0     0000cf40  CalcAdcData                              
0     0000d438  Control_Init                             
0     00009c37  Control_SaveOffsetToFram                 
0     0000d508  Control_SystemOperation                  
0     0000d7ad  DATALOG_ISR                              
0     0000c3ab  DCC_verifyClockFrequency                 
0     0000d7b7  DMA_CH1_ISR                              
0     0000d7c1  DMA_CH2_ISR                              
0     0000d7cb  DMA_CH3_ISR                              
0     0000d7d5  DMA_CH4_ISR                              
0     0000d7df  DMA_CH5_ISR                              
0     0000d7e9  DMA_CH6_ISR                              
0     0000d2ac  Device_bootCM                            
0     0000c65a  Device_enableAllPeripherals              
0     0000d552  Device_enableUnbondedGPIOPullups         
0     0000d3ec  Device_enableUnbondedGPIOPullupsFor176Pin
0     00008b27  Device_init                              
0     00009fb5  Device_initGPIO                          
0     0000d20a  Device_verifyXTAL                        
0     0000d357  Dio_Init                                 
0     0000a18a  Dio_UpdateInput                          
0     0000d7f3  ECAP1_ISR                                
0     0000d7fd  ECAP2_ISR                                
0     0000d807  ECAP3_ISR                                
0     0000d811  ECAP4_ISR                                
0     0000d81b  ECAP5_ISR                                
0     0000d825  ECAP6_2_ISR                              
0     0000d82f  ECAP6_ISR                                
0     0000d839  ECAP7_2_ISR                              
0     0000d843  ECAP7_ISR                                
0     0000d84d  ECATRST_ISR                              
0     0000d857  ECATSYNC0_ISR                            
0     0000d861  ECATSYNC1_ISR                            
0     0000d86b  ECAT_ISR                                 
0     0000d515  EMPTY_ISR                                
0     0000d875  EMU_ISR                                  
0     0000d87f  EPWM10_ISR                               
0     0000d889  EPWM10_TZ_ISR                            
0     0000d893  EPWM11_ISR                               
0     0000d89d  EPWM11_TZ_ISR                            
0     0000d8a7  EPWM12_ISR                               
0     0000d8b1  EPWM12_TZ_ISR                            
0     0000d8bb  EPWM13_ISR                               
0     0000d8c5  EPWM13_TZ_ISR                            
0     0000d8cf  EPWM14_ISR                               
0     0000d8d9  EPWM14_TZ_ISR                            
0     0000d8e3  EPWM15_ISR                               
0     0000d8ed  EPWM15_TZ_ISR                            
0     0000d8f7  EPWM16_ISR                               
0     0000d901  EPWM16_TZ_ISR                            
0     0000d90b  EPWM1_ISR                                
0     0000d915  EPWM1_TZ_ISR                             
0     0000d91f  EPWM2_ISR                                
0     0000d929  EPWM2_TZ_ISR                             
0     0000d933  EPWM3_ISR                                
0     0000d93d  EPWM3_TZ_ISR                             
0     0000d947  EPWM4_ISR                                
0     0000d951  EPWM4_TZ_ISR                             
0     0000d95b  EPWM5_ISR                                
0     0000d965  EPWM5_TZ_ISR                             
0     0000d96f  EPWM6_ISR                                
0     0000d979  EPWM6_TZ_ISR                             
0     0000d983  EPWM7_ISR                                
0     0000d98d  EPWM7_TZ_ISR                             
0     0000d997  EPWM8_ISR                                
0     0000d9a1  EPWM8_TZ_ISR                             
0     0000d9ab  EPWM9_ISR                                
0     0000d9b5  EPWM9_TZ_ISR                             
0     000092ca  EPWM_setEmulationMode                    
0     0000d9bf  EQEP1_ISR                                
0     0000d9c9  EQEP2_ISR                                
0     0000d9d3  EQEP3_ISR                                
0     0000d226  Encoder_Init                             
0     00009207  Encoder_Init_Hardware                    
0     00009eed  Encoder_LoadOffset                       
0     00008ed9  Encoder_ReadSpiData                      
0     00008334  Encoder_UpdatePosition                   
0     0000d0d1  Epwm_SetMotorDuty_1x                     
0     0000d3ff  Ethernet_CalculateChecksum               
0     00009fd9  Ethernet_Init                            
0     000080dc  Ethernet_ParsePacket                     
0     00008fb8  Ethernet_Process                         
0     0000d3d8  Ethernet_ProtocolInit                    
0     000089a2  Ethernet_SendMessage                     
0     0000a1f3  F28x_usDelay                             
0     0000d9dd  FMC_ISR                                  
0     0000d9e7  FPU_OFLOW_ISR                            
0     0000d9f1  FPU_UFLOW_ISR                            
0     0000d9fb  FSIRXA1_ISR                              
0     0000da05  FSIRXA2_ISR                              
0     0000da0f  FSIRXB1_ISR                              
0     0000da19  FSIRXB2_ISR                              
0     0000da23  FSIRXC1_ISR                              
0     0000da2d  FSIRXC2_ISR                              
0     0000da37  FSIRXD1_ISR                              
0     0000da41  FSIRXD2_ISR                              
0     0000da4b  FSIRXE1_ISR                              
[...]
0     0000a820  ezDSP_ulAddr                             
0     0000a822  ezDSP_ullData                            
0     0000a826  WIZCHIP                                  
0     0000a84a  xPidGain                                 
0     0000a86c  sock_pack_info                           
0     0000a886  pxDataCpu1ToCm                           
0     0000a888  pxDataCmToCpu1                           
0     0000a88a  xEthRxData                               
0     0000a88c  __TI_enable_exit_profile_output          
0     0000a88e  __TI_cleanup_ptr                         
0     0000a890  __TI_dtors_ptr                           
0     0000a892  FramTest                                 
0     0000a89a  _lock                                    
0     0000a89c  _unlock                                  
0     0000a89e  isW6100Connected                         
0     0000a89f  xIpcState                                
0     0000a8c0  PieVectTableInit                         
0     0000aa80  IPC_Instance                             
0     0000adae  xAdc                                     
0     0000adbe  xMotorDriver                             
0     0000adc0  xEthCtrl                                 
0     0000aece  xEncoder                                 
0     0000aee6  xBit                                     
0     0000aef6  xDio                                     
0     0000af00  xMotorCtrl                               
0     0000af0a  currPid                                  
0     0000af1e  speedPid                                 
0     0000af40  posPid                                   
0     0000af54  xLimitSwitch                             
0     0000af56  xLimitSwitchConfig                       
0     0000af60  xSysCtrl                                 
0     0000af68  adcRawData                               
0     0000af6e  xTimer                                   
0     0000af74  xLed                                     
0     0000af7d  xRcvSciPcMsg1                            
0     0000af7e  xXmtSciPcMsg1                            
0     0000c000  easy_RXINT_ISR                           
0     0000c3ab  DCC_verifyClockFrequency                 
0     0000c65a  Device_enableAllPeripherals              
0     0000c7c1  IPC_registerInterrupt                    
0     0000c800  SysCtl_isPLLValid                        
0     0000ca53  easyDSP_SCI_Init                         
0     0000cbfb  SysCtl_setClock                          
0     0000cd2c  SysCtl_setAuxClock                       
0     0000ce3a  sendto_W6x00                             
0     0000cf40  CalcAdcData                              
0     0000cffd  __error__                                
0     0000d000  SysCtl_getLowSpeedClock                  
0     0000d024  Bit_OvTemperature_Check                  
0     0000d047  MotorDriver_Init_Hardware                
0     0000d0af  Initial_IPC                              
0     0000d0d1  Epwm_SetMotorDuty_1x                     
0     0000d0f2  SysCtl_selectXTALSingleEnded             
0     0000d113  reg_wizchip_spi_cbfunc                   
0     0000d134  CPUTimer_setEmulationMode                
0     0000d154  memcpy                                   
0     0000d174  spia_write_byte                          
0     0000d194  __c28xabi_cmpll                          
0     0000d1a6  __c28xabi_cmpull                         
0     0000d1b2  spia_read_byte                           
0     0000d1d0  MotorCtrl_SetOutput                      
0     0000d1ed  Spid_Transmit                            
0     0000d20a  Device_verifyXTAL                        
0     0000d226  Encoder_Init                             
0     0000d242  Fram_ReadByte                            
0     0000d25d  LimitSwitch_Init                         
0     0000d278  Interrupt_initVectorTable                
0     0000d292  SysCtl_controlCMReset                    
0     0000d2ac  Device_bootCM                            
0     0000d2de  recvSciPcMessage                         
0     0000d2f7  _c_int00                                 
0     0000d310  __c28xabi_andll                          
0     0000d318  __c28xabi_orll                           
0     0000d320  __c28xabi_xorll                          
0     0000d328  wizchip_spi_writeburst                   
0     0000d340  Bit_Encoder_Check                        
0     0000d357  Dio_Init                                 
0     0000d36e  System_Initialization                    
0     0000d384  isr_CpuTimer1                            
0     0000d39a  isr_CpuTimer2                            
0     0000d3af  wizchip_spi_readburst                    
0     0000d3c4  Bit_FaultReset                           
0     0000d3d8  Ethernet_ProtocolInit                    
0     0000d3ec  Device_enableUnbondedGPIOPullupsFor176Pin
0     0000d3ff  Ethernet_CalculateChecksum               
0     0000d425  MotorDriver_ReadReg                      
0     0000d438  Control_Init                             
0     0000d44a  MotorDriver_WriteReg                     
0     0000d45c  reg_wizchip_cs_cbfunc                    
0     0000d46e  _args_main                               
0     0000d491  isr_CpuTimer0                            
0     0000d4b1  Bit_RunCBIT                              
0     0000d4c0  Bit_RunPBIT                              
0     0000d4fb  Bit_GateFault_Check                      
0     0000d508  Control_SystemOperation                  
0     0000d515  EMPTY_ISR                                
0     0000d52e  Interrupt_defaultHandler                 
0     0000d53a  MotorDriver_Enable                       
0     0000d546  MotorDriver_SetDir                       
0     0000d552  Device_enableUnbondedGPIOPullups         
0     0000d55d  Initial_Led                              
0     0000d568  MotorDriver_Init                         
0     0000d573  ADCA1_ISR                                
0     0000d57d  ADCA2_ISR                                
0     0000d587  ADCA3_ISR                                
0     0000d591  ADCA4_ISR                                
0     0000d59b  ADCA_EVT_ISR                             
0     0000d5a5  ADCB1_ISR                                
0     0000d5af  ADCB2_ISR                                
0     0000d5b9  ADCB3_ISR                                
0     0000d5c3  ADCB4_ISR                                
0     0000d5cd  ADCB_EVT_ISR                             
0     0000d5d7  ADCC1_ISR                                
0     0000d5e1  ADCC2_ISR                                
0     0000d5eb  ADCC3_ISR                                
0     0000d5f5  ADCC4_ISR                                
0     0000d5ff  ADCC_EVT_ISR                             
0     0000d609  ADCD1_ISR                                
0     0000d613  ADCD2_ISR                                
0     0000d61d  ADCD3_ISR                                
0     0000d627  ADCD4_ISR                                
0     0000d631  ADCD_EVT_ISR                             
0     0000d63b  CANA0_ISR                                
0     0000d645  CANA1_ISR                                
0     0000d64f  CANB0_ISR                                
0     0000d659  CANB1_ISR                                
0     0000d663  CIPC0_ISR                                
0     0000d66d  CIPC1_ISR                                
0     0000d677  CIPC2_ISR                                
0     0000d681  CIPC3_ISR                                
0     0000d68b  CLA1CRC_ISR                              
0     0000d695  CLA1_1_ISR                               
0     0000d69f  CLA1_2_ISR                               
0     0000d6a9  CLA1_3_ISR                               
0     0000d6b3  CLA1_4_ISR                               
0     0000d6bd  CLA1_5_ISR                               
0     0000d6c7  CLA1_6_ISR                               
0     0000d6d1  CLA1_7_ISR                               
0     0000d6db  CLA1_8_ISR                               
0     0000d6e5  CLA_OVERFLOW_ISR                         
0     0000d6ef  CLA_UNDERFLOW_ISR                        
0     0000d6f9  CLB1_ISR                                 
0     0000d703  CLB2_ISR                                 
0     0000d70d  CLB3_ISR                                 
0     0000d717  CLB4_ISR                                 
0     0000d721  CLB5_ISR                                 
0     0000d72b  CLB6_ISR                                 
0     0000d735  CLB7_ISR                                 
0     0000d73f  CLB8_ISR                                 
0     0000d749  CMTOCPUXIPC0_ISR                         
0     0000d753  CMTOCPUXIPC1_ISR                         
0     0000d75d  CMTOCPUXIPC2_ISR                         
0     0000d767  CMTOCPUXIPC3_ISR                         
0     0000d771  CMTOCPUXIPC4_ISR                         
0     0000d77b  CMTOCPUXIPC5_ISR                         
0     0000d785  CMTOCPUXIPC6_ISR                         
0     0000d78f  CMTOCPUXIPC7_ISR                         
0     0000d799  CM_STATUS_ISR                            
0     0000d7a3  CPUCRC_ISR                               
0     0000d7ad  DATALOG_ISR                              
0     0000d7b7  DMA_CH1_ISR                              
0     0000d7c1  DMA_CH2_ISR                              
0     0000d7cb  DMA_CH3_ISR                              
0     0000d7d5  DMA_CH4_ISR                              
0     0000d7df  DMA_CH5_ISR                              
0     0000d7e9  DMA_CH6_ISR                              
0     0000d7f3  ECAP1_ISR                                
0     0000d7fd  ECAP2_ISR                                
0     0000d807  ECAP3_ISR                                
0     0000d811  ECAP4_ISR                                
0     0000d81b  ECAP5_ISR                                
0     0000d825  ECAP6_2_ISR                              
0     0000d82f  ECAP6_ISR                                
0     0000d839  ECAP7_2_ISR                              
0     0000d843  ECAP7_ISR                                
0     0000d84d  ECATRST_ISR                              
0     0000d857  ECATSYNC0_ISR                            
0     0000d861  ECATSYNC1_ISR                            
0     0000d86b  ECAT_ISR                                 
0     0000d875  EMU_ISR                                  
0     0000d87f  EPWM10_ISR                               
0     0000d889  EPWM10_TZ_ISR                            
0     0000d893  EPWM11_ISR                               
0     0000d89d  EPWM11_TZ_ISR                            
0     0000d8a7  EPWM12_ISR                               
0     0000d8b1  EPWM12_TZ_ISR                            
0     0000d8bb  EPWM13_ISR                               
0     0000d8c5  EPWM13_TZ_ISR                            
0     0000d8cf  EPWM14_ISR                               
0     0000d8d9  EPWM14_TZ_ISR                            
0     0000d8e3  EPWM15_ISR                               
0     0000d8ed  EPWM15_TZ_ISR                            
0     0000d8f7  EPWM16_ISR                               
0     0000d901  EPWM16_TZ_ISR                            
0     0000d90b  EPWM1_ISR                                
0     0000d915  EPWM1_TZ_ISR                             
0     0000d91f  EPWM2_ISR                                
0     0000d929  EPWM2_TZ_ISR                             
0     0000d933  EPWM3_ISR                                
0     0000d93d  EPWM3_TZ_ISR                             
0     0000d947  EPWM4_ISR                                
0     0000d951  EPWM4_TZ_ISR                             
0     0000d95b  EPWM5_ISR                                
0     0000d965  EPWM5_TZ_ISR                             
0     0000d96f  EPWM6_ISR                                
0     0000d979  EPWM6_TZ_ISR                             
0     0000d983  EPWM7_ISR                                
0     0000d98d  EPWM7_TZ_ISR                             
0     0000d997  EPWM8_ISR                                
0     0000d9a1  EPWM8_TZ_ISR                             
0     0000d9ab  EPWM9_ISR                                
0     0000d9b5  EPWM9_TZ_ISR                             
0     0000d9bf  EQEP1_ISR                                
0     0000d9c9  EQEP2_ISR                                
0     0000d9d3  EQEP3_ISR                                
0     0000d9dd  FMC_ISR                                  
0     0000d9e7  FPU_OFLOW_ISR                            
0     0000d9f1  FPU_UFLOW_ISR                            
0     0000d9fb  FSIRXA1_ISR                              
0     0000da05  FSIRXA2_ISR                              
0     0000da0f  FSIRXB1_ISR                              
0     0000da19  FSIRXB2_ISR                              
0     0000da23  FSIRXC1_ISR                              
0     0000da2d  FSIRXC2_ISR                              
0     0000da37  FSIRXD1_ISR                              
0     0000da41  FSIRXD2_ISR                              
0     0000da4b  FSIRXE1_ISR                              
0     0000da55  FSIRXE2_ISR                              
0     0000da5f  FSIRXF1_ISR                              
0     0000da69  FSIRXF2_ISR                              
0     0000da73  FSIRXG1_ISR                              
0     0000da7d  FSIRXG2_ISR                              
0     0000da87  FSIRXH1_ISR                              
0     0000da91  FSIRXH2_ISR                              
0     0000da9b  FSITXA1_ISR                              
0     0000daa5  FSITXA2_ISR                              
0     0000daaf  FSITXB1_ISR                              
0     0000dab9  FSITXB2_ISR                              
0     0000dac3  I2CA_FIFO_ISR                            
0     0000dacd  I2CA_HIGH_ISR                            
0     0000dad7  I2CA_ISR                                 
0     0000dae1  I2CB_FIFO_ISR                            
0     0000daeb  I2CB_ISR                                 
0     0000daf5  ILLEGAL_ISR                              
0     0000daff  Interrupt_illegalOperationHandler        
0     0000db09  Interrupt_nmiHandler                     
0     0000db13  MCANA_0_ISR                              
0     0000db1d  MCANA_1_ISR                              
0     0000db27  MCANA_ECC_ISR                            
0     0000db31  MCANA_WAKE_ISR                           
0     0000db3b  MCBSPA_RX_ISR                            
0     0000db45  MCBSPA_TX_ISR                            
0     0000db4f  MCBSPB_RX_ISR                            
0     0000db59  MCBSPB_TX_ISR                            
0     0000db63  MPOST_ISR                                
0     0000db6d  NMI_ISR                                  
0     0000db77  NOTUSED_ISR                              
0     0000db81  PIE_RESERVED_ISR                         
0     0000db8b  PMBUSA_ISR                               
0     0000db95  RTOS_ISR                                 
0     0000db9f  SCIA_RX_ISR                              
0     0000dba9  SCIA_TX_ISR                              
0     0000dbb3  SCIB_RX_ISR                              
0     0000dbbd  SCIB_TX_ISR                              
0     0000dbc7  SCIC_RX_ISR                              
0     0000dbd1  SCIC_TX_ISR                              
0     0000dbdb  SCID_RX_ISR                              
0     0000dbe5  SCID_TX_ISR                              
0     0000dbef  SDFM1DR1_ISR                             
0     0000dbf9  SDFM1DR2_ISR                             
0     0000dc03  SDFM1DR3_ISR                             
0     0000dc0d  SDFM1DR4_ISR                             
0     0000dc17  SDFM1_ISR                                
0     0000dc21  SDFM2DR1_ISR                             
0     0000dc2b  SDFM2DR2_ISR                             
0     0000dc35  SDFM2DR3_ISR                             
0     0000dc3f  SDFM2DR4_ISR                             
0     0000dc49  SDFM2_ISR                                
0     0000dc53  SPIA_RX_ISR                              
0     0000dc5d  SPIA_TX_ISR                              
0     0000dc67  SPIB_RX_ISR                              
0     0000dc71  SPIB_TX_ISR                              
0     0000dc7b  SPIC_RX_ISR                              
0     0000dc85  SPIC_TX_ISR                              
0     0000dc8f  SPID_RX_ISR                              
0     0000dc99  SPID_TX_ISR                              
0     0000dca3  SYS_ERR_ISR                              
0     0000dcad  TIMER0_ISR                               
0     0000dcb7  TIMER1_ISR                               
0     0000dcc1  TIMER2_ISR                               
0     0000dccb  USBA_ISR                                 
0     0000dcd5  USER10_ISR                               
0     0000dcdf  USER11_ISR                               
0     0000dce9  USER12_ISR                               
0     0000dcf3  USER1_ISR                                
0     0000dcfd  USER2_ISR                                
0     0000dd07  USER3_ISR                                
0     0000dd11  USER4_ISR                                
0     0000dd1b  USER5_ISR                                
0     0000dd25  USER6_ISR                                
0     0000dd2f  USER7_ISR                                
0     0000dd39  USER8_ISR                                
0     0000dd43  USER9_ISR                                
0     0000dd4d  WAKE_ISR                                 
0     0000dd57  XINT1_ISR                                
0     0000dd61  XINT2_ISR                                
0     0000dd6b  XINT3_ISR                                
0     0000dd75  XINT4_ISR                                
0     0000dd7f  XINT5_ISR                                
0     0000dd89  MotorDriver_ClearFaults                  
0     0000dd92  _register_unlock                         
0     0000dd96  _register_lock                           
0     0000dd9a  _nop                                     
0     0000dda3  __TI_decompress_none                     
0     0000ddb3  setLedModeToggle                         
0     0000ddbb  Initial_IPC_Clear                        
0     0000ddc2  MotorDriver_UpdateStatus                 
0     0000ddd0  Spid_CsHigh                              
0     0000ddd7  Spid_CsLow                               
0     0000dde5  memset                                   
0     0000ddec  Fram_Init                                
0     0000ddf2  __TI_zero_init                           
0     0000ddf8  spia_cs_desel                            
0     0000ddfe  spia_cs_sel                              
0     0000de13  Bit_Init                                 
0     0000de1b  _system_pre_init                         
0     0000de1d  wizchip_spi_readbyte                     
0     0000de1f  _system_post_cinit                       
0     0000de20  wizchip_cris_enter                       
0     0000de21  wizchip_cris_exit                        
0     0000de22  wizchip_cs_deselect                      
0     0000de23  wizchip_cs_select                        
0     0000de24  wizchip_spi_writebyte                    
0     00010040  xQueSCI_PC                               
0     00038000  IPC_CPU_To_CM_GetBuffer                  
0     00039000  IPC_CPU_To_CM_PutBuffer                  
0     0003a000  IPC_CPU1_To_CPU2_PutBuffer               
0     0003b000  IPC_CPU1_To_CPU2_GetBuffer               
1     00000d00  PieVectTable                             
abs   00000100  __TI_STACK_SIZE                          
abs   ffffffff  __TI_pprof_out_hndl                      
abs   ffffffff  __TI_prof_data_size                      
abs   ffffffff  __TI_prof_data_start                     
abs   ffffffff  __c_args__                               

[469 symbols]
