******************************************************************************
             TMS320C2000 Linker PC v25.11.0                    
******************************************************************************
>> Linked Thu Jun 11 16:56:43 2026

OUTPUT FILE NAME:   <ATTLA_T_CPU1.out>
ENTRY POINT SYMBOL: "code_start"  address: 00000000


MEMORY CONFIGURATION

         name            origin    length      used     unused   attr    fill
----------------------  --------  ---------  --------  --------  ----  --------
PAGE 0:
  BEGIN                 00000000   00000002  00000002  00000000  RWIX
  BOOT_RSVD             00000002   000001af  00000000  000001af  RWIX
  RAMM0                 000001b1   0000024f  0000003c  00000213  RWIX
  RAMM1                 00000400   000003f8  00000100  000002f8  RWIX
  RAMLS0                00008000   00000800  00000800  00000000  RWIX
  RAMLS1                00008800   00000800  00000800  00000000  RWIX
  RAMLS2                00009000   00000800  00000800  00000000  RWIX
  RAMLS3                00009800   00000800  00000800  00000000  RWIX
  RAMLS4                0000a000   00000800  00000008  000007f8  RWIX
  RAMLS5                0000a800   00000800  000006d8  00000128  RWIX
  RAMLS6                0000b000   00000800  00000000  00000800  RWIX
  RAMLS7                0000b800   00000800  00000000  00000800  RWIX
  RAMD0                 0000c000   00000800  00000800  00000000  RWIX
  RAMD1                 0000c800   00000800  00000800  00000000  RWIX
  RAMGS0                0000d000   00001000  00000b85  0000047b  RWIX
  RAMGS1                0000e000   00001000  00000000  00001000  RWIX
  RAMGS2                0000f000   00001000  00000000  00001000  RWIX
  RAMGS3                00010000   00001000  00000000  00001000  RWIX
  RAMGS4                00011000   00001000  00000000  00001000  RWIX
  RAMGS5                00012000   00001000  00000000  00001000  RWIX
  RAMGS6                00013000   00001000  00000000  00001000  RWIX
  RAMGS7                00014000   00001000  00000000  00001000  RWIX
  RAMGS8                00015000   00001000  00000000  00001000  RWIX
  RAMGS9                00016000   00001000  00000000  00001000  RWIX
  RAMGS10               00017000   00001000  00000000  00001000  RWIX
  RAMGS11               00018000   00001000  00000000  00001000  RWIX
  RAMGS12               00019000   00001000  00000000  00001000  RWIX
  RAMGS13               0001a000   00001000  00000000  00001000  RWIX
  RAMGS14               0001b000   00001000  00000000  00001000  RWIX
  RAMGS15               0001c000   00000ff8  00000000  00000ff8  RWIX
  CMTOCPURAM            00038000   00000800  00000088  00000778  RWIX
  CPUTOCMRAM            00039000   00000800  00000088  00000778  RWIX
  CPU1TOCPU2RAM         0003a000   00000800  00000088  00000778  RWIX
  CPU2TOCPU1RAM         0003b000   00000800  00000088  00000778  RWIX
  CANA_MSG_RAM          00049000   00000800  00000000  00000800  RWIX
  CANB_MSG_RAM          0004b000   00000800  00000000  00000800  RWIX
  FLASH0                00080000   00002000  00000000  00002000  RWIX
  FLASH1                00082000   00002000  00000000  00002000  RWIX
  FLASH2                00084000   00002000  00000000  00002000  RWIX
  FLASH3                00086000   00002000  00000000  00002000  RWIX
  FLASH4                00088000   00008000  00000000  00008000  RWIX
  FLASH5                00090000   00008000  00000000  00008000  RWIX
  FLASH6                00098000   00008000  00000000  00008000  RWIX
  FLASH7                000a0000   00008000  00000000  00008000  RWIX
  FLASH8                000a8000   00008000  00000000  00008000  RWIX
  FLASH9                000b0000   00008000  00000000  00008000  RWIX
  FLASH10               000b8000   00002000  00000000  00002000  RWIX
  FLASH11               000ba000   00002000  00000000  00002000  RWIX
  FLASH12               000bc000   00002000  00000000  00002000  RWIX
  FLASH13               000be000   00002000  00000000  00002000  RWIX
  RESET                 003fffc0   00000002  00000000  00000002  RWIX

PAGE 1:
  ADCARESULT            00000b00   00000018  00000000  00000018  RWIX
  ADCBRESULT            00000b20   00000018  00000000  00000018  RWIX
  ADCCRESULT            00000b40   00000018  00000000  00000018  RWIX
  ADCDRESULT            00000b60   00000018  00000000  00000018  RWIX
  CPUTIMER0             00000c00   00000008  00000000  00000008  RWIX
  CPUTIMER1             00000c08   00000008  00000000  00000008  RWIX
  CPUTIMER2             00000c10   00000008  00000000  00000008  RWIX
  PIECTRL               00000ce0   0000001a  00000000  0000001a  RWIX
  PIEVECTTABLE          00000d00   00000200  00000000  00000200  RWIX
  DMA                   00001000   00000200  00000000  00000200  RWIX
  CLA1                  00001400   00000080  00000000  00000080  RWIX
  CLB1LOGICCFG          00003000   00000052  00000000  00000052  RWIX
  CLB1LOGICCTRL         00003100   00000040  00000000  00000040  RWIX
  CLB1DATAEXCH          00003180   00000080  00000000  00000080  RWIX
  CLB2LOGICCFG          00003200   00000052  00000000  00000052  RWIX
  CLB2LOGICCTRL         00003300   00000040  00000000  00000040  RWIX
  CLB2DATAEXCH          00003380   00000080  00000000  00000080  RWIX
  CLB3LOGICCFG          00003400   00000052  00000000  00000052  RWIX
  CLB3LOGICCTRL         00003500   00000040  00000000  00000040  RWIX
  CLB3DATAEXCH          00003580   00000080  00000000  00000080  RWIX
  CLB4LOGICCFG          00003600   00000052  00000000  00000052  RWIX
  CLB4LOGICCTRL         00003700   00000040  00000000  00000040  RWIX
  CLB4DATAEXCH          00003780   00000080  00000000  00000080  RWIX
  CLB5LOGICCFG          00003800   00000052  00000000  00000052  RWIX
  CLB5LOGICCTRL         00003900   00000040  00000000  00000040  RWIX
  CLB5DATAEXCH          00003980   00000080  00000000  00000080  RWIX
  CLB6LOGICCFG          00003a00   00000052  00000000  00000052  RWIX
  CLB6LOGICCTRL         00003b00   00000040  00000000  00000040  RWIX
  CLB6DATAEXCH          00003b80   00000080  00000000  00000080  RWIX
  CLB7LOGICCFG          00003c00   00000052  00000000  00000052  RWIX
  CLB7LOGICCTRL         00003d00   00000040  00000000  00000040  RWIX
  CLB7DATAEXCH          00003d80   00000080  00000000  00000080  RWIX
  CLB8LOGICCFG          00003e00   00000052  00000000  00000052  RWIX
  CLB8LOGICCTRL         00003f00   00000040  00000000  00000040  RWIX
  CLB8DATAEXCH          00003f80   00000080  00000000  00000080  RWIX
  EPWM1                 00004000   00000100  00000000  00000100  RWIX
  EPWM2                 00004100   00000100  00000000  00000100  RWIX
  EPWM3                 00004200   00000100  00000000  00000100  RWIX
  EPWM4                 00004300   00000100  00000000  00000100  RWIX
  EPWM5                 00004400   00000100  00000000  00000100  RWIX
  EPWM6                 00004500   00000100  00000000  00000100  RWIX
  EPWM7                 00004600   00000100  00000000  00000100  RWIX
  EPWM8                 00004700   00000100  00000000  00000100  RWIX
  EPWM9                 00004800   00000100  00000000  00000100  RWIX
  EPWM10                00004900   00000100  00000000  00000100  RWIX
  EPWM11                00004a00   00000100  00000000  00000100  RWIX
  EPWM12                00004b00   00000100  00000000  00000100  RWIX
  EPWM13                00004c00   00000100  00000000  00000100  RWIX
  EPWM14                00004d00   00000100  00000000  00000100  RWIX
  EPWM15                00004e00   00000100  00000000  00000100  RWIX
  EPWM16                00004f00   00000100  00000000  00000100  RWIX
  EQEP1                 00005100   00000040  00000000  00000040  RWIX
  EQEP2                 00005140   00000040  00000000  00000040  RWIX
  EQEP3                 00005180   00000040  00000000  00000040  RWIX
  ECAP1                 00005200   00000020  00000000  00000020  RWIX
  ECAP2                 00005240   00000020  00000000  00000020  RWIX
  ECAP3                 00005280   00000020  00000000  00000020  RWIX
  ECAP4                 000052c0   00000020  00000000  00000020  RWIX
  ECAP5                 00005300   00000020  00000000  00000020  RWIX
  ECAP6                 00005340   00000020  00000000  00000020  RWIX
  HRCAP6                00005360   00000020  00000000  00000020  RWIX
  ECAP7                 00005380   00000020  00000000  00000020  RWIX
  HRCAP7                000053a0   00000020  00000000  00000020  RWIX
  DACA                  00005c00   00000008  00000000  00000008  RWIX
  DACB                  00005c10   00000008  00000000  00000008  RWIX
  DACC                  00005c20   00000008  00000000  00000008  RWIX
  CMPSS1                00005c80   00000020  00000000  00000020  RWIX
  CMPSS2                00005ca0   00000020  00000000  00000020  RWIX
  CMPSS3                00005cc0   00000020  00000000  00000020  RWIX
  CMPSS4                00005ce0   00000020  00000000  00000020  RWIX
  CMPSS5                00005d00   00000020  00000000  00000020  RWIX
  CMPSS6                00005d20   00000020  00000000  00000020  RWIX
  CMPSS7                00005d40   00000020  00000000  00000020  RWIX
  CMPSS8                00005d60   00000020  00000000  00000020  RWIX
  SDFM1                 00005e00   00000080  00000000  00000080  RWIX
  SDFM2                 00005e80   00000080  00000000  00000080  RWIX
  MCBSPA                00006000   00000024  00000000  00000024  RWIX
  MCBSPB                00006040   00000024  00000000  00000024  RWIX
  SPIA                  00006100   00000010  00000000  00000010  RWIX
  SPIB                  00006110   00000010  00000000  00000010  RWIX
  SPIC                  00006120   00000010  00000000  00000010  RWIX
  SPID                  00006130   00000010  00000000  00000010  RWIX
  BGCRCCPU              00006340   00000040  00000000  00000040  RWIX
  BGCRCCLA1             00006380   00000040  00000000  00000040  RWIX
  PMBUSA                00006400   00000020  00000000  00000020  RWIX
  FSITXA                00006600   00000050  00000000  00000050  RWIX
  FSIRXA                00006680   00000050  00000000  00000050  RWIX
  FSITXB                00006700   00000050  00000000  00000050  RWIX
  FSIRXB                00006780   00000050  00000000  00000050  RWIX
  FSIRXC                00006880   00000050  00000000  00000050  RWIX
  FSIRXD                00006980   00000050  00000000  00000050  RWIX
  FSIRXE                00006a80   00000050  00000000  00000050  RWIX
  FSIRXF                00006b80   00000050  00000000  00000050  RWIX
  FSIRXG                00006c80   00000050  00000000  00000050  RWIX
  FSIRXH                00006d80   00000050  00000000  00000050  RWIX
  WD                    00007000   0000002c  00000000  0000002c  RWIX
  NMIINTRUPT            00007060   00000010  00000000  00000010  RWIX
  XINT                  00007070   0000000c  00000000  0000000c  RWIX
  SCIA                  00007200   00000010  00000000  00000010  RWIX
  SCIB                  00007210   00000010  00000000  00000010  RWIX
  SCIC                  00007220   00000010  00000000  00000010  RWIX
  SCID                  00007230   00000010  00000000  00000010  RWIX
  I2CA                  00007300   00000022  00000000  00000022  RWIX
  I2CB                  00007340   00000022  00000000  00000022  RWIX
  ADCA                  00007400   00000080  00000000  00000080  RWIX
  ADCB                  00007480   00000080  00000000  00000080  RWIX
  ADCC                  00007500   00000080  00000000  00000080  RWIX
  ADCD                  00007580   00000080  00000000  00000080  RWIX
  INPUTXBAR             00007900   00000020  00000000  00000020  RWIX
  XBAR                  00007920   00000020  00000000  00000020  RWIX
  SYNCSOC               00007940   00000006  00000000  00000006  RWIX
  CLBINPUTXBAR          00007960   00000020  00000000  00000020  RWIX
  DMACLASRCSEL          00007980   0000001a  00000000  0000001a  RWIX
  EPWMXBAR              00007a00   00000040  00000000  00000040  RWIX
  CLBXBAR               00007a40   00000040  00000000  00000040  RWIX
  OUTPUTXBAR            00007a80   00000040  00000000  00000040  RWIX
  CLBOUTPUTXBAR         00007bc0   00000040  00000000  00000040  RWIX
  GPIOCTRL              00007c00   00000200  00000000  00000200  RWIX
  GPIODATA              00007f00   00000040  00000030  00000010  RWIX
  GPIODATAREAD          00007f80   00000010  00000000  00000010  RWIX
  EMIF1                 00047000   00000070  00000000  00000070  RWIX
  EMIF2                 00047800   00000070  00000000  00000070  RWIX
  CANA                  00048000   00000200  00000000  00000200  RWIX
  CANB                  0004a000   00000200  00000000  00000200  RWIX
  ESCSS                 00057e00   00000024  00000000  00000024  RWIX
  ESCSSCONFIG           00057f00   00000016  00000000  00000016  RWIX
  MCANASS               0005c400   0000002c  00000000  0000002c  RWIX
  MCANA                 0005c600   00000100  00000000  00000100  RWIX
  MCANAERR              0005c800   00000210  00000000  00000210  RWIX
  CPU1TOCPU2IPC         0005ce00   00000026  00000000  00000026  RWIX
  CPU1TOCMIPC           0005ce40   00000026  00000000  00000026  RWIX
  DEVCFG                0005d000   000001a0  00000000  000001a0  RWIX
  CLKCFG                0005d200   00000100  00000000  00000100  RWIX
  CPUSYS                0005d300   000000a0  00000000  000000a0  RWIX
  SYSSTATUS             0005d400   00000100  00000000  00000100  RWIX
  SYSPERIPHAC           0005d500   00000200  00000000  00000200  RWIX
  ANALOGSUBSYS          0005d700   00000100  0000003e  000000c2  RWIX
  CMCONF                0005dc00   00000400  00000000  00000400  RWIX
  DCC0                  0005e700   00000038  00000000  00000038  RWIX
  DCC1                  0005e740   00000038  00000000  00000038  RWIX
  DCC2                  0005e780   00000038  00000000  00000038  RWIX
  ERADGLOBAL            0005e800   00000014  00000000  00000014  RWIX
  ERADHWBP1             0005e900   00000008  00000000  00000008  RWIX
  ERADHWBP2             0005e908   00000008  00000000  00000008  RWIX
  ERADHWBP3             0005e910   00000008  00000000  00000008  RWIX
  ERADHWBP4             0005e918   00000008  00000000  00000008  RWIX
  ERADHWBP5             0005e920   00000008  00000000  00000008  RWIX
  ERADHWBP6             0005e928   00000008  00000000  00000008  RWIX
  ERADHWBP7             0005e930   00000008  00000000  00000008  RWIX
  ERADHWBP8             0005e938   00000008  00000000  00000008  RWIX
  ERADCOUNTER1          0005e980   00000010  00000000  00000010  RWIX
  ERADCOUNTER2          0005e990   00000010  00000000  00000010  RWIX
  ERADCOUNTER3          0005e9a0   00000010  00000000  00000010  RWIX
  ERADCOUNTER4          0005e9b0   00000010  00000000  00000010  RWIX
  ERADCRCGLOBAL         0005ea00   00000010  00000000  00000010  RWIX
  ERADCRC1              0005ea10   00000010  00000000  00000010  RWIX
  ERADCRC2              0005ea20   00000010  00000000  00000010  RWIX
  ERADCRC3              0005ea30   00000010  00000000  00000010  RWIX
  ERADCRC4              0005ea40   00000010  00000000  00000010  RWIX
  ERADCRC5              0005ea50   00000010  00000000  00000010  RWIX
  ERADCRC6              0005ea60   00000010  00000000  00000010  RWIX
  ERADCRC7              0005ea70   00000010  00000000  00000010  RWIX
  ERADCRC8              0005ea80   00000010  00000000  00000010  RWIX
  DCSMZ1                0005f000   0000003e  00000000  0000003e  RWIX
  DCSMZ2                0005f080   0000003e  00000000  0000003e  RWIX
  DCSMCOMMON            0005f0c0   00000020  00000000  00000020  RWIX
  MEMCFG                0005f400   000000c0  00000000  000000c0  RWIX
  EMIF1CONFIG           0005f4c0   00000020  00000000  00000020  RWIX
  EMIF2CONFIG           0005f4e0   00000020  00000000  00000020  RWIX
  ACCESSPROTECTION      0005f500   00000040  00000000  00000040  RWIX
  MEMORYERROR           0005f540   00000040  00000000  00000040  RWIX
  ROMWAITSTATE          0005f580   00000008  00000000  00000008  RWIX
  ROMPREFETCH           0005f588   00000008  00000000  00000008  RWIX
  TESTERROR             0005f590   00000010  00000000  00000010  RWIX
  FLASH0CTRL            0005f800   00000182  00000000  00000182  RWIX
  FLASH0ECC             0005fb00   00000028  00000000  00000028  RWIX
  UID                   00070200   00000010  00000000  00000010  RWIX
  DCSMZ1OTP             00078000   00000020  00000000  00000020  RWIX
  DCSMZ2OTP             00078200   00000020  00000000  00000020  RWIX


SECTION ALLOCATION MAP

 output                                  attributes/
section   page    origin      length       input sections
--------  ----  ----------  ----------   ----------------
codestart 
*          0    00000000    00000002     
                  00000000    00000002     f2838x_codestartbranch.obj (codestart)

.cinit     0    000001b2    0000003c     
                  000001b2    00000029     (.cinit..data.load) [load image, compression = lzss]
                  000001db    00000001     --HOLE-- [fill = 0]
                  000001dc    00000006     (__TI_handler_table)
                  000001e2    00000004     (.cinit..bss.load) [load image, compression = zero_init]
                  000001e6    00000008     (__TI_cinit_table)

.reset     0    003fffc0    00000000     DSECT

.stack     0    00000400    00000100     UNINITIALIZED
                  00000400    00000100     --HOLE--

.init_array 
*          0    000001b1    00000000     UNINITIALIZED

.data      0    0000a800    0000006c     UNINITIALIZED
                  0000a800    00000026     easy28x_driverlib_v12.2.obj (.data)
                  0000a826    0000001a     wizchip_conf.obj (.data)
                  0000a840    00000008     socket.obj (.data:sock_pack_info)
                  0000a848    00000008     socket.obj (.data:sock_remained_size)
                  0000a850    00000006     csu_Control.obj (.data)
                  0000a856    00000006     rts2800_fpu64_eabi.lib : exit.c.obj (.data)
                  0000a85c    00000004     csu_Bit.obj (.data)
                  0000a860    00000003     socket.obj (.data)
                  0000a863    00000001     --HOLE--
                  0000a864    00000002     rts2800_fpu64_eabi.lib : _lock.c.obj (.data:_lock)
                  0000a866    00000002                            : _lock.c.obj (.data:_unlock)
                  0000a868    00000002     csu_Adc.obj (.data)
                  0000a86a    00000002     csu_MotorCtrl.obj (.data)

.const     0    0000a86c    000004db     
                  0000a86c    00000008     hal_Ethernet.obj (.const:$P$T0$1)
                  0000a874    00000008     hal_Ethernet.obj (.const:$P$T1$2)
                  0000a87c    00000004     --HOLE-- [fill = 0]
                  0000a880    000001c0     f2838x_pievect.obj (.const)
                  0000aa40    00000088     ipc.obj (.const:IPC_Instance)
                  0000aac8    00000031     sysctl.obj (.const:.string)
                  0000aaf9    00000007     --HOLE-- [fill = 0]
                  0000ab00    00000068     hal_Ethernet.obj (.const)
                  0000ab68    0000005d     hal_Timer.obj (.const:.string)
                  0000abc5    00000001     --HOLE-- [fill = 0]
                  0000abc6    00000058     easy28x_driverlib_v12.2.obj (.const:.string)
                  0000ac1e    00000030     gpio.obj (.const:.string)
                  0000ac4e    0000002f     dcc.obj (.const:.string)
                  0000ac7d    00000001     --HOLE-- [fill = 0]
                  0000ac7e    0000002f     sci.obj (.const:.string)
                  0000acad    00000001     --HOLE-- [fill = 0]
                  0000acae    0000002f     spi.obj (.const:.string)
                  0000acdd    00000001     --HOLE-- [fill = 0]
                  0000acde    0000001d     interrupt.obj (.const:.string)
                  0000acfb    00000001     --HOLE-- [fill = 0]
                  0000acfc    0000001c     cputimer.obj (.const:.string)
                  0000ad18    00000017     adc.obj (.const:.string)
                  0000ad2f    00000001     --HOLE-- [fill = 0]
                  0000ad30    00000017     ipc.obj (.const:.string)

MSGRAM_CM_TO_CPU 
*          0    00038000    00000088     UNINITIALIZED
                  00038000    00000088     ipc.obj (MSGRAM_CM_TO_CPU)

MSGRAM_CPU_TO_CM 
*          0    00039000    00000088     UNINITIALIZED
                  00039000    00000088     ipc.obj (MSGRAM_CPU_TO_CM)

MSGRAM_CPU1_TO_CPU2 
*          0    0003a000    00000088     UNINITIALIZED
                  0003a000    00000088     ipc.obj (MSGRAM_CPU1_TO_CPU2)

MSGRAM_CPU2_TO_CPU1 
*          0    0003b000    00000088     UNINITIALIZED
                  0003b000    00000088     ipc.obj (MSGRAM_CPU2_TO_CPU1)

AnalogSubsysRegsFile 
*          1    0005d700    0000003e     UNINITIALIZED
                  0005d700    0000003e     f2838x_globalvariabledefs.obj (AnalogSubsysRegsFile)

GpioDataRegsFile 
*          1    00007f00    00000030     UNINITIALIZED
                  00007f00    00000030     f2838x_globalvariabledefs.obj (GpioDataRegsFile)

dcsm_z1otp_link_pointer 
*          0    00000000    00000000     

dcsm_z1otp_jlm_enable 
*          0    00000000    00000000     

dcsm_z1otp_gpreg 
*          0    00000000    00000000     

dcsm_z1otp_pswd_lock 
*          0    00000000    00000000     

dcsm_z1otp_crc_lock 
*          0    00000000    00000000     

dcsm_z1otp_jtag_pswdh 
*          0    00000000    00000000     

dcsm_z1otp_cmac_key 
*          0    00000000    00000000     

dcsm_zsel_z1 
*          0    00000000    00000000     

dcsm_z2otp_link_pointer 
*          0    00000000    00000000     

dcsm_rsvd_z2 
*          0    00000000    00000000     

dcsm_z2otp_gpreg 
*          0    00000000    00000000     

dcsm_z2otp_pswd_lock 
*          0    00000000    00000000     

dcsm_z2otp_crc_lock 
*          0    00000000    00000000     

dcsm_rsvd1_z2 
*          0    00000000    00000000     

dcsm_zsel_z2 
*          0    00000000    00000000     

.text.1    0    00008000    00000800     
                  00008000    0000010e     sysctl.obj (.text:SysCtl_setAuxClock)
                  0000810e    000000ed     socket.obj (.text:sendto_IO_6)
                  000081fb    000000be     hal_DspInit.obj (.text:Init_GpioDin)
                  000082b9    000000bd     csu_Adc.obj (.text:CalcAdcData)
                  00008376    000000ae     wizchip_conf.obj (.text:wizchip_sw_reset)
                  00008424    000000aa     csu_Encoder.obj (.text:Encoder_UpdatePosition)
                  000084ce    000000a7     hal_Sci.obj (.text:isrScia_SCI_PC)
                  00008575    0000009e     hal_Timer.obj (.text:configCPUTimer)
                  00008613    00000093     sci.obj (.text:SCI_setConfig)
                  000086a6    00000090     sci.obj (.text:SCI_writeCharArray)
                  00008736    0000008f     hal_Adc.obj (.text:InitAdcModules)
                  000087c5    0000003b     adc.obj (.text:ADC_setMode)

.text.2    0    00008800    00000800     
                  00008800    0000008f     sci.obj (.text:SCI_readCharArray)
                  0000888f    0000008c     hal_MotorDriver.obj (.text:MotorDriver_Init_Hardware)
                  0000891b    0000008c     csu_SciPc.obj (.text:sendSciPcMessage1)
                  000089a7    00000088     rts2800_fpu64_eabi.lib : fs_div28.asm.obj (.text)
                  00008a2f    00000083     spi.obj (.text:SPI_setConfig)
                  00008ab2    00000081     sysctl.obj (.text:SysCtl_getAuxClock)
                  00008b33    00000079     device.obj (.text:Device_init)
                  00008bac    00000079     interrupt.obj (.text:Interrupt_clearIFR)
                  00008c25    00000077     csu_PID.obj (.text:PID_Calculate)
                  00008c9c    00000075     easy28x_driverlib_v12.2.obj (.text:easy_addRing)
                  00008d11    00000074     hal_Spi.obj (.text:InitSpid)
                  00008d85    00000073     sysctl.obj (.text:SysCtl_getClock)
                  00008df8    00000071     hal_Sci.obj (.text:setupSciaPC_HW)
                  00008e69    0000006e     hal_DspInit.obj (.text:initW6100GpioPins)
                  00008ed7    0000006a     hal_DspInit.obj (.text:Init_GpioDout)
                  00008f41    00000067     hal_Encoder.obj (.text:Encoder_ReadSpiData)
                  00008fa8    00000058     hal_Ethernet.obj (.text:Ethernet_Process)

.text.3    0    00009000    00000800     
                  00009000    00000067     hal_Timer.obj (.text:Initial_TIMER)
                  00009067    00000062     hal_Encoder.obj (.text:Encoder_Init_Hardware)
                  000090c9    00000062     hal_Epwm.obj (.text:Initial_EpwmTimer)
                  0000912b    00000061     adc.obj (.text:ADC_setINLTrim)
                  0000918c    00000060     hal_Adc.obj (.text:AdcaIsr)
                  000091ec    0000005a     wizchip_conf.obj (.text:wizchip_setnetinfo)
                  00009246    00000056     interrupt.obj (.text:Interrupt_disable)
                  0000929c    00000056     sci.obj (.text:SCI_clearInterruptStatus)
                  000092f2    00000056     wizchip_conf.obj (.text:wizchip_init)
                  00009348    00000055     adc.obj (.text:ADC_setOffsetTrim)
                  0000939d    00000050     sysctl.obj (.text:SysCtl_selectOscSourceAuxPLL)
                  000093ed    00000050     w6100.obj (.text:WIZCHIP_WRITE_BUF)
                  0000943d    0000004f     hal_Spi.obj (.text:InitSpic)
                  0000948c    0000004e     gpio.obj (.text:GPIO_setPadConfig)
                  000094da    0000004d     w6100.obj (.text:WIZCHIP_READ_BUF)
                  00009527    0000004b     hal_Timer.obj (.text:initCPUTimers)
                  00009572    0000004a     csu_Led.obj (.text:updateLedStatus)
                  000095bc    00000045     csu_Bit.obj (.text:Bit_OvCurrent_Check)
                  00009601    00000042     w6100.obj (.text:wiz_send_data)
                  00009643    00000041     interrupt.obj (.text:Interrupt_enable)
                  00009684    00000041     interrupt.obj (.text:Interrupt_initModule)
                  000096c5    00000041     sysctl.obj (.text:SysCtl_selectOscSource)
                  00009706    00000040     w6100.obj (.text:WIZCHIP_READ)
                  00009746    00000040     hal_Ethernet.obj (.text:isr_EthernetExtInt)
                  00009786    0000003f     sysctl.obj (.text:SysCtl_selectXTAL)
                  000097c5    00000039     gpio.obj (.text:GPIO_setInterruptPin)
                  000097fe    00000002     rts2800_fpu64_eabi.lib : pre_init.c.obj (.text)

.text.4    0    00009800    00000800     
                  00009800    0000003f     socket.obj (.text:close)
                  0000983f    0000003f     w6100.obj (.text:wiz_recv_data)
                  0000987e    0000003e     ipc.obj (.text:IPC_unregisterInterrupt)
                  000098bc    0000003e     w6100.obj (.text:WIZCHIP_WRITE)
                  000098fa    0000003c     csu_Control.obj (.text:Control_CalibrateCurrentOffset)
                  00009936    0000003c     spi.obj (.text:SPI_clearInterruptStatus)
                  00009972    00000039     sci.obj (.text:SCI_disableInterrupt)
                  000099ab    00000039     sysctl.obj (.text:SysCtl_pollX1Counter)
                  000099e4    00000038     sci.obj (.text:SCI_enableInterrupt)
                  00009a1c    00000037     hal_Ethernet.obj (.text:Initial_W6100)
                  00009a53    00000037     csu_MotorCtrl.obj (.text:MotorCtrl_Run)
                  00009a8a    00000036     w6100.obj (.text:wiz_recv_ignore)
                  00009ac0    00000033     hal_Spi.obj (.text:InitSpia)
                  00009af3    00000033     main.obj (.text:main)
                  00009b26    00000032     hal_Sci.obj (.text:dequeueSci)
                  00009b58    00000030     gpio.obj (.text:GPIO_setPinConfig)
                  00009b88    0000002f     gpio.obj (.text:GPIO_setControllerCore)
                  00009bb7    0000002f     gpio.obj (.text:GPIO_setQualificationMode)
                  00009be6    0000002f     hal_Sci.obj (.text:setupSciaPC_GPIO)
                  00009c15    0000002e     rts2800_fpu64_eabi.lib : copy_decompress_lzss.c.obj (.text:decompress:lzss)
                  00009c43    0000002c     gpio.obj (.text:GPIO_setDirectionMode)
                  00009c6f    0000002c     csu_PID.obj (.text:PID_Init)
                  00009c9b    0000002c     hal_Sci.obj (.text:enqueueSci)
                  00009cc7    0000002b     csu_Adc.obj (.text:Initial_Adc)
                  00009cf2    0000002b     rts2800_fpu64_eabi.lib : autoinit.c.obj (.text:__TI_auto_init_nobinit_nopinit)
                  00009d1d    0000002a     w6100.obj (.text:getSn_RX_RSR)
                  00009d47    0000002a     w6100.obj (.text:getSn_TX_FSR)
                  00009d71    00000029     csu_Encoder.obj (.text:Encoder_LoadOffset)
                  00009d9a    00000029     rts2800_fpu64_eabi.lib : exit.c.obj (.text)
                  00009dc3    00000029     hal_Sci.obj (.text:sendScia_SCI_PC)
                  00009dec    00000024     device.obj (.text:Device_initGPIO)
                  00009e10    00000024     sysctl.obj (.text:SysCtl_getLowSpeedClock)
                  00009e34    00000023     csu_Bit.obj (.text:Bit_OvTemperature_Check)
                  00009e57    00000023     csu_Bit.obj (.text:Bit_OvVoltage_Check)
                  00009e7a    00000023     csu_MotorCtrl.obj (.text:MotorCtrl_UpdateFeedback)
                  00009e9d    00000022     csu_Encoder.obj (.text:Encoder_CalcCrc6)
                  00009ebf    00000021     hal_Epwm.obj (.text:Epwm_SetMotorDuty_1x)
                  00009ee0    00000021     sysctl.obj (.text:SysCtl_selectXTALSingleEnded)
                  00009f01    00000021     wizchip_conf.obj (.text:reg_wizchip_spi_cbfunc)
                  00009f22    00000020     cputimer.obj (.text:CPUTimer_setEmulationMode)
                  00009f42    00000020     rts2800_fpu64_eabi.lib : memcpy.c.obj (.text)
                  00009f62    0000001e     f2838x_tempsensorconv.obj (.text:InitTempSensor)
                  00009f80    0000001e     rts2800_fpu64_eabi.lib : ll_cmp28.asm.obj (.text)
                  00009f9e    0000001d     csu_MotorCtrl.obj (.text:MotorCtrl_SetOutput)
                  00009fbb    0000001c     device.obj (.text:Device_verifyXTAL)
                  00009fd7    0000001c     csu_Encoder.obj (.text:Encoder_Init)
                  00009ff3    0000000d     csu_Bit.obj (.text:Bit_GateFault_Check)

.TI.ramfunc 
*          0    0000a000    00000008     
                  0000a000    00000004     f2838x_usdelay.obj (.TI.ramfunc)
                  0000a004    00000004     sysctl.obj (.TI.ramfunc)

.bss       0    0000ad48    00000191     UNINITIALIZED
                  0000ad48    0000002e     csu_MotorCtrl.obj (.bss)
                  0000ad76    0000000a     csu_Bit.obj (.bss)
                  0000ad80    00000101     hal_Sci.obj (.bss)
                  0000ae81    00000001     csu_MotorDriver.obj (.bss)
                  0000ae82    00000018     csu_Encoder.obj (.bss)
                  0000ae9a    00000010     wizchip_conf.obj (.bss:_DNS6_)
                  0000aeaa    00000010     csu_Adc.obj (.bss)
                  0000aeba    00000006     f2838x_tempsensorconv.obj (.bss)
                  0000aec0    00000006     hal_Adc.obj (.bss)
                  0000aec6    00000006     hal_Timer.obj (.bss)
                  0000aecc    00000004     wizchip_conf.obj (.bss:_DNS_)
                  0000aed0    00000003     csu_Led.obj (.bss)
                  0000aed3    00000003     csu_SciPc.obj (.bss)
                  0000aed6    00000002     csu_Control.obj (.bss)
                  0000aed8    00000001     wizchip_conf.obj (.bss)

.text.5    0    0000c000    00000800     
                  0000c000    000003ab     easy28x_driverlib_v12.2.obj (.text:easy_RXINT_ISR)
                  0000c3ab    000002b8     dcc.obj (.text:DCC_verifyClockFrequency)
                  0000c663    00000184     socket.obj (.text:recvfrom_IO_6)
                  0000c7e7    00000019     device.obj (.text:SysCtl_enablePeripheral)

.text.6    0    0000c800    00000800     
                  0000c800    0000025d     sysctl.obj (.text:SysCtl_isPLLValid)
                  0000ca5d    000001a8     easy28x_driverlib_v12.2.obj (.text:easyDSP_SCI_Init)
                  0000cc05    00000167     device.obj (.text:Device_enableAllPeripherals)
                  0000cd6c    0000012e     sysctl.obj (.text:SysCtl_setClock)
                  0000ce9a    0000011d     socket.obj (.text:socket)
                  0000cfb7    00000046     csu_MotorCtrl.obj (.text:MotorCtrl_Init)
                  0000cffd    00000003     device.obj (.text:__error__)

.text.7    0    0000d000    00000b85     
                  0000d000    0000001b     hal_Fram.obj (.text:Fram_ReadByte)
                  0000d01b    0000001a     hal_Ethernet.obj (.text:Ethernet_Init)
                  0000d035    0000001a     interrupt.obj (.text:Interrupt_initVectorTable)
                  0000d04f    00000019     csu_SciPc.obj (.text:recvSciPcMessage)
                  0000d068    00000019     rts2800_fpu64_eabi.lib : boot28.asm.obj (.text)
                  0000d081    00000018                            : ll_aox28.asm.obj (.text)
                  0000d099    00000017     hal_Led.obj (.text:Led_InitGpio)
                  0000d0b0    00000017     wizchip_conf.obj (.text:wizchip_spi_writeburst)
                  0000d0c7    00000016     hal_Timer.obj (.text:isr_CpuTimer1)
                  0000d0dd    00000015     hal_Timer.obj (.text:isr_CpuTimer2)
                  0000d0f2    00000014     wizchip_conf.obj (.text:wizchip_spi_readburst)
                  0000d106    00000013     csu_Control.obj (.text:Control_SystemOperation)
                  0000d119    00000013     device.obj (.text:Device_enableUnbondedGPIOPullupsFor176Pin)
                  0000d12c    00000013     hal_DspInit.obj (.text:InitialPeripherals)
                  0000d13f    00000013     hal_MotorDriver.obj (.text:MotorDriver_ReadReg)
                  0000d152    00000012     hal_MotorDriver.obj (.text:MotorDriver_WriteReg)
                  0000d164    00000012     wizchip_conf.obj (.text:reg_wizchip_cs_cbfunc)
                  0000d176    00000012     rts2800_fpu64_eabi.lib : args_main.c.obj (.text)
                  0000d188    00000011     csu_Led.obj (.text:setLedModeToggle)
                  0000d199    00000010     hal_Led.obj (.text:Led_WritePin)
                  0000d1a9    00000010     hal_Spi.obj (.text:Spid_Transmit)
                  0000d1b9    00000010     hal_DspInit.obj (.text:System_Initialization)
                  0000d1c9    00000010     hal_Timer.obj (.text:isr_CpuTimer0)
                  0000d1d9    00000010     hal_Sci.obj (.text:setupSciaPC_Interrupt)
                  0000d1e9    00000010     hal_Sci.obj (.text:xmtScia_SCI_PC)
                  0000d1f9    0000000f     csu_Control.obj (.text:Bit_RunPBIT)
                  0000d208    0000000f     hal_Spi.obj (.text:spi_read_byte)
                  0000d217    0000000f     hal_Spi.obj (.text:spi_write_byte)
                  0000d226    0000000e     csu_Bit.obj (.text:Bit_FaultReset)
                  0000d234    0000000e     hal_Fram.obj (.text:Fram_WriteStatusRegister)
                  0000d242    0000000e     hal_Adc.obj (.text:InitialAdc)
                  0000d250    0000000d     f2838x_defaultisr.obj (.text:EMPTY_ISR)
                  0000d25d    0000000d     csu_Led.obj (.text:Initial_Led)
                  0000d26a    0000000d     rts2800_fpu64_eabi.lib : copy_zero_init.c.obj (.text:decompress:ZI:__TI_zero_init_nomemset)
                  0000d277    0000000d     socket.obj (.text:recvfrom_W5x00)
                  0000d284    0000000c     interrupt.obj (.text:Interrupt_defaultHandler)
                  0000d290    0000000c     hal_MotorDriver.obj (.text:MotorDriver_Enable)
                  0000d29c    0000000c     hal_MotorDriver.obj (.text:MotorDriver_SetDir)
                  0000d2a8    0000000b     device.obj (.text:Device_enableUnbondedGPIOPullups)
                  0000d2b3    0000000b     csu_MotorDriver.obj (.text:MotorDriver_Init)
                  0000d2be    0000000a     f2838x_defaultisr.obj (.text:ADCA1_ISR)
                  0000d2c8    0000000a     f2838x_defaultisr.obj (.text:ADCA2_ISR)
                  0000d2d2    0000000a     f2838x_defaultisr.obj (.text:ADCA3_ISR)
                  0000d2dc    0000000a     f2838x_defaultisr.obj (.text:ADCA4_ISR)
                  0000d2e6    0000000a     f2838x_defaultisr.obj (.text:ADCA_EVT_ISR)
                  0000d2f0    0000000a     f2838x_defaultisr.obj (.text:ADCB1_ISR)
                  0000d2fa    0000000a     f2838x_defaultisr.obj (.text:ADCB2_ISR)
                  0000d304    0000000a     f2838x_defaultisr.obj (.text:ADCB3_ISR)
                  0000d30e    0000000a     f2838x_defaultisr.obj (.text:ADCB4_ISR)
                  0000d318    0000000a     f2838x_defaultisr.obj (.text:ADCB_EVT_ISR)
                  0000d322    0000000a     f2838x_defaultisr.obj (.text:ADCC1_ISR)
                  0000d32c    0000000a     f2838x_defaultisr.obj (.text:ADCC2_ISR)
                  0000d336    0000000a     f2838x_defaultisr.obj (.text:ADCC3_ISR)
                  0000d340    0000000a     f2838x_defaultisr.obj (.text:ADCC4_ISR)
                  0000d34a    0000000a     f2838x_defaultisr.obj (.text:ADCC_EVT_ISR)
                  0000d354    0000000a     f2838x_defaultisr.obj (.text:ADCD1_ISR)
                  0000d35e    0000000a     f2838x_defaultisr.obj (.text:ADCD2_ISR)
                  0000d368    0000000a     f2838x_defaultisr.obj (.text:ADCD3_ISR)
                  0000d372    0000000a     f2838x_defaultisr.obj (.text:ADCD4_ISR)
                  0000d37c    0000000a     f2838x_defaultisr.obj (.text:ADCD_EVT_ISR)
                  0000d386    0000000a     f2838x_defaultisr.obj (.text:CANA0_ISR)
                  0000d390    0000000a     f2838x_defaultisr.obj (.text:CANA1_ISR)
                  0000d39a    0000000a     f2838x_defaultisr.obj (.text:CANB0_ISR)
                  0000d3a4    0000000a     f2838x_defaultisr.obj (.text:CANB1_ISR)
                  0000d3ae    0000000a     f2838x_defaultisr.obj (.text:CIPC0_ISR)
                  0000d3b8    0000000a     f2838x_defaultisr.obj (.text:CIPC1_ISR)
                  0000d3c2    0000000a     f2838x_defaultisr.obj (.text:CIPC2_ISR)
                  0000d3cc    0000000a     f2838x_defaultisr.obj (.text:CIPC3_ISR)
                  0000d3d6    0000000a     f2838x_defaultisr.obj (.text:CLA1CRC_ISR)
                  0000d3e0    0000000a     f2838x_defaultisr.obj (.text:CLA1_1_ISR)
                  0000d3ea    0000000a     f2838x_defaultisr.obj (.text:CLA1_2_ISR)
                  0000d3f4    0000000a     f2838x_defaultisr.obj (.text:CLA1_3_ISR)
                  0000d3fe    0000000a     f2838x_defaultisr.obj (.text:CLA1_4_ISR)
                  0000d408    0000000a     f2838x_defaultisr.obj (.text:CLA1_5_ISR)
                  0000d412    0000000a     f2838x_defaultisr.obj (.text:CLA1_6_ISR)
                  0000d41c    0000000a     f2838x_defaultisr.obj (.text:CLA1_7_ISR)
                  0000d426    0000000a     f2838x_defaultisr.obj (.text:CLA1_8_ISR)
                  0000d430    0000000a     f2838x_defaultisr.obj (.text:CLA_OVERFLOW_ISR)
                  0000d43a    0000000a     f2838x_defaultisr.obj (.text:CLA_UNDERFLOW_ISR)
                  0000d444    0000000a     f2838x_defaultisr.obj (.text:CLB1_ISR)
                  0000d44e    0000000a     f2838x_defaultisr.obj (.text:CLB2_ISR)
                  0000d458    0000000a     f2838x_defaultisr.obj (.text:CLB3_ISR)
                  0000d462    0000000a     f2838x_defaultisr.obj (.text:CLB4_ISR)
                  0000d46c    0000000a     f2838x_defaultisr.obj (.text:CLB5_ISR)
                  0000d476    0000000a     f2838x_defaultisr.obj (.text:CLB6_ISR)
                  0000d480    0000000a     f2838x_defaultisr.obj (.text:CLB7_ISR)
                  0000d48a    0000000a     f2838x_defaultisr.obj (.text:CLB8_ISR)
                  0000d494    0000000a     f2838x_defaultisr.obj (.text:CMTOCPUXIPC0_ISR)
                  0000d49e    0000000a     f2838x_defaultisr.obj (.text:CMTOCPUXIPC1_ISR)
                  0000d4a8    0000000a     f2838x_defaultisr.obj (.text:CMTOCPUXIPC2_ISR)
                  0000d4b2    0000000a     f2838x_defaultisr.obj (.text:CMTOCPUXIPC3_ISR)
                  0000d4bc    0000000a     f2838x_defaultisr.obj (.text:CMTOCPUXIPC4_ISR)
                  0000d4c6    0000000a     f2838x_defaultisr.obj (.text:CMTOCPUXIPC5_ISR)
                  0000d4d0    0000000a     f2838x_defaultisr.obj (.text:CMTOCPUXIPC6_ISR)
                  0000d4da    0000000a     f2838x_defaultisr.obj (.text:CMTOCPUXIPC7_ISR)
                  0000d4e4    0000000a     f2838x_defaultisr.obj (.text:CM_STATUS_ISR)
                  0000d4ee    0000000a     f2838x_defaultisr.obj (.text:CPUCRC_ISR)
                  0000d4f8    0000000a     f2838x_defaultisr.obj (.text:DATALOG_ISR)
                  0000d502    0000000a     f2838x_defaultisr.obj (.text:DMA_CH1_ISR)
                  0000d50c    0000000a     f2838x_defaultisr.obj (.text:DMA_CH2_ISR)
                  0000d516    0000000a     f2838x_defaultisr.obj (.text:DMA_CH3_ISR)
                  0000d520    0000000a     f2838x_defaultisr.obj (.text:DMA_CH4_ISR)
                  0000d52a    0000000a     f2838x_defaultisr.obj (.text:DMA_CH5_ISR)
                  0000d534    0000000a     f2838x_defaultisr.obj (.text:DMA_CH6_ISR)
                  0000d53e    0000000a     f2838x_defaultisr.obj (.text:ECAP1_ISR)
                  0000d548    0000000a     f2838x_defaultisr.obj (.text:ECAP2_ISR)
                  0000d552    0000000a     f2838x_defaultisr.obj (.text:ECAP3_ISR)
                  0000d55c    0000000a     f2838x_defaultisr.obj (.text:ECAP4_ISR)
                  0000d566    0000000a     f2838x_defaultisr.obj (.text:ECAP5_ISR)
                  0000d570    0000000a     f2838x_defaultisr.obj (.text:ECAP6_2_ISR)
                  0000d57a    0000000a     f2838x_defaultisr.obj (.text:ECAP6_ISR)
                  0000d584    0000000a     f2838x_defaultisr.obj (.text:ECAP7_2_ISR)
                  0000d58e    0000000a     f2838x_defaultisr.obj (.text:ECAP7_ISR)
                  0000d598    0000000a     f2838x_defaultisr.obj (.text:ECATRST_ISR)
                  0000d5a2    0000000a     f2838x_defaultisr.obj (.text:ECATSYNC0_ISR)
                  0000d5ac    0000000a     f2838x_defaultisr.obj (.text:ECATSYNC1_ISR)
                  0000d5b6    0000000a     f2838x_defaultisr.obj (.text:ECAT_ISR)
                  0000d5c0    0000000a     f2838x_defaultisr.obj (.text:EMU_ISR)
                  0000d5ca    0000000a     f2838x_defaultisr.obj (.text:EPWM10_ISR)
                  0000d5d4    0000000a     f2838x_defaultisr.obj (.text:EPWM10_TZ_ISR)
                  0000d5de    0000000a     f2838x_defaultisr.obj (.text:EPWM11_ISR)
                  0000d5e8    0000000a     f2838x_defaultisr.obj (.text:EPWM11_TZ_ISR)
                  0000d5f2    0000000a     f2838x_defaultisr.obj (.text:EPWM12_ISR)
                  0000d5fc    0000000a     f2838x_defaultisr.obj (.text:EPWM12_TZ_ISR)
                  0000d606    0000000a     f2838x_defaultisr.obj (.text:EPWM13_ISR)
                  0000d610    0000000a     f2838x_defaultisr.obj (.text:EPWM13_TZ_ISR)
                  0000d61a    0000000a     f2838x_defaultisr.obj (.text:EPWM14_ISR)
                  0000d624    0000000a     f2838x_defaultisr.obj (.text:EPWM14_TZ_ISR)
                  0000d62e    0000000a     f2838x_defaultisr.obj (.text:EPWM15_ISR)
                  0000d638    0000000a     f2838x_defaultisr.obj (.text:EPWM15_TZ_ISR)
                  0000d642    0000000a     f2838x_defaultisr.obj (.text:EPWM16_ISR)
                  0000d64c    0000000a     f2838x_defaultisr.obj (.text:EPWM16_TZ_ISR)
                  0000d656    0000000a     f2838x_defaultisr.obj (.text:EPWM1_ISR)
                  0000d660    0000000a     f2838x_defaultisr.obj (.text:EPWM1_TZ_ISR)
                  0000d66a    0000000a     f2838x_defaultisr.obj (.text:EPWM2_ISR)
                  0000d674    0000000a     f2838x_defaultisr.obj (.text:EPWM2_TZ_ISR)
                  0000d67e    0000000a     f2838x_defaultisr.obj (.text:EPWM3_ISR)
                  0000d688    0000000a     f2838x_defaultisr.obj (.text:EPWM3_TZ_ISR)
                  0000d692    0000000a     f2838x_defaultisr.obj (.text:EPWM4_ISR)
                  0000d69c    0000000a     f2838x_defaultisr.obj (.text:EPWM4_TZ_ISR)
                  0000d6a6    0000000a     f2838x_defaultisr.obj (.text:EPWM5_ISR)
                  0000d6b0    0000000a     f2838x_defaultisr.obj (.text:EPWM5_TZ_ISR)
                  0000d6ba    0000000a     f2838x_defaultisr.obj (.text:EPWM6_ISR)
                  0000d6c4    0000000a     f2838x_defaultisr.obj (.text:EPWM6_TZ_ISR)
                  0000d6ce    0000000a     f2838x_defaultisr.obj (.text:EPWM7_ISR)
                  0000d6d8    0000000a     f2838x_defaultisr.obj (.text:EPWM7_TZ_ISR)
                  0000d6e2    0000000a     f2838x_defaultisr.obj (.text:EPWM8_ISR)
                  0000d6ec    0000000a     f2838x_defaultisr.obj (.text:EPWM8_TZ_ISR)
                  0000d6f6    0000000a     f2838x_defaultisr.obj (.text:EPWM9_ISR)
                  0000d700    0000000a     f2838x_defaultisr.obj (.text:EPWM9_TZ_ISR)
                  0000d70a    0000000a     f2838x_defaultisr.obj (.text:EQEP1_ISR)
                  0000d714    0000000a     f2838x_defaultisr.obj (.text:EQEP2_ISR)
                  0000d71e    0000000a     f2838x_defaultisr.obj (.text:EQEP3_ISR)
                  0000d728    0000000a     f2838x_defaultisr.obj (.text:FMC_ISR)
                  0000d732    0000000a     f2838x_defaultisr.obj (.text:FPU_OFLOW_ISR)
                  0000d73c    0000000a     f2838x_defaultisr.obj (.text:FPU_UFLOW_ISR)
                  0000d746    0000000a     f2838x_defaultisr.obj (.text:FSIRXA1_ISR)
                  0000d750    0000000a     f2838x_defaultisr.obj (.text:FSIRXA2_ISR)
                  0000d75a    0000000a     f2838x_defaultisr.obj (.text:FSIRXB1_ISR)
                  0000d764    0000000a     f2838x_defaultisr.obj (.text:FSIRXB2_ISR)
                  0000d76e    0000000a     f2838x_defaultisr.obj (.text:FSIRXC1_ISR)
                  0000d778    0000000a     f2838x_defaultisr.obj (.text:FSIRXC2_ISR)
                  0000d782    0000000a     f2838x_defaultisr.obj (.text:FSIRXD1_ISR)
                  0000d78c    0000000a     f2838x_defaultisr.obj (.text:FSIRXD2_ISR)
                  0000d796    0000000a     f2838x_defaultisr.obj (.text:FSIRXE1_ISR)
                  0000d7a0    0000000a     f2838x_defaultisr.obj (.text:FSIRXE2_ISR)
                  0000d7aa    0000000a     f2838x_defaultisr.obj (.text:FSIRXF1_ISR)
                  0000d7b4    0000000a     f2838x_defaultisr.obj (.text:FSIRXF2_ISR)
                  0000d7be    0000000a     f2838x_defaultisr.obj (.text:FSIRXG1_ISR)
                  0000d7c8    0000000a     f2838x_defaultisr.obj (.text:FSIRXG2_ISR)
                  0000d7d2    0000000a     f2838x_defaultisr.obj (.text:FSIRXH1_ISR)
                  0000d7dc    0000000a     f2838x_defaultisr.obj (.text:FSIRXH2_ISR)
                  0000d7e6    0000000a     f2838x_defaultisr.obj (.text:FSITXA1_ISR)
                  0000d7f0    0000000a     f2838x_defaultisr.obj (.text:FSITXA2_ISR)
                  0000d7fa    0000000a     f2838x_defaultisr.obj (.text:FSITXB1_ISR)
                  0000d804    0000000a     f2838x_defaultisr.obj (.text:FSITXB2_ISR)
                  0000d80e    0000000a     f2838x_defaultisr.obj (.text:I2CA_FIFO_ISR)
                  0000d818    0000000a     f2838x_defaultisr.obj (.text:I2CA_HIGH_ISR)
                  0000d822    0000000a     f2838x_defaultisr.obj (.text:I2CA_ISR)
                  0000d82c    0000000a     f2838x_defaultisr.obj (.text:I2CB_FIFO_ISR)
                  0000d836    0000000a     f2838x_defaultisr.obj (.text:I2CB_ISR)
                  0000d840    0000000a     f2838x_defaultisr.obj (.text:ILLEGAL_ISR)
                  0000d84a    0000000a     interrupt.obj (.text:Interrupt_illegalOperationHandler)
                  0000d854    0000000a     interrupt.obj (.text:Interrupt_nmiHandler)
                  0000d85e    0000000a     f2838x_defaultisr.obj (.text:MCANA_0_ISR)
                  0000d868    0000000a     f2838x_defaultisr.obj (.text:MCANA_1_ISR)
                  0000d872    0000000a     f2838x_defaultisr.obj (.text:MCANA_ECC_ISR)
                  0000d87c    0000000a     f2838x_defaultisr.obj (.text:MCANA_WAKE_ISR)
                  0000d886    0000000a     f2838x_defaultisr.obj (.text:MCBSPA_RX_ISR)
                  0000d890    0000000a     f2838x_defaultisr.obj (.text:MCBSPA_TX_ISR)
                  0000d89a    0000000a     f2838x_defaultisr.obj (.text:MCBSPB_RX_ISR)
                  0000d8a4    0000000a     f2838x_defaultisr.obj (.text:MCBSPB_TX_ISR)
                  0000d8ae    0000000a     f2838x_defaultisr.obj (.text:MPOST_ISR)
                  0000d8b8    0000000a     f2838x_defaultisr.obj (.text:NMI_ISR)
                  0000d8c2    0000000a     f2838x_defaultisr.obj (.text:NOTUSED_ISR)
                  0000d8cc    0000000a     f2838x_defaultisr.obj (.text:PIE_RESERVED_ISR)
                  0000d8d6    0000000a     f2838x_defaultisr.obj (.text:PMBUSA_ISR)
                  0000d8e0    0000000a     f2838x_defaultisr.obj (.text:RTOS_ISR)
                  0000d8ea    0000000a     f2838x_defaultisr.obj (.text:SCIA_RX_ISR)
                  0000d8f4    0000000a     f2838x_defaultisr.obj (.text:SCIA_TX_ISR)
                  0000d8fe    0000000a     f2838x_defaultisr.obj (.text:SCIB_RX_ISR)
                  0000d908    0000000a     f2838x_defaultisr.obj (.text:SCIB_TX_ISR)
                  0000d912    0000000a     f2838x_defaultisr.obj (.text:SCIC_RX_ISR)
                  0000d91c    0000000a     f2838x_defaultisr.obj (.text:SCIC_TX_ISR)
                  0000d926    0000000a     f2838x_defaultisr.obj (.text:SCID_RX_ISR)
                  0000d930    0000000a     f2838x_defaultisr.obj (.text:SCID_TX_ISR)
                  0000d93a    0000000a     f2838x_defaultisr.obj (.text:SDFM1DR1_ISR)
                  0000d944    0000000a     f2838x_defaultisr.obj (.text:SDFM1DR2_ISR)
                  0000d94e    0000000a     f2838x_defaultisr.obj (.text:SDFM1DR3_ISR)
                  0000d958    0000000a     f2838x_defaultisr.obj (.text:SDFM1DR4_ISR)
                  0000d962    0000000a     f2838x_defaultisr.obj (.text:SDFM1_ISR)
                  0000d96c    0000000a     f2838x_defaultisr.obj (.text:SDFM2DR1_ISR)
                  0000d976    0000000a     f2838x_defaultisr.obj (.text:SDFM2DR2_ISR)
                  0000d980    0000000a     f2838x_defaultisr.obj (.text:SDFM2DR3_ISR)
                  0000d98a    0000000a     f2838x_defaultisr.obj (.text:SDFM2DR4_ISR)
                  0000d994    0000000a     f2838x_defaultisr.obj (.text:SDFM2_ISR)
                  0000d99e    0000000a     f2838x_defaultisr.obj (.text:SPIA_RX_ISR)
                  0000d9a8    0000000a     f2838x_defaultisr.obj (.text:SPIA_TX_ISR)
                  0000d9b2    0000000a     f2838x_defaultisr.obj (.text:SPIB_RX_ISR)
                  0000d9bc    0000000a     f2838x_defaultisr.obj (.text:SPIB_TX_ISR)
                  0000d9c6    0000000a     f2838x_defaultisr.obj (.text:SPIC_RX_ISR)
                  0000d9d0    0000000a     f2838x_defaultisr.obj (.text:SPIC_TX_ISR)
                  0000d9da    0000000a     f2838x_defaultisr.obj (.text:SPID_RX_ISR)
                  0000d9e4    0000000a     f2838x_defaultisr.obj (.text:SPID_TX_ISR)
                  0000d9ee    0000000a     f2838x_defaultisr.obj (.text:SYS_ERR_ISR)
                  0000d9f8    0000000a     f2838x_defaultisr.obj (.text:TIMER0_ISR)
                  0000da02    0000000a     f2838x_defaultisr.obj (.text:TIMER1_ISR)
                  0000da0c    0000000a     f2838x_defaultisr.obj (.text:TIMER2_ISR)
                  0000da16    0000000a     f2838x_defaultisr.obj (.text:USBA_ISR)
                  0000da20    0000000a     f2838x_defaultisr.obj (.text:USER10_ISR)
                  0000da2a    0000000a     f2838x_defaultisr.obj (.text:USER11_ISR)
                  0000da34    0000000a     f2838x_defaultisr.obj (.text:USER12_ISR)
                  0000da3e    0000000a     f2838x_defaultisr.obj (.text:USER1_ISR)
                  0000da48    0000000a     f2838x_defaultisr.obj (.text:USER2_ISR)
                  0000da52    0000000a     f2838x_defaultisr.obj (.text:USER3_ISR)
                  0000da5c    0000000a     f2838x_defaultisr.obj (.text:USER4_ISR)
                  0000da66    0000000a     f2838x_defaultisr.obj (.text:USER5_ISR)
                  0000da70    0000000a     f2838x_defaultisr.obj (.text:USER6_ISR)
                  0000da7a    0000000a     f2838x_defaultisr.obj (.text:USER7_ISR)
                  0000da84    0000000a     f2838x_defaultisr.obj (.text:USER8_ISR)
                  0000da8e    0000000a     f2838x_defaultisr.obj (.text:USER9_ISR)
                  0000da98    0000000a     f2838x_defaultisr.obj (.text:WAKE_ISR)
                  0000daa2    0000000a     f2838x_defaultisr.obj (.text:XINT1_ISR)
                  0000daac    0000000a     f2838x_defaultisr.obj (.text:XINT2_ISR)
                  0000dab6    0000000a     f2838x_defaultisr.obj (.text:XINT3_ISR)
                  0000dac0    0000000a     f2838x_defaultisr.obj (.text:XINT4_ISR)
                  0000daca    0000000a     f2838x_defaultisr.obj (.text:XINT5_ISR)
                  0000dad4    00000009     csu_Control.obj (.text:Bit_RunCBIT)
                  0000dadd    00000009     hal_Led.obj (.text:Led_TogglePin)
                  0000dae6    00000009     csu_MotorDriver.obj (.text:MotorDriver_ClearFaults)
                  0000daef    00000009     hal_DspInit.obj (.text:initSystemCommunications)
                  0000daf8    00000009     rts2800_fpu64_eabi.lib : _lock.c.obj (.text)
                  0000db01    00000009     socket.obj (.text:sendto_W5x00)
                  0000db0a    00000008     hal_Fram.obj (.text:Fram_WriteEnable)
                  0000db12    00000008     rts2800_fpu64_eabi.lib : copy_decompress_none.c.obj (.text:decompress:none)
                  0000db1a    00000008     f2838x_codestartbranch.obj (.text)
                  0000db22    00000007     hal_Sci.obj (.text:Initial_SCI)
                  0000db29    00000007     hal_Spi.obj (.text:Initial_SPI)
                  0000db30    00000007     hal_Spi.obj (.text:Spid_CsHigh)
                  0000db37    00000007     hal_Spi.obj (.text:Spid_CsLow)
                  0000db3e    00000007     hal_Sci.obj (.text:initScia_SCI_PC)
                  0000db45    00000006     hal_Fram.obj (.text:Fram_Init)
                  0000db4b    00000006     hal_Spi.obj (.text:cs_desel)
                  0000db51    00000006     hal_Spi.obj (.text:cs_sel)
                  0000db57    00000005     csu_Control.obj (.text:Control_Init)
                  0000db5c    00000005     hal_DspInit.obj (.text:Initial_GPIO)
                  0000db61    00000005     hal_DspInit.obj (.text:initSystemAnalogAdc)
                  0000db66    00000004     csu_Bit.obj (.text:Bit_Init)
                  0000db6a    00000004     main.obj (.text:cycle_1ms)
                  0000db6e    00000003     main.obj (.text:cycle_100ms)
                  0000db71    00000003     main.obj (.text:cycle_10ms)
                  0000db74    00000003     hal_DspInit.obj (.text:initSystemUserInterface)
                  0000db77    00000003     wizchip_conf.obj (.text:wizchip_bus_readdata)
                  0000db7a    00000003     wizchip_conf.obj (.text:wizchip_bus_writedata)
                  0000db7d    00000002     wizchip_conf.obj (.text:wizchip_spi_readbyte)
                  0000db7f    00000001     rts2800_fpu64_eabi.lib : startup.c.obj (.text)
                  0000db80    00000001     wizchip_conf.obj (.text:wizchip_cris_enter)
                  0000db81    00000001     wizchip_conf.obj (.text:wizchip_cris_exit)
                  0000db82    00000001     wizchip_conf.obj (.text:wizchip_cs_deselect)
                  0000db83    00000001     wizchip_conf.obj (.text:wizchip_cs_select)
                  0000db84    00000001     wizchip_conf.obj (.text:wizchip_spi_writebyte)

MODULE SUMMARY

       Module                          code    ro data   rw data
       ------                          ----    -------   -------
    .\
       main.obj                        61      0         0      
    +--+-------------------------------+-------+---------+---------+
       Total:                          61      0         0      
                                                                
    .\CSU\
       csu_Encoder.obj                 273     0         24     
       csu_Adc.obj                     232     0         18     
       csu_MotorCtrl.obj               189     0         48     
       csu_Bit.obj                     170     0         14     
       csu_SciPc.obj                   165     0         3      
       csu_PID.obj                     163     0         0      
       csu_Control.obj                 108     0         8      
       csu_Led.obj                     104     0         3      
       csu_MotorDriver.obj             20      0         1      
    +--+-------------------------------+-------+---------+---------+
       Total:                          1424    0         119    
                                                                
    .\HAL\
       easy28x_driverlib_v12.2.obj     1480    88        38     
       socket.obj                      995     0         19     
       hal_Sci.obj                     508     0         257    
       w6100.obj                       550     0         0      
       wizchip_conf.obj                457     0         47     
       hal_Timer.obj                   395     93        6      
       hal_DspInit.obj                 463     0         0      
       hal_Ethernet.obj                233     120       0      
       hal_Spi.obj                     325     0         0      
       hal_Adc.obj                     253     0         6      
       hal_Encoder.obj                 201     0         0      
       hal_MotorDriver.obj             201     0         0      
       hal_Epwm.obj                    131     0         0      
       hal_Fram.obj                    55      0         0      
       hal_Led.obj                     48      0         0      
    +--+-------------------------------+-------+---------+---------+
       Total:                          6295    301       373    
                                                                
    .\SDK\common\source\
       f2838x_defaultisr.obj           2063    0         0      
       device.obj                      602     0         0      
       f2838x_pievect.obj              0       448       0      
       f2838x_tempsensorconv.obj       30      0         6      
       f2838x_codestartbranch.obj      10      0         0      
       f2838x_usdelay.obj              4       0         0      
    +--+-------------------------------+-------+---------+---------+
       Total:                          2709    448       6      
                                                                
    .\SDK\driverlib\
       sysctl.obj                      1759    49        0      
       ipc.obj                         62      159       544    
       dcc.obj                         696     47        0      
       sci.obj                         633     47        0      
       interrupt.obj                   395     29        0      
       gpio.obj                        321     48        0      
       adc.obj                         241     23        0      
       spi.obj                         191     47        0      
       cputimer.obj                    32      28        0      
    +--+-------------------------------+-------+---------+---------+
       Total:                          4330    477       544    
                                                                
    .\SDK\headers\source\
       f2838x_globalvariabledefs.obj   0       0         110    
    +--+-------------------------------+-------+---------+---------+
       Total:                          0       0         110    
                                                                
    C:\ti\ccs2051\ccs\tools\compiler\ti-cgt-c2000_25.11.0.LTS\lib\rts2800_fpu64_eabi.lib
       fs_div28.asm.obj                136     0         0      
       exit.c.obj                      41      0         6      
       copy_decompress_lzss.c.obj      46      0         0      
       autoinit.c.obj                  43      0         0      
       memcpy.c.obj                    32      0         0      
       ll_cmp28.asm.obj                30      0         0      
       boot28.asm.obj                  25      0         0      
       ll_aox28.asm.obj                24      0         0      
       args_main.c.obj                 18      0         0      
       _lock.c.obj                     9       0         4      
       copy_zero_init.c.obj            13      0         0      
       copy_decompress_none.c.obj      8       0         0      
       pre_init.c.obj                  2       0         0      
       startup.c.obj                   1       0         0      
    +--+-------------------------------+-------+---------+---------+
       Total:                          428     0         10     
                                                                
       Stack:                          0       0         256    
       Linker Generated:               0       59        0      
    +--+-------------------------------+-------+---------+---------+
       Grand Total:                    15247   1285      1418   


LINKER GENERATED COPY TABLES

__TI_cinit_table @ 000001e6 records: 2, size/record: 4, table size: 8
	.data: load addr=000001b2, load size=00000029 bytes, run addr=0000a800, run size=0000006c bytes, compression=lzss
	.bss: load addr=000001e2, load size=00000004 bytes, run addr=0000ad48, run size=00000191 bytes, compression=zero_init


LINKER GENERATED HANDLER TABLE

__TI_handler_table @ 000001dc records: 3, size/record: 2, table size: 6
	index: 0, handler: __TI_zero_init
	index: 1, handler: __TI_decompress_lzss
	index: 2, handler: __TI_decompress_none


GLOBAL DATA SYMBOLS: SORTED BY DATA PAGE

address     data page           name
--------    ----------------    ----
00000400      10 (00000400)     __stack

00007f00     1fc (00007f00)     GpioDataRegs

0000a800     2a0 (0000a800)     ezDSP_Version_SCI
0000a801     2a0 (0000a800)     ezDSP_uRead16BPossible
0000a802     2a0 (0000a800)     ezDSP_uRead8BPossible
0000a803     2a0 (0000a800)     ezDSP_b32bitAddress
0000a804     2a0 (0000a800)     ezDSP_uCPU
0000a805     2a0 (0000a800)     ezDSP_uOnChipFlash
0000a806     2a0 (0000a800)     ezDSP_uBRKDTCount
0000a807     2a0 (0000a800)     ezDSP_uFECount
0000a808     2a0 (0000a800)     ezDSP_uOECount
0000a809     2a0 (0000a800)     ezDSP_uPECount
0000a80a     2a0 (0000a800)     ezDSP_uWrongISRCount
0000a80b     2a0 (0000a800)     ezDSP_ucRx
0000a80c     2a0 (0000a800)     ezDSP_uState
0000a80d     2a0 (0000a800)     ezDSP_uData
0000a80e     2a0 (0000a800)     ezDSP_uChksum
0000a80f     2a0 (0000a800)     ezDSP_uAddrRdCnt
0000a810     2a0 (0000a800)     ezDSP_uDataRdCnt
0000a811     2a0 (0000a800)     ezDSP_uBlockSize
0000a812     2a0 (0000a800)     ezDSP_uBlockIndex
0000a813     2a0 (0000a800)     ezDSP_uChkSumCalculated
0000a814     2a0 (0000a800)     ezDSP_uCommand
0000a815     2a0 (0000a800)     ezDSP_uISRRxCount
0000a816     2a0 (0000a800)     ezDSP_uISRTxCount
0000a817     2a0 (0000a800)     ezDSP_uRxFifoCnt
0000a818     2a0 (0000a800)     ezDSP_uMaxRxFifoCnt
0000a819     2a0 (0000a800)     ezDSP_uTxFifoCnt
0000a81a     2a0 (0000a800)     ezDSP_uMaxTxFifoCnt
0000a81b     2a0 (0000a800)     ezDSP_uTxFifoFullCnt
0000a81c     2a0 (0000a800)     SCIx_BASE
0000a81e     2a0 (0000a800)     ezDSP_ulData
0000a820     2a0 (0000a800)     ezDSP_ulAddr
0000a822     2a0 (0000a800)     ezDSP_ullData
0000a826     2a0 (0000a800)     WIZCHIP

0000a840     2a1 (0000a840)     sock_pack_info
0000a856     2a1 (0000a840)     __TI_enable_exit_profile_output
0000a858     2a1 (0000a840)     __TI_cleanup_ptr
0000a85a     2a1 (0000a840)     __TI_dtors_ptr
0000a864     2a1 (0000a840)     _lock
0000a866     2a1 (0000a840)     _unlock
0000a868     2a1 (0000a840)     currentTemperatureC

0000a880     2a2 (0000a880)     PieVectTableInit

0000aa40     2a9 (0000aa40)     IPC_Instance

0000ad48     2b5 (0000ad40)     xMotorCtrl
0000ad52     2b5 (0000ad40)     speedPid
0000ad64     2b5 (0000ad40)     posPid
0000ad76     2b5 (0000ad40)     xBit

0000ae81     2ba (0000ae80)     xMotorDriver
0000ae82     2ba (0000ae80)     xEncoder
0000aeaa     2ba (0000ae80)     xAdc
0000aeba     2ba (0000ae80)     tempSensor_tempSlope
0000aebc     2ba (0000ae80)     tempSensor_tempOffset
0000aebe     2ba (0000ae80)     tempSensor_scaleFactor

0000aec0     2bb (0000aec0)     adcRawData
0000aec6     2bb (0000aec0)     xTimer
0000aed0     2bb (0000aec0)     xLed
0000aed3     2bb (0000aec0)     xRcvSciPcMsg1
0000aed4     2bb (0000aec0)     xXmtSciPcMsg1
0000aed6     2bb (0000aec0)     xSysCtrl

00038000     e00 (00038000)     IPC_CPU_To_CM_GetBuffer

00039000     e40 (00039000)     IPC_CPU_To_CM_PutBuffer

0003a000     e80 (0003a000)     IPC_CPU1_To_CPU2_PutBuffer

0003b000     ec0 (0003b000)     IPC_CPU1_To_CPU2_GetBuffer

0005d700    175c (0005d700)     AnalogSubsysRegs


GLOBAL SYMBOLS: SORTED ALPHABETICALLY BY Name 

page  address   name                                     
----  -------   ----                                     
0     0000d2be  ADCA1_ISR                                
0     0000d2c8  ADCA2_ISR                                
0     0000d2d2  ADCA3_ISR                                
0     0000d2dc  ADCA4_ISR                                
0     0000d2e6  ADCA_EVT_ISR                             
0     0000d2f0  ADCB1_ISR                                
0     0000d2fa  ADCB2_ISR                                
0     0000d304  ADCB3_ISR                                
0     0000d30e  ADCB4_ISR                                
0     0000d318  ADCB_EVT_ISR                             
0     0000d322  ADCC1_ISR                                
0     0000d32c  ADCC2_ISR                                
0     0000d336  ADCC3_ISR                                
0     0000d340  ADCC4_ISR                                
0     0000d34a  ADCC_EVT_ISR                             
0     0000d354  ADCD1_ISR                                
0     0000d35e  ADCD2_ISR                                
0     0000d368  ADCD3_ISR                                
0     0000d372  ADCD4_ISR                                
0     0000d37c  ADCD_EVT_ISR                             
0     0000912b  ADC_setINLTrim                           
0     000087c5  ADC_setMode                              
0     00009348  ADC_setOffsetTrim                        
0     0000918c  AdcaIsr                                  
1     0005d700  AnalogSubsysRegs                         
0     0000d226  Bit_FaultReset                           
0     00009ff3  Bit_GateFault_Check                      
0     0000db66  Bit_Init                                 
0     000095bc  Bit_OvCurrent_Check                      
0     00009e34  Bit_OvTemperature_Check                  
0     00009e57  Bit_OvVoltage_Check                      
0     0000dad4  Bit_RunCBIT                              
0     0000d1f9  Bit_RunPBIT                              
0     00009d9a  C$$EXIT                                  
0     0000d386  CANA0_ISR                                
0     0000d390  CANA1_ISR                                
0     0000d39a  CANB0_ISR                                
0     0000d3a4  CANB1_ISR                                
0     0000d3ae  CIPC0_ISR                                
0     0000d3b8  CIPC1_ISR                                
0     0000d3c2  CIPC2_ISR                                
0     0000d3cc  CIPC3_ISR                                
0     0000d3d6  CLA1CRC_ISR                              
0     0000d3e0  CLA1_1_ISR                               
0     0000d3ea  CLA1_2_ISR                               
0     0000d3f4  CLA1_3_ISR                               
0     0000d3fe  CLA1_4_ISR                               
0     0000d408  CLA1_5_ISR                               
0     0000d412  CLA1_6_ISR                               
0     0000d41c  CLA1_7_ISR                               
0     0000d426  CLA1_8_ISR                               
0     0000d430  CLA_OVERFLOW_ISR                         
0     0000d43a  CLA_UNDERFLOW_ISR                        
0     0000d444  CLB1_ISR                                 
0     0000d44e  CLB2_ISR                                 
0     0000d458  CLB3_ISR                                 
0     0000d462  CLB4_ISR                                 
0     0000d46c  CLB5_ISR                                 
0     0000d476  CLB6_ISR                                 
0     0000d480  CLB7_ISR                                 
0     0000d48a  CLB8_ISR                                 
0     0000d494  CMTOCPUXIPC0_ISR                         
0     0000d49e  CMTOCPUXIPC1_ISR                         
0     0000d4a8  CMTOCPUXIPC2_ISR                         
0     0000d4b2  CMTOCPUXIPC3_ISR                         
0     0000d4bc  CMTOCPUXIPC4_ISR                         
0     0000d4c6  CMTOCPUXIPC5_ISR                         
0     0000d4d0  CMTOCPUXIPC6_ISR                         
0     0000d4da  CMTOCPUXIPC7_ISR                         
0     0000d4e4  CM_STATUS_ISR                            
0     0000d4ee  CPUCRC_ISR                               
0     00009f22  CPUTimer_setEmulationMode                
0     000082b9  CalcAdcData                              
0     000098fa  Control_CalibrateCurrentOffset           
0     0000db57  Control_Init                             
0     0000d106  Control_SystemOperation                  
0     0000d4f8  DATALOG_ISR                              
0     0000c3ab  DCC_verifyClockFrequency                 
0     0000d502  DMA_CH1_ISR                              
0     0000d50c  DMA_CH2_ISR                              
0     0000d516  DMA_CH3_ISR                              
0     0000d520  DMA_CH4_ISR                              
0     0000d52a  DMA_CH5_ISR                              
0     0000d534  DMA_CH6_ISR                              
0     0000cc05  Device_enableAllPeripherals              
0     0000d2a8  Device_enableUnbondedGPIOPullups         
0     0000d119  Device_enableUnbondedGPIOPullupsFor176Pin
0     00008b33  Device_init                              
0     00009dec  Device_initGPIO                          
0     00009fbb  Device_verifyXTAL                        
0     0000d53e  ECAP1_ISR                                
0     0000d548  ECAP2_ISR                                
0     0000d552  ECAP3_ISR                                
0     0000d55c  ECAP4_ISR                                
0     0000d566  ECAP5_ISR                                
0     0000d570  ECAP6_2_ISR                              
0     0000d57a  ECAP6_ISR                                
0     0000d584  ECAP7_2_ISR                              
0     0000d58e  ECAP7_ISR                                
0     0000d598  ECATRST_ISR                              
0     0000d5a2  ECATSYNC0_ISR                            
0     0000d5ac  ECATSYNC1_ISR                            
0     0000d5b6  ECAT_ISR                                 
0     0000d250  EMPTY_ISR                                
0     0000d5c0  EMU_ISR                                  
0     0000d5ca  EPWM10_ISR                               
0     0000d5d4  EPWM10_TZ_ISR                            
0     0000d5de  EPWM11_ISR                               
0     0000d5e8  EPWM11_TZ_ISR                            
0     0000d5f2  EPWM12_ISR                               
0     0000d5fc  EPWM12_TZ_ISR                            
0     0000d606  EPWM13_ISR                               
0     0000d610  EPWM13_TZ_ISR                            
0     0000d61a  EPWM14_ISR                               
0     0000d624  EPWM14_TZ_ISR                            
0     0000d62e  EPWM15_ISR                               
0     0000d638  EPWM15_TZ_ISR                            
0     0000d642  EPWM16_ISR                               
0     0000d64c  EPWM16_TZ_ISR                            
0     0000d656  EPWM1_ISR                                
0     0000d660  EPWM1_TZ_ISR                             
0     0000d66a  EPWM2_ISR                                
0     0000d674  EPWM2_TZ_ISR                             
0     0000d67e  EPWM3_ISR                                
0     0000d688  EPWM3_TZ_ISR                             
0     0000d692  EPWM4_ISR                                
0     0000d69c  EPWM4_TZ_ISR                             
0     0000d6a6  EPWM5_ISR                                
0     0000d6b0  EPWM5_TZ_ISR                             
0     0000d6ba  EPWM6_ISR                                
0     0000d6c4  EPWM6_TZ_ISR                             
0     0000d6ce  EPWM7_ISR                                
0     0000d6d8  EPWM7_TZ_ISR                             
0     0000d6e2  EPWM8_ISR                                
0     0000d6ec  EPWM8_TZ_ISR                             
0     0000d6f6  EPWM9_ISR                                
0     0000d700  EPWM9_TZ_ISR                             
0     0000d70a  EQEP1_ISR                                
0     0000d714  EQEP2_ISR                                
0     0000d71e  EQEP3_ISR                                
0     00009fd7  Encoder_Init                             
0     00009067  Encoder_Init_Hardware                    
0     00009d71  Encoder_LoadOffset                       
0     00008f41  Encoder_ReadSpiData                      
0     00008424  Encoder_UpdatePosition                   
0     00009ebf  Epwm_SetMotorDuty_1x                     
0     0000d01b  Ethernet_Init                            
0     00008fa8  Ethernet_Process                         
0     0000a000  F28x_usDelay                             
0     0000d728  FMC_ISR                                  
0     0000d732  FPU_OFLOW_ISR                            
0     0000d73c  FPU_UFLOW_ISR                            
0     0000d746  FSIRXA1_ISR                              
0     0000d750  FSIRXA2_ISR                              
0     0000d75a  FSIRXB1_ISR                              
0     0000d764  FSIRXB2_ISR                              
0     0000d76e  FSIRXC1_ISR                              
0     0000d778  FSIRXC2_ISR                              
0     0000d782  FSIRXD1_ISR                              
0     0000d78c  FSIRXD2_ISR                              
0     0000d796  FSIRXE1_ISR                              
0     0000d7a0  FSIRXE2_ISR                              
0     0000d7aa  FSIRXF1_ISR                              
0     0000d7b4  FSIRXF2_ISR                              
0     0000d7be  FSIRXG1_ISR                              
0     0000d7c8  FSIRXG2_ISR                              
0     0000d7d2  FSIRXH1_ISR                              
0     0000d7dc  FSIRXH2_ISR                              
0     0000d7e6  FSITXA1_ISR                              
0     0000d7f0  FSITXA2_ISR                              
0     0000d7fa  FSITXB1_ISR                              
0     0000d804  FSITXB2_ISR                              
0     0000db45  Fram_Init                                
0     0000d000  Fram_ReadByte                            
0     00009b88  GPIO_setControllerCore                   
0     00009c43  GPIO_setDirectionMode                    
0     000097c5  GPIO_setInterruptPin                     
0     0000948c  GPIO_setPadConfig                        
0     00009b58  GPIO_setPinConfig                        
0     00009bb7  GPIO_setQualificationMode                
1     00007f00  GpioDataRegs                             
0     0000d80e  I2CA_FIFO_ISR                            
0     0000d818  I2CA_HIGH_ISR                            
0     0000d822  I2CA_ISR                                 
0     0000d82c  I2CB_FIFO_ISR                            
0     0000d836  I2CB_ISR                                 
0     0000d840  ILLEGAL_ISR                              
0     0003b000  IPC_CPU1_To_CPU2_GetBuffer               
0     0003a000  IPC_CPU1_To_CPU2_PutBuffer               
0     00038000  IPC_CPU_To_CM_GetBuffer                  
0     00039000  IPC_CPU_To_CM_PutBuffer                  
0     0000aa40  IPC_Instance                             
0     0000987e  IPC_unregisterInterrupt                  
0     00008736  InitAdcModules                           
0     00009f62  InitTempSensor                           
0     0000d242  InitialAdc                               
0     00009cc7  Initial_Adc                              
0     000090c9  Initial_EpwmTimer                        
0     0000d25d  Initial_Led                              
0     0000db22  Initial_SCI                              
0     0000db29  Initial_SPI                              
0     00009000  Initial_TIMER                            
0     00009a1c  Initial_W6100                            
0     0000d284  Interrupt_defaultHandler                 
0     00009246  Interrupt_disable                        
0     00009643  Interrupt_enable                         
0     0000d84a  Interrupt_illegalOperationHandler        
0     00009684  Interrupt_initModule                     
0     0000d035  Interrupt_initVectorTable                
0     0000d854  Interrupt_nmiHandler                     
0     0000d099  Led_InitGpio                             
0     0000dadd  Led_TogglePin                            
0     0000d199  Led_WritePin                             
0     0000d85e  MCANA_0_ISR                              
0     0000d868  MCANA_1_ISR                              
0     0000d872  MCANA_ECC_ISR                            
0     0000d87c  MCANA_WAKE_ISR                           
0     0000d886  MCBSPA_RX_ISR                            
0     0000d890  MCBSPA_TX_ISR                            
0     0000d89a  MCBSPB_RX_ISR                            
0     0000d8a4  MCBSPB_TX_ISR                            
0     0000d8ae  MPOST_ISR                                
0     0000cfb7  MotorCtrl_Init                           
0     00009a53  MotorCtrl_Run                            
0     00009f9e  MotorCtrl_SetOutput                      
0     00009e7a  MotorCtrl_UpdateFeedback                 
0     0000dae6  MotorDriver_ClearFaults                  
0     0000d290  MotorDriver_Enable                       
0     0000d2b3  MotorDriver_Init                         
0     0000888f  MotorDriver_Init_Hardware                
0     0000d13f  MotorDriver_ReadReg                      
0     0000d29c  MotorDriver_SetDir                       
0     0000d152  MotorDriver_WriteReg                     
0     0000d8b8  NMI_ISR                                  
[...]
0     0000a807  ezDSP_uFECount                           
0     0000a808  ezDSP_uOECount                           
0     0000a809  ezDSP_uPECount                           
0     0000a80a  ezDSP_uWrongISRCount                     
0     0000a80b  ezDSP_ucRx                               
0     0000a80c  ezDSP_uState                             
0     0000a80d  ezDSP_uData                              
0     0000a80e  ezDSP_uChksum                            
0     0000a80f  ezDSP_uAddrRdCnt                         
0     0000a810  ezDSP_uDataRdCnt                         
0     0000a811  ezDSP_uBlockSize                         
0     0000a812  ezDSP_uBlockIndex                        
0     0000a813  ezDSP_uChkSumCalculated                  
0     0000a814  ezDSP_uCommand                           
0     0000a815  ezDSP_uISRRxCount                        
0     0000a816  ezDSP_uISRTxCount                        
0     0000a817  ezDSP_uRxFifoCnt                         
0     0000a818  ezDSP_uMaxRxFifoCnt                      
0     0000a819  ezDSP_uTxFifoCnt                         
0     0000a81a  ezDSP_uMaxTxFifoCnt                      
0     0000a81b  ezDSP_uTxFifoFullCnt                     
0     0000a81c  SCIx_BASE                                
0     0000a81e  ezDSP_ulData                             
0     0000a820  ezDSP_ulAddr                             
0     0000a822  ezDSP_ullData                            
0     0000a826  WIZCHIP                                  
0     0000a840  sock_pack_info                           
0     0000a856  __TI_enable_exit_profile_output          
0     0000a858  __TI_cleanup_ptr                         
0     0000a85a  __TI_dtors_ptr                           
0     0000a864  _lock                                    
0     0000a866  _unlock                                  
0     0000a868  currentTemperatureC                      
0     0000a880  PieVectTableInit                         
0     0000aa40  IPC_Instance                             
0     0000ad48  xMotorCtrl                               
0     0000ad52  speedPid                                 
0     0000ad64  posPid                                   
0     0000ad76  xBit                                     
0     0000ae81  xMotorDriver                             
0     0000ae82  xEncoder                                 
0     0000aeaa  xAdc                                     
0     0000aeba  tempSensor_tempSlope                     
0     0000aebc  tempSensor_tempOffset                    
0     0000aebe  tempSensor_scaleFactor                   
0     0000aec0  adcRawData                               
0     0000aec6  xTimer                                   
0     0000aed0  xLed                                     
0     0000aed3  xRcvSciPcMsg1                            
0     0000aed4  xXmtSciPcMsg1                            
0     0000aed6  xSysCtrl                                 
0     0000c000  easy_RXINT_ISR                           
0     0000c3ab  DCC_verifyClockFrequency                 
0     0000c663  recvfrom_W6x00                           
0     0000c800  SysCtl_isPLLValid                        
0     0000ca5d  easyDSP_SCI_Init                         
0     0000cc05  Device_enableAllPeripherals              
0     0000cd6c  SysCtl_setClock                          
0     0000ce9a  socket                                   
0     0000cfb7  MotorCtrl_Init                           
0     0000cffd  __error__                                
0     0000d000  Fram_ReadByte                            
0     0000d01b  Ethernet_Init                            
0     0000d035  Interrupt_initVectorTable                
0     0000d04f  recvSciPcMessage                         
0     0000d068  _c_int00                                 
0     0000d081  __c28xabi_andll                          
0     0000d089  __c28xabi_orll                           
0     0000d091  __c28xabi_xorll                          
0     0000d099  Led_InitGpio                             
0     0000d0b0  wizchip_spi_writeburst                   
0     0000d0c7  isr_CpuTimer1                            
0     0000d0dd  isr_CpuTimer2                            
0     0000d0f2  wizchip_spi_readburst                    
0     0000d106  Control_SystemOperation                  
0     0000d119  Device_enableUnbondedGPIOPullupsFor176Pin
0     0000d13f  MotorDriver_ReadReg                      
0     0000d152  MotorDriver_WriteReg                     
0     0000d164  reg_wizchip_cs_cbfunc                    
0     0000d176  _args_main                               
0     0000d188  setLedModeToggle                         
0     0000d199  Led_WritePin                             
0     0000d1a9  Spid_Transmit                            
0     0000d1b9  System_Initialization                    
0     0000d1c9  isr_CpuTimer0                            
0     0000d1e9  xmtScia_SCI_PC                           
0     0000d1f9  Bit_RunPBIT                              
0     0000d208  spi_read_byte                            
0     0000d217  spi_write_byte                           
0     0000d226  Bit_FaultReset                           
0     0000d242  InitialAdc                               
0     0000d250  EMPTY_ISR                                
0     0000d25d  Initial_Led                              
0     0000d26a  __TI_zero_init_nomemset                  
0     0000d277  recvfrom_W5x00                           
0     0000d284  Interrupt_defaultHandler                 
0     0000d290  MotorDriver_Enable                       
0     0000d29c  MotorDriver_SetDir                       
0     0000d2a8  Device_enableUnbondedGPIOPullups         
0     0000d2b3  MotorDriver_Init                         
0     0000d2be  ADCA1_ISR                                
0     0000d2c8  ADCA2_ISR                                
0     0000d2d2  ADCA3_ISR                                
0     0000d2dc  ADCA4_ISR                                
0     0000d2e6  ADCA_EVT_ISR                             
0     0000d2f0  ADCB1_ISR                                
0     0000d2fa  ADCB2_ISR                                
0     0000d304  ADCB3_ISR                                
0     0000d30e  ADCB4_ISR                                
0     0000d318  ADCB_EVT_ISR                             
0     0000d322  ADCC1_ISR                                
0     0000d32c  ADCC2_ISR                                
0     0000d336  ADCC3_ISR                                
0     0000d340  ADCC4_ISR                                
0     0000d34a  ADCC_EVT_ISR                             
0     0000d354  ADCD1_ISR                                
0     0000d35e  ADCD2_ISR                                
0     0000d368  ADCD3_ISR                                
0     0000d372  ADCD4_ISR                                
0     0000d37c  ADCD_EVT_ISR                             
0     0000d386  CANA0_ISR                                
0     0000d390  CANA1_ISR                                
0     0000d39a  CANB0_ISR                                
0     0000d3a4  CANB1_ISR                                
0     0000d3ae  CIPC0_ISR                                
0     0000d3b8  CIPC1_ISR                                
0     0000d3c2  CIPC2_ISR                                
0     0000d3cc  CIPC3_ISR                                
0     0000d3d6  CLA1CRC_ISR                              
0     0000d3e0  CLA1_1_ISR                               
0     0000d3ea  CLA1_2_ISR                               
0     0000d3f4  CLA1_3_ISR                               
0     0000d3fe  CLA1_4_ISR                               
0     0000d408  CLA1_5_ISR                               
0     0000d412  CLA1_6_ISR                               
0     0000d41c  CLA1_7_ISR                               
0     0000d426  CLA1_8_ISR                               
0     0000d430  CLA_OVERFLOW_ISR                         
0     0000d43a  CLA_UNDERFLOW_ISR                        
0     0000d444  CLB1_ISR                                 
0     0000d44e  CLB2_ISR                                 
0     0000d458  CLB3_ISR                                 
0     0000d462  CLB4_ISR                                 
0     0000d46c  CLB5_ISR                                 
0     0000d476  CLB6_ISR                                 
0     0000d480  CLB7_ISR                                 
0     0000d48a  CLB8_ISR                                 
0     0000d494  CMTOCPUXIPC0_ISR                         
0     0000d49e  CMTOCPUXIPC1_ISR                         
0     0000d4a8  CMTOCPUXIPC2_ISR                         
0     0000d4b2  CMTOCPUXIPC3_ISR                         
0     0000d4bc  CMTOCPUXIPC4_ISR                         
0     0000d4c6  CMTOCPUXIPC5_ISR                         
0     0000d4d0  CMTOCPUXIPC6_ISR                         
0     0000d4da  CMTOCPUXIPC7_ISR                         
0     0000d4e4  CM_STATUS_ISR                            
0     0000d4ee  CPUCRC_ISR                               
0     0000d4f8  DATALOG_ISR                              
0     0000d502  DMA_CH1_ISR                              
0     0000d50c  DMA_CH2_ISR                              
0     0000d516  DMA_CH3_ISR                              
0     0000d520  DMA_CH4_ISR                              
0     0000d52a  DMA_CH5_ISR                              
0     0000d534  DMA_CH6_ISR                              
0     0000d53e  ECAP1_ISR                                
0     0000d548  ECAP2_ISR                                
0     0000d552  ECAP3_ISR                                
0     0000d55c  ECAP4_ISR                                
0     0000d566  ECAP5_ISR                                
0     0000d570  ECAP6_2_ISR                              
0     0000d57a  ECAP6_ISR                                
0     0000d584  ECAP7_2_ISR                              
0     0000d58e  ECAP7_ISR                                
0     0000d598  ECATRST_ISR                              
0     0000d5a2  ECATSYNC0_ISR                            
0     0000d5ac  ECATSYNC1_ISR                            
0     0000d5b6  ECAT_ISR                                 
0     0000d5c0  EMU_ISR                                  
0     0000d5ca  EPWM10_ISR                               
0     0000d5d4  EPWM10_TZ_ISR                            
0     0000d5de  EPWM11_ISR                               
0     0000d5e8  EPWM11_TZ_ISR                            
0     0000d5f2  EPWM12_ISR                               
0     0000d5fc  EPWM12_TZ_ISR                            
0     0000d606  EPWM13_ISR                               
0     0000d610  EPWM13_TZ_ISR                            
0     0000d61a  EPWM14_ISR                               
0     0000d624  EPWM14_TZ_ISR                            
0     0000d62e  EPWM15_ISR                               
0     0000d638  EPWM15_TZ_ISR                            
0     0000d642  EPWM16_ISR                               
0     0000d64c  EPWM16_TZ_ISR                            
0     0000d656  EPWM1_ISR                                
0     0000d660  EPWM1_TZ_ISR                             
0     0000d66a  EPWM2_ISR                                
0     0000d674  EPWM2_TZ_ISR                             
0     0000d67e  EPWM3_ISR                                
0     0000d688  EPWM3_TZ_ISR                             
0     0000d692  EPWM4_ISR                                
0     0000d69c  EPWM4_TZ_ISR                             
0     0000d6a6  EPWM5_ISR                                
0     0000d6b0  EPWM5_TZ_ISR                             
0     0000d6ba  EPWM6_ISR                                
0     0000d6c4  EPWM6_TZ_ISR                             
0     0000d6ce  EPWM7_ISR                                
0     0000d6d8  EPWM7_TZ_ISR                             
0     0000d6e2  EPWM8_ISR                                
0     0000d6ec  EPWM8_TZ_ISR                             
0     0000d6f6  EPWM9_ISR                                
0     0000d700  EPWM9_TZ_ISR                             
0     0000d70a  EQEP1_ISR                                
0     0000d714  EQEP2_ISR                                
0     0000d71e  EQEP3_ISR                                
0     0000d728  FMC_ISR                                  
0     0000d732  FPU_OFLOW_ISR                            
0     0000d73c  FPU_UFLOW_ISR                            
0     0000d746  FSIRXA1_ISR                              
0     0000d750  FSIRXA2_ISR                              
0     0000d75a  FSIRXB1_ISR                              
0     0000d764  FSIRXB2_ISR                              
0     0000d76e  FSIRXC1_ISR                              
0     0000d778  FSIRXC2_ISR                              
0     0000d782  FSIRXD1_ISR                              
0     0000d78c  FSIRXD2_ISR                              
0     0000d796  FSIRXE1_ISR                              
0     0000d7a0  FSIRXE2_ISR                              
0     0000d7aa  FSIRXF1_ISR                              
0     0000d7b4  FSIRXF2_ISR                              
0     0000d7be  FSIRXG1_ISR                              
0     0000d7c8  FSIRXG2_ISR                              
0     0000d7d2  FSIRXH1_ISR                              
0     0000d7dc  FSIRXH2_ISR                              
0     0000d7e6  FSITXA1_ISR                              
0     0000d7f0  FSITXA2_ISR                              
0     0000d7fa  FSITXB1_ISR                              
0     0000d804  FSITXB2_ISR                              
0     0000d80e  I2CA_FIFO_ISR                            
0     0000d818  I2CA_HIGH_ISR                            
0     0000d822  I2CA_ISR                                 
0     0000d82c  I2CB_FIFO_ISR                            
0     0000d836  I2CB_ISR                                 
0     0000d840  ILLEGAL_ISR                              
0     0000d84a  Interrupt_illegalOperationHandler        
0     0000d854  Interrupt_nmiHandler                     
0     0000d85e  MCANA_0_ISR                              
0     0000d868  MCANA_1_ISR                              
0     0000d872  MCANA_ECC_ISR                            
0     0000d87c  MCANA_WAKE_ISR                           
0     0000d886  MCBSPA_RX_ISR                            
0     0000d890  MCBSPA_TX_ISR                            
0     0000d89a  MCBSPB_RX_ISR                            
0     0000d8a4  MCBSPB_TX_ISR                            
0     0000d8ae  MPOST_ISR                                
0     0000d8b8  NMI_ISR                                  
0     0000d8c2  NOTUSED_ISR                              
0     0000d8cc  PIE_RESERVED_ISR                         
0     0000d8d6  PMBUSA_ISR                               
0     0000d8e0  RTOS_ISR                                 
0     0000d8ea  SCIA_RX_ISR                              
0     0000d8f4  SCIA_TX_ISR                              
0     0000d8fe  SCIB_RX_ISR                              
0     0000d908  SCIB_TX_ISR                              
0     0000d912  SCIC_RX_ISR                              
0     0000d91c  SCIC_TX_ISR                              
0     0000d926  SCID_RX_ISR                              
0     0000d930  SCID_TX_ISR                              
0     0000d93a  SDFM1DR1_ISR                             
0     0000d944  SDFM1DR2_ISR                             
0     0000d94e  SDFM1DR3_ISR                             
0     0000d958  SDFM1DR4_ISR                             
0     0000d962  SDFM1_ISR                                
0     0000d96c  SDFM2DR1_ISR                             
0     0000d976  SDFM2DR2_ISR                             
0     0000d980  SDFM2DR3_ISR                             
0     0000d98a  SDFM2DR4_ISR                             
0     0000d994  SDFM2_ISR                                
0     0000d99e  SPIA_RX_ISR                              
0     0000d9a8  SPIA_TX_ISR                              
0     0000d9b2  SPIB_RX_ISR                              
0     0000d9bc  SPIB_TX_ISR                              
0     0000d9c6  SPIC_RX_ISR                              
0     0000d9d0  SPIC_TX_ISR                              
0     0000d9da  SPID_RX_ISR                              
0     0000d9e4  SPID_TX_ISR                              
0     0000d9ee  SYS_ERR_ISR                              
0     0000d9f8  TIMER0_ISR                               
0     0000da02  TIMER1_ISR                               
0     0000da0c  TIMER2_ISR                               
0     0000da16  USBA_ISR                                 
0     0000da20  USER10_ISR                               
0     0000da2a  USER11_ISR                               
0     0000da34  USER12_ISR                               
0     0000da3e  USER1_ISR                                
0     0000da48  USER2_ISR                                
0     0000da52  USER3_ISR                                
0     0000da5c  USER4_ISR                                
0     0000da66  USER5_ISR                                
0     0000da70  USER6_ISR                                
0     0000da7a  USER7_ISR                                
0     0000da84  USER8_ISR                                
0     0000da8e  USER9_ISR                                
0     0000da98  WAKE_ISR                                 
0     0000daa2  XINT1_ISR                                
0     0000daac  XINT2_ISR                                
0     0000dab6  XINT3_ISR                                
0     0000dac0  XINT4_ISR                                
0     0000daca  XINT5_ISR                                
0     0000dad4  Bit_RunCBIT                              
0     0000dadd  Led_TogglePin                            
0     0000dae6  MotorDriver_ClearFaults                  
0     0000daf8  _register_unlock                         
0     0000dafc  _register_lock                           
0     0000db00  _nop                                     
0     0000db01  sendto_W5x00                             
0     0000db12  __TI_decompress_none                     
0     0000db22  Initial_SCI                              
0     0000db29  Initial_SPI                              
0     0000db30  Spid_CsHigh                              
0     0000db37  Spid_CsLow                               
0     0000db45  Fram_Init                                
0     0000db4b  cs_desel                                 
0     0000db51  cs_sel                                   
0     0000db57  Control_Init                             
0     0000db66  Bit_Init                                 
0     0000db77  wizchip_bus_readdata                     
0     0000db7a  wizchip_bus_writedata                    
0     0000db7d  wizchip_spi_readbyte                     
0     0000db7f  _system_post_cinit                       
0     0000db80  wizchip_cris_enter                       
0     0000db81  wizchip_cris_exit                        
0     0000db82  wizchip_cs_deselect                      
0     0000db83  wizchip_cs_select                        
0     0000db84  wizchip_spi_writebyte                    
0     00038000  IPC_CPU_To_CM_GetBuffer                  
0     00039000  IPC_CPU_To_CM_PutBuffer                  
0     0003a000  IPC_CPU1_To_CPU2_PutBuffer               
0     0003b000  IPC_CPU1_To_CPU2_GetBuffer               
1     00007f00  GpioDataRegs                             
1     0005d700  AnalogSubsysRegs                         
abs   00000100  __TI_STACK_SIZE                          
abs   ffffffff  __TI_pprof_out_hndl                      
abs   ffffffff  __TI_prof_data_size                      
abs   ffffffff  __TI_prof_data_start                     
abs   ffffffff  __c_args__                               

[451 symbols]
