******************************************************************************
             TMS320C2000 Linker PC v25.11.0                    
******************************************************************************
>> Linked Fri Jun 26 14:02:28 2026

OUTPUT FILE NAME:   <ATTLA_T_CPU1.out>
ENTRY POINT SYMBOL: "code_start"  address: 00000000


MEMORY CONFIGURATION

         name            origin    length      used     unused   attr    fill
----------------------  --------  ---------  --------  --------  ----  --------
PAGE 0:
  BEGIN                 00000000   00000002  00000002  00000000  RWIX
  BOOT_RSVD             00000002   000001af  00000000  000001af  RWIX
  RAMM0                 000001b1   0000024f  00000062  000001ed  RWIX
  RAMM1                 00000400   000003f8  00000100  000002f8  RWIX
  RAMLS0                00008000   00000800  00000800  00000000  RWIX
  RAMLS1                00008800   00000800  00000800  00000000  RWIX
  RAMLS2                00009000   00000800  00000800  00000000  RWIX
  RAMLS3                00009800   00000800  00000800  00000000  RWIX
  RAMLS4                0000a000   00000800  000001fb  00000605  RWIX
  RAMLS5                0000a800   00000800  00000672  0000018e  RWIX
  RAMLS6                0000b000   00000800  0000050f  000002f1  RWIX
  RAMLS7                0000b800   00000800  00000000  00000800  RWIX
  RAMD0                 0000c000   00000800  00000800  00000000  RWIX
  RAMD1                 0000c800   00000800  00000800  00000000  RWIX
  RAMGS0                0000d000   00001000  00000d9a  00000266  RWIX
  RAMGS1                0000e000   00001000  00000000  00001000  RWIX
  RAMGS2                0000f000   00001000  00000000  00001000  RWIX
  RAMGS3                00010000   00001000  00000000  00001000  RWIX
  RAMGS4                00011000   00001000  00000000  00001000  RWIX
  RAMGS5                00012000   00001000  00000000  00001000  RWIX
  RAMGS6                00013000   00001000  00000000  00001000  RWIX
  RAMGS7                00014000   00001000  00000000  00001000  RWIX
  RAMGS8                00015000   00001000  00000000  00001000  RWIX
  RAMGS9                00016000   00001000  00000000  00001000  RWIX
  RAMGS10               00017000   00001000  00000000  00001000  RWIX
  RAMGS11               00018000   00001000  00000000  00001000  RWIX
  RAMGS12               00019000   00001000  00000000  00001000  RWIX
  RAMGS13               0001a000   00001000  00000000  00001000  RWIX
  RAMGS14               0001b000   00001000  00000000  00001000  RWIX
  RAMGS15               0001c000   00000ff8  00000000  00000ff8  RWIX
  CMTOCPURAM            00038000   00000800  00000088  00000778  RWIX
  CPUTOCMRAM            00039000   00000800  00000088  00000778  RWIX
  CPU1TOCPU2RAM         0003a000   00000800  00000088  00000778  RWIX
  CPU2TOCPU1RAM         0003b000   00000800  00000088  00000778  RWIX
  CANA_MSG_RAM          00049000   00000800  00000000  00000800  RWIX
  CANB_MSG_RAM          0004b000   00000800  00000000  00000800  RWIX
  FLASH0                00080000   00002000  00000000  00002000  RWIX
  FLASH1                00082000   00002000  00000000  00002000  RWIX
  FLASH2                00084000   00002000  00000000  00002000  RWIX
  FLASH3                00086000   00002000  00000000  00002000  RWIX
  FLASH4                00088000   00008000  00000000  00008000  RWIX
  FLASH5                00090000   00008000  00000000  00008000  RWIX
  FLASH6                00098000   00008000  00000000  00008000  RWIX
  FLASH7                000a0000   00008000  00000000  00008000  RWIX
  FLASH8                000a8000   00008000  00000000  00008000  RWIX
  FLASH9                000b0000   00008000  00000000  00008000  RWIX
  FLASH10               000b8000   00002000  00000000  00002000  RWIX
  FLASH11               000ba000   00002000  00000000  00002000  RWIX
  FLASH12               000bc000   00002000  00000000  00002000  RWIX
  FLASH13               000be000   00002000  00000000  00002000  RWIX
  RESET                 003fffc0   00000002  00000000  00000002  RWIX

PAGE 1:
  ADCARESULT            00000b00   00000018  00000000  00000018  RWIX
  ADCBRESULT            00000b20   00000018  00000000  00000018  RWIX
  ADCCRESULT            00000b40   00000018  00000000  00000018  RWIX
  ADCDRESULT            00000b60   00000018  00000000  00000018  RWIX
  CPUTIMER0             00000c00   00000008  00000000  00000008  RWIX
  CPUTIMER1             00000c08   00000008  00000000  00000008  RWIX
  CPUTIMER2             00000c10   00000008  00000000  00000008  RWIX
  PIECTRL               00000ce0   0000001a  00000000  0000001a  RWIX
  PIEVECTTABLE          00000d00   00000200  000001c0  00000040  RWIX
  DMA                   00001000   00000200  00000000  00000200  RWIX
  CLA1                  00001400   00000080  00000000  00000080  RWIX
  CLB1LOGICCFG          00003000   00000052  00000000  00000052  RWIX
  CLB1LOGICCTRL         00003100   00000040  00000000  00000040  RWIX
  CLB1DATAEXCH          00003180   00000080  00000000  00000080  RWIX
  CLB2LOGICCFG          00003200   00000052  00000000  00000052  RWIX
  CLB2LOGICCTRL         00003300   00000040  00000000  00000040  RWIX
  CLB2DATAEXCH          00003380   00000080  00000000  00000080  RWIX
  CLB3LOGICCFG          00003400   00000052  00000000  00000052  RWIX
  CLB3LOGICCTRL         00003500   00000040  00000000  00000040  RWIX
  CLB3DATAEXCH          00003580   00000080  00000000  00000080  RWIX
  CLB4LOGICCFG          00003600   00000052  00000000  00000052  RWIX
  CLB4LOGICCTRL         00003700   00000040  00000000  00000040  RWIX
  CLB4DATAEXCH          00003780   00000080  00000000  00000080  RWIX
  CLB5LOGICCFG          00003800   00000052  00000000  00000052  RWIX
  CLB5LOGICCTRL         00003900   00000040  00000000  00000040  RWIX
  CLB5DATAEXCH          00003980   00000080  00000000  00000080  RWIX
  CLB6LOGICCFG          00003a00   00000052  00000000  00000052  RWIX
  CLB6LOGICCTRL         00003b00   00000040  00000000  00000040  RWIX
  CLB6DATAEXCH          00003b80   00000080  00000000  00000080  RWIX
  CLB7LOGICCFG          00003c00   00000052  00000000  00000052  RWIX
  CLB7LOGICCTRL         00003d00   00000040  00000000  00000040  RWIX
  CLB7DATAEXCH          00003d80   00000080  00000000  00000080  RWIX
  CLB8LOGICCFG          00003e00   00000052  00000000  00000052  RWIX
  CLB8LOGICCTRL         00003f00   00000040  00000000  00000040  RWIX
  CLB8DATAEXCH          00003f80   00000080  00000000  00000080  RWIX
  EPWM1                 00004000   00000100  00000000  00000100  RWIX
  EPWM2                 00004100   00000100  00000000  00000100  RWIX
  EPWM3                 00004200   00000100  00000000  00000100  RWIX
  EPWM4                 00004300   00000100  00000000  00000100  RWIX
  EPWM5                 00004400   00000100  00000000  00000100  RWIX
  EPWM6                 00004500   00000100  00000000  00000100  RWIX
  EPWM7                 00004600   00000100  00000000  00000100  RWIX
  EPWM8                 00004700   00000100  00000000  00000100  RWIX
  EPWM9                 00004800   00000100  00000000  00000100  RWIX
  EPWM10                00004900   00000100  00000000  00000100  RWIX
  EPWM11                00004a00   00000100  00000000  00000100  RWIX
  EPWM12                00004b00   00000100  00000000  00000100  RWIX
  EPWM13                00004c00   00000100  00000000  00000100  RWIX
  EPWM14                00004d00   00000100  00000000  00000100  RWIX
  EPWM15                00004e00   00000100  00000000  00000100  RWIX
  EPWM16                00004f00   00000100  00000000  00000100  RWIX
  EQEP1                 00005100   00000040  00000000  00000040  RWIX
  EQEP2                 00005140   00000040  00000000  00000040  RWIX
  EQEP3                 00005180   00000040  00000000  00000040  RWIX
  ECAP1                 00005200   00000020  00000000  00000020  RWIX
  ECAP2                 00005240   00000020  00000000  00000020  RWIX
  ECAP3                 00005280   00000020  00000000  00000020  RWIX
  ECAP4                 000052c0   00000020  00000000  00000020  RWIX
  ECAP5                 00005300   00000020  00000000  00000020  RWIX
  ECAP6                 00005340   00000020  00000000  00000020  RWIX
  HRCAP6                00005360   00000020  00000000  00000020  RWIX
  ECAP7                 00005380   00000020  00000000  00000020  RWIX
  HRCAP7                000053a0   00000020  00000000  00000020  RWIX
  DACA                  00005c00   00000008  00000000  00000008  RWIX
  DACB                  00005c10   00000008  00000000  00000008  RWIX
  DACC                  00005c20   00000008  00000000  00000008  RWIX
  CMPSS1                00005c80   00000020  00000000  00000020  RWIX
  CMPSS2                00005ca0   00000020  00000000  00000020  RWIX
  CMPSS3                00005cc0   00000020  00000000  00000020  RWIX
  CMPSS4                00005ce0   00000020  00000000  00000020  RWIX
  CMPSS5                00005d00   00000020  00000000  00000020  RWIX
  CMPSS6                00005d20   00000020  00000000  00000020  RWIX
  CMPSS7                00005d40   00000020  00000000  00000020  RWIX
  CMPSS8                00005d60   00000020  00000000  00000020  RWIX
  SDFM1                 00005e00   00000080  00000000  00000080  RWIX
  SDFM2                 00005e80   00000080  00000000  00000080  RWIX
  MCBSPA                00006000   00000024  00000000  00000024  RWIX
  MCBSPB                00006040   00000024  00000000  00000024  RWIX
  SPIA                  00006100   00000010  00000000  00000010  RWIX
  SPIB                  00006110   00000010  00000000  00000010  RWIX
  SPIC                  00006120   00000010  00000000  00000010  RWIX
  SPID                  00006130   00000010  00000000  00000010  RWIX
  BGCRCCPU              00006340   00000040  00000000  00000040  RWIX
  BGCRCCLA1             00006380   00000040  00000000  00000040  RWIX
  PMBUSA                00006400   00000020  00000000  00000020  RWIX
  FSITXA                00006600   00000050  00000000  00000050  RWIX
  FSIRXA                00006680   00000050  00000000  00000050  RWIX
  FSITXB                00006700   00000050  00000000  00000050  RWIX
  FSIRXB                00006780   00000050  00000000  00000050  RWIX
  FSIRXC                00006880   00000050  00000000  00000050  RWIX
  FSIRXD                00006980   00000050  00000000  00000050  RWIX
  FSIRXE                00006a80   00000050  00000000  00000050  RWIX
  FSIRXF                00006b80   00000050  00000000  00000050  RWIX
  FSIRXG                00006c80   00000050  00000000  00000050  RWIX
  FSIRXH                00006d80   00000050  00000000  00000050  RWIX
  WD                    00007000   0000002c  00000000  0000002c  RWIX
  NMIINTRUPT            00007060   00000010  00000000  00000010  RWIX
  XINT                  00007070   0000000c  00000000  0000000c  RWIX
  SCIA                  00007200   00000010  00000000  00000010  RWIX
  SCIB                  00007210   00000010  00000000  00000010  RWIX
  SCIC                  00007220   00000010  00000000  00000010  RWIX
  SCID                  00007230   00000010  00000000  00000010  RWIX
  I2CA                  00007300   00000022  00000000  00000022  RWIX
  I2CB                  00007340   00000022  00000000  00000022  RWIX
  ADCA                  00007400   00000080  00000000  00000080  RWIX
  ADCB                  00007480   00000080  00000000  00000080  RWIX
  ADCC                  00007500   00000080  00000000  00000080  RWIX
  ADCD                  00007580   00000080  00000000  00000080  RWIX
  INPUTXBAR             00007900   00000020  00000000  00000020  RWIX
  XBAR                  00007920   00000020  00000000  00000020  RWIX
  SYNCSOC               00007940   00000006  00000000  00000006  RWIX
  CLBINPUTXBAR          00007960   00000020  00000000  00000020  RWIX
  DMACLASRCSEL          00007980   0000001a  00000000  0000001a  RWIX
  EPWMXBAR              00007a00   00000040  00000000  00000040  RWIX
  CLBXBAR               00007a40   00000040  00000000  00000040  RWIX
  OUTPUTXBAR            00007a80   00000040  00000000  00000040  RWIX
  CLBOUTPUTXBAR         00007bc0   00000040  00000000  00000040  RWIX
  GPIOCTRL              00007c00   00000200  00000000  00000200  RWIX
  GPIODATA              00007f00   00000040  00000000  00000040  RWIX
  GPIODATAREAD          00007f80   00000010  00000000  00000010  RWIX
  EMIF1                 00047000   00000070  00000000  00000070  RWIX
  EMIF2                 00047800   00000070  00000000  00000070  RWIX
  CANA                  00048000   00000200  00000000  00000200  RWIX
  CANB                  0004a000   00000200  00000000  00000200  RWIX
  ESCSS                 00057e00   00000024  00000000  00000024  RWIX
  ESCSSCONFIG           00057f00   00000016  00000000  00000016  RWIX
  MCANASS               0005c400   0000002c  00000000  0000002c  RWIX
  MCANA                 0005c600   00000100  00000000  00000100  RWIX
  MCANAERR              0005c800   00000210  00000000  00000210  RWIX
  CPU1TOCPU2IPC         0005ce00   00000026  00000000  00000026  RWIX
  CPU1TOCMIPC           0005ce40   00000026  00000000  00000026  RWIX
  DEVCFG                0005d000   000001a0  00000000  000001a0  RWIX
  CLKCFG                0005d200   00000100  00000000  00000100  RWIX
  CPUSYS                0005d300   000000a0  00000000  000000a0  RWIX
  SYSSTATUS             0005d400   00000100  00000000  00000100  RWIX
  SYSPERIPHAC           0005d500   00000200  00000000  00000200  RWIX
  ANALOGSUBSYS          0005d700   00000100  00000000  00000100  RWIX
  CMCONF                0005dc00   00000400  00000000  00000400  RWIX
  DCC0                  0005e700   00000038  00000000  00000038  RWIX
  DCC1                  0005e740   00000038  00000000  00000038  RWIX
  DCC2                  0005e780   00000038  00000000  00000038  RWIX
  ERADGLOBAL            0005e800   00000014  00000000  00000014  RWIX
  ERADHWBP1             0005e900   00000008  00000000  00000008  RWIX
  ERADHWBP2             0005e908   00000008  00000000  00000008  RWIX
  ERADHWBP3             0005e910   00000008  00000000  00000008  RWIX
  ERADHWBP4             0005e918   00000008  00000000  00000008  RWIX
  ERADHWBP5             0005e920   00000008  00000000  00000008  RWIX
  ERADHWBP6             0005e928   00000008  00000000  00000008  RWIX
  ERADHWBP7             0005e930   00000008  00000000  00000008  RWIX
  ERADHWBP8             0005e938   00000008  00000000  00000008  RWIX
  ERADCOUNTER1          0005e980   00000010  00000000  00000010  RWIX
  ERADCOUNTER2          0005e990   00000010  00000000  00000010  RWIX
  ERADCOUNTER3          0005e9a0   00000010  00000000  00000010  RWIX
  ERADCOUNTER4          0005e9b0   00000010  00000000  00000010  RWIX
  ERADCRCGLOBAL         0005ea00   00000010  00000000  00000010  RWIX
  ERADCRC1              0005ea10   00000010  00000000  00000010  RWIX
  ERADCRC2              0005ea20   00000010  00000000  00000010  RWIX
  ERADCRC3              0005ea30   00000010  00000000  00000010  RWIX
  ERADCRC4              0005ea40   00000010  00000000  00000010  RWIX
  ERADCRC5              0005ea50   00000010  00000000  00000010  RWIX
  ERADCRC6              0005ea60   00000010  00000000  00000010  RWIX
  ERADCRC7              0005ea70   00000010  00000000  00000010  RWIX
  ERADCRC8              0005ea80   00000010  00000000  00000010  RWIX
  DCSMZ1                0005f000   0000003e  00000000  0000003e  RWIX
  DCSMZ2                0005f080   0000003e  00000000  0000003e  RWIX
  DCSMCOMMON            0005f0c0   00000020  00000000  00000020  RWIX
  MEMCFG                0005f400   000000c0  00000000  000000c0  RWIX
  EMIF1CONFIG           0005f4c0   00000020  00000000  00000020  RWIX
  EMIF2CONFIG           0005f4e0   00000020  00000000  00000020  RWIX
  ACCESSPROTECTION      0005f500   00000040  00000000  00000040  RWIX
  MEMORYERROR           0005f540   00000040  00000000  00000040  RWIX
  ROMWAITSTATE          0005f580   00000008  00000000  00000008  RWIX
  ROMPREFETCH           0005f588   00000008  00000000  00000008  RWIX
  TESTERROR             0005f590   00000010  00000000  00000010  RWIX
  FLASH0CTRL            0005f800   00000182  00000000  00000182  RWIX
  FLASH0ECC             0005fb00   00000028  00000000  00000028  RWIX
  UID                   00070200   00000010  00000000  00000010  RWIX
  DCSMZ1OTP             00078000   00000020  00000000  00000020  RWIX
  DCSMZ2OTP             00078200   00000020  00000000  00000020  RWIX


SECTION ALLOCATION MAP

 output                                  attributes/
section   page    origin      length       input sections
--------  ----  ----------  ----------   ----------------
codestart 
*          0    00000000    00000002     
                  00000000    00000002     f2838x_codestartbranch.obj (codestart)

.cinit     0    000001b2    00000062     
                  000001b2    0000003f     (.cinit..data.load) [load image, compression = lzss]
                  000001f1    00000001     --HOLE-- [fill = 0]
                  000001f2    00000006     (__TI_handler_table)
                  000001f8    00000004     (.cinit..bss.1.load) [load image, compression = zero_init]
                  000001fc    00000004     (.cinit..bss.2.load) [load image, compression = zero_init]
                  00000200    00000004     (.cinit.PieVectTableFile.load) [load image, compression = zero_init]
                  00000204    00000010     (__TI_cinit_table)

.reset     0    003fffc0    00000000     DSECT

.stack     0    00000400    00000100     UNINITIALIZED
                  00000400    00000100     --HOLE--

.init_array 
*          0    000001b1    00000000     UNINITIALIZED

.data      0    0000a800    0000009c     UNINITIALIZED
                  0000a800    00000026     easy28x_driverlib_v12.2.obj (.data)
                  0000a826    0000001a     wizchip_conf.obj (.data)
                  0000a840    00000022     csu_MotorCtrl.obj (.data)
                  0000a862    0000000a     csu_Dio.obj (.data)
                  0000a86c    00000008     socket.obj (.data:sock_pack_info)
                  0000a874    00000008     socket.obj (.data:sock_remained_size)
                  0000a87c    00000004     main_cpu1.obj (.data)
                  0000a880    00000006     csu_Bit.obj (.data)
                  0000a886    00000006     csu_Ipc_cpu1.obj (.data)
                  0000a88c    00000006     rts2800_fpu64_eabi.lib : exit.c.obj (.data)
                  0000a892    00000003     socket.obj (.data)
                  0000a895    00000001     csu_Control.obj (.data)
                  0000a896    00000002     rts2800_fpu64_eabi.lib : _lock.c.obj (.data:_lock)
                  0000a898    00000002                            : _lock.c.obj (.data:_unlock)
                  0000a89a    00000001     hal_Debug_cpu1.obj (.data)
                  0000a89b    00000001     hal_Ipc_cpu1.obj (.data)

.const     0    0000b000    0000050f     
                  0000b000    000001c0     f2838x_pievect.obj (.const)
                  0000b1c0    00000088     ipc.obj (.const:IPC_Instance)
                  0000b248    0000005d     hal_Timer.obj (.const:.string)
                  0000b2a5    00000001     --HOLE-- [fill = 0]
                  0000b2a6    00000059     csu_Led.obj (.const:.string)
                  0000b2ff    00000001     --HOLE-- [fill = 0]
                  0000b300    00000058     easy28x_driverlib_v12.2.obj (.const:.string)
                  0000b358    00000031     sysctl.obj (.const:.string)
                  0000b389    00000001     --HOLE-- [fill = 0]
                  0000b38a    00000030     epwm.obj (.const:.string)
                  0000b3ba    00000030     gpio.obj (.const:.string)
                  0000b3ea    0000002f     dcc.obj (.const:.string)
                  0000b419    00000001     --HOLE-- [fill = 0]
                  0000b41a    0000002f     sci.obj (.const:.string)
                  0000b449    00000001     --HOLE-- [fill = 0]
                  0000b44a    0000002f     spi.obj (.const:.string)
                  0000b479    00000001     --HOLE-- [fill = 0]
                  0000b47a    0000001d     interrupt.obj (.const:.string)
                  0000b497    00000001     --HOLE-- [fill = 0]
                  0000b498    0000001c     cputimer.obj (.const:.string)
                  0000b4b4    00000008     hal_Debug_cpu1.obj (.const:$P$T0$1)
                  0000b4bc    00000004     --HOLE-- [fill = 0]
                  0000b4c0    00000018     hal_Debug_cpu1.obj (.const)
                  0000b4d8    00000017     adc.obj (.const:.string)
                  0000b4ef    00000001     --HOLE-- [fill = 0]
                  0000b4f0    00000017     ipc.obj (.const:.string)
                  0000b507    00000008     hal_Debug_cpu1.obj (.const:$P$T1$2)

MSGRAM_CM_TO_CPU 
*          0    00038000    00000088     UNINITIALIZED
                  00038000    00000088     ipc.obj (MSGRAM_CM_TO_CPU)

MSGRAM_CPU_TO_CM 
*          0    00039000    00000088     UNINITIALIZED
                  00039000    00000088     ipc.obj (MSGRAM_CPU_TO_CM)

MSGRAM_CPU1_TO_CPU2 
*          0    0003a000    00000088     UNINITIALIZED
                  0003a000    00000088     ipc.obj (MSGRAM_CPU1_TO_CPU2)

MSGRAM_CPU2_TO_CPU1 
*          0    0003b000    00000088     UNINITIALIZED
                  0003b000    00000088     ipc.obj (MSGRAM_CPU2_TO_CPU1)

PieVectTableFile 
*          1    00000d00    000001c0     UNINITIALIZED
                  00000d00    000001c0     f2838x_globalvariabledefs.obj (PieVectTableFile)

EmuKeyVar 
*          1    00000d00    00000000     UNINITIALIZED

EmuBModeVar 
*          1    00000d00    00000000     UNINITIALIZED

EmuBootPinsVar 
*          1    00000d00    00000000     UNINITIALIZED

FlashCallbackVar 
*          1    00000d00    00000000     UNINITIALIZED

FlashScalingVar 
*          1    00000d00    00000000     UNINITIALIZED

dcsm_z1otp_link_pointer 
*          0    00000000    00000000     

dcsm_z1otp_jlm_enable 
*          0    00000000    00000000     

dcsm_z1otp_gpreg 
*          0    00000000    00000000     

dcsm_z1otp_pswd_lock 
*          0    00000000    00000000     

dcsm_z1otp_crc_lock 
*          0    00000000    00000000     

dcsm_z1otp_jtag_pswdh 
*          0    00000000    00000000     

dcsm_z1otp_cmac_key 
*          0    00000000    00000000     

dcsm_zsel_z1 
*          0    00000000    00000000     

dcsm_z2otp_link_pointer 
*          0    00000000    00000000     

dcsm_rsvd_z2 
*          0    00000000    00000000     

dcsm_z2otp_gpreg 
*          0    00000000    00000000     

dcsm_z2otp_pswd_lock 
*          0    00000000    00000000     

dcsm_z2otp_crc_lock 
*          0    00000000    00000000     

dcsm_rsvd1_z2 
*          0    00000000    00000000     

dcsm_zsel_z2 
*          0    00000000    00000000     

.text.1    0    00008000    00000800     
                  00008000    000000dc     socket.obj (.text:recvfrom_W6x00)
                  000080dc    000000d1     csu_MotorCtrl.obj (.text:MotorCtrl_Run)
                  000081ad    000000b1     hal_DspInit.obj (.text:Init_GpioDin)
                  0000825e    000000aa     csu_Encoder.obj (.text:Encoder_UpdatePosition)
                  00008308    000000a7     hal_Sci.obj (.text:isrScia_SCI_PC)
                  000083af    00000096     hal_Timer.obj (.text:configCPUTimer)
                  00008445    00000095     socket.obj (.text:socket)
                  000084da    00000093     sci.obj (.text:SCI_setConfig)
                  0000856d    00000092     sci.obj (.text:SCI_readCharArray)
                  000085ff    00000091     csu_Pid.obj (.text:PID_Calculate)
                  00008690    00000091     sysctl.obj (.text:SysCtl_getAuxClock)
                  00008721    00000090     hal_Adc.obj (.text:InitAdcModules)
                  000087b1    0000004f     hal_Spi.obj (.text:InitSpic)

.text.2    0    00008800    00000800     
                  00008800    0000008b     hal_DspInit.obj (.text:initEmacGpioPins)
                  0000888b    00000087     hal_Epwm.obj (.text:Initial_EpwmTimer)
                  00008912    00000083     spi.obj (.text:SPI_setConfig)
                  00008995    0000007d     csu_LimitSwitch.obj (.text:LimitSwitch_CheckFaults)
                  00008a12    00000079     device.obj (.text:Device_init)
                  00008a8b    00000079     interrupt.obj (.text:Interrupt_clearIFR)
                  00008b04    00000078     hal_DspInit.obj (.text:Init_GpioDout)
                  00008b7c    00000077     csu_Led.obj (.text:updateLedStatus)
                  00008bf3    00000075     hal_Spi.obj (.text:InitSpia)
                  00008c68    00000075     easy28x_driverlib_v12.2.obj (.text:easy_addRing)
                  00008cdd    00000074     hal_Spi.obj (.text:InitSpid)
                  00008d51    00000073     sysctl.obj (.text:SysCtl_getClock)
                  00008dc4    00000072     csu_Debug_cpu1.obj (.text:Debug_SendMessage)
                  00008e36    00000070     hal_Encoder.obj (.text:Encoder_ReadSpiData)
                  00008ea6    0000006f     hal_Spi.obj (.text:InitSpib)
                  00008f15    0000006e     wizchip_conf.obj (.text:wizchip_sw_reset)
                  00008f83    00000067     hal_Timer.obj (.text:Initial_TIMER)
                  00008fea    00000016     hal_DspInit.obj (.text:System_Initialization)

.text.3    0    00009000    00000800     
                  00009000    00000066     csu_MotorCtrl.obj (.text:MotorCtrl_Init)
                  00009066    00000066     hal_Ipc_cpu1.obj (.text:isrIpcFromCM)
                  000090cc    00000062     hal_Encoder.obj (.text:Encoder_Init_Hardware)
                  0000912e    00000061     adc.obj (.text:ADC_setINLTrim)
                  0000918f    00000060     csu_Debug_cpu1.obj (.text:Debug_ParsePacket)
                  000091ef    0000005f     csu_Debug_cpu1.obj (.text:Debug_StateMachine)
                  0000924e    00000057     epwm.obj (.text:EPWM_setEmulationMode)
                  000092a5    00000056     interrupt.obj (.text:Interrupt_disable)
                  000092fb    00000056     sci.obj (.text:SCI_clearInterruptStatus)
                  00009351    00000055     adc.obj (.text:ADC_setOffsetTrim)
                  000093a6    00000052     w6100.obj (.text:WIZCHIP_READ_BUF)
                  000093f8    00000052     w6100.obj (.text:WIZCHIP_WRITE_BUF)
                  0000944a    00000050     sysctl.obj (.text:SysCtl_selectOscSourceAuxPLL)
                  0000949a    0000004e     gpio.obj (.text:GPIO_setPadConfig)
                  000094e8    0000004d     hal_Debug_cpu1.obj (.text:Debug_Process)
                  00009535    0000004b     hal_Timer.obj (.text:initCPUTimers)
                  00009580    00000046     main_cpu1.obj (.text:main)
                  000095c6    00000045     csu_Bit.obj (.text:Bit_OvCurrent_Check)
                  0000960b    00000045     wizchip_conf.obj (.text:wizchip_init)
                  00009650    00000043     hal_Debug_cpu1.obj (.text:Initial_W6100)
                  00009693    00000042     socket.obj (.text:close)
                  000096d5    00000042     w6100.obj (.text:wiz_send_data)
                  00009717    00000041     csu_Bit.obj (.text:Bit_OvVoltage_Check)
                  00009758    00000041     interrupt.obj (.text:Interrupt_enable)
                  00009799    00000041     interrupt.obj (.text:Interrupt_initModule)
                  000097da    00000026     hal_Fram.obj (.text:Fram_WriteByte)

.text.4    0    00009800    00000800     
                  00009800    00000041     sysctl.obj (.text:SysCtl_selectOscSource)
                  00009841    00000040     w6100.obj (.text:WIZCHIP_READ)
                  00009881    00000040     hal_Debug_cpu1.obj (.text:isr_DebugExtInt)
                  000098c1    0000003f     sysctl.obj (.text:SysCtl_selectXTAL)
                  00009900    0000003f     w6100.obj (.text:wiz_recv_data)
                  0000993f    0000003e     ipc.obj (.text:IPC_unregisterInterrupt)
                  0000997d    0000003e     w6100.obj (.text:WIZCHIP_WRITE)
                  000099bb    0000003c     spi.obj (.text:SPI_clearInterruptStatus)
                  000099f7    0000003b     adc.obj (.text:ADC_setMode)
                  00009a32    00000039     gpio.obj (.text:GPIO_setInterruptPin)
                  00009a6b    00000039     sci.obj (.text:SCI_disableInterrupt)
                  00009aa4    00000039     sysctl.obj (.text:SysCtl_pollX1Counter)
                  00009add    00000038     sci.obj (.text:SCI_enableInterrupt)
                  00009b15    00000037     csu_Pid.obj (.text:PID_Init)
                  00009b4c    00000036     w6100.obj (.text:wiz_recv_ignore)
                  00009b82    00000033     hal_DspInit.obj (.text:initW6100GpioPins)
                  00009bb5    00000032     csu_Control.obj (.text:Control_SaveOffsetToFram)
                  00009be7    00000031     csu_Bit.obj (.text:Bit_MotorStall_Check)
                  00009c18    00000031     wizchip_conf.obj (.text:wizchip_getnetinfo)
                  00009c49    00000031     wizchip_conf.obj (.text:wizchip_setnetinfo)
                  00009c7a    00000030     gpio.obj (.text:GPIO_setPinConfig)
                  00009caa    0000002f     csu_Bit.obj (.text:Bit_MotorOverSpeed_Check)
                  00009cd9    0000002f     gpio.obj (.text:GPIO_setControllerCore)
                  00009d08    0000002f     gpio.obj (.text:GPIO_setQualificationMode)
                  00009d37    0000002f     csu_MotorCtrl.obj (.text:MotorCtrl_UpdateFeedback)
                  00009d66    0000002e     rts2800_fpu64_eabi.lib : copy_decompress_lzss.c.obj (.text:decompress:lzss)
                  00009d94    0000002d     main_cpu1.obj (.text:cycle_100ms)
                  00009dc1    0000002c     gpio.obj (.text:GPIO_setDirectionMode)
                  00009ded    0000002b     csu_Debug_cpu1.obj (.text:Deserialize_Uint32)
                  00009e18    0000002b     rts2800_fpu64_eabi.lib : autoinit.c.obj (.text:__TI_auto_init_nobinit_nopinit)
                  00009e43    0000002a     w6100.obj (.text:getSn_RX_RSR)
                  00009e6d    0000002a     w6100.obj (.text:getSn_TX_FSR)
                  00009e97    00000029     csu_Encoder.obj (.text:Encoder_LoadOffset)
                  00009ec0    00000029     ipc.obj (.text:IPC_readCommand)
                  00009ee9    00000029     rts2800_fpu64_eabi.lib : exit.c.obj (.text)
                  00009f12    00000027     csu_Adc.obj (.text:Initial_Adc)
                  00009f39    00000024     hal_Debug_cpu1.obj (.text:Debug_Init)
                  00009f5d    00000024     device.obj (.text:Device_initGPIO)
                  00009f81    00000024     sysctl.obj (.text:SysCtl_getLowSpeedClock)
                  00009fa5    00000023     csu_Bit.obj (.text:Bit_OvTemperature_Check)
                  00009fc8    00000023     hal_MotorDriver.obj (.text:MotorDriver_Init_Hardware)
                  00009feb    00000015     hal_Timer.obj (.text:isr_CpuTimer2)

.TI.ramfunc 
*          0    0000a000    000001fb     
                  0000a000    000000a6     csu_Control.obj (.TI.ramfunc:Offset_Isr)
                  0000a0a6    00000076     csu_Control.obj (.TI.ramfunc:Pbit_Isr)
                  0000a11c    0000006e     csu_Control.obj (.TI.ramfunc:MainControl_Isr)
                  0000a18a    00000069     csu_Dio.obj (.TI.ramfunc:Dio_UpdateInput)
                  0000a1f3    00000004     f2838x_usdelay.obj (.TI.ramfunc)
                  0000a1f7    00000004     sysctl.obj (.TI.ramfunc)

.bss.1     0    0000a89c    00000582     UNINITIALIZED
                  0000a89c    00000018     csu_Encoder.obj (.bss)
                  0000a8b4    0000000c     csu_LimitSwitch.obj (.bss)
                  0000a8c0    00000408     csu_Debug_cpu1.obj (.bss)
                  0000acc8    00000010     csu_Adc.obj (.bss)
                  0000acd8    00000010     csu_Bit.obj (.bss)
                  0000ace8    0000000a     csu_Dio.obj (.bss)
                  0000acf2    00000008     csu_Control.obj (.bss)
                  0000acfa    00000006     hal_Adc.obj (.bss)
                  0000ad00    0000010a     hal_Sci.obj (.bss)
                  0000ae0a    00000006     hal_Timer.obj (.bss)
                  0000ae10    00000005     csu_Led.obj (.bss)
                  0000ae15    00000004     wizchip_conf.obj (.bss:_DNS_)
                  0000ae19    00000003     csu_SciPc.obj (.bss)
                  0000ae1c    00000001     csu_MotorDriver.obj (.bss)
                  0000ae1d    00000001     wizchip_conf.obj (.bss)

.bss.2     0    0000ae40    00000054     UNINITIALIZED
                  0000ae40    00000054     csu_MotorCtrl.obj (.bss)

.text.5    0    0000c000    00000800     
                  0000c000    000003ab     easy28x_driverlib_v12.2.obj (.text:easy_RXINT_ISR)
                  0000c3ab    000002af     dcc.obj (.text:DCC_verifyClockFrequency)
                  0000c65a    00000167     device.obj (.text:Device_enableAllPeripherals)
                  0000c7c1    0000003f     ipc.obj (.text:IPC_registerInterrupt)

.text.6    0    0000c800    00000800     
                  0000c800    00000253     sysctl.obj (.text:SysCtl_isPLLValid)
                  0000ca53    000001a8     easy28x_driverlib_v12.2.obj (.text:easyDSP_SCI_Init)
                  0000cbfb    00000131     sysctl.obj (.text:SysCtl_setClock)
                  0000cd2c    0000010e     sysctl.obj (.text:SysCtl_setAuxClock)
                  0000ce3a    00000106     socket.obj (.text:sendto_W6x00)
                  0000cf40    000000bd     csu_Adc.obj (.text:CalcAdcData)
                  0000cffd    00000003     device.obj (.text:__error__)

.text.7    0    0000d000    00000d9a     
                  0000d000    00000023     csu_Debug_cpu1.obj (.text:Serialize_Uint32)
                  0000d023    00000022     csu_Encoder.obj (.text:Encoder_CalcCrc6)
                  0000d045    00000022     hal_Ipc_cpu1.obj (.text:Initial_IPC)
                  0000d067    00000021     hal_Epwm.obj (.text:Epwm_SetMotorDuty_1x)
                  0000d088    00000021     sysctl.obj (.text:SysCtl_selectXTALSingleEnded)
                  0000d0a9    00000021     wizchip_conf.obj (.text:reg_wizchip_spi_cbfunc)
                  0000d0ca    00000020     cputimer.obj (.text:CPUTimer_setEmulationMode)
                  0000d0ea    00000020     rts2800_fpu64_eabi.lib : memcpy.c.obj (.text)
                  0000d10a    00000020     hal_Spi.obj (.text:spia_write_byte)
                  0000d12a    0000001e     rts2800_fpu64_eabi.lib : ll_cmp28.asm.obj (.text)
                  0000d148    0000001e     hal_Spi.obj (.text:spia_read_byte)
                  0000d166    0000001d     csu_MotorCtrl.obj (.text:MotorCtrl_SetOutput)
                  0000d183    0000001d     hal_Spi.obj (.text:Spid_Transmit)
                  0000d1a0    0000001c     device.obj (.text:Device_verifyXTAL)
                  0000d1bc    0000001c     csu_Encoder.obj (.text:Encoder_Init)
                  0000d1d8    0000001b     hal_Fram.obj (.text:Fram_ReadByte)
                  0000d1f3    0000001b     csu_LimitSwitch.obj (.text:LimitSwitch_Init)
                  0000d20e    0000001a     interrupt.obj (.text:Interrupt_initVectorTable)
                  0000d228    0000001a     sysctl.obj (.text:SysCtl_controlCMReset)
                  0000d242    00000019     device.obj (.text:Device_bootCM)
                  0000d25b    00000019     device.obj (.text:SysCtl_enablePeripheral)
                  0000d274    00000019     csu_SciPc.obj (.text:recvSciPcMessage)
                  0000d28d    00000019     rts2800_fpu64_eabi.lib : boot28.asm.obj (.text)
                  0000d2a6    00000018                            : ll_aox28.asm.obj (.text)
                  0000d2be    00000018     wizchip_conf.obj (.text:wizchip_spi_writeburst)
                  0000d2d6    00000017     csu_Bit.obj (.text:Bit_Encoder_Check)
                  0000d2ed    00000017     csu_Dio.obj (.text:Dio_Init)
                  0000d304    00000016     hal_Timer.obj (.text:isr_CpuTimer1)
                  0000d31a    00000015     wizchip_conf.obj (.text:wizchip_spi_readburst)
                  0000d32f    00000014     csu_Bit.obj (.text:Bit_FaultReset)
                  0000d343    00000013     csu_Debug_cpu1.obj (.text:Debug_CalculateChecksum)
                  0000d356    00000013     device.obj (.text:Device_enableUnbondedGPIOPullupsFor176Pin)
                  0000d369    00000013     hal_DspInit.obj (.text:InitialPeripherals)
                  0000d37c    00000013     hal_MotorDriver.obj (.text:MotorDriver_ReadReg)
                  0000d38f    00000012     csu_Control.obj (.text:Control_Init)
                  0000d3a1    00000012     csu_Debug_cpu1.obj (.text:Debug_ProtocolInit)
                  0000d3b3    00000012     hal_MotorDriver.obj (.text:MotorDriver_WriteReg)
                  0000d3c5    00000012     wizchip_conf.obj (.text:reg_wizchip_cs_cbfunc)
                  0000d3d7    00000012     rts2800_fpu64_eabi.lib : args_main.c.obj (.text)
                  0000d3e9    00000011     csu_Debug_cpu1.obj (.text:Serialize_Uint16)
                  0000d3fa    00000010     hal_Timer.obj (.text:isr_CpuTimer0)
                  0000d40a    00000010     hal_Sci.obj (.text:setupSciaPC_Interrupt)
                  0000d41a    0000000f     csu_Control.obj (.text:Bit_RunCBIT)
                  0000d429    0000000f     csu_Control.obj (.text:Bit_RunPBIT)
                  0000d438    0000000f     csu_Dio.obj (.text:Dio_Debounce)
                  0000d447    0000000f     hal_DspInit.obj (.text:Initial_CmCore)
                  0000d456    0000000e     hal_Fram.obj (.text:Fram_WriteStatusRegister)
                  0000d464    0000000d     csu_Bit.obj (.text:Bit_GateFault_Check)
                  0000d471    0000000d     csu_Control.obj (.text:Control_SystemOperation)
                  0000d47e    0000000d     f2838x_defaultisr.obj (.text:EMPTY_ISR)
                  0000d48b    0000000c     csu_Debug_cpu1.obj (.text:Deserialize_Uint16)
                  0000d497    0000000c     interrupt.obj (.text:Interrupt_defaultHandler)
                  0000d4a3    0000000c     hal_MotorDriver.obj (.text:MotorDriver_Enable)
                  0000d4af    0000000c     hal_MotorDriver.obj (.text:MotorDriver_SetDir)
                  0000d4bb    0000000b     device.obj (.text:Device_enableUnbondedGPIOPullups)
                  0000d4c6    0000000b     csu_Led.obj (.text:Initial_Led)
                  0000d4d1    0000000b     csu_MotorDriver.obj (.text:MotorDriver_Init)
                  0000d4dc    0000000a     f2838x_defaultisr.obj (.text:ADCA1_ISR)
                  0000d4e6    0000000a     f2838x_defaultisr.obj (.text:ADCA2_ISR)
                  0000d4f0    0000000a     f2838x_defaultisr.obj (.text:ADCA3_ISR)
                  0000d4fa    0000000a     f2838x_defaultisr.obj (.text:ADCA4_ISR)
                  0000d504    0000000a     f2838x_defaultisr.obj (.text:ADCA_EVT_ISR)
                  0000d50e    0000000a     f2838x_defaultisr.obj (.text:ADCB1_ISR)
                  0000d518    0000000a     f2838x_defaultisr.obj (.text:ADCB2_ISR)
                  0000d522    0000000a     f2838x_defaultisr.obj (.text:ADCB3_ISR)
                  0000d52c    0000000a     f2838x_defaultisr.obj (.text:ADCB4_ISR)
                  0000d536    0000000a     f2838x_defaultisr.obj (.text:ADCB_EVT_ISR)
                  0000d540    0000000a     f2838x_defaultisr.obj (.text:ADCC1_ISR)
                  0000d54a    0000000a     f2838x_defaultisr.obj (.text:ADCC2_ISR)
                  0000d554    0000000a     f2838x_defaultisr.obj (.text:ADCC3_ISR)
                  0000d55e    0000000a     f2838x_defaultisr.obj (.text:ADCC4_ISR)
                  0000d568    0000000a     f2838x_defaultisr.obj (.text:ADCC_EVT_ISR)
                  0000d572    0000000a     f2838x_defaultisr.obj (.text:ADCD1_ISR)
                  0000d57c    0000000a     f2838x_defaultisr.obj (.text:ADCD2_ISR)
                  0000d586    0000000a     f2838x_defaultisr.obj (.text:ADCD3_ISR)
                  0000d590    0000000a     f2838x_defaultisr.obj (.text:ADCD4_ISR)
                  0000d59a    0000000a     f2838x_defaultisr.obj (.text:ADCD_EVT_ISR)
                  0000d5a4    0000000a     f2838x_defaultisr.obj (.text:CANA0_ISR)
                  0000d5ae    0000000a     f2838x_defaultisr.obj (.text:CANA1_ISR)
                  0000d5b8    0000000a     f2838x_defaultisr.obj (.text:CANB0_ISR)
                  0000d5c2    0000000a     f2838x_defaultisr.obj (.text:CANB1_ISR)
                  0000d5cc    0000000a     f2838x_defaultisr.obj (.text:CIPC0_ISR)
                  0000d5d6    0000000a     f2838x_defaultisr.obj (.text:CIPC1_ISR)
                  0000d5e0    0000000a     f2838x_defaultisr.obj (.text:CIPC2_ISR)
                  0000d5ea    0000000a     f2838x_defaultisr.obj (.text:CIPC3_ISR)
                  0000d5f4    0000000a     f2838x_defaultisr.obj (.text:CLA1CRC_ISR)
                  0000d5fe    0000000a     f2838x_defaultisr.obj (.text:CLA1_1_ISR)
                  0000d608    0000000a     f2838x_defaultisr.obj (.text:CLA1_2_ISR)
                  0000d612    0000000a     f2838x_defaultisr.obj (.text:CLA1_3_ISR)
                  0000d61c    0000000a     f2838x_defaultisr.obj (.text:CLA1_4_ISR)
                  0000d626    0000000a     f2838x_defaultisr.obj (.text:CLA1_5_ISR)
                  0000d630    0000000a     f2838x_defaultisr.obj (.text:CLA1_6_ISR)
                  0000d63a    0000000a     f2838x_defaultisr.obj (.text:CLA1_7_ISR)
                  0000d644    0000000a     f2838x_defaultisr.obj (.text:CLA1_8_ISR)
                  0000d64e    0000000a     f2838x_defaultisr.obj (.text:CLA_OVERFLOW_ISR)
                  0000d658    0000000a     f2838x_defaultisr.obj (.text:CLA_UNDERFLOW_ISR)
                  0000d662    0000000a     f2838x_defaultisr.obj (.text:CLB1_ISR)
                  0000d66c    0000000a     f2838x_defaultisr.obj (.text:CLB2_ISR)
                  0000d676    0000000a     f2838x_defaultisr.obj (.text:CLB3_ISR)
                  0000d680    0000000a     f2838x_defaultisr.obj (.text:CLB4_ISR)
                  0000d68a    0000000a     f2838x_defaultisr.obj (.text:CLB5_ISR)
                  0000d694    0000000a     f2838x_defaultisr.obj (.text:CLB6_ISR)
                  0000d69e    0000000a     f2838x_defaultisr.obj (.text:CLB7_ISR)
                  0000d6a8    0000000a     f2838x_defaultisr.obj (.text:CLB8_ISR)
                  0000d6b2    0000000a     f2838x_defaultisr.obj (.text:CMTOCPUXIPC0_ISR)
                  0000d6bc    0000000a     f2838x_defaultisr.obj (.text:CMTOCPUXIPC1_ISR)
                  0000d6c6    0000000a     f2838x_defaultisr.obj (.text:CMTOCPUXIPC2_ISR)
                  0000d6d0    0000000a     f2838x_defaultisr.obj (.text:CMTOCPUXIPC3_ISR)
                  0000d6da    0000000a     f2838x_defaultisr.obj (.text:CMTOCPUXIPC4_ISR)
                  0000d6e4    0000000a     f2838x_defaultisr.obj (.text:CMTOCPUXIPC5_ISR)
                  0000d6ee    0000000a     f2838x_defaultisr.obj (.text:CMTOCPUXIPC6_ISR)
                  0000d6f8    0000000a     f2838x_defaultisr.obj (.text:CMTOCPUXIPC7_ISR)
                  0000d702    0000000a     f2838x_defaultisr.obj (.text:CM_STATUS_ISR)
                  0000d70c    0000000a     f2838x_defaultisr.obj (.text:CPUCRC_ISR)
                  0000d716    0000000a     f2838x_defaultisr.obj (.text:DATALOG_ISR)
                  0000d720    0000000a     f2838x_defaultisr.obj (.text:DMA_CH1_ISR)
                  0000d72a    0000000a     f2838x_defaultisr.obj (.text:DMA_CH2_ISR)
                  0000d734    0000000a     f2838x_defaultisr.obj (.text:DMA_CH3_ISR)
                  0000d73e    0000000a     f2838x_defaultisr.obj (.text:DMA_CH4_ISR)
                  0000d748    0000000a     f2838x_defaultisr.obj (.text:DMA_CH5_ISR)
                  0000d752    0000000a     f2838x_defaultisr.obj (.text:DMA_CH6_ISR)
                  0000d75c    0000000a     f2838x_defaultisr.obj (.text:ECAP1_ISR)
                  0000d766    0000000a     f2838x_defaultisr.obj (.text:ECAP2_ISR)
                  0000d770    0000000a     f2838x_defaultisr.obj (.text:ECAP3_ISR)
                  0000d77a    0000000a     f2838x_defaultisr.obj (.text:ECAP4_ISR)
                  0000d784    0000000a     f2838x_defaultisr.obj (.text:ECAP5_ISR)
                  0000d78e    0000000a     f2838x_defaultisr.obj (.text:ECAP6_2_ISR)
                  0000d798    0000000a     f2838x_defaultisr.obj (.text:ECAP6_ISR)
                  0000d7a2    0000000a     f2838x_defaultisr.obj (.text:ECAP7_2_ISR)
                  0000d7ac    0000000a     f2838x_defaultisr.obj (.text:ECAP7_ISR)
                  0000d7b6    0000000a     f2838x_defaultisr.obj (.text:ECATRST_ISR)
                  0000d7c0    0000000a     f2838x_defaultisr.obj (.text:ECATSYNC0_ISR)
                  0000d7ca    0000000a     f2838x_defaultisr.obj (.text:ECATSYNC1_ISR)
                  0000d7d4    0000000a     f2838x_defaultisr.obj (.text:ECAT_ISR)
                  0000d7de    0000000a     f2838x_defaultisr.obj (.text:EMU_ISR)
                  0000d7e8    0000000a     f2838x_defaultisr.obj (.text:EPWM10_ISR)
                  0000d7f2    0000000a     f2838x_defaultisr.obj (.text:EPWM10_TZ_ISR)
                  0000d7fc    0000000a     f2838x_defaultisr.obj (.text:EPWM11_ISR)
                  0000d806    0000000a     f2838x_defaultisr.obj (.text:EPWM11_TZ_ISR)
                  0000d810    0000000a     f2838x_defaultisr.obj (.text:EPWM12_ISR)
                  0000d81a    0000000a     f2838x_defaultisr.obj (.text:EPWM12_TZ_ISR)
                  0000d824    0000000a     f2838x_defaultisr.obj (.text:EPWM13_ISR)
                  0000d82e    0000000a     f2838x_defaultisr.obj (.text:EPWM13_TZ_ISR)
                  0000d838    0000000a     f2838x_defaultisr.obj (.text:EPWM14_ISR)
                  0000d842    0000000a     f2838x_defaultisr.obj (.text:EPWM14_TZ_ISR)
                  0000d84c    0000000a     f2838x_defaultisr.obj (.text:EPWM15_ISR)
                  0000d856    0000000a     f2838x_defaultisr.obj (.text:EPWM15_TZ_ISR)
                  0000d860    0000000a     f2838x_defaultisr.obj (.text:EPWM16_ISR)
                  0000d86a    0000000a     f2838x_defaultisr.obj (.text:EPWM16_TZ_ISR)
                  0000d874    0000000a     f2838x_defaultisr.obj (.text:EPWM1_ISR)
                  0000d87e    0000000a     f2838x_defaultisr.obj (.text:EPWM1_TZ_ISR)
                  0000d888    0000000a     f2838x_defaultisr.obj (.text:EPWM2_ISR)
                  0000d892    0000000a     f2838x_defaultisr.obj (.text:EPWM2_TZ_ISR)
                  0000d89c    0000000a     f2838x_defaultisr.obj (.text:EPWM3_ISR)
                  0000d8a6    0000000a     f2838x_defaultisr.obj (.text:EPWM3_TZ_ISR)
                  0000d8b0    0000000a     f2838x_defaultisr.obj (.text:EPWM4_ISR)
                  0000d8ba    0000000a     f2838x_defaultisr.obj (.text:EPWM4_TZ_ISR)
                  0000d8c4    0000000a     f2838x_defaultisr.obj (.text:EPWM5_ISR)
                  0000d8ce    0000000a     f2838x_defaultisr.obj (.text:EPWM5_TZ_ISR)
                  0000d8d8    0000000a     f2838x_defaultisr.obj (.text:EPWM6_ISR)
                  0000d8e2    0000000a     f2838x_defaultisr.obj (.text:EPWM6_TZ_ISR)
                  0000d8ec    0000000a     f2838x_defaultisr.obj (.text:EPWM7_ISR)
                  0000d8f6    0000000a     f2838x_defaultisr.obj (.text:EPWM7_TZ_ISR)
                  0000d900    0000000a     f2838x_defaultisr.obj (.text:EPWM8_ISR)
                  0000d90a    0000000a     f2838x_defaultisr.obj (.text:EPWM8_TZ_ISR)
                  0000d914    0000000a     f2838x_defaultisr.obj (.text:EPWM9_ISR)
                  0000d91e    0000000a     f2838x_defaultisr.obj (.text:EPWM9_TZ_ISR)
                  0000d928    0000000a     f2838x_defaultisr.obj (.text:EQEP1_ISR)
                  0000d932    0000000a     f2838x_defaultisr.obj (.text:EQEP2_ISR)
                  0000d93c    0000000a     f2838x_defaultisr.obj (.text:EQEP3_ISR)
                  0000d946    0000000a     f2838x_defaultisr.obj (.text:FMC_ISR)
                  0000d950    0000000a     f2838x_defaultisr.obj (.text:FPU_OFLOW_ISR)
                  0000d95a    0000000a     f2838x_defaultisr.obj (.text:FPU_UFLOW_ISR)
                  0000d964    0000000a     f2838x_defaultisr.obj (.text:FSIRXA1_ISR)
                  0000d96e    0000000a     f2838x_defaultisr.obj (.text:FSIRXA2_ISR)
                  0000d978    0000000a     f2838x_defaultisr.obj (.text:FSIRXB1_ISR)
                  0000d982    0000000a     f2838x_defaultisr.obj (.text:FSIRXB2_ISR)
                  0000d98c    0000000a     f2838x_defaultisr.obj (.text:FSIRXC1_ISR)
                  0000d996    0000000a     f2838x_defaultisr.obj (.text:FSIRXC2_ISR)
                  0000d9a0    0000000a     f2838x_defaultisr.obj (.text:FSIRXD1_ISR)
                  0000d9aa    0000000a     f2838x_defaultisr.obj (.text:FSIRXD2_ISR)
                  0000d9b4    0000000a     f2838x_defaultisr.obj (.text:FSIRXE1_ISR)
                  0000d9be    0000000a     f2838x_defaultisr.obj (.text:FSIRXE2_ISR)
                  0000d9c8    0000000a     f2838x_defaultisr.obj (.text:FSIRXF1_ISR)
                  0000d9d2    0000000a     f2838x_defaultisr.obj (.text:FSIRXF2_ISR)
                  0000d9dc    0000000a     f2838x_defaultisr.obj (.text:FSIRXG1_ISR)
                  0000d9e6    0000000a     f2838x_defaultisr.obj (.text:FSIRXG2_ISR)
                  0000d9f0    0000000a     f2838x_defaultisr.obj (.text:FSIRXH1_ISR)
                  0000d9fa    0000000a     f2838x_defaultisr.obj (.text:FSIRXH2_ISR)
                  0000da04    0000000a     f2838x_defaultisr.obj (.text:FSITXA1_ISR)
                  0000da0e    0000000a     f2838x_defaultisr.obj (.text:FSITXA2_ISR)
                  0000da18    0000000a     f2838x_defaultisr.obj (.text:FSITXB1_ISR)
                  0000da22    0000000a     f2838x_defaultisr.obj (.text:FSITXB2_ISR)
                  0000da2c    0000000a     f2838x_defaultisr.obj (.text:I2CA_FIFO_ISR)
                  0000da36    0000000a     f2838x_defaultisr.obj (.text:I2CA_HIGH_ISR)
                  0000da40    0000000a     f2838x_defaultisr.obj (.text:I2CA_ISR)
                  0000da4a    0000000a     f2838x_defaultisr.obj (.text:I2CB_FIFO_ISR)
                  0000da54    0000000a     f2838x_defaultisr.obj (.text:I2CB_ISR)
                  0000da5e    0000000a     f2838x_defaultisr.obj (.text:ILLEGAL_ISR)
                  0000da68    0000000a     interrupt.obj (.text:Interrupt_illegalOperationHandler)
                  0000da72    0000000a     interrupt.obj (.text:Interrupt_nmiHandler)
                  0000da7c    0000000a     f2838x_defaultisr.obj (.text:MCANA_0_ISR)
                  0000da86    0000000a     f2838x_defaultisr.obj (.text:MCANA_1_ISR)
                  0000da90    0000000a     f2838x_defaultisr.obj (.text:MCANA_ECC_ISR)
                  0000da9a    0000000a     f2838x_defaultisr.obj (.text:MCANA_WAKE_ISR)
                  0000daa4    0000000a     f2838x_defaultisr.obj (.text:MCBSPA_RX_ISR)
                  0000daae    0000000a     f2838x_defaultisr.obj (.text:MCBSPA_TX_ISR)
                  0000dab8    0000000a     f2838x_defaultisr.obj (.text:MCBSPB_RX_ISR)
                  0000dac2    0000000a     f2838x_defaultisr.obj (.text:MCBSPB_TX_ISR)
                  0000dacc    0000000a     f2838x_defaultisr.obj (.text:MPOST_ISR)
                  0000dad6    0000000a     f2838x_defaultisr.obj (.text:NMI_ISR)
                  0000dae0    0000000a     f2838x_defaultisr.obj (.text:NOTUSED_ISR)
                  0000daea    0000000a     f2838x_defaultisr.obj (.text:PIE_RESERVED_ISR)
                  0000daf4    0000000a     f2838x_defaultisr.obj (.text:PMBUSA_ISR)
                  0000dafe    0000000a     f2838x_defaultisr.obj (.text:RTOS_ISR)
                  0000db08    0000000a     f2838x_defaultisr.obj (.text:SCIA_RX_ISR)
                  0000db12    0000000a     f2838x_defaultisr.obj (.text:SCIA_TX_ISR)
                  0000db1c    0000000a     f2838x_defaultisr.obj (.text:SCIB_RX_ISR)
                  0000db26    0000000a     f2838x_defaultisr.obj (.text:SCIB_TX_ISR)
                  0000db30    0000000a     f2838x_defaultisr.obj (.text:SCIC_RX_ISR)
                  0000db3a    0000000a     f2838x_defaultisr.obj (.text:SCIC_TX_ISR)
                  0000db44    0000000a     f2838x_defaultisr.obj (.text:SCID_RX_ISR)
                  0000db4e    0000000a     f2838x_defaultisr.obj (.text:SCID_TX_ISR)
                  0000db58    0000000a     f2838x_defaultisr.obj (.text:SDFM1DR1_ISR)
                  0000db62    0000000a     f2838x_defaultisr.obj (.text:SDFM1DR2_ISR)
                  0000db6c    0000000a     f2838x_defaultisr.obj (.text:SDFM1DR3_ISR)
                  0000db76    0000000a     f2838x_defaultisr.obj (.text:SDFM1DR4_ISR)
                  0000db80    0000000a     f2838x_defaultisr.obj (.text:SDFM1_ISR)
                  0000db8a    0000000a     f2838x_defaultisr.obj (.text:SDFM2DR1_ISR)
                  0000db94    0000000a     f2838x_defaultisr.obj (.text:SDFM2DR2_ISR)
                  0000db9e    0000000a     f2838x_defaultisr.obj (.text:SDFM2DR3_ISR)
                  0000dba8    0000000a     f2838x_defaultisr.obj (.text:SDFM2DR4_ISR)
                  0000dbb2    0000000a     f2838x_defaultisr.obj (.text:SDFM2_ISR)
                  0000dbbc    0000000a     f2838x_defaultisr.obj (.text:SPIA_RX_ISR)
                  0000dbc6    0000000a     f2838x_defaultisr.obj (.text:SPIA_TX_ISR)
                  0000dbd0    0000000a     f2838x_defaultisr.obj (.text:SPIB_RX_ISR)
                  0000dbda    0000000a     f2838x_defaultisr.obj (.text:SPIB_TX_ISR)
                  0000dbe4    0000000a     f2838x_defaultisr.obj (.text:SPIC_RX_ISR)
                  0000dbee    0000000a     f2838x_defaultisr.obj (.text:SPIC_TX_ISR)
                  0000dbf8    0000000a     f2838x_defaultisr.obj (.text:SPID_RX_ISR)
                  0000dc02    0000000a     f2838x_defaultisr.obj (.text:SPID_TX_ISR)
                  0000dc0c    0000000a     f2838x_defaultisr.obj (.text:SYS_ERR_ISR)
                  0000dc16    0000000a     f2838x_defaultisr.obj (.text:TIMER0_ISR)
                  0000dc20    0000000a     f2838x_defaultisr.obj (.text:TIMER1_ISR)
                  0000dc2a    0000000a     f2838x_defaultisr.obj (.text:TIMER2_ISR)
                  0000dc34    0000000a     f2838x_defaultisr.obj (.text:USBA_ISR)
                  0000dc3e    0000000a     f2838x_defaultisr.obj (.text:USER10_ISR)
                  0000dc48    0000000a     f2838x_defaultisr.obj (.text:USER11_ISR)
                  0000dc52    0000000a     f2838x_defaultisr.obj (.text:USER12_ISR)
                  0000dc5c    0000000a     f2838x_defaultisr.obj (.text:USER1_ISR)
                  0000dc66    0000000a     f2838x_defaultisr.obj (.text:USER2_ISR)
                  0000dc70    0000000a     f2838x_defaultisr.obj (.text:USER3_ISR)
                  0000dc7a    0000000a     f2838x_defaultisr.obj (.text:USER4_ISR)
                  0000dc84    0000000a     f2838x_defaultisr.obj (.text:USER5_ISR)
                  0000dc8e    0000000a     f2838x_defaultisr.obj (.text:USER6_ISR)
                  0000dc98    0000000a     f2838x_defaultisr.obj (.text:USER7_ISR)
                  0000dca2    0000000a     f2838x_defaultisr.obj (.text:USER8_ISR)
                  0000dcac    0000000a     f2838x_defaultisr.obj (.text:USER9_ISR)
                  0000dcb6    0000000a     f2838x_defaultisr.obj (.text:WAKE_ISR)
                  0000dcc0    0000000a     f2838x_defaultisr.obj (.text:XINT1_ISR)
                  0000dcca    0000000a     f2838x_defaultisr.obj (.text:XINT2_ISR)
                  0000dcd4    0000000a     f2838x_defaultisr.obj (.text:XINT3_ISR)
                  0000dcde    0000000a     f2838x_defaultisr.obj (.text:XINT4_ISR)
                  0000dce8    0000000a     f2838x_defaultisr.obj (.text:XINT5_ISR)
                  0000dcf2    00000009     hal_Spi.obj (.text:Initial_SPI)
                  0000dcfb    00000009     csu_MotorDriver.obj (.text:MotorDriver_ClearFaults)
                  0000dd04    00000009     rts2800_fpu64_eabi.lib : _lock.c.obj (.text)
                  0000dd0d    00000008     hal_Fram.obj (.text:Fram_WriteEnable)
                  0000dd15    00000008     rts2800_fpu64_eabi.lib : copy_decompress_none.c.obj (.text:decompress:none)
                  0000dd1d    00000008     f2838x_codestartbranch.obj (.text)
                  0000dd25    00000008     csu_Led.obj (.text:setLedModeToggle)
                  0000dd2d    00000007     hal_Ipc_cpu1.obj (.text:Initial_IPC_Clear)
                  0000dd34    00000007     csu_MotorDriver.obj (.text:MotorDriver_UpdateStatus)
                  0000dd3b    00000007     csu_Debug_cpu1.obj (.text:Serialize_Uint8)
                  0000dd42    00000007     hal_Spi.obj (.text:Spid_CsHigh)
                  0000dd49    00000007     hal_Spi.obj (.text:Spid_CsLow)
                  0000dd50    00000007     hal_DspInit.obj (.text:initSystemCommunications)
                  0000dd57    00000007     rts2800_fpu64_eabi.lib : memset.c.obj (.text)
                  0000dd5e    00000006     hal_Fram.obj (.text:Fram_Init)
                  0000dd64    00000006     rts2800_fpu64_eabi.lib : copy_zero_init.c.obj (.text:decompress:ZI)
                  0000dd6a    00000006     hal_Spi.obj (.text:spia_cs_desel)
                  0000dd70    00000006     hal_Spi.obj (.text:spia_cs_sel)
                  0000dd76    00000005     csu_Debug_cpu1.obj (.text:Deserialize_Uint8)
                  0000dd7b    00000005     hal_DspInit.obj (.text:Initial_GPIO)
                  0000dd80    00000005     hal_DspInit.obj (.text:initSystemAnalogAdc)
                  0000dd85    00000004     csu_Bit.obj (.text:Bit_Init)
                  0000dd89    00000004     main_cpu1.obj (.text:cycle_1ms)
                  0000dd8d    00000003     hal_DspInit.obj (.text:initSystemUserInterface)
                  0000dd90    00000002     rts2800_fpu64_eabi.lib : pre_init.c.obj (.text)
                  0000dd92    00000002     wizchip_conf.obj (.text:wizchip_spi_readbyte)
                  0000dd94    00000001     rts2800_fpu64_eabi.lib : startup.c.obj (.text)
                  0000dd95    00000001     wizchip_conf.obj (.text:wizchip_cris_enter)
                  0000dd96    00000001     wizchip_conf.obj (.text:wizchip_cris_exit)
                  0000dd97    00000001     wizchip_conf.obj (.text:wizchip_cs_deselect)
                  0000dd98    00000001     wizchip_conf.obj (.text:wizchip_cs_select)
                  0000dd99    00000001     wizchip_conf.obj (.text:wizchip_spi_writebyte)

MODULE SUMMARY

       Module                          code    ro data   rw data
       ------                          ----    -------   -------
    .\
       main_cpu1.obj                   119     0         4      
    +--+-------------------------------+-------+---------+---------+
       Total:                          119     0         4      
                                                                
    .\CSU\
       csu_Debug_cpu1.obj              461     0         1032   
       csu_Control.obj                 505     0         9      
       csu_MotorCtrl.obj               387     0         118    
       csu_Bit.obj                     325     0         22     
       csu_Encoder.obj                 273     0         24     
       csu_Adc.obj                     228     0         16     
       csu_Led.obj                     138     89        5      
       csu_Pid.obj                     200     0         0      
       csu_LimitSwitch.obj             152     0         12     
       csu_Dio.obj                     143     0         20     
       csu_MotorDriver.obj             27      0         1      
       csu_SciPc.obj                   25      0         3      
       csu_Ipc_cpu1.obj                0       0         6      
    +--+-------------------------------+-------+---------+---------+
       Total:                          2864    89        1268   
                                                                
    .\HAL\
       hal_DspInit.obj                 563     0         0      
       hal_Spi.obj                     549     0         0      
       hal_Timer.obj                   387     93        6      
       hal_Sci.obj                     183     0         266    
       hal_Debug_cpu1.obj              244     40        1      
       hal_Encoder.obj                 210     0         0      
       hal_Epwm.obj                    168     0         0      
       hal_Adc.obj                     144     0         6      
       hal_Ipc_cpu1.obj                143     0         1      
       hal_MotorDriver.obj             96      0         0      
       hal_Fram.obj                    93      0         0      
    +--+-------------------------------+-------+---------+---------+
       Total:                          2780    133       280    
                                                                
    .\HAL\W6100\
       socket.obj                      697     0         19     
       w6100.obj                       557     0         0      
       wizchip_conf.obj                380     0         31     
    +--+-------------------------------+-------+---------+---------+
       Total:                          1634    0         50     
                                                                
    .\SDK\common\source\
       f2838x_defaultisr.obj           2063    0         0      
       device.obj                      627     0         0      
       f2838x_pievect.obj              0       448       0      
       f2838x_codestartbranch.obj      10      0         0      
       f2838x_usdelay.obj              4       0         0      
    +--+-------------------------------+-------+---------+---------+
       Total:                          2704    448       0      
                                                                
    .\SDK\driverlib\
       sysctl.obj                      1794    49        0      
       ipc.obj                         166     159       544    
       dcc.obj                         687     47        0      
       sci.obj                         492     47        0      
       interrupt.obj                   395     29        0      
       gpio.obj                        321     48        0      
       adc.obj                         241     23        0      
       spi.obj                         191     47        0      
       epwm.obj                        87      48        0      
       cputimer.obj                    32      28        0      
    +--+-------------------------------+-------+---------+---------+
       Total:                          4406    525       544    
                                                                
    .\SDK\easydsp\
       easy28x_driverlib_v12.2.obj     1480    88        38     
    +--+-------------------------------+-------+---------+---------+
       Total:                          1480    88        38     
                                                                
    .\SDK\headers\source\
       f2838x_globalvariabledefs.obj   0       0         448    
    +--+-------------------------------+-------+---------+---------+
       Total:                          0       0         448    
                                                                
    C:\ti\ccs2051\ccs\tools\compiler\ti-cgt-c2000_25.11.0.LTS\lib\rts2800_fpu64_eabi.lib
       exit.c.obj                      41      0         6      
       copy_decompress_lzss.c.obj      46      0         0      
       autoinit.c.obj                  43      0         0      
       memcpy.c.obj                    32      0         0      
       ll_cmp28.asm.obj                30      0         0      
       boot28.asm.obj                  25      0         0      
       ll_aox28.asm.obj                24      0         0      
       args_main.c.obj                 18      0         0      
       _lock.c.obj                     9       0         4      
       copy_decompress_none.c.obj      8       0         0      
       memset.c.obj                    7       0         0      
       copy_zero_init.c.obj            6       0         0      
       pre_init.c.obj                  2       0         0      
       startup.c.obj                   1       0         0      
    +--+-------------------------------+-------+---------+---------+
       Total:                          292     0         10     
                                                                
       Stack:                          0       0         256    
       Linker Generated:               0       97        0      
    +--+-------------------------------+-------+---------+---------+
       Grand Total:                    16279   1380      2898   


LINKER GENERATED COPY TABLES

__TI_cinit_table @ 00000204 records: 4, size/record: 4, table size: 16
	.data: load addr=000001b2, load size=0000003f bytes, run addr=0000a800, run size=0000009c bytes, compression=lzss
	.bss.1: load addr=000001f8, load size=00000004 bytes, run addr=0000a89c, run size=00000582 bytes, compression=zero_init
	.bss.2: load addr=000001fc, load size=00000004 bytes, run addr=0000ae40, run size=00000054 bytes, compression=zero_init
	PieVectTableFile: load addr=00000200, load size=00000004 bytes, run addr=00000d00, run size=000001c0 bytes, compression=zero_init


LINKER GENERATED HANDLER TABLE

__TI_handler_table @ 000001f2 records: 3, size/record: 2, table size: 6
	index: 0, handler: __TI_zero_init
	index: 1, handler: __TI_decompress_lzss
	index: 2, handler: __TI_decompress_none


GLOBAL DATA SYMBOLS: SORTED BY DATA PAGE

address     data page           name
--------    ----------------    ----
00000400      10 (00000400)     __stack

00000d00      34 (00000d00)     PieVectTable

0000a800     2a0 (0000a800)     ezDSP_Version_SCI
0000a801     2a0 (0000a800)     ezDSP_uRead16BPossible
0000a802     2a0 (0000a800)     ezDSP_uRead8BPossible
0000a803     2a0 (0000a800)     ezDSP_b32bitAddress
0000a804     2a0 (0000a800)     ezDSP_uCPU
0000a805     2a0 (0000a800)     ezDSP_uOnChipFlash
0000a806     2a0 (0000a800)     ezDSP_uBRKDTCount
0000a807     2a0 (0000a800)     ezDSP_uFECount
0000a808     2a0 (0000a800)     ezDSP_uOECount
0000a809     2a0 (0000a800)     ezDSP_uPECount
0000a80a     2a0 (0000a800)     ezDSP_uWrongISRCount
0000a80b     2a0 (0000a800)     ezDSP_ucRx
0000a80c     2a0 (0000a800)     ezDSP_uState
0000a80d     2a0 (0000a800)     ezDSP_uData
0000a80e     2a0 (0000a800)     ezDSP_uChksum
0000a80f     2a0 (0000a800)     ezDSP_uAddrRdCnt
0000a810     2a0 (0000a800)     ezDSP_uDataRdCnt
0000a811     2a0 (0000a800)     ezDSP_uBlockSize
0000a812     2a0 (0000a800)     ezDSP_uBlockIndex
0000a813     2a0 (0000a800)     ezDSP_uChkSumCalculated
0000a814     2a0 (0000a800)     ezDSP_uCommand
0000a815     2a0 (0000a800)     ezDSP_uISRRxCount
0000a816     2a0 (0000a800)     ezDSP_uISRTxCount
0000a817     2a0 (0000a800)     ezDSP_uRxFifoCnt
0000a818     2a0 (0000a800)     ezDSP_uMaxRxFifoCnt
0000a819     2a0 (0000a800)     ezDSP_uTxFifoCnt
0000a81a     2a0 (0000a800)     ezDSP_uMaxTxFifoCnt
0000a81b     2a0 (0000a800)     ezDSP_uTxFifoFullCnt
0000a81c     2a0 (0000a800)     SCIx_BASE
0000a81e     2a0 (0000a800)     ezDSP_ulData
0000a820     2a0 (0000a800)     ezDSP_ulAddr
0000a822     2a0 (0000a800)     ezDSP_ullData
0000a826     2a0 (0000a800)     WIZCHIP

0000a84a     2a1 (0000a840)     xPidGain
0000a86c     2a1 (0000a840)     sock_pack_info
0000a87c     2a1 (0000a840)     FramTest

0000a886     2a2 (0000a880)     pxDataCpu1ToCm
0000a888     2a2 (0000a880)     pxDataCmToCpu1
0000a88a     2a2 (0000a880)     xEthRxData
0000a88c     2a2 (0000a880)     __TI_enable_exit_profile_output
0000a88e     2a2 (0000a880)     __TI_cleanup_ptr
0000a890     2a2 (0000a880)     __TI_dtors_ptr
0000a896     2a2 (0000a880)     _lock
0000a898     2a2 (0000a880)     _unlock
0000a89a     2a2 (0000a880)     isW6100Connected
0000a89b     2a2 (0000a880)     xIpcState
0000a89c     2a2 (0000a880)     xEncoder
0000a8b4     2a2 (0000a880)     xLimitSwitch
0000a8b6     2a2 (0000a880)     xLimitSwitchConfig

0000a8c0     2a3 (0000a8c0)     xDbgCtrl

0000acc8     2b3 (0000acc0)     xAdc
0000acd8     2b3 (0000acc0)     xBit
0000ace8     2b3 (0000acc0)     xDio
0000acf2     2b3 (0000acc0)     xSysCtrl
0000acfa     2b3 (0000acc0)     adcRawData

0000ad40     2b5 (0000ad40)     xQueSCI_PC

0000ae0a     2b8 (0000ae00)     xTimer
0000ae10     2b8 (0000ae00)     xLed
0000ae19     2b8 (0000ae00)     xRcvSciPcMsg1
0000ae1a     2b8 (0000ae00)     xXmtSciPcMsg1
0000ae1c     2b8 (0000ae00)     xMotorDriver

0000ae40     2b9 (0000ae40)     xMotorCtrl
0000ae4a     2b9 (0000ae40)     currPid
0000ae5e     2b9 (0000ae40)     speedPid

0000ae80     2ba (0000ae80)     posPid

0000b000     2c0 (0000b000)     PieVectTableInit

0000b1c0     2c7 (0000b1c0)     IPC_Instance

00038000     e00 (00038000)     IPC_CPU_To_CM_GetBuffer

00039000     e40 (00039000)     IPC_CPU_To_CM_PutBuffer

0003a000     e80 (0003a000)     IPC_CPU1_To_CPU2_PutBuffer

0003b000     ec0 (0003b000)     IPC_CPU1_To_CPU2_GetBuffer


GLOBAL SYMBOLS: SORTED ALPHABETICALLY BY Name 

page  address   name                                     
----  -------   ----                                     
0     0000d4dc  ADCA1_ISR                                
0     0000d4e6  ADCA2_ISR                                
0     0000d4f0  ADCA3_ISR                                
0     0000d4fa  ADCA4_ISR                                
0     0000d504  ADCA_EVT_ISR                             
0     0000d50e  ADCB1_ISR                                
0     0000d518  ADCB2_ISR                                
0     0000d522  ADCB3_ISR                                
0     0000d52c  ADCB4_ISR                                
0     0000d536  ADCB_EVT_ISR                             
0     0000d540  ADCC1_ISR                                
0     0000d54a  ADCC2_ISR                                
0     0000d554  ADCC3_ISR                                
0     0000d55e  ADCC4_ISR                                
0     0000d568  ADCC_EVT_ISR                             
0     0000d572  ADCD1_ISR                                
0     0000d57c  ADCD2_ISR                                
0     0000d586  ADCD3_ISR                                
0     0000d590  ADCD4_ISR                                
0     0000d59a  ADCD_EVT_ISR                             
0     0000912e  ADC_setINLTrim                           
0     000099f7  ADC_setMode                              
0     00009351  ADC_setOffsetTrim                        
0     0000d2d6  Bit_Encoder_Check                        
0     0000d32f  Bit_FaultReset                           
0     0000d464  Bit_GateFault_Check                      
0     0000dd85  Bit_Init                                 
0     00009caa  Bit_MotorOverSpeed_Check                 
0     00009be7  Bit_MotorStall_Check                     
0     000095c6  Bit_OvCurrent_Check                      
0     00009fa5  Bit_OvTemperature_Check                  
0     00009717  Bit_OvVoltage_Check                      
0     0000d41a  Bit_RunCBIT                              
0     0000d429  Bit_RunPBIT                              
0     00009ee9  C$$EXIT                                  
0     0000d5a4  CANA0_ISR                                
0     0000d5ae  CANA1_ISR                                
0     0000d5b8  CANB0_ISR                                
0     0000d5c2  CANB1_ISR                                
0     0000d5cc  CIPC0_ISR                                
0     0000d5d6  CIPC1_ISR                                
0     0000d5e0  CIPC2_ISR                                
0     0000d5ea  CIPC3_ISR                                
0     0000d5f4  CLA1CRC_ISR                              
0     0000d5fe  CLA1_1_ISR                               
0     0000d608  CLA1_2_ISR                               
0     0000d612  CLA1_3_ISR                               
0     0000d61c  CLA1_4_ISR                               
0     0000d626  CLA1_5_ISR                               
0     0000d630  CLA1_6_ISR                               
0     0000d63a  CLA1_7_ISR                               
0     0000d644  CLA1_8_ISR                               
0     0000d64e  CLA_OVERFLOW_ISR                         
0     0000d658  CLA_UNDERFLOW_ISR                        
0     0000d662  CLB1_ISR                                 
0     0000d66c  CLB2_ISR                                 
0     0000d676  CLB3_ISR                                 
0     0000d680  CLB4_ISR                                 
0     0000d68a  CLB5_ISR                                 
0     0000d694  CLB6_ISR                                 
0     0000d69e  CLB7_ISR                                 
0     0000d6a8  CLB8_ISR                                 
0     0000d6b2  CMTOCPUXIPC0_ISR                         
0     0000d6bc  CMTOCPUXIPC1_ISR                         
0     0000d6c6  CMTOCPUXIPC2_ISR                         
0     0000d6d0  CMTOCPUXIPC3_ISR                         
0     0000d6da  CMTOCPUXIPC4_ISR                         
0     0000d6e4  CMTOCPUXIPC5_ISR                         
0     0000d6ee  CMTOCPUXIPC6_ISR                         
0     0000d6f8  CMTOCPUXIPC7_ISR                         
0     0000d702  CM_STATUS_ISR                            
0     0000d70c  CPUCRC_ISR                               
0     0000d0ca  CPUTimer_setEmulationMode                
0     0000cf40  CalcAdcData                              
0     0000d38f  Control_Init                             
0     00009bb5  Control_SaveOffsetToFram                 
0     0000d471  Control_SystemOperation                  
0     0000d716  DATALOG_ISR                              
0     0000c3ab  DCC_verifyClockFrequency                 
0     0000d720  DMA_CH1_ISR                              
0     0000d72a  DMA_CH2_ISR                              
0     0000d734  DMA_CH3_ISR                              
0     0000d73e  DMA_CH4_ISR                              
0     0000d748  DMA_CH5_ISR                              
0     0000d752  DMA_CH6_ISR                              
0     0000d343  Debug_CalculateChecksum                  
0     00009f39  Debug_Init                               
0     0000918f  Debug_ParsePacket                        
0     000094e8  Debug_Process                            
0     0000d3a1  Debug_ProtocolInit                       
0     00008dc4  Debug_SendMessage                        
0     000091ef  Debug_StateMachine                       
0     0000d242  Device_bootCM                            
0     0000c65a  Device_enableAllPeripherals              
0     0000d4bb  Device_enableUnbondedGPIOPullups         
0     0000d356  Device_enableUnbondedGPIOPullupsFor176Pin
0     00008a12  Device_init                              
0     00009f5d  Device_initGPIO                          
0     0000d1a0  Device_verifyXTAL                        
0     0000d2ed  Dio_Init                                 
0     0000a18a  Dio_UpdateInput                          
0     0000d75c  ECAP1_ISR                                
0     0000d766  ECAP2_ISR                                
0     0000d770  ECAP3_ISR                                
0     0000d77a  ECAP4_ISR                                
0     0000d784  ECAP5_ISR                                
0     0000d78e  ECAP6_2_ISR                              
0     0000d798  ECAP6_ISR                                
0     0000d7a2  ECAP7_2_ISR                              
0     0000d7ac  ECAP7_ISR                                
0     0000d7b6  ECATRST_ISR                              
0     0000d7c0  ECATSYNC0_ISR                            
0     0000d7ca  ECATSYNC1_ISR                            
0     0000d7d4  ECAT_ISR                                 
0     0000d47e  EMPTY_ISR                                
0     0000d7de  EMU_ISR                                  
0     0000d7e8  EPWM10_ISR                               
0     0000d7f2  EPWM10_TZ_ISR                            
0     0000d7fc  EPWM11_ISR                               
0     0000d806  EPWM11_TZ_ISR                            
0     0000d810  EPWM12_ISR                               
0     0000d81a  EPWM12_TZ_ISR                            
0     0000d824  EPWM13_ISR                               
0     0000d82e  EPWM13_TZ_ISR                            
0     0000d838  EPWM14_ISR                               
0     0000d842  EPWM14_TZ_ISR                            
0     0000d84c  EPWM15_ISR                               
0     0000d856  EPWM15_TZ_ISR                            
0     0000d860  EPWM16_ISR                               
0     0000d86a  EPWM16_TZ_ISR                            
0     0000d874  EPWM1_ISR                                
0     0000d87e  EPWM1_TZ_ISR                             
0     0000d888  EPWM2_ISR                                
0     0000d892  EPWM2_TZ_ISR                             
0     0000d89c  EPWM3_ISR                                
0     0000d8a6  EPWM3_TZ_ISR                             
0     0000d8b0  EPWM4_ISR                                
0     0000d8ba  EPWM4_TZ_ISR                             
0     0000d8c4  EPWM5_ISR                                
0     0000d8ce  EPWM5_TZ_ISR                             
0     0000d8d8  EPWM6_ISR                                
0     0000d8e2  EPWM6_TZ_ISR                             
0     0000d8ec  EPWM7_ISR                                
0     0000d8f6  EPWM7_TZ_ISR                             
0     0000d900  EPWM8_ISR                                
0     0000d90a  EPWM8_TZ_ISR                             
0     0000d914  EPWM9_ISR                                
0     0000d91e  EPWM9_TZ_ISR                             
0     0000924e  EPWM_setEmulationMode                    
0     0000d928  EQEP1_ISR                                
0     0000d932  EQEP2_ISR                                
0     0000d93c  EQEP3_ISR                                
0     0000d1bc  Encoder_Init                             
0     000090cc  Encoder_Init_Hardware                    
0     00009e97  Encoder_LoadOffset                       
0     00008e36  Encoder_ReadSpiData                      
0     0000825e  Encoder_UpdatePosition                   
0     0000d067  Epwm_SetMotorDuty_1x                     
0     0000a1f3  F28x_usDelay                             
0     0000d946  FMC_ISR                                  
0     0000d950  FPU_OFLOW_ISR                            
0     0000d95a  FPU_UFLOW_ISR                            
0     0000d964  FSIRXA1_ISR                              
0     0000d96e  FSIRXA2_ISR                              
0     0000d978  FSIRXB1_ISR                              
0     0000d982  FSIRXB2_ISR                              
0     0000d98c  FSIRXC1_ISR                              
0     0000d996  FSIRXC2_ISR                              
0     0000d9a0  FSIRXD1_ISR                              
0     0000d9aa  FSIRXD2_ISR                              
0     0000d9b4  FSIRXE1_ISR                              
0     0000d9be  FSIRXE2_ISR                              
[...]
0     0000a81a  ezDSP_uMaxTxFifoCnt                      
0     0000a81b  ezDSP_uTxFifoFullCnt                     
0     0000a81c  SCIx_BASE                                
0     0000a81e  ezDSP_ulData                             
0     0000a820  ezDSP_ulAddr                             
0     0000a822  ezDSP_ullData                            
0     0000a826  WIZCHIP                                  
0     0000a84a  xPidGain                                 
0     0000a86c  sock_pack_info                           
0     0000a87c  FramTest                                 
0     0000a886  pxDataCpu1ToCm                           
0     0000a888  pxDataCmToCpu1                           
0     0000a88a  xEthRxData                               
0     0000a88c  __TI_enable_exit_profile_output          
0     0000a88e  __TI_cleanup_ptr                         
0     0000a890  __TI_dtors_ptr                           
0     0000a896  _lock                                    
0     0000a898  _unlock                                  
0     0000a89a  isW6100Connected                         
0     0000a89b  xIpcState                                
0     0000a89c  xEncoder                                 
0     0000a8b4  xLimitSwitch                             
0     0000a8b6  xLimitSwitchConfig                       
0     0000a8c0  xDbgCtrl                                 
0     0000acc8  xAdc                                     
0     0000acd8  xBit                                     
0     0000ace8  xDio                                     
0     0000acf2  xSysCtrl                                 
0     0000acfa  adcRawData                               
0     0000ad40  xQueSCI_PC                               
0     0000ae0a  xTimer                                   
0     0000ae10  xLed                                     
0     0000ae19  xRcvSciPcMsg1                            
0     0000ae1a  xXmtSciPcMsg1                            
0     0000ae1c  xMotorDriver                             
0     0000ae40  xMotorCtrl                               
0     0000ae4a  currPid                                  
0     0000ae5e  speedPid                                 
0     0000ae80  posPid                                   
0     0000b000  PieVectTableInit                         
0     0000b1c0  IPC_Instance                             
0     0000c000  easy_RXINT_ISR                           
0     0000c3ab  DCC_verifyClockFrequency                 
0     0000c65a  Device_enableAllPeripherals              
0     0000c7c1  IPC_registerInterrupt                    
0     0000c800  SysCtl_isPLLValid                        
0     0000ca53  easyDSP_SCI_Init                         
0     0000cbfb  SysCtl_setClock                          
0     0000cd2c  SysCtl_setAuxClock                       
0     0000ce3a  sendto_W6x00                             
0     0000cf40  CalcAdcData                              
0     0000cffd  __error__                                
0     0000d045  Initial_IPC                              
0     0000d067  Epwm_SetMotorDuty_1x                     
0     0000d088  SysCtl_selectXTALSingleEnded             
0     0000d0a9  reg_wizchip_spi_cbfunc                   
0     0000d0ca  CPUTimer_setEmulationMode                
0     0000d0ea  memcpy                                   
0     0000d10a  spia_write_byte                          
0     0000d12a  __c28xabi_cmpll                          
0     0000d13c  __c28xabi_cmpull                         
0     0000d148  spia_read_byte                           
0     0000d166  MotorCtrl_SetOutput                      
0     0000d183  Spid_Transmit                            
0     0000d1a0  Device_verifyXTAL                        
0     0000d1bc  Encoder_Init                             
0     0000d1d8  Fram_ReadByte                            
0     0000d1f3  LimitSwitch_Init                         
0     0000d20e  Interrupt_initVectorTable                
0     0000d228  SysCtl_controlCMReset                    
0     0000d242  Device_bootCM                            
0     0000d274  recvSciPcMessage                         
0     0000d28d  _c_int00                                 
0     0000d2a6  __c28xabi_andll                          
0     0000d2ae  __c28xabi_orll                           
0     0000d2b6  __c28xabi_xorll                          
0     0000d2be  wizchip_spi_writeburst                   
0     0000d2d6  Bit_Encoder_Check                        
0     0000d2ed  Dio_Init                                 
0     0000d304  isr_CpuTimer1                            
0     0000d31a  wizchip_spi_readburst                    
0     0000d32f  Bit_FaultReset                           
0     0000d343  Debug_CalculateChecksum                  
0     0000d356  Device_enableUnbondedGPIOPullupsFor176Pin
0     0000d37c  MotorDriver_ReadReg                      
0     0000d38f  Control_Init                             
0     0000d3a1  Debug_ProtocolInit                       
0     0000d3b3  MotorDriver_WriteReg                     
0     0000d3c5  reg_wizchip_cs_cbfunc                    
0     0000d3d7  _args_main                               
0     0000d3fa  isr_CpuTimer0                            
0     0000d41a  Bit_RunCBIT                              
0     0000d429  Bit_RunPBIT                              
0     0000d464  Bit_GateFault_Check                      
0     0000d471  Control_SystemOperation                  
0     0000d47e  EMPTY_ISR                                
0     0000d497  Interrupt_defaultHandler                 
0     0000d4a3  MotorDriver_Enable                       
0     0000d4af  MotorDriver_SetDir                       
0     0000d4bb  Device_enableUnbondedGPIOPullups         
0     0000d4c6  Initial_Led                              
0     0000d4d1  MotorDriver_Init                         
0     0000d4dc  ADCA1_ISR                                
0     0000d4e6  ADCA2_ISR                                
0     0000d4f0  ADCA3_ISR                                
0     0000d4fa  ADCA4_ISR                                
0     0000d504  ADCA_EVT_ISR                             
0     0000d50e  ADCB1_ISR                                
0     0000d518  ADCB2_ISR                                
0     0000d522  ADCB3_ISR                                
0     0000d52c  ADCB4_ISR                                
0     0000d536  ADCB_EVT_ISR                             
0     0000d540  ADCC1_ISR                                
0     0000d54a  ADCC2_ISR                                
0     0000d554  ADCC3_ISR                                
0     0000d55e  ADCC4_ISR                                
0     0000d568  ADCC_EVT_ISR                             
0     0000d572  ADCD1_ISR                                
0     0000d57c  ADCD2_ISR                                
0     0000d586  ADCD3_ISR                                
0     0000d590  ADCD4_ISR                                
0     0000d59a  ADCD_EVT_ISR                             
0     0000d5a4  CANA0_ISR                                
0     0000d5ae  CANA1_ISR                                
0     0000d5b8  CANB0_ISR                                
0     0000d5c2  CANB1_ISR                                
0     0000d5cc  CIPC0_ISR                                
0     0000d5d6  CIPC1_ISR                                
0     0000d5e0  CIPC2_ISR                                
0     0000d5ea  CIPC3_ISR                                
0     0000d5f4  CLA1CRC_ISR                              
0     0000d5fe  CLA1_1_ISR                               
0     0000d608  CLA1_2_ISR                               
0     0000d612  CLA1_3_ISR                               
0     0000d61c  CLA1_4_ISR                               
0     0000d626  CLA1_5_ISR                               
0     0000d630  CLA1_6_ISR                               
0     0000d63a  CLA1_7_ISR                               
0     0000d644  CLA1_8_ISR                               
0     0000d64e  CLA_OVERFLOW_ISR                         
0     0000d658  CLA_UNDERFLOW_ISR                        
0     0000d662  CLB1_ISR                                 
0     0000d66c  CLB2_ISR                                 
0     0000d676  CLB3_ISR                                 
0     0000d680  CLB4_ISR                                 
0     0000d68a  CLB5_ISR                                 
0     0000d694  CLB6_ISR                                 
0     0000d69e  CLB7_ISR                                 
0     0000d6a8  CLB8_ISR                                 
0     0000d6b2  CMTOCPUXIPC0_ISR                         
0     0000d6bc  CMTOCPUXIPC1_ISR                         
0     0000d6c6  CMTOCPUXIPC2_ISR                         
0     0000d6d0  CMTOCPUXIPC3_ISR                         
0     0000d6da  CMTOCPUXIPC4_ISR                         
0     0000d6e4  CMTOCPUXIPC5_ISR                         
0     0000d6ee  CMTOCPUXIPC6_ISR                         
0     0000d6f8  CMTOCPUXIPC7_ISR                         
0     0000d702  CM_STATUS_ISR                            
0     0000d70c  CPUCRC_ISR                               
0     0000d716  DATALOG_ISR                              
0     0000d720  DMA_CH1_ISR                              
0     0000d72a  DMA_CH2_ISR                              
0     0000d734  DMA_CH3_ISR                              
0     0000d73e  DMA_CH4_ISR                              
0     0000d748  DMA_CH5_ISR                              
0     0000d752  DMA_CH6_ISR                              
0     0000d75c  ECAP1_ISR                                
0     0000d766  ECAP2_ISR                                
0     0000d770  ECAP3_ISR                                
0     0000d77a  ECAP4_ISR                                
0     0000d784  ECAP5_ISR                                
0     0000d78e  ECAP6_2_ISR                              
0     0000d798  ECAP6_ISR                                
0     0000d7a2  ECAP7_2_ISR                              
0     0000d7ac  ECAP7_ISR                                
0     0000d7b6  ECATRST_ISR                              
0     0000d7c0  ECATSYNC0_ISR                            
0     0000d7ca  ECATSYNC1_ISR                            
0     0000d7d4  ECAT_ISR                                 
0     0000d7de  EMU_ISR                                  
0     0000d7e8  EPWM10_ISR                               
0     0000d7f2  EPWM10_TZ_ISR                            
0     0000d7fc  EPWM11_ISR                               
0     0000d806  EPWM11_TZ_ISR                            
0     0000d810  EPWM12_ISR                               
0     0000d81a  EPWM12_TZ_ISR                            
0     0000d824  EPWM13_ISR                               
0     0000d82e  EPWM13_TZ_ISR                            
0     0000d838  EPWM14_ISR                               
0     0000d842  EPWM14_TZ_ISR                            
0     0000d84c  EPWM15_ISR                               
0     0000d856  EPWM15_TZ_ISR                            
0     0000d860  EPWM16_ISR                               
0     0000d86a  EPWM16_TZ_ISR                            
0     0000d874  EPWM1_ISR                                
0     0000d87e  EPWM1_TZ_ISR                             
0     0000d888  EPWM2_ISR                                
0     0000d892  EPWM2_TZ_ISR                             
0     0000d89c  EPWM3_ISR                                
0     0000d8a6  EPWM3_TZ_ISR                             
0     0000d8b0  EPWM4_ISR                                
0     0000d8ba  EPWM4_TZ_ISR                             
0     0000d8c4  EPWM5_ISR                                
0     0000d8ce  EPWM5_TZ_ISR                             
0     0000d8d8  EPWM6_ISR                                
0     0000d8e2  EPWM6_TZ_ISR                             
0     0000d8ec  EPWM7_ISR                                
0     0000d8f6  EPWM7_TZ_ISR                             
0     0000d900  EPWM8_ISR                                
0     0000d90a  EPWM8_TZ_ISR                             
0     0000d914  EPWM9_ISR                                
0     0000d91e  EPWM9_TZ_ISR                             
0     0000d928  EQEP1_ISR                                
0     0000d932  EQEP2_ISR                                
0     0000d93c  EQEP3_ISR                                
0     0000d946  FMC_ISR                                  
0     0000d950  FPU_OFLOW_ISR                            
0     0000d95a  FPU_UFLOW_ISR                            
0     0000d964  FSIRXA1_ISR                              
0     0000d96e  FSIRXA2_ISR                              
0     0000d978  FSIRXB1_ISR                              
0     0000d982  FSIRXB2_ISR                              
0     0000d98c  FSIRXC1_ISR                              
0     0000d996  FSIRXC2_ISR                              
0     0000d9a0  FSIRXD1_ISR                              
0     0000d9aa  FSIRXD2_ISR                              
0     0000d9b4  FSIRXE1_ISR                              
0     0000d9be  FSIRXE2_ISR                              
0     0000d9c8  FSIRXF1_ISR                              
0     0000d9d2  FSIRXF2_ISR                              
0     0000d9dc  FSIRXG1_ISR                              
0     0000d9e6  FSIRXG2_ISR                              
0     0000d9f0  FSIRXH1_ISR                              
0     0000d9fa  FSIRXH2_ISR                              
0     0000da04  FSITXA1_ISR                              
0     0000da0e  FSITXA2_ISR                              
0     0000da18  FSITXB1_ISR                              
0     0000da22  FSITXB2_ISR                              
0     0000da2c  I2CA_FIFO_ISR                            
0     0000da36  I2CA_HIGH_ISR                            
0     0000da40  I2CA_ISR                                 
0     0000da4a  I2CB_FIFO_ISR                            
0     0000da54  I2CB_ISR                                 
0     0000da5e  ILLEGAL_ISR                              
0     0000da68  Interrupt_illegalOperationHandler        
0     0000da72  Interrupt_nmiHandler                     
0     0000da7c  MCANA_0_ISR                              
0     0000da86  MCANA_1_ISR                              
0     0000da90  MCANA_ECC_ISR                            
0     0000da9a  MCANA_WAKE_ISR                           
0     0000daa4  MCBSPA_RX_ISR                            
0     0000daae  MCBSPA_TX_ISR                            
0     0000dab8  MCBSPB_RX_ISR                            
0     0000dac2  MCBSPB_TX_ISR                            
0     0000dacc  MPOST_ISR                                
0     0000dad6  NMI_ISR                                  
0     0000dae0  NOTUSED_ISR                              
0     0000daea  PIE_RESERVED_ISR                         
0     0000daf4  PMBUSA_ISR                               
0     0000dafe  RTOS_ISR                                 
0     0000db08  SCIA_RX_ISR                              
0     0000db12  SCIA_TX_ISR                              
0     0000db1c  SCIB_RX_ISR                              
0     0000db26  SCIB_TX_ISR                              
0     0000db30  SCIC_RX_ISR                              
0     0000db3a  SCIC_TX_ISR                              
0     0000db44  SCID_RX_ISR                              
0     0000db4e  SCID_TX_ISR                              
0     0000db58  SDFM1DR1_ISR                             
0     0000db62  SDFM1DR2_ISR                             
0     0000db6c  SDFM1DR3_ISR                             
0     0000db76  SDFM1DR4_ISR                             
0     0000db80  SDFM1_ISR                                
0     0000db8a  SDFM2DR1_ISR                             
0     0000db94  SDFM2DR2_ISR                             
0     0000db9e  SDFM2DR3_ISR                             
0     0000dba8  SDFM2DR4_ISR                             
0     0000dbb2  SDFM2_ISR                                
0     0000dbbc  SPIA_RX_ISR                              
0     0000dbc6  SPIA_TX_ISR                              
0     0000dbd0  SPIB_RX_ISR                              
0     0000dbda  SPIB_TX_ISR                              
0     0000dbe4  SPIC_RX_ISR                              
0     0000dbee  SPIC_TX_ISR                              
0     0000dbf8  SPID_RX_ISR                              
0     0000dc02  SPID_TX_ISR                              
0     0000dc0c  SYS_ERR_ISR                              
0     0000dc16  TIMER0_ISR                               
0     0000dc20  TIMER1_ISR                               
0     0000dc2a  TIMER2_ISR                               
0     0000dc34  USBA_ISR                                 
0     0000dc3e  USER10_ISR                               
0     0000dc48  USER11_ISR                               
0     0000dc52  USER12_ISR                               
0     0000dc5c  USER1_ISR                                
0     0000dc66  USER2_ISR                                
0     0000dc70  USER3_ISR                                
0     0000dc7a  USER4_ISR                                
0     0000dc84  USER5_ISR                                
0     0000dc8e  USER6_ISR                                
0     0000dc98  USER7_ISR                                
0     0000dca2  USER8_ISR                                
0     0000dcac  USER9_ISR                                
0     0000dcb6  WAKE_ISR                                 
0     0000dcc0  XINT1_ISR                                
0     0000dcca  XINT2_ISR                                
0     0000dcd4  XINT3_ISR                                
0     0000dcde  XINT4_ISR                                
0     0000dce8  XINT5_ISR                                
0     0000dcf2  Initial_SPI                              
0     0000dcfb  MotorDriver_ClearFaults                  
0     0000dd04  _register_unlock                         
0     0000dd08  _register_lock                           
0     0000dd0c  _nop                                     
0     0000dd15  __TI_decompress_none                     
0     0000dd25  setLedModeToggle                         
0     0000dd2d  Initial_IPC_Clear                        
0     0000dd34  MotorDriver_UpdateStatus                 
0     0000dd42  Spid_CsHigh                              
0     0000dd49  Spid_CsLow                               
0     0000dd57  memset                                   
0     0000dd5e  Fram_Init                                
0     0000dd64  __TI_zero_init                           
0     0000dd6a  spia_cs_desel                            
0     0000dd70  spia_cs_sel                              
0     0000dd85  Bit_Init                                 
0     0000dd90  _system_pre_init                         
0     0000dd92  wizchip_spi_readbyte                     
0     0000dd94  _system_post_cinit                       
0     0000dd95  wizchip_cris_enter                       
0     0000dd96  wizchip_cris_exit                        
0     0000dd97  wizchip_cs_deselect                      
0     0000dd98  wizchip_cs_select                        
0     0000dd99  wizchip_spi_writebyte                    
0     00038000  IPC_CPU_To_CM_GetBuffer                  
0     00039000  IPC_CPU_To_CM_PutBuffer                  
0     0003a000  IPC_CPU1_To_CPU2_PutBuffer               
0     0003b000  IPC_CPU1_To_CPU2_GetBuffer               
1     00000d00  PieVectTable                             
abs   00000100  __TI_STACK_SIZE                          
abs   ffffffff  __TI_pprof_out_hndl                      
abs   ffffffff  __TI_prof_data_size                      
abs   ffffffff  __TI_prof_data_start                     
abs   ffffffff  __c_args__                               

[470 symbols]
