******************************************************************************
             TMS320C2000 Linker PC v25.11.0                    
******************************************************************************
>> Linked Fri Jun 12 09:30:25 2026

OUTPUT FILE NAME:   <ATTLA_T_CPU1.out>
ENTRY POINT SYMBOL: "code_start"  address: 00000000


MEMORY CONFIGURATION

         name            origin    length      used     unused   attr    fill
----------------------  --------  ---------  --------  --------  ----  --------
PAGE 0:
  BEGIN                 00000000   00000002  00000002  00000000  RWIX
  BOOT_RSVD             00000002   000001af  00000000  000001af  RWIX
  RAMM0                 000001b1   0000024f  0000004c  00000203  RWIX
  RAMM1                 00000400   000003f8  00000100  000002f8  RWIX
  RAMLS0                00008000   00000800  00000800  00000000  RWIX
  RAMLS1                00008800   00000800  00000800  00000000  RWIX
  RAMLS2                00009000   00000800  00000800  00000000  RWIX
  RAMLS3                00009800   00000800  00000800  00000000  RWIX
  RAMLS4                0000a000   00000800  00000178  00000688  RWIX
  RAMLS5                0000a800   00000800  000006f8  00000108  RWIX
  RAMLS6                0000b000   00000800  00000000  00000800  RWIX
  RAMLS7                0000b800   00000800  00000000  00000800  RWIX
  RAMD0                 0000c000   00000800  00000800  00000000  RWIX
  RAMD1                 0000c800   00000800  00000800  00000000  RWIX
  RAMGS0                0000d000   00001000  00000c06  000003fa  RWIX
  RAMGS1                0000e000   00001000  00000000  00001000  RWIX
  RAMGS2                0000f000   00001000  00000000  00001000  RWIX
  RAMGS3                00010000   00001000  00000000  00001000  RWIX
  RAMGS4                00011000   00001000  00000000  00001000  RWIX
  RAMGS5                00012000   00001000  00000000  00001000  RWIX
  RAMGS6                00013000   00001000  00000000  00001000  RWIX
  RAMGS7                00014000   00001000  00000000  00001000  RWIX
  RAMGS8                00015000   00001000  00000000  00001000  RWIX
  RAMGS9                00016000   00001000  00000000  00001000  RWIX
  RAMGS10               00017000   00001000  00000000  00001000  RWIX
  RAMGS11               00018000   00001000  00000000  00001000  RWIX
  RAMGS12               00019000   00001000  00000000  00001000  RWIX
  RAMGS13               0001a000   00001000  00000000  00001000  RWIX
  RAMGS14               0001b000   00001000  00000000  00001000  RWIX
  RAMGS15               0001c000   00000ff8  00000000  00000ff8  RWIX
  CMTOCPURAM            00038000   00000800  00000088  00000778  RWIX
  CPUTOCMRAM            00039000   00000800  00000088  00000778  RWIX
  CPU1TOCPU2RAM         0003a000   00000800  00000088  00000778  RWIX
  CPU2TOCPU1RAM         0003b000   00000800  00000088  00000778  RWIX
  CANA_MSG_RAM          00049000   00000800  00000000  00000800  RWIX
  CANB_MSG_RAM          0004b000   00000800  00000000  00000800  RWIX
  FLASH0                00080000   00002000  00000000  00002000  RWIX
  FLASH1                00082000   00002000  00000000  00002000  RWIX
  FLASH2                00084000   00002000  00000000  00002000  RWIX
  FLASH3                00086000   00002000  00000000  00002000  RWIX
  FLASH4                00088000   00008000  00000000  00008000  RWIX
  FLASH5                00090000   00008000  00000000  00008000  RWIX
  FLASH6                00098000   00008000  00000000  00008000  RWIX
  FLASH7                000a0000   00008000  00000000  00008000  RWIX
  FLASH8                000a8000   00008000  00000000  00008000  RWIX
  FLASH9                000b0000   00008000  00000000  00008000  RWIX
  FLASH10               000b8000   00002000  00000000  00002000  RWIX
  FLASH11               000ba000   00002000  00000000  00002000  RWIX
  FLASH12               000bc000   00002000  00000000  00002000  RWIX
  FLASH13               000be000   00002000  00000000  00002000  RWIX
  RESET                 003fffc0   00000002  00000000  00000002  RWIX

PAGE 1:
  ADCARESULT            00000b00   00000018  00000000  00000018  RWIX
  ADCBRESULT            00000b20   00000018  00000000  00000018  RWIX
  ADCCRESULT            00000b40   00000018  00000000  00000018  RWIX
  ADCDRESULT            00000b60   00000018  00000000  00000018  RWIX
  CPUTIMER0             00000c00   00000008  00000000  00000008  RWIX
  CPUTIMER1             00000c08   00000008  00000000  00000008  RWIX
  CPUTIMER2             00000c10   00000008  00000000  00000008  RWIX
  PIECTRL               00000ce0   0000001a  00000000  0000001a  RWIX
  PIEVECTTABLE          00000d00   00000200  000001c0  00000040  RWIX
  DMA                   00001000   00000200  00000000  00000200  RWIX
  CLA1                  00001400   00000080  00000000  00000080  RWIX
  CLB1LOGICCFG          00003000   00000052  00000000  00000052  RWIX
  CLB1LOGICCTRL         00003100   00000040  00000000  00000040  RWIX
  CLB1DATAEXCH          00003180   00000080  00000000  00000080  RWIX
  CLB2LOGICCFG          00003200   00000052  00000000  00000052  RWIX
  CLB2LOGICCTRL         00003300   00000040  00000000  00000040  RWIX
  CLB2DATAEXCH          00003380   00000080  00000000  00000080  RWIX
  CLB3LOGICCFG          00003400   00000052  00000000  00000052  RWIX
  CLB3LOGICCTRL         00003500   00000040  00000000  00000040  RWIX
  CLB3DATAEXCH          00003580   00000080  00000000  00000080  RWIX
  CLB4LOGICCFG          00003600   00000052  00000000  00000052  RWIX
  CLB4LOGICCTRL         00003700   00000040  00000000  00000040  RWIX
  CLB4DATAEXCH          00003780   00000080  00000000  00000080  RWIX
  CLB5LOGICCFG          00003800   00000052  00000000  00000052  RWIX
  CLB5LOGICCTRL         00003900   00000040  00000000  00000040  RWIX
  CLB5DATAEXCH          00003980   00000080  00000000  00000080  RWIX
  CLB6LOGICCFG          00003a00   00000052  00000000  00000052  RWIX
  CLB6LOGICCTRL         00003b00   00000040  00000000  00000040  RWIX
  CLB6DATAEXCH          00003b80   00000080  00000000  00000080  RWIX
  CLB7LOGICCFG          00003c00   00000052  00000000  00000052  RWIX
  CLB7LOGICCTRL         00003d00   00000040  00000000  00000040  RWIX
  CLB7DATAEXCH          00003d80   00000080  00000000  00000080  RWIX
  CLB8LOGICCFG          00003e00   00000052  00000000  00000052  RWIX
  CLB8LOGICCTRL         00003f00   00000040  00000000  00000040  RWIX
  CLB8DATAEXCH          00003f80   00000080  00000000  00000080  RWIX
  EPWM1                 00004000   00000100  00000000  00000100  RWIX
  EPWM2                 00004100   00000100  00000000  00000100  RWIX
  EPWM3                 00004200   00000100  00000000  00000100  RWIX
  EPWM4                 00004300   00000100  00000000  00000100  RWIX
  EPWM5                 00004400   00000100  00000000  00000100  RWIX
  EPWM6                 00004500   00000100  00000000  00000100  RWIX
  EPWM7                 00004600   00000100  00000000  00000100  RWIX
  EPWM8                 00004700   00000100  00000000  00000100  RWIX
  EPWM9                 00004800   00000100  00000000  00000100  RWIX
  EPWM10                00004900   00000100  00000000  00000100  RWIX
  EPWM11                00004a00   00000100  00000000  00000100  RWIX
  EPWM12                00004b00   00000100  00000000  00000100  RWIX
  EPWM13                00004c00   00000100  00000000  00000100  RWIX
  EPWM14                00004d00   00000100  00000000  00000100  RWIX
  EPWM15                00004e00   00000100  00000000  00000100  RWIX
  EPWM16                00004f00   00000100  00000000  00000100  RWIX
  EQEP1                 00005100   00000040  00000000  00000040  RWIX
  EQEP2                 00005140   00000040  00000000  00000040  RWIX
  EQEP3                 00005180   00000040  00000000  00000040  RWIX
  ECAP1                 00005200   00000020  00000000  00000020  RWIX
  ECAP2                 00005240   00000020  00000000  00000020  RWIX
  ECAP3                 00005280   00000020  00000000  00000020  RWIX
  ECAP4                 000052c0   00000020  00000000  00000020  RWIX
  ECAP5                 00005300   00000020  00000000  00000020  RWIX
  ECAP6                 00005340   00000020  00000000  00000020  RWIX
  HRCAP6                00005360   00000020  00000000  00000020  RWIX
  ECAP7                 00005380   00000020  00000000  00000020  RWIX
  HRCAP7                000053a0   00000020  00000000  00000020  RWIX
  DACA                  00005c00   00000008  00000000  00000008  RWIX
  DACB                  00005c10   00000008  00000000  00000008  RWIX
  DACC                  00005c20   00000008  00000000  00000008  RWIX
  CMPSS1                00005c80   00000020  00000000  00000020  RWIX
  CMPSS2                00005ca0   00000020  00000000  00000020  RWIX
  CMPSS3                00005cc0   00000020  00000000  00000020  RWIX
  CMPSS4                00005ce0   00000020  00000000  00000020  RWIX
  CMPSS5                00005d00   00000020  00000000  00000020  RWIX
  CMPSS6                00005d20   00000020  00000000  00000020  RWIX
  CMPSS7                00005d40   00000020  00000000  00000020  RWIX
  CMPSS8                00005d60   00000020  00000000  00000020  RWIX
  SDFM1                 00005e00   00000080  00000000  00000080  RWIX
  SDFM2                 00005e80   00000080  00000000  00000080  RWIX
  MCBSPA                00006000   00000024  00000000  00000024  RWIX
  MCBSPB                00006040   00000024  00000000  00000024  RWIX
  SPIA                  00006100   00000010  00000000  00000010  RWIX
  SPIB                  00006110   00000010  00000000  00000010  RWIX
  SPIC                  00006120   00000010  00000000  00000010  RWIX
  SPID                  00006130   00000010  00000000  00000010  RWIX
  BGCRCCPU              00006340   00000040  00000000  00000040  RWIX
  BGCRCCLA1             00006380   00000040  00000000  00000040  RWIX
  PMBUSA                00006400   00000020  00000000  00000020  RWIX
  FSITXA                00006600   00000050  00000000  00000050  RWIX
  FSIRXA                00006680   00000050  00000000  00000050  RWIX
  FSITXB                00006700   00000050  00000000  00000050  RWIX
  FSIRXB                00006780   00000050  00000000  00000050  RWIX
  FSIRXC                00006880   00000050  00000000  00000050  RWIX
  FSIRXD                00006980   00000050  00000000  00000050  RWIX
  FSIRXE                00006a80   00000050  00000000  00000050  RWIX
  FSIRXF                00006b80   00000050  00000000  00000050  RWIX
  FSIRXG                00006c80   00000050  00000000  00000050  RWIX
  FSIRXH                00006d80   00000050  00000000  00000050  RWIX
  WD                    00007000   0000002c  00000000  0000002c  RWIX
  NMIINTRUPT            00007060   00000010  00000000  00000010  RWIX
  XINT                  00007070   0000000c  00000000  0000000c  RWIX
  SCIA                  00007200   00000010  00000000  00000010  RWIX
  SCIB                  00007210   00000010  00000000  00000010  RWIX
  SCIC                  00007220   00000010  00000000  00000010  RWIX
  SCID                  00007230   00000010  00000000  00000010  RWIX
  I2CA                  00007300   00000022  00000000  00000022  RWIX
  I2CB                  00007340   00000022  00000000  00000022  RWIX
  ADCA                  00007400   00000080  00000000  00000080  RWIX
  ADCB                  00007480   00000080  00000000  00000080  RWIX
  ADCC                  00007500   00000080  00000000  00000080  RWIX
  ADCD                  00007580   00000080  00000000  00000080  RWIX
  INPUTXBAR             00007900   00000020  00000000  00000020  RWIX
  XBAR                  00007920   00000020  00000000  00000020  RWIX
  SYNCSOC               00007940   00000006  00000000  00000006  RWIX
  CLBINPUTXBAR          00007960   00000020  00000000  00000020  RWIX
  DMACLASRCSEL          00007980   0000001a  00000000  0000001a  RWIX
  EPWMXBAR              00007a00   00000040  00000000  00000040  RWIX
  CLBXBAR               00007a40   00000040  00000000  00000040  RWIX
  OUTPUTXBAR            00007a80   00000040  00000000  00000040  RWIX
  CLBOUTPUTXBAR         00007bc0   00000040  00000000  00000040  RWIX
  GPIOCTRL              00007c00   00000200  00000000  00000200  RWIX
  GPIODATA              00007f00   00000040  00000000  00000040  RWIX
  GPIODATAREAD          00007f80   00000010  00000000  00000010  RWIX
  EMIF1                 00047000   00000070  00000000  00000070  RWIX
  EMIF2                 00047800   00000070  00000000  00000070  RWIX
  CANA                  00048000   00000200  00000000  00000200  RWIX
  CANB                  0004a000   00000200  00000000  00000200  RWIX
  ESCSS                 00057e00   00000024  00000000  00000024  RWIX
  ESCSSCONFIG           00057f00   00000016  00000000  00000016  RWIX
  MCANASS               0005c400   0000002c  00000000  0000002c  RWIX
  MCANA                 0005c600   00000100  00000000  00000100  RWIX
  MCANAERR              0005c800   00000210  00000000  00000210  RWIX
  CPU1TOCPU2IPC         0005ce00   00000026  00000000  00000026  RWIX
  CPU1TOCMIPC           0005ce40   00000026  00000000  00000026  RWIX
  DEVCFG                0005d000   000001a0  00000000  000001a0  RWIX
  CLKCFG                0005d200   00000100  00000000  00000100  RWIX
  CPUSYS                0005d300   000000a0  00000000  000000a0  RWIX
  SYSSTATUS             0005d400   00000100  00000000  00000100  RWIX
  SYSPERIPHAC           0005d500   00000200  00000000  00000200  RWIX
  ANALOGSUBSYS          0005d700   00000100  0000003e  000000c2  RWIX
  CMCONF                0005dc00   00000400  00000000  00000400  RWIX
  DCC0                  0005e700   00000038  00000000  00000038  RWIX
  DCC1                  0005e740   00000038  00000000  00000038  RWIX
  DCC2                  0005e780   00000038  00000000  00000038  RWIX
  ERADGLOBAL            0005e800   00000014  00000000  00000014  RWIX
  ERADHWBP1             0005e900   00000008  00000000  00000008  RWIX
  ERADHWBP2             0005e908   00000008  00000000  00000008  RWIX
  ERADHWBP3             0005e910   00000008  00000000  00000008  RWIX
  ERADHWBP4             0005e918   00000008  00000000  00000008  RWIX
  ERADHWBP5             0005e920   00000008  00000000  00000008  RWIX
  ERADHWBP6             0005e928   00000008  00000000  00000008  RWIX
  ERADHWBP7             0005e930   00000008  00000000  00000008  RWIX
  ERADHWBP8             0005e938   00000008  00000000  00000008  RWIX
  ERADCOUNTER1          0005e980   00000010  00000000  00000010  RWIX
  ERADCOUNTER2          0005e990   00000010  00000000  00000010  RWIX
  ERADCOUNTER3          0005e9a0   00000010  00000000  00000010  RWIX
  ERADCOUNTER4          0005e9b0   00000010  00000000  00000010  RWIX
  ERADCRCGLOBAL         0005ea00   00000010  00000000  00000010  RWIX
  ERADCRC1              0005ea10   00000010  00000000  00000010  RWIX
  ERADCRC2              0005ea20   00000010  00000000  00000010  RWIX
  ERADCRC3              0005ea30   00000010  00000000  00000010  RWIX
  ERADCRC4              0005ea40   00000010  00000000  00000010  RWIX
  ERADCRC5              0005ea50   00000010  00000000  00000010  RWIX
  ERADCRC6              0005ea60   00000010  00000000  00000010  RWIX
  ERADCRC7              0005ea70   00000010  00000000  00000010  RWIX
  ERADCRC8              0005ea80   00000010  00000000  00000010  RWIX
  DCSMZ1                0005f000   0000003e  00000000  0000003e  RWIX
  DCSMZ2                0005f080   0000003e  00000000  0000003e  RWIX
  DCSMCOMMON            0005f0c0   00000020  00000000  00000020  RWIX
  MEMCFG                0005f400   000000c0  00000000  000000c0  RWIX
  EMIF1CONFIG           0005f4c0   00000020  00000000  00000020  RWIX
  EMIF2CONFIG           0005f4e0   00000020  00000000  00000020  RWIX
  ACCESSPROTECTION      0005f500   00000040  00000000  00000040  RWIX
  MEMORYERROR           0005f540   00000040  00000000  00000040  RWIX
  ROMWAITSTATE          0005f580   00000008  00000000  00000008  RWIX
  ROMPREFETCH           0005f588   00000008  00000000  00000008  RWIX
  TESTERROR             0005f590   00000010  00000000  00000010  RWIX
  FLASH0CTRL            0005f800   00000182  00000000  00000182  RWIX
  FLASH0ECC             0005fb00   00000028  00000000  00000028  RWIX
  UID                   00070200   00000010  00000000  00000010  RWIX
  DCSMZ1OTP             00078000   00000020  00000000  00000020  RWIX
  DCSMZ2OTP             00078200   00000020  00000000  00000020  RWIX


SECTION ALLOCATION MAP

 output                                  attributes/
section   page    origin      length       input sections
--------  ----  ----------  ----------   ----------------
codestart 
*          0    00000000    00000002     
                  00000000    00000002     f2838x_codestartbranch.obj (codestart)

.cinit     0    000001b2    0000004c     
                  000001b2    0000002a     (.cinit..data.load) [load image, compression = lzss]
                  000001dc    00000006     (__TI_handler_table)
                  000001e2    00000004     (.cinit..bss.1.load) [load image, compression = zero_init]
                  000001e6    00000004     (.cinit..bss.2.load) [load image, compression = zero_init]
                  000001ea    00000004     (.cinit.PieVectTableFile.load) [load image, compression = zero_init]
                  000001ee    00000010     (__TI_cinit_table)

.reset     0    003fffc0    00000000     DSECT

.stack     0    00000400    00000100     UNINITIALIZED
                  00000400    00000100     --HOLE--

.init_array 
*          0    000001b1    00000000     UNINITIALIZED

.data      0    0000a800    00000076     UNINITIALIZED
                  0000a800    00000026     easy28x_driverlib_v12.2.obj (.data)
                  0000a826    0000001a     wizchip_conf.obj (.data)
                  0000a840    0000000a     csu_MotorCtrl.obj (.data)
                  0000a84a    00000008     socket.obj (.data:sock_pack_info)
                  0000a852    00000008     socket.obj (.data:sock_remained_size)
                  0000a85a    00000006     csu_Bit.obj (.data)
                  0000a860    00000006     csu_Control.obj (.data)
                  0000a866    00000006     rts2800_fpu64_eabi.lib : exit.c.obj (.data)
                  0000a86c    00000003     socket.obj (.data)
                  0000a86f    00000001     --HOLE--
                  0000a870    00000002     rts2800_fpu64_eabi.lib : _lock.c.obj (.data:_lock)
                  0000a872    00000002                            : _lock.c.obj (.data:_unlock)
                  0000a874    00000002     csu_Adc.obj (.data)

.const     0    0000a876    000004d9     
                  0000a876    00000008     hal_Ethernet.obj (.const:$P$T0$1)
                  0000a87e    00000002     --HOLE-- [fill = 0]
                  0000a880    000001c0     f2838x_pievect.obj (.const)
                  0000aa40    00000088     ipc.obj (.const:IPC_Instance)
                  0000aac8    00000031     sysctl.obj (.const:.string)
                  0000aaf9    00000007     --HOLE-- [fill = 0]
                  0000ab00    00000068     hal_Ethernet.obj (.const)
                  0000ab68    0000005d     hal_Timer.obj (.const:.string)
                  0000abc5    00000001     --HOLE-- [fill = 0]
                  0000abc6    00000058     easy28x_driverlib_v12.2.obj (.const:.string)
                  0000ac1e    00000030     gpio.obj (.const:.string)
                  0000ac4e    0000002f     dcc.obj (.const:.string)
                  0000ac7d    00000001     --HOLE-- [fill = 0]
                  0000ac7e    0000002f     sci.obj (.const:.string)
                  0000acad    00000001     --HOLE-- [fill = 0]
                  0000acae    0000002f     spi.obj (.const:.string)
                  0000acdd    00000001     --HOLE-- [fill = 0]
                  0000acde    0000001d     interrupt.obj (.const:.string)
                  0000acfb    00000001     --HOLE-- [fill = 0]
                  0000acfc    0000001c     cputimer.obj (.const:.string)
                  0000ad18    00000017     adc.obj (.const:.string)
                  0000ad2f    00000001     --HOLE-- [fill = 0]
                  0000ad30    00000017     ipc.obj (.const:.string)
                  0000ad47    00000008     hal_Ethernet.obj (.const:$P$T1$2)

MSGRAM_CM_TO_CPU 
*          0    00038000    00000088     UNINITIALIZED
                  00038000    00000088     ipc.obj (MSGRAM_CM_TO_CPU)

MSGRAM_CPU_TO_CM 
*          0    00039000    00000088     UNINITIALIZED
                  00039000    00000088     ipc.obj (MSGRAM_CPU_TO_CM)

MSGRAM_CPU1_TO_CPU2 
*          0    0003a000    00000088     UNINITIALIZED
                  0003a000    00000088     ipc.obj (MSGRAM_CPU1_TO_CPU2)

MSGRAM_CPU2_TO_CPU1 
*          0    0003b000    00000088     UNINITIALIZED
                  0003b000    00000088     ipc.obj (MSGRAM_CPU2_TO_CPU1)

PieVectTableFile 
*          1    00000d00    000001c0     UNINITIALIZED
                  00000d00    000001c0     f2838x_globalvariabledefs.obj (PieVectTableFile)

EmuKeyVar 
*          1    00000d00    00000000     UNINITIALIZED

EmuBModeVar 
*          1    00000d00    00000000     UNINITIALIZED

EmuBootPinsVar 
*          1    00000d00    00000000     UNINITIALIZED

FlashCallbackVar 
*          1    00000d00    00000000     UNINITIALIZED

FlashScalingVar 
*          1    00000d00    00000000     UNINITIALIZED

AnalogSubsysRegsFile 
*          1    0005d700    0000003e     UNINITIALIZED
                  0005d700    0000003e     f2838x_globalvariabledefs.obj (AnalogSubsysRegsFile)

dcsm_z1otp_link_pointer 
*          0    00000000    00000000     

dcsm_z1otp_jlm_enable 
*          0    00000000    00000000     

dcsm_z1otp_gpreg 
*          0    00000000    00000000     

dcsm_z1otp_pswd_lock 
*          0    00000000    00000000     

dcsm_z1otp_crc_lock 
*          0    00000000    00000000     

dcsm_z1otp_jtag_pswdh 
*          0    00000000    00000000     

dcsm_z1otp_cmac_key 
*          0    00000000    00000000     

dcsm_zsel_z1 
*          0    00000000    00000000     

dcsm_z2otp_link_pointer 
*          0    00000000    00000000     

dcsm_rsvd_z2 
*          0    00000000    00000000     

dcsm_z2otp_gpreg 
*          0    00000000    00000000     

dcsm_z2otp_pswd_lock 
*          0    00000000    00000000     

dcsm_z2otp_crc_lock 
*          0    00000000    00000000     

dcsm_rsvd1_z2 
*          0    00000000    00000000     

dcsm_zsel_z2 
*          0    00000000    00000000     

.text.1    0    00008000    00000800     
                  00008000    0000010e     sysctl.obj (.text:SysCtl_setAuxClock)
                  0000810e    000000ed     socket.obj (.text:sendto_IO_6)
                  000081fb    000000be     hal_DspInit.obj (.text:Init_GpioDin)
                  000082b9    000000bd     csu_Adc.obj (.text:CalcAdcData)
                  00008376    000000ae     wizchip_conf.obj (.text:wizchip_sw_reset)
                  00008424    000000aa     csu_Encoder.obj (.text:Encoder_UpdatePosition)
                  000084ce    000000a7     hal_Sci.obj (.text:isrScia_SCI_PC)
                  00008575    0000009e     hal_Timer.obj (.text:configCPUTimer)
                  00008613    00000093     sci.obj (.text:SCI_setConfig)
                  000086a6    00000090     hal_Adc.obj (.text:InitAdcModules)
                  00008736    00000090     sci.obj (.text:SCI_writeCharArray)
                  000087c6    00000039     gpio.obj (.text:GPIO_setInterruptPin)
                  000087ff    00000001     rts2800_fpu64_eabi.lib : startup.c.obj (.text)

.text.2    0    00008800    00000800     
                  00008800    0000008f     sci.obj (.text:SCI_readCharArray)
                  0000888f    0000008c     hal_MotorDriver.obj (.text:MotorDriver_Init_Hardware)
                  0000891b    0000008c     csu_SciPc.obj (.text:sendSciPcMessage1)
                  000089a7    0000008b     csu_MotorCtrl.obj (.text:MotorCtrl_Run)
                  00008a32    00000088     rts2800_fpu64_eabi.lib : fs_div28.asm.obj (.text)
                  00008aba    00000083     spi.obj (.text:SPI_setConfig)
                  00008b3d    00000081     sysctl.obj (.text:SysCtl_getAuxClock)
                  00008bbe    0000007a     hal_Epwm.obj (.text:Initial_EpwmTimer)
                  00008c38    00000079     device.obj (.text:Device_init)
                  00008cb1    00000079     interrupt.obj (.text:Interrupt_clearIFR)
                  00008d2a    00000077     csu_PID.obj (.text:PID_Calculate)
                  00008da1    00000075     easy28x_driverlib_v12.2.obj (.text:easy_addRing)
                  00008e16    00000074     hal_Spi.obj (.text:InitSpid)
                  00008e8a    00000073     sysctl.obj (.text:SysCtl_getClock)
                  00008efd    00000071     hal_Sci.obj (.text:setupSciaPC_HW)
                  00008f6e    0000006e     hal_DspInit.obj (.text:initW6100GpioPins)
                  00008fdc    00000024     device.obj (.text:Device_initGPIO)

.text.3    0    00009000    00000800     
                  00009000    0000006a     hal_DspInit.obj (.text:Init_GpioDout)
                  0000906a    00000067     hal_Encoder.obj (.text:Encoder_ReadSpiData)
                  000090d1    00000067     hal_Timer.obj (.text:Initial_TIMER)
                  00009138    00000062     hal_Encoder.obj (.text:Encoder_Init_Hardware)
                  0000919a    00000061     adc.obj (.text:ADC_setINLTrim)
                  000091fb    0000005e     csu_MotorCtrl.obj (.text:MotorCtrl_Init)
                  00009259    0000005a     wizchip_conf.obj (.text:wizchip_setnetinfo)
                  000092b3    00000058     hal_Ethernet.obj (.text:Ethernet_Process)
                  0000930b    00000056     interrupt.obj (.text:Interrupt_disable)
                  00009361    00000056     sci.obj (.text:SCI_clearInterruptStatus)
                  000093b7    00000056     wizchip_conf.obj (.text:wizchip_init)
                  0000940d    00000055     adc.obj (.text:ADC_setOffsetTrim)
                  00009462    00000050     sysctl.obj (.text:SysCtl_selectOscSourceAuxPLL)
                  000094b2    00000050     w6100.obj (.text:WIZCHIP_WRITE_BUF)
                  00009502    0000004f     hal_Spi.obj (.text:InitSpic)
                  00009551    0000004e     gpio.obj (.text:GPIO_setPadConfig)
                  0000959f    0000004d     w6100.obj (.text:WIZCHIP_READ_BUF)
                  000095ec    0000004b     hal_Timer.obj (.text:initCPUTimers)
                  00009637    0000004a     csu_Led.obj (.text:updateLedStatus)
                  00009681    00000042     w6100.obj (.text:wiz_send_data)
                  000096c3    00000041     csu_Bit.obj (.text:Bit_OvVoltage_Check)
                  00009704    00000041     interrupt.obj (.text:Interrupt_enable)
                  00009745    00000041     interrupt.obj (.text:Interrupt_initModule)
                  00009786    00000041     sysctl.obj (.text:SysCtl_selectOscSource)
                  000097c7    00000039     sci.obj (.text:SCI_disableInterrupt)

.text.4    0    00009800    00000800     
                  00009800    00000040     w6100.obj (.text:WIZCHIP_READ)
                  00009840    00000040     hal_Ethernet.obj (.text:isr_EthernetExtInt)
                  00009880    0000003f     sysctl.obj (.text:SysCtl_selectXTAL)
                  000098bf    0000003f     socket.obj (.text:close)
                  000098fe    0000003f     w6100.obj (.text:wiz_recv_data)
                  0000993d    0000003e     ipc.obj (.text:IPC_unregisterInterrupt)
                  0000997b    0000003e     w6100.obj (.text:WIZCHIP_WRITE)
                  000099b9    0000003c     spi.obj (.text:SPI_clearInterruptStatus)
                  000099f5    0000003b     adc.obj (.text:ADC_setMode)
                  00009a30    00000039     sysctl.obj (.text:SysCtl_pollX1Counter)
                  00009a69    00000038     sci.obj (.text:SCI_enableInterrupt)
                  00009aa1    00000038     main.obj (.text:main)
                  00009ad9    00000037     hal_Ethernet.obj (.text:Initial_W6100)
                  00009b10    00000036     w6100.obj (.text:wiz_recv_ignore)
                  00009b46    00000033     hal_Spi.obj (.text:InitSpia)
                  00009b79    00000032     hal_Sci.obj (.text:dequeueSci)
                  00009bab    00000031     csu_Bit.obj (.text:Bit_MotorStall_Check)
                  00009bdc    00000030     gpio.obj (.text:GPIO_setPinConfig)
                  00009c0c    0000002f     csu_Bit.obj (.text:Bit_MotorOverSpeed_Check)
                  00009c3b    0000002f     gpio.obj (.text:GPIO_setControllerCore)
                  00009c6a    0000002f     gpio.obj (.text:GPIO_setQualificationMode)
                  00009c99    0000002f     csu_MotorCtrl.obj (.text:MotorCtrl_UpdateFeedback)
                  00009cc8    0000002f     hal_Sci.obj (.text:setupSciaPC_GPIO)
                  00009cf7    0000002e     rts2800_fpu64_eabi.lib : copy_decompress_lzss.c.obj (.text:decompress:lzss)
                  00009d25    0000002c     gpio.obj (.text:GPIO_setDirectionMode)
                  00009d51    0000002c     csu_PID.obj (.text:PID_Init)
                  00009d7d    0000002c     hal_Sci.obj (.text:enqueueSci)
                  00009da9    0000002b     csu_Adc.obj (.text:Initial_Adc)
                  00009dd4    0000002b     rts2800_fpu64_eabi.lib : autoinit.c.obj (.text:__TI_auto_init_nobinit_nopinit)
                  00009dff    0000002a     w6100.obj (.text:getSn_RX_RSR)
                  00009e29    0000002a     w6100.obj (.text:getSn_TX_FSR)
                  00009e53    00000029     csu_Encoder.obj (.text:Encoder_LoadOffset)
                  00009e7c    00000029     rts2800_fpu64_eabi.lib : exit.c.obj (.text)
                  00009ea5    00000029     hal_Sci.obj (.text:sendScia_SCI_PC)
                  00009ece    00000024     sysctl.obj (.text:SysCtl_getLowSpeedClock)
                  00009ef2    00000023     csu_Bit.obj (.text:Bit_OvTemperature_Check)
                  00009f15    00000022     csu_Encoder.obj (.text:Encoder_CalcCrc6)
                  00009f37    00000021     hal_Epwm.obj (.text:Epwm_SetMotorDuty_1x)
                  00009f58    00000021     sysctl.obj (.text:SysCtl_selectXTALSingleEnded)
                  00009f79    00000021     wizchip_conf.obj (.text:reg_wizchip_spi_cbfunc)
                  00009f9a    00000020     cputimer.obj (.text:CPUTimer_setEmulationMode)
                  00009fba    00000020     rts2800_fpu64_eabi.lib : memcpy.c.obj (.text)
                  00009fda    0000001e     f2838x_tempsensorconv.obj (.text:InitTempSensor)
                  00009ff8    00000008     hal_Fram.obj (.text:Fram_WriteEnable)

.TI.ramfunc 
*          0    0000a000    00000178     
                  0000a000    000000a0     csu_Control.obj (.TI.ramfunc:csu_Offset_Isr)
                  0000a0a0    0000006e     csu_Control.obj (.TI.ramfunc:csu_Pbit_Isr)
                  0000a10e    00000062     csu_Control.obj (.TI.ramfunc:csu_MainControl_Isr)
                  0000a170    00000004     f2838x_usdelay.obj (.TI.ramfunc)
                  0000a174    00000004     sysctl.obj (.TI.ramfunc)

.bss.1     0    0000ad50    00000169     UNINITIALIZED
                  0000ad50    00000018     csu_Encoder.obj (.bss)
                  0000ad68    00000010     wizchip_conf.obj (.bss:_DNS6_)
                  0000ad78    00000006     f2838x_tempsensorconv.obj (.bss)
                  0000ad7e    00000002     csu_Control.obj (.bss)
                  0000ad80    00000101     hal_Sci.obj (.bss)
                  0000ae81    00000001     csu_MotorDriver.obj (.bss)
                  0000ae82    00000010     csu_Adc.obj (.bss)
                  0000ae92    00000010     csu_Bit.obj (.bss)
                  0000aea2    00000006     hal_Adc.obj (.bss)
                  0000aea8    00000006     hal_Timer.obj (.bss)
                  0000aeae    00000004     wizchip_conf.obj (.bss:_DNS_)
                  0000aeb2    00000003     csu_Led.obj (.bss)
                  0000aeb5    00000003     csu_SciPc.obj (.bss)
                  0000aeb8    00000001     wizchip_conf.obj (.bss)

.bss.2     0    0000aec0    00000040     UNINITIALIZED
                  0000aec0    00000040     csu_MotorCtrl.obj (.bss)

.text.5    0    0000c000    00000800     
                  0000c000    000003ab     easy28x_driverlib_v12.2.obj (.text:easy_RXINT_ISR)
                  0000c3ab    000002b8     dcc.obj (.text:DCC_verifyClockFrequency)
                  0000c663    00000184     socket.obj (.text:recvfrom_IO_6)
                  0000c7e7    00000019     device.obj (.text:SysCtl_enablePeripheral)

.text.6    0    0000c800    00000800     
                  0000c800    0000025d     sysctl.obj (.text:SysCtl_isPLLValid)
                  0000ca5d    000001a8     easy28x_driverlib_v12.2.obj (.text:easyDSP_SCI_Init)
                  0000cc05    00000167     device.obj (.text:Device_enableAllPeripherals)
                  0000cd6c    0000012e     sysctl.obj (.text:SysCtl_setClock)
                  0000ce9a    0000011d     socket.obj (.text:socket)
                  0000cfb7    00000045     csu_Bit.obj (.text:Bit_OvCurrent_Check)
                  0000cffc    00000004     csu_Bit.obj (.text:Bit_Init)

.text.7    0    0000d000    00000c06     
                  0000d000    0000001e     rts2800_fpu64_eabi.lib : ll_cmp28.asm.obj (.text)
                  0000d01e    0000001d     csu_MotorCtrl.obj (.text:MotorCtrl_SetOutput)
                  0000d03b    0000001c     device.obj (.text:Device_verifyXTAL)
                  0000d057    0000001c     csu_Encoder.obj (.text:Encoder_Init)
                  0000d073    0000001b     hal_Fram.obj (.text:Fram_ReadByte)
                  0000d08e    0000001a     hal_Ethernet.obj (.text:Ethernet_Init)
                  0000d0a8    0000001a     interrupt.obj (.text:Interrupt_initVectorTable)
                  0000d0c2    00000019     csu_SciPc.obj (.text:recvSciPcMessage)
                  0000d0db    00000019     rts2800_fpu64_eabi.lib : boot28.asm.obj (.text)
                  0000d0f4    00000018                            : ll_aox28.asm.obj (.text)
                  0000d10c    00000017     csu_Bit.obj (.text:Bit_Encoder_Check)
                  0000d123    00000017     hal_Led.obj (.text:Led_InitGpio)
                  0000d13a    00000017     wizchip_conf.obj (.text:wizchip_spi_writeburst)
                  0000d151    00000016     hal_Timer.obj (.text:isr_CpuTimer1)
                  0000d167    00000015     hal_Timer.obj (.text:isr_CpuTimer2)
                  0000d17c    00000014     csu_Bit.obj (.text:Bit_FaultReset)
                  0000d190    00000014     wizchip_conf.obj (.text:wizchip_spi_readburst)
                  0000d1a4    00000013     device.obj (.text:Device_enableUnbondedGPIOPullupsFor176Pin)
                  0000d1b7    00000013     hal_DspInit.obj (.text:InitialPeripherals)
                  0000d1ca    00000013     hal_MotorDriver.obj (.text:MotorDriver_ReadReg)
                  0000d1dd    00000012     hal_MotorDriver.obj (.text:MotorDriver_WriteReg)
                  0000d1ef    00000012     wizchip_conf.obj (.text:reg_wizchip_cs_cbfunc)
                  0000d201    00000012     rts2800_fpu64_eabi.lib : args_main.c.obj (.text)
                  0000d213    00000011     csu_Led.obj (.text:setLedModeToggle)
                  0000d224    00000010     hal_Led.obj (.text:Led_WritePin)
                  0000d234    00000010     hal_Spi.obj (.text:Spid_Transmit)
                  0000d244    00000010     hal_DspInit.obj (.text:System_Initialization)
                  0000d254    00000010     hal_Timer.obj (.text:isr_CpuTimer0)
                  0000d264    00000010     hal_Sci.obj (.text:setupSciaPC_Interrupt)
                  0000d274    00000010     hal_Sci.obj (.text:xmtScia_SCI_PC)
                  0000d284    0000000f     csu_Control.obj (.text:Bit_RunCBIT)
                  0000d293    0000000f     csu_Control.obj (.text:Bit_RunPBIT)
                  0000d2a2    0000000f     hal_Spi.obj (.text:spi_read_byte)
                  0000d2b1    0000000f     hal_Spi.obj (.text:spi_write_byte)
                  0000d2c0    0000000e     hal_Fram.obj (.text:Fram_WriteStatusRegister)
                  0000d2ce    0000000d     csu_Bit.obj (.text:Bit_GateFault_Check)
                  0000d2db    0000000d     f2838x_defaultisr.obj (.text:EMPTY_ISR)
                  0000d2e8    0000000d     csu_Led.obj (.text:Initial_Led)
                  0000d2f5    0000000d     rts2800_fpu64_eabi.lib : copy_zero_init.c.obj (.text:decompress:ZI:__TI_zero_init_nomemset)
                  0000d302    0000000d     socket.obj (.text:recvfrom_W5x00)
                  0000d30f    0000000c     interrupt.obj (.text:Interrupt_defaultHandler)
                  0000d31b    0000000c     hal_MotorDriver.obj (.text:MotorDriver_Enable)
                  0000d327    0000000c     hal_MotorDriver.obj (.text:MotorDriver_SetDir)
                  0000d333    0000000b     device.obj (.text:Device_enableUnbondedGPIOPullups)
                  0000d33e    0000000b     csu_MotorDriver.obj (.text:MotorDriver_Init)
                  0000d349    0000000a     f2838x_defaultisr.obj (.text:ADCA1_ISR)
                  0000d353    0000000a     f2838x_defaultisr.obj (.text:ADCA2_ISR)
                  0000d35d    0000000a     f2838x_defaultisr.obj (.text:ADCA3_ISR)
                  0000d367    0000000a     f2838x_defaultisr.obj (.text:ADCA4_ISR)
                  0000d371    0000000a     f2838x_defaultisr.obj (.text:ADCA_EVT_ISR)
                  0000d37b    0000000a     f2838x_defaultisr.obj (.text:ADCB1_ISR)
                  0000d385    0000000a     f2838x_defaultisr.obj (.text:ADCB2_ISR)
                  0000d38f    0000000a     f2838x_defaultisr.obj (.text:ADCB3_ISR)
                  0000d399    0000000a     f2838x_defaultisr.obj (.text:ADCB4_ISR)
                  0000d3a3    0000000a     f2838x_defaultisr.obj (.text:ADCB_EVT_ISR)
                  0000d3ad    0000000a     f2838x_defaultisr.obj (.text:ADCC1_ISR)
                  0000d3b7    0000000a     f2838x_defaultisr.obj (.text:ADCC2_ISR)
                  0000d3c1    0000000a     f2838x_defaultisr.obj (.text:ADCC3_ISR)
                  0000d3cb    0000000a     f2838x_defaultisr.obj (.text:ADCC4_ISR)
                  0000d3d5    0000000a     f2838x_defaultisr.obj (.text:ADCC_EVT_ISR)
                  0000d3df    0000000a     f2838x_defaultisr.obj (.text:ADCD1_ISR)
                  0000d3e9    0000000a     f2838x_defaultisr.obj (.text:ADCD2_ISR)
                  0000d3f3    0000000a     f2838x_defaultisr.obj (.text:ADCD3_ISR)
                  0000d3fd    0000000a     f2838x_defaultisr.obj (.text:ADCD4_ISR)
                  0000d407    0000000a     f2838x_defaultisr.obj (.text:ADCD_EVT_ISR)
                  0000d411    0000000a     f2838x_defaultisr.obj (.text:CANA0_ISR)
                  0000d41b    0000000a     f2838x_defaultisr.obj (.text:CANA1_ISR)
                  0000d425    0000000a     f2838x_defaultisr.obj (.text:CANB0_ISR)
                  0000d42f    0000000a     f2838x_defaultisr.obj (.text:CANB1_ISR)
                  0000d439    0000000a     f2838x_defaultisr.obj (.text:CIPC0_ISR)
                  0000d443    0000000a     f2838x_defaultisr.obj (.text:CIPC1_ISR)
                  0000d44d    0000000a     f2838x_defaultisr.obj (.text:CIPC2_ISR)
                  0000d457    0000000a     f2838x_defaultisr.obj (.text:CIPC3_ISR)
                  0000d461    0000000a     f2838x_defaultisr.obj (.text:CLA1CRC_ISR)
                  0000d46b    0000000a     f2838x_defaultisr.obj (.text:CLA1_1_ISR)
                  0000d475    0000000a     f2838x_defaultisr.obj (.text:CLA1_2_ISR)
                  0000d47f    0000000a     f2838x_defaultisr.obj (.text:CLA1_3_ISR)
                  0000d489    0000000a     f2838x_defaultisr.obj (.text:CLA1_4_ISR)
                  0000d493    0000000a     f2838x_defaultisr.obj (.text:CLA1_5_ISR)
                  0000d49d    0000000a     f2838x_defaultisr.obj (.text:CLA1_6_ISR)
                  0000d4a7    0000000a     f2838x_defaultisr.obj (.text:CLA1_7_ISR)
                  0000d4b1    0000000a     f2838x_defaultisr.obj (.text:CLA1_8_ISR)
                  0000d4bb    0000000a     f2838x_defaultisr.obj (.text:CLA_OVERFLOW_ISR)
                  0000d4c5    0000000a     f2838x_defaultisr.obj (.text:CLA_UNDERFLOW_ISR)
                  0000d4cf    0000000a     f2838x_defaultisr.obj (.text:CLB1_ISR)
                  0000d4d9    0000000a     f2838x_defaultisr.obj (.text:CLB2_ISR)
                  0000d4e3    0000000a     f2838x_defaultisr.obj (.text:CLB3_ISR)
                  0000d4ed    0000000a     f2838x_defaultisr.obj (.text:CLB4_ISR)
                  0000d4f7    0000000a     f2838x_defaultisr.obj (.text:CLB5_ISR)
                  0000d501    0000000a     f2838x_defaultisr.obj (.text:CLB6_ISR)
                  0000d50b    0000000a     f2838x_defaultisr.obj (.text:CLB7_ISR)
                  0000d515    0000000a     f2838x_defaultisr.obj (.text:CLB8_ISR)
                  0000d51f    0000000a     f2838x_defaultisr.obj (.text:CMTOCPUXIPC0_ISR)
                  0000d529    0000000a     f2838x_defaultisr.obj (.text:CMTOCPUXIPC1_ISR)
                  0000d533    0000000a     f2838x_defaultisr.obj (.text:CMTOCPUXIPC2_ISR)
                  0000d53d    0000000a     f2838x_defaultisr.obj (.text:CMTOCPUXIPC3_ISR)
                  0000d547    0000000a     f2838x_defaultisr.obj (.text:CMTOCPUXIPC4_ISR)
                  0000d551    0000000a     f2838x_defaultisr.obj (.text:CMTOCPUXIPC5_ISR)
                  0000d55b    0000000a     f2838x_defaultisr.obj (.text:CMTOCPUXIPC6_ISR)
                  0000d565    0000000a     f2838x_defaultisr.obj (.text:CMTOCPUXIPC7_ISR)
                  0000d56f    0000000a     f2838x_defaultisr.obj (.text:CM_STATUS_ISR)
                  0000d579    0000000a     f2838x_defaultisr.obj (.text:CPUCRC_ISR)
                  0000d583    0000000a     f2838x_defaultisr.obj (.text:DATALOG_ISR)
                  0000d58d    0000000a     f2838x_defaultisr.obj (.text:DMA_CH1_ISR)
                  0000d597    0000000a     f2838x_defaultisr.obj (.text:DMA_CH2_ISR)
                  0000d5a1    0000000a     f2838x_defaultisr.obj (.text:DMA_CH3_ISR)
                  0000d5ab    0000000a     f2838x_defaultisr.obj (.text:DMA_CH4_ISR)
                  0000d5b5    0000000a     f2838x_defaultisr.obj (.text:DMA_CH5_ISR)
                  0000d5bf    0000000a     f2838x_defaultisr.obj (.text:DMA_CH6_ISR)
                  0000d5c9    0000000a     f2838x_defaultisr.obj (.text:ECAP1_ISR)
                  0000d5d3    0000000a     f2838x_defaultisr.obj (.text:ECAP2_ISR)
                  0000d5dd    0000000a     f2838x_defaultisr.obj (.text:ECAP3_ISR)
                  0000d5e7    0000000a     f2838x_defaultisr.obj (.text:ECAP4_ISR)
                  0000d5f1    0000000a     f2838x_defaultisr.obj (.text:ECAP5_ISR)
                  0000d5fb    0000000a     f2838x_defaultisr.obj (.text:ECAP6_2_ISR)
                  0000d605    0000000a     f2838x_defaultisr.obj (.text:ECAP6_ISR)
                  0000d60f    0000000a     f2838x_defaultisr.obj (.text:ECAP7_2_ISR)
                  0000d619    0000000a     f2838x_defaultisr.obj (.text:ECAP7_ISR)
                  0000d623    0000000a     f2838x_defaultisr.obj (.text:ECATRST_ISR)
                  0000d62d    0000000a     f2838x_defaultisr.obj (.text:ECATSYNC0_ISR)
                  0000d637    0000000a     f2838x_defaultisr.obj (.text:ECATSYNC1_ISR)
                  0000d641    0000000a     f2838x_defaultisr.obj (.text:ECAT_ISR)
                  0000d64b    0000000a     f2838x_defaultisr.obj (.text:EMU_ISR)
                  0000d655    0000000a     f2838x_defaultisr.obj (.text:EPWM10_ISR)
                  0000d65f    0000000a     f2838x_defaultisr.obj (.text:EPWM10_TZ_ISR)
                  0000d669    0000000a     f2838x_defaultisr.obj (.text:EPWM11_ISR)
                  0000d673    0000000a     f2838x_defaultisr.obj (.text:EPWM11_TZ_ISR)
                  0000d67d    0000000a     f2838x_defaultisr.obj (.text:EPWM12_ISR)
                  0000d687    0000000a     f2838x_defaultisr.obj (.text:EPWM12_TZ_ISR)
                  0000d691    0000000a     f2838x_defaultisr.obj (.text:EPWM13_ISR)
                  0000d69b    0000000a     f2838x_defaultisr.obj (.text:EPWM13_TZ_ISR)
                  0000d6a5    0000000a     f2838x_defaultisr.obj (.text:EPWM14_ISR)
                  0000d6af    0000000a     f2838x_defaultisr.obj (.text:EPWM14_TZ_ISR)
                  0000d6b9    0000000a     f2838x_defaultisr.obj (.text:EPWM15_ISR)
                  0000d6c3    0000000a     f2838x_defaultisr.obj (.text:EPWM15_TZ_ISR)
                  0000d6cd    0000000a     f2838x_defaultisr.obj (.text:EPWM16_ISR)
                  0000d6d7    0000000a     f2838x_defaultisr.obj (.text:EPWM16_TZ_ISR)
                  0000d6e1    0000000a     f2838x_defaultisr.obj (.text:EPWM1_ISR)
                  0000d6eb    0000000a     f2838x_defaultisr.obj (.text:EPWM1_TZ_ISR)
                  0000d6f5    0000000a     f2838x_defaultisr.obj (.text:EPWM2_ISR)
                  0000d6ff    0000000a     f2838x_defaultisr.obj (.text:EPWM2_TZ_ISR)
                  0000d709    0000000a     f2838x_defaultisr.obj (.text:EPWM3_ISR)
                  0000d713    0000000a     f2838x_defaultisr.obj (.text:EPWM3_TZ_ISR)
                  0000d71d    0000000a     f2838x_defaultisr.obj (.text:EPWM4_ISR)
                  0000d727    0000000a     f2838x_defaultisr.obj (.text:EPWM4_TZ_ISR)
                  0000d731    0000000a     f2838x_defaultisr.obj (.text:EPWM5_ISR)
                  0000d73b    0000000a     f2838x_defaultisr.obj (.text:EPWM5_TZ_ISR)
                  0000d745    0000000a     f2838x_defaultisr.obj (.text:EPWM6_ISR)
                  0000d74f    0000000a     f2838x_defaultisr.obj (.text:EPWM6_TZ_ISR)
                  0000d759    0000000a     f2838x_defaultisr.obj (.text:EPWM7_ISR)
                  0000d763    0000000a     f2838x_defaultisr.obj (.text:EPWM7_TZ_ISR)
                  0000d76d    0000000a     f2838x_defaultisr.obj (.text:EPWM8_ISR)
                  0000d777    0000000a     f2838x_defaultisr.obj (.text:EPWM8_TZ_ISR)
                  0000d781    0000000a     f2838x_defaultisr.obj (.text:EPWM9_ISR)
                  0000d78b    0000000a     f2838x_defaultisr.obj (.text:EPWM9_TZ_ISR)
                  0000d795    0000000a     f2838x_defaultisr.obj (.text:EQEP1_ISR)
                  0000d79f    0000000a     f2838x_defaultisr.obj (.text:EQEP2_ISR)
                  0000d7a9    0000000a     f2838x_defaultisr.obj (.text:EQEP3_ISR)
                  0000d7b3    0000000a     f2838x_defaultisr.obj (.text:FMC_ISR)
                  0000d7bd    0000000a     f2838x_defaultisr.obj (.text:FPU_OFLOW_ISR)
                  0000d7c7    0000000a     f2838x_defaultisr.obj (.text:FPU_UFLOW_ISR)
                  0000d7d1    0000000a     f2838x_defaultisr.obj (.text:FSIRXA1_ISR)
                  0000d7db    0000000a     f2838x_defaultisr.obj (.text:FSIRXA2_ISR)
                  0000d7e5    0000000a     f2838x_defaultisr.obj (.text:FSIRXB1_ISR)
                  0000d7ef    0000000a     f2838x_defaultisr.obj (.text:FSIRXB2_ISR)
                  0000d7f9    0000000a     f2838x_defaultisr.obj (.text:FSIRXC1_ISR)
                  0000d803    0000000a     f2838x_defaultisr.obj (.text:FSIRXC2_ISR)
                  0000d80d    0000000a     f2838x_defaultisr.obj (.text:FSIRXD1_ISR)
                  0000d817    0000000a     f2838x_defaultisr.obj (.text:FSIRXD2_ISR)
                  0000d821    0000000a     f2838x_defaultisr.obj (.text:FSIRXE1_ISR)
                  0000d82b    0000000a     f2838x_defaultisr.obj (.text:FSIRXE2_ISR)
                  0000d835    0000000a     f2838x_defaultisr.obj (.text:FSIRXF1_ISR)
                  0000d83f    0000000a     f2838x_defaultisr.obj (.text:FSIRXF2_ISR)
                  0000d849    0000000a     f2838x_defaultisr.obj (.text:FSIRXG1_ISR)
                  0000d853    0000000a     f2838x_defaultisr.obj (.text:FSIRXG2_ISR)
                  0000d85d    0000000a     f2838x_defaultisr.obj (.text:FSIRXH1_ISR)
                  0000d867    0000000a     f2838x_defaultisr.obj (.text:FSIRXH2_ISR)
                  0000d871    0000000a     f2838x_defaultisr.obj (.text:FSITXA1_ISR)
                  0000d87b    0000000a     f2838x_defaultisr.obj (.text:FSITXA2_ISR)
                  0000d885    0000000a     f2838x_defaultisr.obj (.text:FSITXB1_ISR)
                  0000d88f    0000000a     f2838x_defaultisr.obj (.text:FSITXB2_ISR)
                  0000d899    0000000a     f2838x_defaultisr.obj (.text:I2CA_FIFO_ISR)
                  0000d8a3    0000000a     f2838x_defaultisr.obj (.text:I2CA_HIGH_ISR)
                  0000d8ad    0000000a     f2838x_defaultisr.obj (.text:I2CA_ISR)
                  0000d8b7    0000000a     f2838x_defaultisr.obj (.text:I2CB_FIFO_ISR)
                  0000d8c1    0000000a     f2838x_defaultisr.obj (.text:I2CB_ISR)
                  0000d8cb    0000000a     f2838x_defaultisr.obj (.text:ILLEGAL_ISR)
                  0000d8d5    0000000a     interrupt.obj (.text:Interrupt_illegalOperationHandler)
                  0000d8df    0000000a     interrupt.obj (.text:Interrupt_nmiHandler)
                  0000d8e9    0000000a     f2838x_defaultisr.obj (.text:MCANA_0_ISR)
                  0000d8f3    0000000a     f2838x_defaultisr.obj (.text:MCANA_1_ISR)
                  0000d8fd    0000000a     f2838x_defaultisr.obj (.text:MCANA_ECC_ISR)
                  0000d907    0000000a     f2838x_defaultisr.obj (.text:MCANA_WAKE_ISR)
                  0000d911    0000000a     f2838x_defaultisr.obj (.text:MCBSPA_RX_ISR)
                  0000d91b    0000000a     f2838x_defaultisr.obj (.text:MCBSPA_TX_ISR)
                  0000d925    0000000a     f2838x_defaultisr.obj (.text:MCBSPB_RX_ISR)
                  0000d92f    0000000a     f2838x_defaultisr.obj (.text:MCBSPB_TX_ISR)
                  0000d939    0000000a     f2838x_defaultisr.obj (.text:MPOST_ISR)
                  0000d943    0000000a     f2838x_defaultisr.obj (.text:NMI_ISR)
                  0000d94d    0000000a     f2838x_defaultisr.obj (.text:NOTUSED_ISR)
                  0000d957    0000000a     f2838x_defaultisr.obj (.text:PIE_RESERVED_ISR)
                  0000d961    0000000a     f2838x_defaultisr.obj (.text:PMBUSA_ISR)
                  0000d96b    0000000a     f2838x_defaultisr.obj (.text:RTOS_ISR)
                  0000d975    0000000a     f2838x_defaultisr.obj (.text:SCIA_RX_ISR)
                  0000d97f    0000000a     f2838x_defaultisr.obj (.text:SCIA_TX_ISR)
                  0000d989    0000000a     f2838x_defaultisr.obj (.text:SCIB_RX_ISR)
                  0000d993    0000000a     f2838x_defaultisr.obj (.text:SCIB_TX_ISR)
                  0000d99d    0000000a     f2838x_defaultisr.obj (.text:SCIC_RX_ISR)
                  0000d9a7    0000000a     f2838x_defaultisr.obj (.text:SCIC_TX_ISR)
                  0000d9b1    0000000a     f2838x_defaultisr.obj (.text:SCID_RX_ISR)
                  0000d9bb    0000000a     f2838x_defaultisr.obj (.text:SCID_TX_ISR)
                  0000d9c5    0000000a     f2838x_defaultisr.obj (.text:SDFM1DR1_ISR)
                  0000d9cf    0000000a     f2838x_defaultisr.obj (.text:SDFM1DR2_ISR)
                  0000d9d9    0000000a     f2838x_defaultisr.obj (.text:SDFM1DR3_ISR)
                  0000d9e3    0000000a     f2838x_defaultisr.obj (.text:SDFM1DR4_ISR)
                  0000d9ed    0000000a     f2838x_defaultisr.obj (.text:SDFM1_ISR)
                  0000d9f7    0000000a     f2838x_defaultisr.obj (.text:SDFM2DR1_ISR)
                  0000da01    0000000a     f2838x_defaultisr.obj (.text:SDFM2DR2_ISR)
                  0000da0b    0000000a     f2838x_defaultisr.obj (.text:SDFM2DR3_ISR)
                  0000da15    0000000a     f2838x_defaultisr.obj (.text:SDFM2DR4_ISR)
                  0000da1f    0000000a     f2838x_defaultisr.obj (.text:SDFM2_ISR)
                  0000da29    0000000a     f2838x_defaultisr.obj (.text:SPIA_RX_ISR)
                  0000da33    0000000a     f2838x_defaultisr.obj (.text:SPIA_TX_ISR)
                  0000da3d    0000000a     f2838x_defaultisr.obj (.text:SPIB_RX_ISR)
                  0000da47    0000000a     f2838x_defaultisr.obj (.text:SPIB_TX_ISR)
                  0000da51    0000000a     f2838x_defaultisr.obj (.text:SPIC_RX_ISR)
                  0000da5b    0000000a     f2838x_defaultisr.obj (.text:SPIC_TX_ISR)
                  0000da65    0000000a     f2838x_defaultisr.obj (.text:SPID_RX_ISR)
                  0000da6f    0000000a     f2838x_defaultisr.obj (.text:SPID_TX_ISR)
                  0000da79    0000000a     f2838x_defaultisr.obj (.text:SYS_ERR_ISR)
                  0000da83    0000000a     f2838x_defaultisr.obj (.text:TIMER0_ISR)
                  0000da8d    0000000a     f2838x_defaultisr.obj (.text:TIMER1_ISR)
                  0000da97    0000000a     f2838x_defaultisr.obj (.text:TIMER2_ISR)
                  0000daa1    0000000a     f2838x_defaultisr.obj (.text:USBA_ISR)
                  0000daab    0000000a     f2838x_defaultisr.obj (.text:USER10_ISR)
                  0000dab5    0000000a     f2838x_defaultisr.obj (.text:USER11_ISR)
                  0000dabf    0000000a     f2838x_defaultisr.obj (.text:USER12_ISR)
                  0000dac9    0000000a     f2838x_defaultisr.obj (.text:USER1_ISR)
                  0000dad3    0000000a     f2838x_defaultisr.obj (.text:USER2_ISR)
                  0000dadd    0000000a     f2838x_defaultisr.obj (.text:USER3_ISR)
                  0000dae7    0000000a     f2838x_defaultisr.obj (.text:USER4_ISR)
                  0000daf1    0000000a     f2838x_defaultisr.obj (.text:USER5_ISR)
                  0000dafb    0000000a     f2838x_defaultisr.obj (.text:USER6_ISR)
                  0000db05    0000000a     f2838x_defaultisr.obj (.text:USER7_ISR)
                  0000db0f    0000000a     f2838x_defaultisr.obj (.text:USER8_ISR)
                  0000db19    0000000a     f2838x_defaultisr.obj (.text:USER9_ISR)
                  0000db23    0000000a     f2838x_defaultisr.obj (.text:WAKE_ISR)
                  0000db2d    0000000a     f2838x_defaultisr.obj (.text:XINT1_ISR)
                  0000db37    0000000a     f2838x_defaultisr.obj (.text:XINT2_ISR)
                  0000db41    0000000a     f2838x_defaultisr.obj (.text:XINT3_ISR)
                  0000db4b    0000000a     f2838x_defaultisr.obj (.text:XINT4_ISR)
                  0000db55    0000000a     f2838x_defaultisr.obj (.text:XINT5_ISR)
                  0000db5f    00000009     hal_Led.obj (.text:Led_TogglePin)
                  0000db68    00000009     csu_MotorDriver.obj (.text:MotorDriver_ClearFaults)
                  0000db71    00000009     hal_DspInit.obj (.text:initSystemCommunications)
                  0000db7a    00000009     rts2800_fpu64_eabi.lib : _lock.c.obj (.text)
                  0000db83    00000009     socket.obj (.text:sendto_W5x00)
                  0000db8c    00000008     rts2800_fpu64_eabi.lib : copy_decompress_none.c.obj (.text:decompress:none)
                  0000db94    00000008     f2838x_codestartbranch.obj (.text)
                  0000db9c    00000007     csu_Control.obj (.text:Control_SystemOperation)
                  0000dba3    00000007     hal_Sci.obj (.text:Initial_SCI)
                  0000dbaa    00000007     hal_Spi.obj (.text:Initial_SPI)
                  0000dbb1    00000007     hal_Spi.obj (.text:Spid_CsHigh)
                  0000dbb8    00000007     hal_Spi.obj (.text:Spid_CsLow)
                  0000dbbf    00000007     hal_Sci.obj (.text:initScia_SCI_PC)
                  0000dbc6    00000006     hal_Fram.obj (.text:Fram_Init)
                  0000dbcc    00000006     hal_Spi.obj (.text:cs_desel)
                  0000dbd2    00000006     hal_Spi.obj (.text:cs_sel)
                  0000dbd8    00000005     csu_Control.obj (.text:Control_Init)
                  0000dbdd    00000005     hal_DspInit.obj (.text:Initial_GPIO)
                  0000dbe2    00000005     hal_DspInit.obj (.text:initSystemAnalogAdc)
                  0000dbe7    00000004     main.obj (.text:cycle_1ms)
                  0000dbeb    00000003     device.obj (.text:__error__)
                  0000dbee    00000003     main.obj (.text:cycle_100ms)
                  0000dbf1    00000003     main.obj (.text:cycle_10ms)
                  0000dbf4    00000003     hal_DspInit.obj (.text:initSystemUserInterface)
                  0000dbf7    00000003     wizchip_conf.obj (.text:wizchip_bus_readdata)
                  0000dbfa    00000003     wizchip_conf.obj (.text:wizchip_bus_writedata)
                  0000dbfd    00000002     rts2800_fpu64_eabi.lib : pre_init.c.obj (.text)
                  0000dbff    00000002     wizchip_conf.obj (.text:wizchip_spi_readbyte)
                  0000dc01    00000001     wizchip_conf.obj (.text:wizchip_cris_enter)
                  0000dc02    00000001     wizchip_conf.obj (.text:wizchip_cris_exit)
                  0000dc03    00000001     wizchip_conf.obj (.text:wizchip_cs_deselect)
                  0000dc04    00000001     wizchip_conf.obj (.text:wizchip_cs_select)
                  0000dc05    00000001     wizchip_conf.obj (.text:wizchip_spi_writebyte)

MODULE SUMMARY

       Module                          code    ro data   rw data
       ------                          ----    -------   -------
    .\
       main.obj                        66      0         0      
    +--+-------------------------------+-------+---------+---------+
       Total:                          66      0         0      
                                                                
    .\CSU\
       csu_Control.obj                 410     0         8      
       csu_MotorCtrl.obj               309     0         74     
       csu_Bit.obj                     325     0         22     
       csu_Encoder.obj                 273     0         24     
       csu_Adc.obj                     232     0         18     
       csu_SciPc.obj                   165     0         3      
       csu_PID.obj                     163     0         0      
       csu_Led.obj                     104     0         3      
       csu_MotorDriver.obj             20      0         1      
    +--+-------------------------------+-------+---------+---------+
       Total:                          2001    0         153    
                                                                
    .\HAL\
       easy28x_driverlib_v12.2.obj     1480    88        38     
       socket.obj                      995     0         19     
       hal_Sci.obj                     508     0         257    
       w6100.obj                       550     0         0      
       wizchip_conf.obj                457     0         47     
       hal_Timer.obj                   395     93        6      
       hal_DspInit.obj                 463     0         0      
       hal_Ethernet.obj                233     120       0      
       hal_Spi.obj                     325     0         0      
       hal_Encoder.obj                 201     0         0      
       hal_MotorDriver.obj             201     0         0      
       hal_Epwm.obj                    155     0         0      
       hal_Adc.obj                     144     0         6      
       hal_Fram.obj                    55      0         0      
       hal_Led.obj                     48      0         0      
    +--+-------------------------------+-------+---------+---------+
       Total:                          6210    301       373    
                                                                
    .\SDK\common\source\
       f2838x_defaultisr.obj           2063    0         0      
       device.obj                      602     0         0      
       f2838x_pievect.obj              0       448       0      
       f2838x_tempsensorconv.obj       30      0         6      
       f2838x_codestartbranch.obj      10      0         0      
       f2838x_usdelay.obj              4       0         0      
    +--+-------------------------------+-------+---------+---------+
       Total:                          2709    448       6      
                                                                
    .\SDK\driverlib\
       sysctl.obj                      1759    49        0      
       ipc.obj                         62      159       544    
       dcc.obj                         696     47        0      
       sci.obj                         633     47        0      
       interrupt.obj                   395     29        0      
       gpio.obj                        321     48        0      
       adc.obj                         241     23        0      
       spi.obj                         191     47        0      
       cputimer.obj                    32      28        0      
    +--+-------------------------------+-------+---------+---------+
       Total:                          4330    477       544    
                                                                
    .\SDK\headers\source\
       f2838x_globalvariabledefs.obj   0       0         510    
    +--+-------------------------------+-------+---------+---------+
       Total:                          0       0         510    
                                                                
    C:\ti\ccs2051\ccs\tools\compiler\ti-cgt-c2000_25.11.0.LTS\lib\rts2800_fpu64_eabi.lib
       fs_div28.asm.obj                136     0         0      
       exit.c.obj                      41      0         6      
       copy_decompress_lzss.c.obj      46      0         0      
       autoinit.c.obj                  43      0         0      
       memcpy.c.obj                    32      0         0      
       ll_cmp28.asm.obj                30      0         0      
       boot28.asm.obj                  25      0         0      
       ll_aox28.asm.obj                24      0         0      
       args_main.c.obj                 18      0         0      
       _lock.c.obj                     9       0         4      
       copy_zero_init.c.obj            13      0         0      
       copy_decompress_none.c.obj      8       0         0      
       pre_init.c.obj                  2       0         0      
       startup.c.obj                   1       0         0      
    +--+-------------------------------+-------+---------+---------+
       Total:                          428     0         10     
                                                                
       Stack:                          0       0         256    
       Linker Generated:               0       76        0      
    +--+-------------------------------+-------+---------+---------+
       Grand Total:                    15744   1302      1852   


LINKER GENERATED COPY TABLES

__TI_cinit_table @ 000001ee records: 4, size/record: 4, table size: 16
	.data: load addr=000001b2, load size=0000002a bytes, run addr=0000a800, run size=00000076 bytes, compression=lzss
	.bss.1: load addr=000001e2, load size=00000004 bytes, run addr=0000ad50, run size=00000169 bytes, compression=zero_init
	.bss.2: load addr=000001e6, load size=00000004 bytes, run addr=0000aec0, run size=00000040 bytes, compression=zero_init
	PieVectTableFile: load addr=000001ea, load size=00000004 bytes, run addr=00000d00, run size=000001c0 bytes, compression=zero_init


LINKER GENERATED HANDLER TABLE

__TI_handler_table @ 000001dc records: 3, size/record: 2, table size: 6
	index: 0, handler: __TI_zero_init
	index: 1, handler: __TI_decompress_lzss
	index: 2, handler: __TI_decompress_none


GLOBAL DATA SYMBOLS: SORTED BY DATA PAGE

address     data page           name
--------    ----------------    ----
00000400      10 (00000400)     __stack

00000d00      34 (00000d00)     PieVectTable

0000a800     2a0 (0000a800)     ezDSP_Version_SCI
0000a801     2a0 (0000a800)     ezDSP_uRead16BPossible
0000a802     2a0 (0000a800)     ezDSP_uRead8BPossible
0000a803     2a0 (0000a800)     ezDSP_b32bitAddress
0000a804     2a0 (0000a800)     ezDSP_uCPU
0000a805     2a0 (0000a800)     ezDSP_uOnChipFlash
0000a806     2a0 (0000a800)     ezDSP_uBRKDTCount
0000a807     2a0 (0000a800)     ezDSP_uFECount
0000a808     2a0 (0000a800)     ezDSP_uOECount
0000a809     2a0 (0000a800)     ezDSP_uPECount
0000a80a     2a0 (0000a800)     ezDSP_uWrongISRCount
0000a80b     2a0 (0000a800)     ezDSP_ucRx
0000a80c     2a0 (0000a800)     ezDSP_uState
0000a80d     2a0 (0000a800)     ezDSP_uData
0000a80e     2a0 (0000a800)     ezDSP_uChksum
0000a80f     2a0 (0000a800)     ezDSP_uAddrRdCnt
0000a810     2a0 (0000a800)     ezDSP_uDataRdCnt
0000a811     2a0 (0000a800)     ezDSP_uBlockSize
0000a812     2a0 (0000a800)     ezDSP_uBlockIndex
0000a813     2a0 (0000a800)     ezDSP_uChkSumCalculated
0000a814     2a0 (0000a800)     ezDSP_uCommand
0000a815     2a0 (0000a800)     ezDSP_uISRRxCount
0000a816     2a0 (0000a800)     ezDSP_uISRTxCount
0000a817     2a0 (0000a800)     ezDSP_uRxFifoCnt
0000a818     2a0 (0000a800)     ezDSP_uMaxRxFifoCnt
0000a819     2a0 (0000a800)     ezDSP_uTxFifoCnt
0000a81a     2a0 (0000a800)     ezDSP_uMaxTxFifoCnt
0000a81b     2a0 (0000a800)     ezDSP_uTxFifoFullCnt
0000a81c     2a0 (0000a800)     SCIx_BASE
0000a81e     2a0 (0000a800)     ezDSP_ulData
0000a820     2a0 (0000a800)     ezDSP_ulAddr
0000a822     2a0 (0000a800)     ezDSP_ullData
0000a826     2a0 (0000a800)     WIZCHIP

0000a84a     2a1 (0000a840)     sock_pack_info
0000a866     2a1 (0000a840)     __TI_enable_exit_profile_output
0000a868     2a1 (0000a840)     __TI_cleanup_ptr
0000a86a     2a1 (0000a840)     __TI_dtors_ptr
0000a870     2a1 (0000a840)     _lock
0000a872     2a1 (0000a840)     _unlock
0000a874     2a1 (0000a840)     currentTemperatureC

0000a880     2a2 (0000a880)     PieVectTableInit

0000aa40     2a9 (0000aa40)     IPC_Instance

0000ad50     2b5 (0000ad40)     xEncoder
0000ad78     2b5 (0000ad40)     tempSensor_tempSlope
0000ad7a     2b5 (0000ad40)     tempSensor_tempOffset
0000ad7c     2b5 (0000ad40)     tempSensor_scaleFactor
0000ad7e     2b5 (0000ad40)     xSysCtrl

0000ae81     2ba (0000ae80)     xMotorDriver
0000ae82     2ba (0000ae80)     xAdc
0000ae92     2ba (0000ae80)     xBit
0000aea2     2ba (0000ae80)     adcRawData
0000aea8     2ba (0000ae80)     xTimer
0000aeb2     2ba (0000ae80)     xLed
0000aeb5     2ba (0000ae80)     xRcvSciPcMsg1
0000aeb6     2ba (0000ae80)     xXmtSciPcMsg1

0000aec0     2bb (0000aec0)     xMotorCtrl
0000aeca     2bb (0000aec0)     currPid
0000aedc     2bb (0000aec0)     speedPid
0000aeee     2bb (0000aec0)     posPid

00038000     e00 (00038000)     IPC_CPU_To_CM_GetBuffer

00039000     e40 (00039000)     IPC_CPU_To_CM_PutBuffer

0003a000     e80 (0003a000)     IPC_CPU1_To_CPU2_PutBuffer

0003b000     ec0 (0003b000)     IPC_CPU1_To_CPU2_GetBuffer

0005d700    175c (0005d700)     AnalogSubsysRegs


GLOBAL SYMBOLS: SORTED ALPHABETICALLY BY Name 

page  address   name                                     
----  -------   ----                                     
0     0000d349  ADCA1_ISR                                
0     0000d353  ADCA2_ISR                                
0     0000d35d  ADCA3_ISR                                
0     0000d367  ADCA4_ISR                                
0     0000d371  ADCA_EVT_ISR                             
0     0000d37b  ADCB1_ISR                                
0     0000d385  ADCB2_ISR                                
0     0000d38f  ADCB3_ISR                                
0     0000d399  ADCB4_ISR                                
0     0000d3a3  ADCB_EVT_ISR                             
0     0000d3ad  ADCC1_ISR                                
0     0000d3b7  ADCC2_ISR                                
0     0000d3c1  ADCC3_ISR                                
0     0000d3cb  ADCC4_ISR                                
0     0000d3d5  ADCC_EVT_ISR                             
0     0000d3df  ADCD1_ISR                                
0     0000d3e9  ADCD2_ISR                                
0     0000d3f3  ADCD3_ISR                                
0     0000d3fd  ADCD4_ISR                                
0     0000d407  ADCD_EVT_ISR                             
0     0000919a  ADC_setINLTrim                           
0     000099f5  ADC_setMode                              
0     0000940d  ADC_setOffsetTrim                        
1     0005d700  AnalogSubsysRegs                         
0     0000d10c  Bit_Encoder_Check                        
0     0000d17c  Bit_FaultReset                           
0     0000d2ce  Bit_GateFault_Check                      
0     0000cffc  Bit_Init                                 
0     00009c0c  Bit_MotorOverSpeed_Check                 
0     00009bab  Bit_MotorStall_Check                     
0     0000cfb7  Bit_OvCurrent_Check                      
0     00009ef2  Bit_OvTemperature_Check                  
0     000096c3  Bit_OvVoltage_Check                      
0     0000d284  Bit_RunCBIT                              
0     0000d293  Bit_RunPBIT                              
0     00009e7c  C$$EXIT                                  
0     0000d411  CANA0_ISR                                
0     0000d41b  CANA1_ISR                                
0     0000d425  CANB0_ISR                                
0     0000d42f  CANB1_ISR                                
0     0000d439  CIPC0_ISR                                
0     0000d443  CIPC1_ISR                                
0     0000d44d  CIPC2_ISR                                
0     0000d457  CIPC3_ISR                                
0     0000d461  CLA1CRC_ISR                              
0     0000d46b  CLA1_1_ISR                               
0     0000d475  CLA1_2_ISR                               
0     0000d47f  CLA1_3_ISR                               
0     0000d489  CLA1_4_ISR                               
0     0000d493  CLA1_5_ISR                               
0     0000d49d  CLA1_6_ISR                               
0     0000d4a7  CLA1_7_ISR                               
0     0000d4b1  CLA1_8_ISR                               
0     0000d4bb  CLA_OVERFLOW_ISR                         
0     0000d4c5  CLA_UNDERFLOW_ISR                        
0     0000d4cf  CLB1_ISR                                 
0     0000d4d9  CLB2_ISR                                 
0     0000d4e3  CLB3_ISR                                 
0     0000d4ed  CLB4_ISR                                 
0     0000d4f7  CLB5_ISR                                 
0     0000d501  CLB6_ISR                                 
0     0000d50b  CLB7_ISR                                 
0     0000d515  CLB8_ISR                                 
0     0000d51f  CMTOCPUXIPC0_ISR                         
0     0000d529  CMTOCPUXIPC1_ISR                         
0     0000d533  CMTOCPUXIPC2_ISR                         
0     0000d53d  CMTOCPUXIPC3_ISR                         
0     0000d547  CMTOCPUXIPC4_ISR                         
0     0000d551  CMTOCPUXIPC5_ISR                         
0     0000d55b  CMTOCPUXIPC6_ISR                         
0     0000d565  CMTOCPUXIPC7_ISR                         
0     0000d56f  CM_STATUS_ISR                            
0     0000d579  CPUCRC_ISR                               
0     00009f9a  CPUTimer_setEmulationMode                
0     000082b9  CalcAdcData                              
0     0000dbd8  Control_Init                             
0     0000db9c  Control_SystemOperation                  
0     0000d583  DATALOG_ISR                              
0     0000c3ab  DCC_verifyClockFrequency                 
0     0000d58d  DMA_CH1_ISR                              
0     0000d597  DMA_CH2_ISR                              
0     0000d5a1  DMA_CH3_ISR                              
0     0000d5ab  DMA_CH4_ISR                              
0     0000d5b5  DMA_CH5_ISR                              
0     0000d5bf  DMA_CH6_ISR                              
0     0000cc05  Device_enableAllPeripherals              
0     0000d333  Device_enableUnbondedGPIOPullups         
0     0000d1a4  Device_enableUnbondedGPIOPullupsFor176Pin
0     00008c38  Device_init                              
0     00008fdc  Device_initGPIO                          
0     0000d03b  Device_verifyXTAL                        
0     0000d5c9  ECAP1_ISR                                
0     0000d5d3  ECAP2_ISR                                
0     0000d5dd  ECAP3_ISR                                
0     0000d5e7  ECAP4_ISR                                
0     0000d5f1  ECAP5_ISR                                
0     0000d5fb  ECAP6_2_ISR                              
0     0000d605  ECAP6_ISR                                
0     0000d60f  ECAP7_2_ISR                              
0     0000d619  ECAP7_ISR                                
0     0000d623  ECATRST_ISR                              
0     0000d62d  ECATSYNC0_ISR                            
0     0000d637  ECATSYNC1_ISR                            
0     0000d641  ECAT_ISR                                 
0     0000d2db  EMPTY_ISR                                
0     0000d64b  EMU_ISR                                  
0     0000d655  EPWM10_ISR                               
0     0000d65f  EPWM10_TZ_ISR                            
0     0000d669  EPWM11_ISR                               
0     0000d673  EPWM11_TZ_ISR                            
0     0000d67d  EPWM12_ISR                               
0     0000d687  EPWM12_TZ_ISR                            
0     0000d691  EPWM13_ISR                               
0     0000d69b  EPWM13_TZ_ISR                            
0     0000d6a5  EPWM14_ISR                               
0     0000d6af  EPWM14_TZ_ISR                            
0     0000d6b9  EPWM15_ISR                               
0     0000d6c3  EPWM15_TZ_ISR                            
0     0000d6cd  EPWM16_ISR                               
0     0000d6d7  EPWM16_TZ_ISR                            
0     0000d6e1  EPWM1_ISR                                
0     0000d6eb  EPWM1_TZ_ISR                             
0     0000d6f5  EPWM2_ISR                                
0     0000d6ff  EPWM2_TZ_ISR                             
0     0000d709  EPWM3_ISR                                
0     0000d713  EPWM3_TZ_ISR                             
0     0000d71d  EPWM4_ISR                                
0     0000d727  EPWM4_TZ_ISR                             
0     0000d731  EPWM5_ISR                                
0     0000d73b  EPWM5_TZ_ISR                             
0     0000d745  EPWM6_ISR                                
0     0000d74f  EPWM6_TZ_ISR                             
0     0000d759  EPWM7_ISR                                
0     0000d763  EPWM7_TZ_ISR                             
0     0000d76d  EPWM8_ISR                                
0     0000d777  EPWM8_TZ_ISR                             
0     0000d781  EPWM9_ISR                                
0     0000d78b  EPWM9_TZ_ISR                             
0     0000d795  EQEP1_ISR                                
0     0000d79f  EQEP2_ISR                                
0     0000d7a9  EQEP3_ISR                                
0     0000d057  Encoder_Init                             
0     00009138  Encoder_Init_Hardware                    
0     00009e53  Encoder_LoadOffset                       
0     0000906a  Encoder_ReadSpiData                      
0     00008424  Encoder_UpdatePosition                   
0     00009f37  Epwm_SetMotorDuty_1x                     
0     0000d08e  Ethernet_Init                            
0     000092b3  Ethernet_Process                         
0     0000a170  F28x_usDelay                             
0     0000d7b3  FMC_ISR                                  
0     0000d7bd  FPU_OFLOW_ISR                            
0     0000d7c7  FPU_UFLOW_ISR                            
0     0000d7d1  FSIRXA1_ISR                              
0     0000d7db  FSIRXA2_ISR                              
0     0000d7e5  FSIRXB1_ISR                              
0     0000d7ef  FSIRXB2_ISR                              
0     0000d7f9  FSIRXC1_ISR                              
0     0000d803  FSIRXC2_ISR                              
0     0000d80d  FSIRXD1_ISR                              
0     0000d817  FSIRXD2_ISR                              
0     0000d821  FSIRXE1_ISR                              
0     0000d82b  FSIRXE2_ISR                              
0     0000d835  FSIRXF1_ISR                              
0     0000d83f  FSIRXF2_ISR                              
0     0000d849  FSIRXG1_ISR                              
0     0000d853  FSIRXG2_ISR                              
0     0000d85d  FSIRXH1_ISR                              
0     0000d867  FSIRXH2_ISR                              
0     0000d871  FSITXA1_ISR                              
0     0000d87b  FSITXA2_ISR                              
0     0000d885  FSITXB1_ISR                              
0     0000d88f  FSITXB2_ISR                              
0     0000dbc6  Fram_Init                                
0     0000d073  Fram_ReadByte                            
0     00009c3b  GPIO_setControllerCore                   
0     00009d25  GPIO_setDirectionMode                    
0     000087c6  GPIO_setInterruptPin                     
0     00009551  GPIO_setPadConfig                        
0     00009bdc  GPIO_setPinConfig                        
0     00009c6a  GPIO_setQualificationMode                
0     0000d899  I2CA_FIFO_ISR                            
0     0000d8a3  I2CA_HIGH_ISR                            
0     0000d8ad  I2CA_ISR                                 
0     0000d8b7  I2CB_FIFO_ISR                            
0     0000d8c1  I2CB_ISR                                 
0     0000d8cb  ILLEGAL_ISR                              
0     0003b000  IPC_CPU1_To_CPU2_GetBuffer               
0     0003a000  IPC_CPU1_To_CPU2_PutBuffer               
0     00038000  IPC_CPU_To_CM_GetBuffer                  
0     00039000  IPC_CPU_To_CM_PutBuffer                  
0     0000aa40  IPC_Instance                             
0     0000993d  IPC_unregisterInterrupt                  
0     000086a6  InitAdcModules                           
0     00009fda  InitTempSensor                           
0     000086a6  InitialAdc                               
0     00009da9  Initial_Adc                              
0     00008bbe  Initial_EpwmTimer                        
0     0000d2e8  Initial_Led                              
0     0000dba3  Initial_SCI                              
0     0000dbaa  Initial_SPI                              
0     000090d1  Initial_TIMER                            
0     00009ad9  Initial_W6100                            
0     0000d30f  Interrupt_defaultHandler                 
0     0000930b  Interrupt_disable                        
0     00009704  Interrupt_enable                         
0     0000d8d5  Interrupt_illegalOperationHandler        
0     00009745  Interrupt_initModule                     
0     0000d0a8  Interrupt_initVectorTable                
0     0000d8df  Interrupt_nmiHandler                     
0     0000d123  Led_InitGpio                             
0     0000db5f  Led_TogglePin                            
0     0000d224  Led_WritePin                             
0     0000d8e9  MCANA_0_ISR                              
[...]
0     0000a80e  ezDSP_uChksum                            
0     0000a80f  ezDSP_uAddrRdCnt                         
0     0000a810  ezDSP_uDataRdCnt                         
0     0000a811  ezDSP_uBlockSize                         
0     0000a812  ezDSP_uBlockIndex                        
0     0000a813  ezDSP_uChkSumCalculated                  
0     0000a814  ezDSP_uCommand                           
0     0000a815  ezDSP_uISRRxCount                        
0     0000a816  ezDSP_uISRTxCount                        
0     0000a817  ezDSP_uRxFifoCnt                         
0     0000a818  ezDSP_uMaxRxFifoCnt                      
0     0000a819  ezDSP_uTxFifoCnt                         
0     0000a81a  ezDSP_uMaxTxFifoCnt                      
0     0000a81b  ezDSP_uTxFifoFullCnt                     
0     0000a81c  SCIx_BASE                                
0     0000a81e  ezDSP_ulData                             
0     0000a820  ezDSP_ulAddr                             
0     0000a822  ezDSP_ullData                            
0     0000a826  WIZCHIP                                  
0     0000a84a  sock_pack_info                           
0     0000a866  __TI_enable_exit_profile_output          
0     0000a868  __TI_cleanup_ptr                         
0     0000a86a  __TI_dtors_ptr                           
0     0000a870  _lock                                    
0     0000a872  _unlock                                  
0     0000a874  currentTemperatureC                      
0     0000a880  PieVectTableInit                         
0     0000aa40  IPC_Instance                             
0     0000ad50  xEncoder                                 
0     0000ad78  tempSensor_tempSlope                     
0     0000ad7a  tempSensor_tempOffset                    
0     0000ad7c  tempSensor_scaleFactor                   
0     0000ad7e  xSysCtrl                                 
0     0000ae81  xMotorDriver                             
0     0000ae82  xAdc                                     
0     0000ae92  xBit                                     
0     0000aea2  adcRawData                               
0     0000aea8  xTimer                                   
0     0000aeb2  xLed                                     
0     0000aeb5  xRcvSciPcMsg1                            
0     0000aeb6  xXmtSciPcMsg1                            
0     0000aec0  xMotorCtrl                               
0     0000aeca  currPid                                  
0     0000aedc  speedPid                                 
0     0000aeee  posPid                                   
0     0000c000  easy_RXINT_ISR                           
0     0000c3ab  DCC_verifyClockFrequency                 
0     0000c663  recvfrom_W6x00                           
0     0000c800  SysCtl_isPLLValid                        
0     0000ca5d  easyDSP_SCI_Init                         
0     0000cc05  Device_enableAllPeripherals              
0     0000cd6c  SysCtl_setClock                          
0     0000ce9a  socket                                   
0     0000cfb7  Bit_OvCurrent_Check                      
0     0000cffc  Bit_Init                                 
0     0000d000  __c28xabi_cmpll                          
0     0000d012  __c28xabi_cmpull                         
0     0000d01e  MotorCtrl_SetOutput                      
0     0000d03b  Device_verifyXTAL                        
0     0000d057  Encoder_Init                             
0     0000d073  Fram_ReadByte                            
0     0000d08e  Ethernet_Init                            
0     0000d0a8  Interrupt_initVectorTable                
0     0000d0c2  recvSciPcMessage                         
0     0000d0db  _c_int00                                 
0     0000d0f4  __c28xabi_andll                          
0     0000d0fc  __c28xabi_orll                           
0     0000d104  __c28xabi_xorll                          
0     0000d10c  Bit_Encoder_Check                        
0     0000d123  Led_InitGpio                             
0     0000d13a  wizchip_spi_writeburst                   
0     0000d151  isr_CpuTimer1                            
0     0000d167  isr_CpuTimer2                            
0     0000d17c  Bit_FaultReset                           
0     0000d190  wizchip_spi_readburst                    
0     0000d1a4  Device_enableUnbondedGPIOPullupsFor176Pin
0     0000d1ca  MotorDriver_ReadReg                      
0     0000d1dd  MotorDriver_WriteReg                     
0     0000d1ef  reg_wizchip_cs_cbfunc                    
0     0000d201  _args_main                               
0     0000d213  setLedModeToggle                         
0     0000d224  Led_WritePin                             
0     0000d234  Spid_Transmit                            
0     0000d244  System_Initialization                    
0     0000d254  isr_CpuTimer0                            
0     0000d274  xmtScia_SCI_PC                           
0     0000d284  Bit_RunCBIT                              
0     0000d293  Bit_RunPBIT                              
0     0000d2a2  spi_read_byte                            
0     0000d2b1  spi_write_byte                           
0     0000d2ce  Bit_GateFault_Check                      
0     0000d2db  EMPTY_ISR                                
0     0000d2e8  Initial_Led                              
0     0000d2f5  __TI_zero_init_nomemset                  
0     0000d302  recvfrom_W5x00                           
0     0000d30f  Interrupt_defaultHandler                 
0     0000d31b  MotorDriver_Enable                       
0     0000d327  MotorDriver_SetDir                       
0     0000d333  Device_enableUnbondedGPIOPullups         
0     0000d33e  MotorDriver_Init                         
0     0000d349  ADCA1_ISR                                
0     0000d353  ADCA2_ISR                                
0     0000d35d  ADCA3_ISR                                
0     0000d367  ADCA4_ISR                                
0     0000d371  ADCA_EVT_ISR                             
0     0000d37b  ADCB1_ISR                                
0     0000d385  ADCB2_ISR                                
0     0000d38f  ADCB3_ISR                                
0     0000d399  ADCB4_ISR                                
0     0000d3a3  ADCB_EVT_ISR                             
0     0000d3ad  ADCC1_ISR                                
0     0000d3b7  ADCC2_ISR                                
0     0000d3c1  ADCC3_ISR                                
0     0000d3cb  ADCC4_ISR                                
0     0000d3d5  ADCC_EVT_ISR                             
0     0000d3df  ADCD1_ISR                                
0     0000d3e9  ADCD2_ISR                                
0     0000d3f3  ADCD3_ISR                                
0     0000d3fd  ADCD4_ISR                                
0     0000d407  ADCD_EVT_ISR                             
0     0000d411  CANA0_ISR                                
0     0000d41b  CANA1_ISR                                
0     0000d425  CANB0_ISR                                
0     0000d42f  CANB1_ISR                                
0     0000d439  CIPC0_ISR                                
0     0000d443  CIPC1_ISR                                
0     0000d44d  CIPC2_ISR                                
0     0000d457  CIPC3_ISR                                
0     0000d461  CLA1CRC_ISR                              
0     0000d46b  CLA1_1_ISR                               
0     0000d475  CLA1_2_ISR                               
0     0000d47f  CLA1_3_ISR                               
0     0000d489  CLA1_4_ISR                               
0     0000d493  CLA1_5_ISR                               
0     0000d49d  CLA1_6_ISR                               
0     0000d4a7  CLA1_7_ISR                               
0     0000d4b1  CLA1_8_ISR                               
0     0000d4bb  CLA_OVERFLOW_ISR                         
0     0000d4c5  CLA_UNDERFLOW_ISR                        
0     0000d4cf  CLB1_ISR                                 
0     0000d4d9  CLB2_ISR                                 
0     0000d4e3  CLB3_ISR                                 
0     0000d4ed  CLB4_ISR                                 
0     0000d4f7  CLB5_ISR                                 
0     0000d501  CLB6_ISR                                 
0     0000d50b  CLB7_ISR                                 
0     0000d515  CLB8_ISR                                 
0     0000d51f  CMTOCPUXIPC0_ISR                         
0     0000d529  CMTOCPUXIPC1_ISR                         
0     0000d533  CMTOCPUXIPC2_ISR                         
0     0000d53d  CMTOCPUXIPC3_ISR                         
0     0000d547  CMTOCPUXIPC4_ISR                         
0     0000d551  CMTOCPUXIPC5_ISR                         
0     0000d55b  CMTOCPUXIPC6_ISR                         
0     0000d565  CMTOCPUXIPC7_ISR                         
0     0000d56f  CM_STATUS_ISR                            
0     0000d579  CPUCRC_ISR                               
0     0000d583  DATALOG_ISR                              
0     0000d58d  DMA_CH1_ISR                              
0     0000d597  DMA_CH2_ISR                              
0     0000d5a1  DMA_CH3_ISR                              
0     0000d5ab  DMA_CH4_ISR                              
0     0000d5b5  DMA_CH5_ISR                              
0     0000d5bf  DMA_CH6_ISR                              
0     0000d5c9  ECAP1_ISR                                
0     0000d5d3  ECAP2_ISR                                
0     0000d5dd  ECAP3_ISR                                
0     0000d5e7  ECAP4_ISR                                
0     0000d5f1  ECAP5_ISR                                
0     0000d5fb  ECAP6_2_ISR                              
0     0000d605  ECAP6_ISR                                
0     0000d60f  ECAP7_2_ISR                              
0     0000d619  ECAP7_ISR                                
0     0000d623  ECATRST_ISR                              
0     0000d62d  ECATSYNC0_ISR                            
0     0000d637  ECATSYNC1_ISR                            
0     0000d641  ECAT_ISR                                 
0     0000d64b  EMU_ISR                                  
0     0000d655  EPWM10_ISR                               
0     0000d65f  EPWM10_TZ_ISR                            
0     0000d669  EPWM11_ISR                               
0     0000d673  EPWM11_TZ_ISR                            
0     0000d67d  EPWM12_ISR                               
0     0000d687  EPWM12_TZ_ISR                            
0     0000d691  EPWM13_ISR                               
0     0000d69b  EPWM13_TZ_ISR                            
0     0000d6a5  EPWM14_ISR                               
0     0000d6af  EPWM14_TZ_ISR                            
0     0000d6b9  EPWM15_ISR                               
0     0000d6c3  EPWM15_TZ_ISR                            
0     0000d6cd  EPWM16_ISR                               
0     0000d6d7  EPWM16_TZ_ISR                            
0     0000d6e1  EPWM1_ISR                                
0     0000d6eb  EPWM1_TZ_ISR                             
0     0000d6f5  EPWM2_ISR                                
0     0000d6ff  EPWM2_TZ_ISR                             
0     0000d709  EPWM3_ISR                                
0     0000d713  EPWM3_TZ_ISR                             
0     0000d71d  EPWM4_ISR                                
0     0000d727  EPWM4_TZ_ISR                             
0     0000d731  EPWM5_ISR                                
0     0000d73b  EPWM5_TZ_ISR                             
0     0000d745  EPWM6_ISR                                
0     0000d74f  EPWM6_TZ_ISR                             
0     0000d759  EPWM7_ISR                                
0     0000d763  EPWM7_TZ_ISR                             
0     0000d76d  EPWM8_ISR                                
0     0000d777  EPWM8_TZ_ISR                             
0     0000d781  EPWM9_ISR                                
0     0000d78b  EPWM9_TZ_ISR                             
0     0000d795  EQEP1_ISR                                
0     0000d79f  EQEP2_ISR                                
0     0000d7a9  EQEP3_ISR                                
0     0000d7b3  FMC_ISR                                  
0     0000d7bd  FPU_OFLOW_ISR                            
0     0000d7c7  FPU_UFLOW_ISR                            
0     0000d7d1  FSIRXA1_ISR                              
0     0000d7db  FSIRXA2_ISR                              
0     0000d7e5  FSIRXB1_ISR                              
0     0000d7ef  FSIRXB2_ISR                              
0     0000d7f9  FSIRXC1_ISR                              
0     0000d803  FSIRXC2_ISR                              
0     0000d80d  FSIRXD1_ISR                              
0     0000d817  FSIRXD2_ISR                              
0     0000d821  FSIRXE1_ISR                              
0     0000d82b  FSIRXE2_ISR                              
0     0000d835  FSIRXF1_ISR                              
0     0000d83f  FSIRXF2_ISR                              
0     0000d849  FSIRXG1_ISR                              
0     0000d853  FSIRXG2_ISR                              
0     0000d85d  FSIRXH1_ISR                              
0     0000d867  FSIRXH2_ISR                              
0     0000d871  FSITXA1_ISR                              
0     0000d87b  FSITXA2_ISR                              
0     0000d885  FSITXB1_ISR                              
0     0000d88f  FSITXB2_ISR                              
0     0000d899  I2CA_FIFO_ISR                            
0     0000d8a3  I2CA_HIGH_ISR                            
0     0000d8ad  I2CA_ISR                                 
0     0000d8b7  I2CB_FIFO_ISR                            
0     0000d8c1  I2CB_ISR                                 
0     0000d8cb  ILLEGAL_ISR                              
0     0000d8d5  Interrupt_illegalOperationHandler        
0     0000d8df  Interrupt_nmiHandler                     
0     0000d8e9  MCANA_0_ISR                              
0     0000d8f3  MCANA_1_ISR                              
0     0000d8fd  MCANA_ECC_ISR                            
0     0000d907  MCANA_WAKE_ISR                           
0     0000d911  MCBSPA_RX_ISR                            
0     0000d91b  MCBSPA_TX_ISR                            
0     0000d925  MCBSPB_RX_ISR                            
0     0000d92f  MCBSPB_TX_ISR                            
0     0000d939  MPOST_ISR                                
0     0000d943  NMI_ISR                                  
0     0000d94d  NOTUSED_ISR                              
0     0000d957  PIE_RESERVED_ISR                         
0     0000d961  PMBUSA_ISR                               
0     0000d96b  RTOS_ISR                                 
0     0000d975  SCIA_RX_ISR                              
0     0000d97f  SCIA_TX_ISR                              
0     0000d989  SCIB_RX_ISR                              
0     0000d993  SCIB_TX_ISR                              
0     0000d99d  SCIC_RX_ISR                              
0     0000d9a7  SCIC_TX_ISR                              
0     0000d9b1  SCID_RX_ISR                              
0     0000d9bb  SCID_TX_ISR                              
0     0000d9c5  SDFM1DR1_ISR                             
0     0000d9cf  SDFM1DR2_ISR                             
0     0000d9d9  SDFM1DR3_ISR                             
0     0000d9e3  SDFM1DR4_ISR                             
0     0000d9ed  SDFM1_ISR                                
0     0000d9f7  SDFM2DR1_ISR                             
0     0000da01  SDFM2DR2_ISR                             
0     0000da0b  SDFM2DR3_ISR                             
0     0000da15  SDFM2DR4_ISR                             
0     0000da1f  SDFM2_ISR                                
0     0000da29  SPIA_RX_ISR                              
0     0000da33  SPIA_TX_ISR                              
0     0000da3d  SPIB_RX_ISR                              
0     0000da47  SPIB_TX_ISR                              
0     0000da51  SPIC_RX_ISR                              
0     0000da5b  SPIC_TX_ISR                              
0     0000da65  SPID_RX_ISR                              
0     0000da6f  SPID_TX_ISR                              
0     0000da79  SYS_ERR_ISR                              
0     0000da83  TIMER0_ISR                               
0     0000da8d  TIMER1_ISR                               
0     0000da97  TIMER2_ISR                               
0     0000daa1  USBA_ISR                                 
0     0000daab  USER10_ISR                               
0     0000dab5  USER11_ISR                               
0     0000dabf  USER12_ISR                               
0     0000dac9  USER1_ISR                                
0     0000dad3  USER2_ISR                                
0     0000dadd  USER3_ISR                                
0     0000dae7  USER4_ISR                                
0     0000daf1  USER5_ISR                                
0     0000dafb  USER6_ISR                                
0     0000db05  USER7_ISR                                
0     0000db0f  USER8_ISR                                
0     0000db19  USER9_ISR                                
0     0000db23  WAKE_ISR                                 
0     0000db2d  XINT1_ISR                                
0     0000db37  XINT2_ISR                                
0     0000db41  XINT3_ISR                                
0     0000db4b  XINT4_ISR                                
0     0000db55  XINT5_ISR                                
0     0000db5f  Led_TogglePin                            
0     0000db68  MotorDriver_ClearFaults                  
0     0000db7a  _register_unlock                         
0     0000db7e  _register_lock                           
0     0000db82  _nop                                     
0     0000db83  sendto_W5x00                             
0     0000db8c  __TI_decompress_none                     
0     0000db9c  Control_SystemOperation                  
0     0000dba3  Initial_SCI                              
0     0000dbaa  Initial_SPI                              
0     0000dbb1  Spid_CsHigh                              
0     0000dbb8  Spid_CsLow                               
0     0000dbc6  Fram_Init                                
0     0000dbcc  cs_desel                                 
0     0000dbd2  cs_sel                                   
0     0000dbd8  Control_Init                             
0     0000dbeb  __error__                                
0     0000dbf7  wizchip_bus_readdata                     
0     0000dbfa  wizchip_bus_writedata                    
0     0000dbfd  _system_pre_init                         
0     0000dbff  wizchip_spi_readbyte                     
0     0000dc01  wizchip_cris_enter                       
0     0000dc02  wizchip_cris_exit                        
0     0000dc03  wizchip_cs_deselect                      
0     0000dc04  wizchip_cs_select                        
0     0000dc05  wizchip_spi_writebyte                    
0     00038000  IPC_CPU_To_CM_GetBuffer                  
0     00039000  IPC_CPU_To_CM_PutBuffer                  
0     0003a000  IPC_CPU1_To_CPU2_PutBuffer               
0     0003b000  IPC_CPU1_To_CPU2_GetBuffer               
1     00000d00  PieVectTable                             
1     0005d700  AnalogSubsysRegs                         
abs   00000100  __TI_STACK_SIZE                          
abs   ffffffff  __TI_pprof_out_hndl                      
abs   ffffffff  __TI_prof_data_size                      
abs   ffffffff  __TI_prof_data_start                     
abs   ffffffff  __c_args__                               

[456 symbols]
