******************************************************************************
             TMS320C2000 Linker PC v25.11.0                    
******************************************************************************
>> Linked Fri Jun 12 14:46:27 2026

OUTPUT FILE NAME:   <ATTLA_T_CPU1.out>
ENTRY POINT SYMBOL: "code_start"  address: 00000000


MEMORY CONFIGURATION

         name            origin    length      used     unused   attr    fill
----------------------  --------  ---------  --------  --------  ----  --------
PAGE 0:
  BEGIN                 00000000   00000002  00000002  00000000  RWIX
  BOOT_RSVD             00000002   000001af  00000000  000001af  RWIX
  RAMM0                 000001b1   0000024f  00000044  0000020b  RWIX
  RAMM1                 00000400   000003f8  00000100  000002f8  RWIX
  RAMLS0                00008000   00000800  00000800  00000000  RWIX
  RAMLS1                00008800   00000800  00000800  00000000  RWIX
  RAMLS2                00009000   00000800  00000800  00000000  RWIX
  RAMLS3                00009800   00000800  00000800  00000000  RWIX
  RAMLS4                0000a000   00000800  000001ea  00000616  RWIX
  RAMLS5                0000a800   00000800  0000070b  000000f5  RWIX
  RAMLS6                0000b000   00000800  00000000  00000800  RWIX
  RAMLS7                0000b800   00000800  00000000  00000800  RWIX
  RAMD0                 0000c000   00000800  00000800  00000000  RWIX
  RAMD1                 0000c800   00000800  00000800  00000000  RWIX
  RAMGS0                0000d000   00001000  00000c55  000003ab  RWIX
  RAMGS1                0000e000   00001000  00000000  00001000  RWIX
  RAMGS2                0000f000   00001000  00000000  00001000  RWIX
  RAMGS3                00010000   00001000  00000000  00001000  RWIX
  RAMGS4                00011000   00001000  00000000  00001000  RWIX
  RAMGS5                00012000   00001000  00000000  00001000  RWIX
  RAMGS6                00013000   00001000  00000000  00001000  RWIX
  RAMGS7                00014000   00001000  00000000  00001000  RWIX
  RAMGS8                00015000   00001000  00000000  00001000  RWIX
  RAMGS9                00016000   00001000  00000000  00001000  RWIX
  RAMGS10               00017000   00001000  00000000  00001000  RWIX
  RAMGS11               00018000   00001000  00000000  00001000  RWIX
  RAMGS12               00019000   00001000  00000000  00001000  RWIX
  RAMGS13               0001a000   00001000  00000000  00001000  RWIX
  RAMGS14               0001b000   00001000  00000000  00001000  RWIX
  RAMGS15               0001c000   00000ff8  00000000  00000ff8  RWIX
  CMTOCPURAM            00038000   00000800  00000088  00000778  RWIX
  CPUTOCMRAM            00039000   00000800  00000088  00000778  RWIX
  CPU1TOCPU2RAM         0003a000   00000800  00000088  00000778  RWIX
  CPU2TOCPU1RAM         0003b000   00000800  00000088  00000778  RWIX
  CANA_MSG_RAM          00049000   00000800  00000000  00000800  RWIX
  CANB_MSG_RAM          0004b000   00000800  00000000  00000800  RWIX
  FLASH0                00080000   00002000  00000000  00002000  RWIX
  FLASH1                00082000   00002000  00000000  00002000  RWIX
  FLASH2                00084000   00002000  00000000  00002000  RWIX
  FLASH3                00086000   00002000  00000000  00002000  RWIX
  FLASH4                00088000   00008000  00000000  00008000  RWIX
  FLASH5                00090000   00008000  00000000  00008000  RWIX
  FLASH6                00098000   00008000  00000000  00008000  RWIX
  FLASH7                000a0000   00008000  00000000  00008000  RWIX
  FLASH8                000a8000   00008000  00000000  00008000  RWIX
  FLASH9                000b0000   00008000  00000000  00008000  RWIX
  FLASH10               000b8000   00002000  00000000  00002000  RWIX
  FLASH11               000ba000   00002000  00000000  00002000  RWIX
  FLASH12               000bc000   00002000  00000000  00002000  RWIX
  FLASH13               000be000   00002000  00000000  00002000  RWIX
  RESET                 003fffc0   00000002  00000000  00000002  RWIX

PAGE 1:
  ADCARESULT            00000b00   00000018  00000000  00000018  RWIX
  ADCBRESULT            00000b20   00000018  00000000  00000018  RWIX
  ADCCRESULT            00000b40   00000018  00000000  00000018  RWIX
  ADCDRESULT            00000b60   00000018  00000000  00000018  RWIX
  CPUTIMER0             00000c00   00000008  00000000  00000008  RWIX
  CPUTIMER1             00000c08   00000008  00000000  00000008  RWIX
  CPUTIMER2             00000c10   00000008  00000000  00000008  RWIX
  PIECTRL               00000ce0   0000001a  00000000  0000001a  RWIX
  PIEVECTTABLE          00000d00   00000200  000001c0  00000040  RWIX
  DMA                   00001000   00000200  00000000  00000200  RWIX
  CLA1                  00001400   00000080  00000000  00000080  RWIX
  CLB1LOGICCFG          00003000   00000052  00000000  00000052  RWIX
  CLB1LOGICCTRL         00003100   00000040  00000000  00000040  RWIX
  CLB1DATAEXCH          00003180   00000080  00000000  00000080  RWIX
  CLB2LOGICCFG          00003200   00000052  00000000  00000052  RWIX
  CLB2LOGICCTRL         00003300   00000040  00000000  00000040  RWIX
  CLB2DATAEXCH          00003380   00000080  00000000  00000080  RWIX
  CLB3LOGICCFG          00003400   00000052  00000000  00000052  RWIX
  CLB3LOGICCTRL         00003500   00000040  00000000  00000040  RWIX
  CLB3DATAEXCH          00003580   00000080  00000000  00000080  RWIX
  CLB4LOGICCFG          00003600   00000052  00000000  00000052  RWIX
  CLB4LOGICCTRL         00003700   00000040  00000000  00000040  RWIX
  CLB4DATAEXCH          00003780   00000080  00000000  00000080  RWIX
  CLB5LOGICCFG          00003800   00000052  00000000  00000052  RWIX
  CLB5LOGICCTRL         00003900   00000040  00000000  00000040  RWIX
  CLB5DATAEXCH          00003980   00000080  00000000  00000080  RWIX
  CLB6LOGICCFG          00003a00   00000052  00000000  00000052  RWIX
  CLB6LOGICCTRL         00003b00   00000040  00000000  00000040  RWIX
  CLB6DATAEXCH          00003b80   00000080  00000000  00000080  RWIX
  CLB7LOGICCFG          00003c00   00000052  00000000  00000052  RWIX
  CLB7LOGICCTRL         00003d00   00000040  00000000  00000040  RWIX
  CLB7DATAEXCH          00003d80   00000080  00000000  00000080  RWIX
  CLB8LOGICCFG          00003e00   00000052  00000000  00000052  RWIX
  CLB8LOGICCTRL         00003f00   00000040  00000000  00000040  RWIX
  CLB8DATAEXCH          00003f80   00000080  00000000  00000080  RWIX
  EPWM1                 00004000   00000100  00000000  00000100  RWIX
  EPWM2                 00004100   00000100  00000000  00000100  RWIX
  EPWM3                 00004200   00000100  00000000  00000100  RWIX
  EPWM4                 00004300   00000100  00000000  00000100  RWIX
  EPWM5                 00004400   00000100  00000000  00000100  RWIX
  EPWM6                 00004500   00000100  00000000  00000100  RWIX
  EPWM7                 00004600   00000100  00000000  00000100  RWIX
  EPWM8                 00004700   00000100  00000000  00000100  RWIX
  EPWM9                 00004800   00000100  00000000  00000100  RWIX
  EPWM10                00004900   00000100  00000000  00000100  RWIX
  EPWM11                00004a00   00000100  00000000  00000100  RWIX
  EPWM12                00004b00   00000100  00000000  00000100  RWIX
  EPWM13                00004c00   00000100  00000000  00000100  RWIX
  EPWM14                00004d00   00000100  00000000  00000100  RWIX
  EPWM15                00004e00   00000100  00000000  00000100  RWIX
  EPWM16                00004f00   00000100  00000000  00000100  RWIX
  EQEP1                 00005100   00000040  00000000  00000040  RWIX
  EQEP2                 00005140   00000040  00000000  00000040  RWIX
  EQEP3                 00005180   00000040  00000000  00000040  RWIX
  ECAP1                 00005200   00000020  00000000  00000020  RWIX
  ECAP2                 00005240   00000020  00000000  00000020  RWIX
  ECAP3                 00005280   00000020  00000000  00000020  RWIX
  ECAP4                 000052c0   00000020  00000000  00000020  RWIX
  ECAP5                 00005300   00000020  00000000  00000020  RWIX
  ECAP6                 00005340   00000020  00000000  00000020  RWIX
  HRCAP6                00005360   00000020  00000000  00000020  RWIX
  ECAP7                 00005380   00000020  00000000  00000020  RWIX
  HRCAP7                000053a0   00000020  00000000  00000020  RWIX
  DACA                  00005c00   00000008  00000000  00000008  RWIX
  DACB                  00005c10   00000008  00000000  00000008  RWIX
  DACC                  00005c20   00000008  00000000  00000008  RWIX
  CMPSS1                00005c80   00000020  00000000  00000020  RWIX
  CMPSS2                00005ca0   00000020  00000000  00000020  RWIX
  CMPSS3                00005cc0   00000020  00000000  00000020  RWIX
  CMPSS4                00005ce0   00000020  00000000  00000020  RWIX
  CMPSS5                00005d00   00000020  00000000  00000020  RWIX
  CMPSS6                00005d20   00000020  00000000  00000020  RWIX
  CMPSS7                00005d40   00000020  00000000  00000020  RWIX
  CMPSS8                00005d60   00000020  00000000  00000020  RWIX
  SDFM1                 00005e00   00000080  00000000  00000080  RWIX
  SDFM2                 00005e80   00000080  00000000  00000080  RWIX
  MCBSPA                00006000   00000024  00000000  00000024  RWIX
  MCBSPB                00006040   00000024  00000000  00000024  RWIX
  SPIA                  00006100   00000010  00000000  00000010  RWIX
  SPIB                  00006110   00000010  00000000  00000010  RWIX
  SPIC                  00006120   00000010  00000000  00000010  RWIX
  SPID                  00006130   00000010  00000000  00000010  RWIX
  BGCRCCPU              00006340   00000040  00000000  00000040  RWIX
  BGCRCCLA1             00006380   00000040  00000000  00000040  RWIX
  PMBUSA                00006400   00000020  00000000  00000020  RWIX
  FSITXA                00006600   00000050  00000000  00000050  RWIX
  FSIRXA                00006680   00000050  00000000  00000050  RWIX
  FSITXB                00006700   00000050  00000000  00000050  RWIX
  FSIRXB                00006780   00000050  00000000  00000050  RWIX
  FSIRXC                00006880   00000050  00000000  00000050  RWIX
  FSIRXD                00006980   00000050  00000000  00000050  RWIX
  FSIRXE                00006a80   00000050  00000000  00000050  RWIX
  FSIRXF                00006b80   00000050  00000000  00000050  RWIX
  FSIRXG                00006c80   00000050  00000000  00000050  RWIX
  FSIRXH                00006d80   00000050  00000000  00000050  RWIX
  WD                    00007000   0000002c  00000000  0000002c  RWIX
  NMIINTRUPT            00007060   00000010  00000000  00000010  RWIX
  XINT                  00007070   0000000c  00000000  0000000c  RWIX
  SCIA                  00007200   00000010  00000000  00000010  RWIX
  SCIB                  00007210   00000010  00000000  00000010  RWIX
  SCIC                  00007220   00000010  00000000  00000010  RWIX
  SCID                  00007230   00000010  00000000  00000010  RWIX
  I2CA                  00007300   00000022  00000000  00000022  RWIX
  I2CB                  00007340   00000022  00000000  00000022  RWIX
  ADCA                  00007400   00000080  00000000  00000080  RWIX
  ADCB                  00007480   00000080  00000000  00000080  RWIX
  ADCC                  00007500   00000080  00000000  00000080  RWIX
  ADCD                  00007580   00000080  00000000  00000080  RWIX
  INPUTXBAR             00007900   00000020  00000000  00000020  RWIX
  XBAR                  00007920   00000020  00000000  00000020  RWIX
  SYNCSOC               00007940   00000006  00000000  00000006  RWIX
  CLBINPUTXBAR          00007960   00000020  00000000  00000020  RWIX
  DMACLASRCSEL          00007980   0000001a  00000000  0000001a  RWIX
  EPWMXBAR              00007a00   00000040  00000000  00000040  RWIX
  CLBXBAR               00007a40   00000040  00000000  00000040  RWIX
  OUTPUTXBAR            00007a80   00000040  00000000  00000040  RWIX
  CLBOUTPUTXBAR         00007bc0   00000040  00000000  00000040  RWIX
  GPIOCTRL              00007c00   00000200  00000000  00000200  RWIX
  GPIODATA              00007f00   00000040  00000000  00000040  RWIX
  GPIODATAREAD          00007f80   00000010  00000000  00000010  RWIX
  EMIF1                 00047000   00000070  00000000  00000070  RWIX
  EMIF2                 00047800   00000070  00000000  00000070  RWIX
  CANA                  00048000   00000200  00000000  00000200  RWIX
  CANB                  0004a000   00000200  00000000  00000200  RWIX
  ESCSS                 00057e00   00000024  00000000  00000024  RWIX
  ESCSSCONFIG           00057f00   00000016  00000000  00000016  RWIX
  MCANASS               0005c400   0000002c  00000000  0000002c  RWIX
  MCANA                 0005c600   00000100  00000000  00000100  RWIX
  MCANAERR              0005c800   00000210  00000000  00000210  RWIX
  CPU1TOCPU2IPC         0005ce00   00000026  00000000  00000026  RWIX
  CPU1TOCMIPC           0005ce40   00000026  00000000  00000026  RWIX
  DEVCFG                0005d000   000001a0  00000000  000001a0  RWIX
  CLKCFG                0005d200   00000100  00000000  00000100  RWIX
  CPUSYS                0005d300   000000a0  00000000  000000a0  RWIX
  SYSSTATUS             0005d400   00000100  00000000  00000100  RWIX
  SYSPERIPHAC           0005d500   00000200  00000000  00000200  RWIX
  ANALOGSUBSYS          0005d700   00000100  00000000  00000100  RWIX
  CMCONF                0005dc00   00000400  00000000  00000400  RWIX
  DCC0                  0005e700   00000038  00000000  00000038  RWIX
  DCC1                  0005e740   00000038  00000000  00000038  RWIX
  DCC2                  0005e780   00000038  00000000  00000038  RWIX
  ERADGLOBAL            0005e800   00000014  00000000  00000014  RWIX
  ERADHWBP1             0005e900   00000008  00000000  00000008  RWIX
  ERADHWBP2             0005e908   00000008  00000000  00000008  RWIX
  ERADHWBP3             0005e910   00000008  00000000  00000008  RWIX
  ERADHWBP4             0005e918   00000008  00000000  00000008  RWIX
  ERADHWBP5             0005e920   00000008  00000000  00000008  RWIX
  ERADHWBP6             0005e928   00000008  00000000  00000008  RWIX
  ERADHWBP7             0005e930   00000008  00000000  00000008  RWIX
  ERADHWBP8             0005e938   00000008  00000000  00000008  RWIX
  ERADCOUNTER1          0005e980   00000010  00000000  00000010  RWIX
  ERADCOUNTER2          0005e990   00000010  00000000  00000010  RWIX
  ERADCOUNTER3          0005e9a0   00000010  00000000  00000010  RWIX
  ERADCOUNTER4          0005e9b0   00000010  00000000  00000010  RWIX
  ERADCRCGLOBAL         0005ea00   00000010  00000000  00000010  RWIX
  ERADCRC1              0005ea10   00000010  00000000  00000010  RWIX
  ERADCRC2              0005ea20   00000010  00000000  00000010  RWIX
  ERADCRC3              0005ea30   00000010  00000000  00000010  RWIX
  ERADCRC4              0005ea40   00000010  00000000  00000010  RWIX
  ERADCRC5              0005ea50   00000010  00000000  00000010  RWIX
  ERADCRC6              0005ea60   00000010  00000000  00000010  RWIX
  ERADCRC7              0005ea70   00000010  00000000  00000010  RWIX
  ERADCRC8              0005ea80   00000010  00000000  00000010  RWIX
  DCSMZ1                0005f000   0000003e  00000000  0000003e  RWIX
  DCSMZ2                0005f080   0000003e  00000000  0000003e  RWIX
  DCSMCOMMON            0005f0c0   00000020  00000000  00000020  RWIX
  MEMCFG                0005f400   000000c0  00000000  000000c0  RWIX
  EMIF1CONFIG           0005f4c0   00000020  00000000  00000020  RWIX
  EMIF2CONFIG           0005f4e0   00000020  00000000  00000020  RWIX
  ACCESSPROTECTION      0005f500   00000040  00000000  00000040  RWIX
  MEMORYERROR           0005f540   00000040  00000000  00000040  RWIX
  ROMWAITSTATE          0005f580   00000008  00000000  00000008  RWIX
  ROMPREFETCH           0005f588   00000008  00000000  00000008  RWIX
  TESTERROR             0005f590   00000010  00000000  00000010  RWIX
  FLASH0CTRL            0005f800   00000182  00000000  00000182  RWIX
  FLASH0ECC             0005fb00   00000028  00000000  00000028  RWIX
  UID                   00070200   00000010  00000000  00000010  RWIX
  DCSMZ1OTP             00078000   00000020  00000000  00000020  RWIX
  DCSMZ2OTP             00078200   00000020  00000000  00000020  RWIX


SECTION ALLOCATION MAP

 output                                  attributes/
section   page    origin      length       input sections
--------  ----  ----------  ----------   ----------------
codestart 
*          0    00000000    00000002     
                  00000000    00000002     f2838x_codestartbranch.obj (codestart)

.cinit     0    000001b2    00000044     
                  000001b2    00000029     (.cinit..data.load) [load image, compression = lzss]
                  000001db    00000001     --HOLE-- [fill = 0]
                  000001dc    00000006     (__TI_handler_table)
                  000001e2    00000004     (.cinit..bss.load) [load image, compression = zero_init]
                  000001e6    00000004     (.cinit.PieVectTableFile.load) [load image, compression = zero_init]
                  000001ea    0000000c     (__TI_cinit_table)

.reset     0    003fffc0    00000000     DSECT

.stack     0    00000400    00000100     UNINITIALIZED
                  00000400    00000100     --HOLE--

.init_array 
*          0    000001b1    00000000     UNINITIALIZED

.data      0    0000a800    00000078     UNINITIALIZED
                  0000a800    00000026     easy28x_driverlib_v12.2.obj (.data)
                  0000a826    0000001a     wizchip_conf.obj (.data)
                  0000a840    0000000a     csu_Dio.obj (.data)
                  0000a84a    0000000a     csu_MotorCtrl.obj (.data)
                  0000a854    00000008     socket.obj (.data:sock_pack_info)
                  0000a85c    00000008     socket.obj (.data:sock_remained_size)
                  0000a864    00000006     csu_Bit.obj (.data)
                  0000a86a    00000006     rts2800_fpu64_eabi.lib : exit.c.obj (.data)
                  0000a870    00000003     socket.obj (.data)
                  0000a873    00000001     --HOLE--
                  0000a874    00000002     rts2800_fpu64_eabi.lib : _lock.c.obj (.data:_lock)
                  0000a876    00000002                            : _lock.c.obj (.data:_unlock)

.const     0    0000a878    000004d7     
                  0000a878    00000008     hal_Ethernet.obj (.const:$P$T0$1)
                  0000a880    000001c0     f2838x_pievect.obj (.const)
                  0000aa40    00000088     ipc.obj (.const:IPC_Instance)
                  0000aac8    00000031     sysctl.obj (.const:.string)
                  0000aaf9    00000007     --HOLE-- [fill = 0]
                  0000ab00    00000068     hal_Ethernet.obj (.const)
                  0000ab68    0000005d     hal_Timer.obj (.const:.string)
                  0000abc5    00000001     --HOLE-- [fill = 0]
                  0000abc6    00000058     easy28x_driverlib_v12.2.obj (.const:.string)
                  0000ac1e    00000030     gpio.obj (.const:.string)
                  0000ac4e    0000002f     dcc.obj (.const:.string)
                  0000ac7d    00000001     --HOLE-- [fill = 0]
                  0000ac7e    0000002f     sci.obj (.const:.string)
                  0000acad    00000001     --HOLE-- [fill = 0]
                  0000acae    0000002f     spi.obj (.const:.string)
                  0000acdd    00000001     --HOLE-- [fill = 0]
                  0000acde    0000001d     interrupt.obj (.const:.string)
                  0000acfb    00000001     --HOLE-- [fill = 0]
                  0000acfc    0000001c     cputimer.obj (.const:.string)
                  0000ad18    00000017     adc.obj (.const:.string)
                  0000ad2f    00000001     --HOLE-- [fill = 0]
                  0000ad30    00000017     ipc.obj (.const:.string)
                  0000ad47    00000008     hal_Ethernet.obj (.const:$P$T1$2)

MSGRAM_CM_TO_CPU 
*          0    00038000    00000088     UNINITIALIZED
                  00038000    00000088     ipc.obj (MSGRAM_CM_TO_CPU)

MSGRAM_CPU_TO_CM 
*          0    00039000    00000088     UNINITIALIZED
                  00039000    00000088     ipc.obj (MSGRAM_CPU_TO_CM)

MSGRAM_CPU1_TO_CPU2 
*          0    0003a000    00000088     UNINITIALIZED
                  0003a000    00000088     ipc.obj (MSGRAM_CPU1_TO_CPU2)

MSGRAM_CPU2_TO_CPU1 
*          0    0003b000    00000088     UNINITIALIZED
                  0003b000    00000088     ipc.obj (MSGRAM_CPU2_TO_CPU1)

PieVectTableFile 
*          1    00000d00    000001c0     UNINITIALIZED
                  00000d00    000001c0     f2838x_globalvariabledefs.obj (PieVectTableFile)

EmuKeyVar 
*          1    00000d00    00000000     UNINITIALIZED

EmuBModeVar 
*          1    00000d00    00000000     UNINITIALIZED

EmuBootPinsVar 
*          1    00000d00    00000000     UNINITIALIZED

FlashCallbackVar 
*          1    00000d00    00000000     UNINITIALIZED

FlashScalingVar 
*          1    00000d00    00000000     UNINITIALIZED

dcsm_z1otp_link_pointer 
*          0    00000000    00000000     

dcsm_z1otp_jlm_enable 
*          0    00000000    00000000     

dcsm_z1otp_gpreg 
*          0    00000000    00000000     

dcsm_z1otp_pswd_lock 
*          0    00000000    00000000     

dcsm_z1otp_crc_lock 
*          0    00000000    00000000     

dcsm_z1otp_jtag_pswdh 
*          0    00000000    00000000     

dcsm_z1otp_cmac_key 
*          0    00000000    00000000     

dcsm_zsel_z1 
*          0    00000000    00000000     

dcsm_z2otp_link_pointer 
*          0    00000000    00000000     

dcsm_rsvd_z2 
*          0    00000000    00000000     

dcsm_z2otp_gpreg 
*          0    00000000    00000000     

dcsm_z2otp_pswd_lock 
*          0    00000000    00000000     

dcsm_z2otp_crc_lock 
*          0    00000000    00000000     

dcsm_rsvd1_z2 
*          0    00000000    00000000     

dcsm_zsel_z2 
*          0    00000000    00000000     

.text.1    0    00008000    00000800     
                  00008000    0000010e     sysctl.obj (.text:SysCtl_setAuxClock)
                  0000810e    000000ed     socket.obj (.text:sendto_IO_6)
                  000081fb    000000bd     csu_Adc.obj (.text:CalcAdcData)
                  000082b8    000000b1     hal_DspInit.obj (.text:Init_GpioDin)
                  00008369    000000ae     wizchip_conf.obj (.text:wizchip_sw_reset)
                  00008417    000000aa     csu_Encoder.obj (.text:Encoder_UpdatePosition)
                  000084c1    000000a7     hal_Sci.obj (.text:isrScia_SCI_PC)
                  00008568    0000009e     hal_Timer.obj (.text:configCPUTimer)
                  00008606    00000093     sci.obj (.text:SCI_setConfig)
                  00008699    00000090     hal_Adc.obj (.text:InitAdcModules)
                  00008729    00000090     sci.obj (.text:SCI_writeCharArray)
                  000087b9    00000042     w6100.obj (.text:wiz_send_data)
                  000087fb    00000005     hal_DspInit.obj (.text:Initial_GPIO)

.text.2    0    00008800    00000800     
                  00008800    0000008f     sci.obj (.text:SCI_readCharArray)
                  0000888f    0000008c     hal_MotorDriver.obj (.text:MotorDriver_Init_Hardware)
                  0000891b    0000008b     csu_MotorCtrl.obj (.text:MotorCtrl_Run)
                  000089a6    00000088     rts2800_fpu64_eabi.lib : fs_div28.asm.obj (.text)
                  00008a2e    00000083     spi.obj (.text:SPI_setConfig)
                  00008ab1    00000081     sysctl.obj (.text:SysCtl_getAuxClock)
                  00008b32    0000007f     csu_SciPc.obj (.text:sendSciPcMessage1)
                  00008bb1    0000007a     hal_Epwm.obj (.text:Initial_EpwmTimer)
                  00008c2b    00000079     device.obj (.text:Device_init)
                  00008ca4    00000079     interrupt.obj (.text:Interrupt_clearIFR)
                  00008d1d    00000077     csu_PID.obj (.text:PID_Calculate)
                  00008d94    00000075     easy28x_driverlib_v12.2.obj (.text:easy_addRing)
                  00008e09    00000074     hal_Spi.obj (.text:InitSpid)
                  00008e7d    00000073     sysctl.obj (.text:SysCtl_getClock)
                  00008ef0    00000071     hal_Sci.obj (.text:setupSciaPC_HW)
                  00008f61    0000006e     hal_DspInit.obj (.text:initW6100GpioPins)
                  00008fcf    00000031     csu_Bit.obj (.text:Bit_MotorStall_Check)

.text.3    0    00009000    00000800     
                  00009000    0000006a     hal_DspInit.obj (.text:Init_GpioDout)
                  0000906a    00000067     hal_Encoder.obj (.text:Encoder_ReadSpiData)
                  000090d1    00000067     hal_Timer.obj (.text:Initial_TIMER)
                  00009138    00000062     hal_Encoder.obj (.text:Encoder_Init_Hardware)
                  0000919a    00000061     adc.obj (.text:ADC_setINLTrim)
                  000091fb    0000005e     csu_MotorCtrl.obj (.text:MotorCtrl_Init)
                  00009259    0000005a     wizchip_conf.obj (.text:wizchip_setnetinfo)
                  000092b3    00000058     hal_Ethernet.obj (.text:Ethernet_Process)
                  0000930b    00000056     interrupt.obj (.text:Interrupt_disable)
                  00009361    00000056     sci.obj (.text:SCI_clearInterruptStatus)
                  000093b7    00000056     wizchip_conf.obj (.text:wizchip_init)
                  0000940d    00000055     adc.obj (.text:ADC_setOffsetTrim)
                  00009462    00000050     sysctl.obj (.text:SysCtl_selectOscSourceAuxPLL)
                  000094b2    00000050     w6100.obj (.text:WIZCHIP_WRITE_BUF)
                  00009502    0000004f     hal_Spi.obj (.text:InitSpic)
                  00009551    0000004e     gpio.obj (.text:GPIO_setPadConfig)
                  0000959f    0000004d     w6100.obj (.text:WIZCHIP_READ_BUF)
                  000095ec    0000004b     hal_Timer.obj (.text:initCPUTimers)
                  00009637    0000004a     csu_Led.obj (.text:updateLedStatus)
                  00009681    00000041     csu_Bit.obj (.text:Bit_OvVoltage_Check)
                  000096c2    00000041     interrupt.obj (.text:Interrupt_enable)
                  00009703    00000041     interrupt.obj (.text:Interrupt_initModule)
                  00009744    00000041     sysctl.obj (.text:SysCtl_selectOscSource)
                  00009785    00000040     w6100.obj (.text:WIZCHIP_READ)
                  000097c5    0000003b     adc.obj (.text:ADC_setMode)

.text.4    0    00009800    00000800     
                  00009800    00000040     hal_Ethernet.obj (.text:isr_EthernetExtInt)
                  00009840    0000003f     sysctl.obj (.text:SysCtl_selectXTAL)
                  0000987f    0000003f     socket.obj (.text:close)
                  000098be    0000003f     w6100.obj (.text:wiz_recv_data)
                  000098fd    0000003e     ipc.obj (.text:IPC_unregisterInterrupt)
                  0000993b    0000003e     w6100.obj (.text:WIZCHIP_WRITE)
                  00009979    0000003c     spi.obj (.text:SPI_clearInterruptStatus)
                  000099b5    00000039     gpio.obj (.text:GPIO_setInterruptPin)
                  000099ee    00000039     sci.obj (.text:SCI_disableInterrupt)
                  00009a27    00000039     sysctl.obj (.text:SysCtl_pollX1Counter)
                  00009a60    00000038     sci.obj (.text:SCI_enableInterrupt)
                  00009a98    00000038     main.obj (.text:main)
                  00009ad0    00000037     hal_Ethernet.obj (.text:Initial_W6100)
                  00009b07    00000036     w6100.obj (.text:wiz_recv_ignore)
                  00009b3d    00000033     hal_Spi.obj (.text:InitSpia)
                  00009b70    00000032     csu_Control.obj (.text:Control_SaveOffsetToFram)
                  00009ba2    00000032     hal_Sci.obj (.text:dequeueSci)
                  00009bd4    00000030     gpio.obj (.text:GPIO_setPinConfig)
                  00009c04    0000002f     csu_Bit.obj (.text:Bit_MotorOverSpeed_Check)
                  00009c33    0000002f     gpio.obj (.text:GPIO_setControllerCore)
                  00009c62    0000002f     gpio.obj (.text:GPIO_setQualificationMode)
                  00009c91    0000002f     csu_MotorCtrl.obj (.text:MotorCtrl_UpdateFeedback)
                  00009cc0    0000002f     hal_Sci.obj (.text:setupSciaPC_GPIO)
                  00009cef    0000002e     rts2800_fpu64_eabi.lib : copy_decompress_lzss.c.obj (.text:decompress:lzss)
                  00009d1d    0000002c     gpio.obj (.text:GPIO_setDirectionMode)
                  00009d49    0000002c     csu_PID.obj (.text:PID_Init)
                  00009d75    0000002c     hal_Sci.obj (.text:enqueueSci)
                  00009da1    0000002b     rts2800_fpu64_eabi.lib : autoinit.c.obj (.text:__TI_auto_init_nobinit_nopinit)
                  00009dcc    0000002a     w6100.obj (.text:getSn_RX_RSR)
                  00009df6    0000002a     w6100.obj (.text:getSn_TX_FSR)
                  00009e20    00000029     csu_Encoder.obj (.text:Encoder_LoadOffset)
                  00009e49    00000029     rts2800_fpu64_eabi.lib : exit.c.obj (.text)
                  00009e72    00000029     hal_Sci.obj (.text:sendScia_SCI_PC)
                  00009e9b    00000027     csu_Adc.obj (.text:Initial_Adc)
                  00009ec2    00000026     hal_Fram.obj (.text:Fram_WriteByte)
                  00009ee8    00000024     device.obj (.text:Device_initGPIO)
                  00009f0c    00000024     sysctl.obj (.text:SysCtl_getLowSpeedClock)
                  00009f30    00000023     csu_Bit.obj (.text:Bit_OvTemperature_Check)
                  00009f53    00000022     csu_Encoder.obj (.text:Encoder_CalcCrc6)
                  00009f75    00000021     hal_Epwm.obj (.text:Epwm_SetMotorDuty_1x)
                  00009f96    00000021     sysctl.obj (.text:SysCtl_selectXTALSingleEnded)
                  00009fb7    00000021     wizchip_conf.obj (.text:reg_wizchip_spi_cbfunc)
                  00009fd8    00000020     cputimer.obj (.text:CPUTimer_setEmulationMode)
                  00009ff8    00000008     hal_Fram.obj (.text:Fram_WriteEnable)

.TI.ramfunc 
*          0    0000a000    000001ea     
                  0000a000    000000a9     csu_Control.obj (.TI.ramfunc:csu_Offset_Isr)
                  0000a0a9    0000006e     csu_Control.obj (.TI.ramfunc:csu_Pbit_Isr)
                  0000a117    00000069     csu_Dio.obj (.TI.ramfunc:Dio_UpdateInput)
                  0000a180    00000062     csu_Control.obj (.TI.ramfunc:csu_MainControl_Isr)
                  0000a1e2    00000004     f2838x_usdelay.obj (.TI.ramfunc)
                  0000a1e6    00000004     sysctl.obj (.TI.ramfunc)

.bss       0    0000ad50    000001bc     UNINITIALIZED
                  0000ad50    00000018     csu_Encoder.obj (.bss)
                  0000ad68    00000010     wizchip_conf.obj (.bss:_DNS6_)
                  0000ad78    00000008     csu_Control.obj (.bss)
                  0000ad80    0000010a     hal_Sci.obj (.bss)
                  0000ae8a    00000010     csu_Adc.obj (.bss)
                  0000ae9a    00000010     csu_Bit.obj (.bss)
                  0000aeaa    0000000a     csu_Dio.obj (.bss)
                  0000aeb4    00000006     hal_Adc.obj (.bss)
                  0000aeba    00000006     hal_Timer.obj (.bss)
                  0000aec0    00000040     csu_MotorCtrl.obj (.bss)
                  0000af00    00000004     wizchip_conf.obj (.bss:_DNS_)
                  0000af04    00000003     csu_Led.obj (.bss)
                  0000af07    00000003     csu_SciPc.obj (.bss)
                  0000af0a    00000001     csu_MotorDriver.obj (.bss)
                  0000af0b    00000001     wizchip_conf.obj (.bss)

.text.5    0    0000c000    00000800     
                  0000c000    000003ab     easy28x_driverlib_v12.2.obj (.text:easy_RXINT_ISR)
                  0000c3ab    000002b8     dcc.obj (.text:DCC_verifyClockFrequency)
                  0000c663    00000184     socket.obj (.text:recvfrom_IO_6)
                  0000c7e7    00000019     device.obj (.text:SysCtl_enablePeripheral)

.text.6    0    0000c800    00000800     
                  0000c800    0000025d     sysctl.obj (.text:SysCtl_isPLLValid)
                  0000ca5d    000001a8     easy28x_driverlib_v12.2.obj (.text:easyDSP_SCI_Init)
                  0000cc05    00000167     device.obj (.text:Device_enableAllPeripherals)
                  0000cd6c    0000012e     sysctl.obj (.text:SysCtl_setClock)
                  0000ce9a    0000011d     socket.obj (.text:socket)
                  0000cfb7    00000045     csu_Bit.obj (.text:Bit_OvCurrent_Check)
                  0000cffc    00000004     csu_Bit.obj (.text:Bit_Init)

.text.7    0    0000d000    00000c55     
                  0000d000    00000020     rts2800_fpu64_eabi.lib : memcpy.c.obj (.text)
                  0000d020    0000001e                            : ll_cmp28.asm.obj (.text)
                  0000d03e    0000001d     csu_MotorCtrl.obj (.text:MotorCtrl_SetOutput)
                  0000d05b    0000001c     device.obj (.text:Device_verifyXTAL)
                  0000d077    0000001c     csu_Encoder.obj (.text:Encoder_Init)
                  0000d093    0000001b     hal_Fram.obj (.text:Fram_ReadByte)
                  0000d0ae    0000001a     hal_Ethernet.obj (.text:Ethernet_Init)
                  0000d0c8    0000001a     interrupt.obj (.text:Interrupt_initVectorTable)
                  0000d0e2    00000019     csu_SciPc.obj (.text:recvSciPcMessage)
                  0000d0fb    00000019     rts2800_fpu64_eabi.lib : boot28.asm.obj (.text)
                  0000d114    00000018                            : ll_aox28.asm.obj (.text)
                  0000d12c    00000017     csu_Bit.obj (.text:Bit_Encoder_Check)
                  0000d143    00000017     csu_Dio.obj (.text:Dio_Init)
                  0000d15a    00000017     hal_Led.obj (.text:Led_InitGpio)
                  0000d171    00000017     wizchip_conf.obj (.text:wizchip_spi_writeburst)
                  0000d188    00000016     hal_Timer.obj (.text:isr_CpuTimer1)
                  0000d19e    00000015     hal_Timer.obj (.text:isr_CpuTimer2)
                  0000d1b3    00000014     csu_Bit.obj (.text:Bit_FaultReset)
                  0000d1c7    00000014     wizchip_conf.obj (.text:wizchip_spi_readburst)
                  0000d1db    00000013     device.obj (.text:Device_enableUnbondedGPIOPullupsFor176Pin)
                  0000d1ee    00000013     hal_DspInit.obj (.text:InitialPeripherals)
                  0000d201    00000013     hal_MotorDriver.obj (.text:MotorDriver_ReadReg)
                  0000d214    00000012     hal_MotorDriver.obj (.text:MotorDriver_WriteReg)
                  0000d226    00000012     wizchip_conf.obj (.text:reg_wizchip_cs_cbfunc)
                  0000d238    00000012     rts2800_fpu64_eabi.lib : args_main.c.obj (.text)
                  0000d24a    00000011     csu_Led.obj (.text:setLedModeToggle)
                  0000d25b    00000010     csu_Control.obj (.text:Control_Init)
                  0000d26b    00000010     hal_Led.obj (.text:Led_WritePin)
                  0000d27b    00000010     hal_Spi.obj (.text:Spid_Transmit)
                  0000d28b    00000010     hal_DspInit.obj (.text:System_Initialization)
                  0000d29b    00000010     hal_Timer.obj (.text:isr_CpuTimer0)
                  0000d2ab    00000010     hal_Sci.obj (.text:setupSciaPC_Interrupt)
                  0000d2bb    00000010     hal_Sci.obj (.text:xmtScia_SCI_PC)
                  0000d2cb    0000000f     csu_Control.obj (.text:Bit_RunCBIT)
                  0000d2da    0000000f     csu_Control.obj (.text:Bit_RunPBIT)
                  0000d2e9    0000000f     csu_Dio.obj (.text:Dio_Debounce)
                  0000d2f8    0000000f     hal_Spi.obj (.text:spi_read_byte)
                  0000d307    0000000f     hal_Spi.obj (.text:spi_write_byte)
                  0000d316    0000000e     hal_Fram.obj (.text:Fram_WriteStatusRegister)
                  0000d324    0000000d     csu_Bit.obj (.text:Bit_GateFault_Check)
                  0000d331    0000000d     f2838x_defaultisr.obj (.text:EMPTY_ISR)
                  0000d33e    0000000d     csu_Led.obj (.text:Initial_Led)
                  0000d34b    0000000d     rts2800_fpu64_eabi.lib : copy_zero_init.c.obj (.text:decompress:ZI:__TI_zero_init_nomemset)
                  0000d358    0000000d     socket.obj (.text:recvfrom_W5x00)
                  0000d365    0000000c     interrupt.obj (.text:Interrupt_defaultHandler)
                  0000d371    0000000c     hal_MotorDriver.obj (.text:MotorDriver_Enable)
                  0000d37d    0000000c     hal_MotorDriver.obj (.text:MotorDriver_SetDir)
                  0000d389    0000000b     device.obj (.text:Device_enableUnbondedGPIOPullups)
                  0000d394    0000000b     csu_MotorDriver.obj (.text:MotorDriver_Init)
                  0000d39f    0000000a     f2838x_defaultisr.obj (.text:ADCA1_ISR)
                  0000d3a9    0000000a     f2838x_defaultisr.obj (.text:ADCA2_ISR)
                  0000d3b3    0000000a     f2838x_defaultisr.obj (.text:ADCA3_ISR)
                  0000d3bd    0000000a     f2838x_defaultisr.obj (.text:ADCA4_ISR)
                  0000d3c7    0000000a     f2838x_defaultisr.obj (.text:ADCA_EVT_ISR)
                  0000d3d1    0000000a     f2838x_defaultisr.obj (.text:ADCB1_ISR)
                  0000d3db    0000000a     f2838x_defaultisr.obj (.text:ADCB2_ISR)
                  0000d3e5    0000000a     f2838x_defaultisr.obj (.text:ADCB3_ISR)
                  0000d3ef    0000000a     f2838x_defaultisr.obj (.text:ADCB4_ISR)
                  0000d3f9    0000000a     f2838x_defaultisr.obj (.text:ADCB_EVT_ISR)
                  0000d403    0000000a     f2838x_defaultisr.obj (.text:ADCC1_ISR)
                  0000d40d    0000000a     f2838x_defaultisr.obj (.text:ADCC2_ISR)
                  0000d417    0000000a     f2838x_defaultisr.obj (.text:ADCC3_ISR)
                  0000d421    0000000a     f2838x_defaultisr.obj (.text:ADCC4_ISR)
                  0000d42b    0000000a     f2838x_defaultisr.obj (.text:ADCC_EVT_ISR)
                  0000d435    0000000a     f2838x_defaultisr.obj (.text:ADCD1_ISR)
                  0000d43f    0000000a     f2838x_defaultisr.obj (.text:ADCD2_ISR)
                  0000d449    0000000a     f2838x_defaultisr.obj (.text:ADCD3_ISR)
                  0000d453    0000000a     f2838x_defaultisr.obj (.text:ADCD4_ISR)
                  0000d45d    0000000a     f2838x_defaultisr.obj (.text:ADCD_EVT_ISR)
                  0000d467    0000000a     f2838x_defaultisr.obj (.text:CANA0_ISR)
                  0000d471    0000000a     f2838x_defaultisr.obj (.text:CANA1_ISR)
                  0000d47b    0000000a     f2838x_defaultisr.obj (.text:CANB0_ISR)
                  0000d485    0000000a     f2838x_defaultisr.obj (.text:CANB1_ISR)
                  0000d48f    0000000a     f2838x_defaultisr.obj (.text:CIPC0_ISR)
                  0000d499    0000000a     f2838x_defaultisr.obj (.text:CIPC1_ISR)
                  0000d4a3    0000000a     f2838x_defaultisr.obj (.text:CIPC2_ISR)
                  0000d4ad    0000000a     f2838x_defaultisr.obj (.text:CIPC3_ISR)
                  0000d4b7    0000000a     f2838x_defaultisr.obj (.text:CLA1CRC_ISR)
                  0000d4c1    0000000a     f2838x_defaultisr.obj (.text:CLA1_1_ISR)
                  0000d4cb    0000000a     f2838x_defaultisr.obj (.text:CLA1_2_ISR)
                  0000d4d5    0000000a     f2838x_defaultisr.obj (.text:CLA1_3_ISR)
                  0000d4df    0000000a     f2838x_defaultisr.obj (.text:CLA1_4_ISR)
                  0000d4e9    0000000a     f2838x_defaultisr.obj (.text:CLA1_5_ISR)
                  0000d4f3    0000000a     f2838x_defaultisr.obj (.text:CLA1_6_ISR)
                  0000d4fd    0000000a     f2838x_defaultisr.obj (.text:CLA1_7_ISR)
                  0000d507    0000000a     f2838x_defaultisr.obj (.text:CLA1_8_ISR)
                  0000d511    0000000a     f2838x_defaultisr.obj (.text:CLA_OVERFLOW_ISR)
                  0000d51b    0000000a     f2838x_defaultisr.obj (.text:CLA_UNDERFLOW_ISR)
                  0000d525    0000000a     f2838x_defaultisr.obj (.text:CLB1_ISR)
                  0000d52f    0000000a     f2838x_defaultisr.obj (.text:CLB2_ISR)
                  0000d539    0000000a     f2838x_defaultisr.obj (.text:CLB3_ISR)
                  0000d543    0000000a     f2838x_defaultisr.obj (.text:CLB4_ISR)
                  0000d54d    0000000a     f2838x_defaultisr.obj (.text:CLB5_ISR)
                  0000d557    0000000a     f2838x_defaultisr.obj (.text:CLB6_ISR)
                  0000d561    0000000a     f2838x_defaultisr.obj (.text:CLB7_ISR)
                  0000d56b    0000000a     f2838x_defaultisr.obj (.text:CLB8_ISR)
                  0000d575    0000000a     f2838x_defaultisr.obj (.text:CMTOCPUXIPC0_ISR)
                  0000d57f    0000000a     f2838x_defaultisr.obj (.text:CMTOCPUXIPC1_ISR)
                  0000d589    0000000a     f2838x_defaultisr.obj (.text:CMTOCPUXIPC2_ISR)
                  0000d593    0000000a     f2838x_defaultisr.obj (.text:CMTOCPUXIPC3_ISR)
                  0000d59d    0000000a     f2838x_defaultisr.obj (.text:CMTOCPUXIPC4_ISR)
                  0000d5a7    0000000a     f2838x_defaultisr.obj (.text:CMTOCPUXIPC5_ISR)
                  0000d5b1    0000000a     f2838x_defaultisr.obj (.text:CMTOCPUXIPC6_ISR)
                  0000d5bb    0000000a     f2838x_defaultisr.obj (.text:CMTOCPUXIPC7_ISR)
                  0000d5c5    0000000a     f2838x_defaultisr.obj (.text:CM_STATUS_ISR)
                  0000d5cf    0000000a     f2838x_defaultisr.obj (.text:CPUCRC_ISR)
                  0000d5d9    0000000a     f2838x_defaultisr.obj (.text:DATALOG_ISR)
                  0000d5e3    0000000a     f2838x_defaultisr.obj (.text:DMA_CH1_ISR)
                  0000d5ed    0000000a     f2838x_defaultisr.obj (.text:DMA_CH2_ISR)
                  0000d5f7    0000000a     f2838x_defaultisr.obj (.text:DMA_CH3_ISR)
                  0000d601    0000000a     f2838x_defaultisr.obj (.text:DMA_CH4_ISR)
                  0000d60b    0000000a     f2838x_defaultisr.obj (.text:DMA_CH5_ISR)
                  0000d615    0000000a     f2838x_defaultisr.obj (.text:DMA_CH6_ISR)
                  0000d61f    0000000a     f2838x_defaultisr.obj (.text:ECAP1_ISR)
                  0000d629    0000000a     f2838x_defaultisr.obj (.text:ECAP2_ISR)
                  0000d633    0000000a     f2838x_defaultisr.obj (.text:ECAP3_ISR)
                  0000d63d    0000000a     f2838x_defaultisr.obj (.text:ECAP4_ISR)
                  0000d647    0000000a     f2838x_defaultisr.obj (.text:ECAP5_ISR)
                  0000d651    0000000a     f2838x_defaultisr.obj (.text:ECAP6_2_ISR)
                  0000d65b    0000000a     f2838x_defaultisr.obj (.text:ECAP6_ISR)
                  0000d665    0000000a     f2838x_defaultisr.obj (.text:ECAP7_2_ISR)
                  0000d66f    0000000a     f2838x_defaultisr.obj (.text:ECAP7_ISR)
                  0000d679    0000000a     f2838x_defaultisr.obj (.text:ECATRST_ISR)
                  0000d683    0000000a     f2838x_defaultisr.obj (.text:ECATSYNC0_ISR)
                  0000d68d    0000000a     f2838x_defaultisr.obj (.text:ECATSYNC1_ISR)
                  0000d697    0000000a     f2838x_defaultisr.obj (.text:ECAT_ISR)
                  0000d6a1    0000000a     f2838x_defaultisr.obj (.text:EMU_ISR)
                  0000d6ab    0000000a     f2838x_defaultisr.obj (.text:EPWM10_ISR)
                  0000d6b5    0000000a     f2838x_defaultisr.obj (.text:EPWM10_TZ_ISR)
                  0000d6bf    0000000a     f2838x_defaultisr.obj (.text:EPWM11_ISR)
                  0000d6c9    0000000a     f2838x_defaultisr.obj (.text:EPWM11_TZ_ISR)
                  0000d6d3    0000000a     f2838x_defaultisr.obj (.text:EPWM12_ISR)
                  0000d6dd    0000000a     f2838x_defaultisr.obj (.text:EPWM12_TZ_ISR)
                  0000d6e7    0000000a     f2838x_defaultisr.obj (.text:EPWM13_ISR)
                  0000d6f1    0000000a     f2838x_defaultisr.obj (.text:EPWM13_TZ_ISR)
                  0000d6fb    0000000a     f2838x_defaultisr.obj (.text:EPWM14_ISR)
                  0000d705    0000000a     f2838x_defaultisr.obj (.text:EPWM14_TZ_ISR)
                  0000d70f    0000000a     f2838x_defaultisr.obj (.text:EPWM15_ISR)
                  0000d719    0000000a     f2838x_defaultisr.obj (.text:EPWM15_TZ_ISR)
                  0000d723    0000000a     f2838x_defaultisr.obj (.text:EPWM16_ISR)
                  0000d72d    0000000a     f2838x_defaultisr.obj (.text:EPWM16_TZ_ISR)
                  0000d737    0000000a     f2838x_defaultisr.obj (.text:EPWM1_ISR)
                  0000d741    0000000a     f2838x_defaultisr.obj (.text:EPWM1_TZ_ISR)
                  0000d74b    0000000a     f2838x_defaultisr.obj (.text:EPWM2_ISR)
                  0000d755    0000000a     f2838x_defaultisr.obj (.text:EPWM2_TZ_ISR)
                  0000d75f    0000000a     f2838x_defaultisr.obj (.text:EPWM3_ISR)
                  0000d769    0000000a     f2838x_defaultisr.obj (.text:EPWM3_TZ_ISR)
                  0000d773    0000000a     f2838x_defaultisr.obj (.text:EPWM4_ISR)
                  0000d77d    0000000a     f2838x_defaultisr.obj (.text:EPWM4_TZ_ISR)
                  0000d787    0000000a     f2838x_defaultisr.obj (.text:EPWM5_ISR)
                  0000d791    0000000a     f2838x_defaultisr.obj (.text:EPWM5_TZ_ISR)
                  0000d79b    0000000a     f2838x_defaultisr.obj (.text:EPWM6_ISR)
                  0000d7a5    0000000a     f2838x_defaultisr.obj (.text:EPWM6_TZ_ISR)
                  0000d7af    0000000a     f2838x_defaultisr.obj (.text:EPWM7_ISR)
                  0000d7b9    0000000a     f2838x_defaultisr.obj (.text:EPWM7_TZ_ISR)
                  0000d7c3    0000000a     f2838x_defaultisr.obj (.text:EPWM8_ISR)
                  0000d7cd    0000000a     f2838x_defaultisr.obj (.text:EPWM8_TZ_ISR)
                  0000d7d7    0000000a     f2838x_defaultisr.obj (.text:EPWM9_ISR)
                  0000d7e1    0000000a     f2838x_defaultisr.obj (.text:EPWM9_TZ_ISR)
                  0000d7eb    0000000a     f2838x_defaultisr.obj (.text:EQEP1_ISR)
                  0000d7f5    0000000a     f2838x_defaultisr.obj (.text:EQEP2_ISR)
                  0000d7ff    0000000a     f2838x_defaultisr.obj (.text:EQEP3_ISR)
                  0000d809    0000000a     f2838x_defaultisr.obj (.text:FMC_ISR)
                  0000d813    0000000a     f2838x_defaultisr.obj (.text:FPU_OFLOW_ISR)
                  0000d81d    0000000a     f2838x_defaultisr.obj (.text:FPU_UFLOW_ISR)
                  0000d827    0000000a     f2838x_defaultisr.obj (.text:FSIRXA1_ISR)
                  0000d831    0000000a     f2838x_defaultisr.obj (.text:FSIRXA2_ISR)
                  0000d83b    0000000a     f2838x_defaultisr.obj (.text:FSIRXB1_ISR)
                  0000d845    0000000a     f2838x_defaultisr.obj (.text:FSIRXB2_ISR)
                  0000d84f    0000000a     f2838x_defaultisr.obj (.text:FSIRXC1_ISR)
                  0000d859    0000000a     f2838x_defaultisr.obj (.text:FSIRXC2_ISR)
                  0000d863    0000000a     f2838x_defaultisr.obj (.text:FSIRXD1_ISR)
                  0000d86d    0000000a     f2838x_defaultisr.obj (.text:FSIRXD2_ISR)
                  0000d877    0000000a     f2838x_defaultisr.obj (.text:FSIRXE1_ISR)
                  0000d881    0000000a     f2838x_defaultisr.obj (.text:FSIRXE2_ISR)
                  0000d88b    0000000a     f2838x_defaultisr.obj (.text:FSIRXF1_ISR)
                  0000d895    0000000a     f2838x_defaultisr.obj (.text:FSIRXF2_ISR)
                  0000d89f    0000000a     f2838x_defaultisr.obj (.text:FSIRXG1_ISR)
                  0000d8a9    0000000a     f2838x_defaultisr.obj (.text:FSIRXG2_ISR)
                  0000d8b3    0000000a     f2838x_defaultisr.obj (.text:FSIRXH1_ISR)
                  0000d8bd    0000000a     f2838x_defaultisr.obj (.text:FSIRXH2_ISR)
                  0000d8c7    0000000a     f2838x_defaultisr.obj (.text:FSITXA1_ISR)
                  0000d8d1    0000000a     f2838x_defaultisr.obj (.text:FSITXA2_ISR)
                  0000d8db    0000000a     f2838x_defaultisr.obj (.text:FSITXB1_ISR)
                  0000d8e5    0000000a     f2838x_defaultisr.obj (.text:FSITXB2_ISR)
                  0000d8ef    0000000a     f2838x_defaultisr.obj (.text:I2CA_FIFO_ISR)
                  0000d8f9    0000000a     f2838x_defaultisr.obj (.text:I2CA_HIGH_ISR)
                  0000d903    0000000a     f2838x_defaultisr.obj (.text:I2CA_ISR)
                  0000d90d    0000000a     f2838x_defaultisr.obj (.text:I2CB_FIFO_ISR)
                  0000d917    0000000a     f2838x_defaultisr.obj (.text:I2CB_ISR)
                  0000d921    0000000a     f2838x_defaultisr.obj (.text:ILLEGAL_ISR)
                  0000d92b    0000000a     interrupt.obj (.text:Interrupt_illegalOperationHandler)
                  0000d935    0000000a     interrupt.obj (.text:Interrupt_nmiHandler)
                  0000d93f    0000000a     f2838x_defaultisr.obj (.text:MCANA_0_ISR)
                  0000d949    0000000a     f2838x_defaultisr.obj (.text:MCANA_1_ISR)
                  0000d953    0000000a     f2838x_defaultisr.obj (.text:MCANA_ECC_ISR)
                  0000d95d    0000000a     f2838x_defaultisr.obj (.text:MCANA_WAKE_ISR)
                  0000d967    0000000a     f2838x_defaultisr.obj (.text:MCBSPA_RX_ISR)
                  0000d971    0000000a     f2838x_defaultisr.obj (.text:MCBSPA_TX_ISR)
                  0000d97b    0000000a     f2838x_defaultisr.obj (.text:MCBSPB_RX_ISR)
                  0000d985    0000000a     f2838x_defaultisr.obj (.text:MCBSPB_TX_ISR)
                  0000d98f    0000000a     f2838x_defaultisr.obj (.text:MPOST_ISR)
                  0000d999    0000000a     f2838x_defaultisr.obj (.text:NMI_ISR)
                  0000d9a3    0000000a     f2838x_defaultisr.obj (.text:NOTUSED_ISR)
                  0000d9ad    0000000a     f2838x_defaultisr.obj (.text:PIE_RESERVED_ISR)
                  0000d9b7    0000000a     f2838x_defaultisr.obj (.text:PMBUSA_ISR)
                  0000d9c1    0000000a     f2838x_defaultisr.obj (.text:RTOS_ISR)
                  0000d9cb    0000000a     f2838x_defaultisr.obj (.text:SCIA_RX_ISR)
                  0000d9d5    0000000a     f2838x_defaultisr.obj (.text:SCIA_TX_ISR)
                  0000d9df    0000000a     f2838x_defaultisr.obj (.text:SCIB_RX_ISR)
                  0000d9e9    0000000a     f2838x_defaultisr.obj (.text:SCIB_TX_ISR)
                  0000d9f3    0000000a     f2838x_defaultisr.obj (.text:SCIC_RX_ISR)
                  0000d9fd    0000000a     f2838x_defaultisr.obj (.text:SCIC_TX_ISR)
                  0000da07    0000000a     f2838x_defaultisr.obj (.text:SCID_RX_ISR)
                  0000da11    0000000a     f2838x_defaultisr.obj (.text:SCID_TX_ISR)
                  0000da1b    0000000a     f2838x_defaultisr.obj (.text:SDFM1DR1_ISR)
                  0000da25    0000000a     f2838x_defaultisr.obj (.text:SDFM1DR2_ISR)
                  0000da2f    0000000a     f2838x_defaultisr.obj (.text:SDFM1DR3_ISR)
                  0000da39    0000000a     f2838x_defaultisr.obj (.text:SDFM1DR4_ISR)
                  0000da43    0000000a     f2838x_defaultisr.obj (.text:SDFM1_ISR)
                  0000da4d    0000000a     f2838x_defaultisr.obj (.text:SDFM2DR1_ISR)
                  0000da57    0000000a     f2838x_defaultisr.obj (.text:SDFM2DR2_ISR)
                  0000da61    0000000a     f2838x_defaultisr.obj (.text:SDFM2DR3_ISR)
                  0000da6b    0000000a     f2838x_defaultisr.obj (.text:SDFM2DR4_ISR)
                  0000da75    0000000a     f2838x_defaultisr.obj (.text:SDFM2_ISR)
                  0000da7f    0000000a     f2838x_defaultisr.obj (.text:SPIA_RX_ISR)
                  0000da89    0000000a     f2838x_defaultisr.obj (.text:SPIA_TX_ISR)
                  0000da93    0000000a     f2838x_defaultisr.obj (.text:SPIB_RX_ISR)
                  0000da9d    0000000a     f2838x_defaultisr.obj (.text:SPIB_TX_ISR)
                  0000daa7    0000000a     f2838x_defaultisr.obj (.text:SPIC_RX_ISR)
                  0000dab1    0000000a     f2838x_defaultisr.obj (.text:SPIC_TX_ISR)
                  0000dabb    0000000a     f2838x_defaultisr.obj (.text:SPID_RX_ISR)
                  0000dac5    0000000a     f2838x_defaultisr.obj (.text:SPID_TX_ISR)
                  0000dacf    0000000a     f2838x_defaultisr.obj (.text:SYS_ERR_ISR)
                  0000dad9    0000000a     f2838x_defaultisr.obj (.text:TIMER0_ISR)
                  0000dae3    0000000a     f2838x_defaultisr.obj (.text:TIMER1_ISR)
                  0000daed    0000000a     f2838x_defaultisr.obj (.text:TIMER2_ISR)
                  0000daf7    0000000a     f2838x_defaultisr.obj (.text:USBA_ISR)
                  0000db01    0000000a     f2838x_defaultisr.obj (.text:USER10_ISR)
                  0000db0b    0000000a     f2838x_defaultisr.obj (.text:USER11_ISR)
                  0000db15    0000000a     f2838x_defaultisr.obj (.text:USER12_ISR)
                  0000db1f    0000000a     f2838x_defaultisr.obj (.text:USER1_ISR)
                  0000db29    0000000a     f2838x_defaultisr.obj (.text:USER2_ISR)
                  0000db33    0000000a     f2838x_defaultisr.obj (.text:USER3_ISR)
                  0000db3d    0000000a     f2838x_defaultisr.obj (.text:USER4_ISR)
                  0000db47    0000000a     f2838x_defaultisr.obj (.text:USER5_ISR)
                  0000db51    0000000a     f2838x_defaultisr.obj (.text:USER6_ISR)
                  0000db5b    0000000a     f2838x_defaultisr.obj (.text:USER7_ISR)
                  0000db65    0000000a     f2838x_defaultisr.obj (.text:USER8_ISR)
                  0000db6f    0000000a     f2838x_defaultisr.obj (.text:USER9_ISR)
                  0000db79    0000000a     f2838x_defaultisr.obj (.text:WAKE_ISR)
                  0000db83    0000000a     f2838x_defaultisr.obj (.text:XINT1_ISR)
                  0000db8d    0000000a     f2838x_defaultisr.obj (.text:XINT2_ISR)
                  0000db97    0000000a     f2838x_defaultisr.obj (.text:XINT3_ISR)
                  0000dba1    0000000a     f2838x_defaultisr.obj (.text:XINT4_ISR)
                  0000dbab    0000000a     f2838x_defaultisr.obj (.text:XINT5_ISR)
                  0000dbb5    00000009     csu_Control.obj (.text:Control_SystemOperation)
                  0000dbbe    00000009     hal_Led.obj (.text:Led_TogglePin)
                  0000dbc7    00000009     csu_MotorDriver.obj (.text:MotorDriver_ClearFaults)
                  0000dbd0    00000009     hal_DspInit.obj (.text:initSystemCommunications)
                  0000dbd9    00000009     rts2800_fpu64_eabi.lib : _lock.c.obj (.text)
                  0000dbe2    00000009     socket.obj (.text:sendto_W5x00)
                  0000dbeb    00000008     rts2800_fpu64_eabi.lib : copy_decompress_none.c.obj (.text:decompress:none)
                  0000dbf3    00000008     f2838x_codestartbranch.obj (.text)
                  0000dbfb    00000007     hal_Sci.obj (.text:Initial_SCI)
                  0000dc02    00000007     hal_Spi.obj (.text:Initial_SPI)
                  0000dc09    00000007     hal_Spi.obj (.text:Spid_CsHigh)
                  0000dc10    00000007     hal_Spi.obj (.text:Spid_CsLow)
                  0000dc17    00000007     hal_Sci.obj (.text:initScia_SCI_PC)
                  0000dc1e    00000006     hal_Fram.obj (.text:Fram_Init)
                  0000dc24    00000006     hal_Spi.obj (.text:cs_desel)
                  0000dc2a    00000006     hal_Spi.obj (.text:cs_sel)
                  0000dc30    00000005     hal_DspInit.obj (.text:initSystemAnalogAdc)
                  0000dc35    00000004     main.obj (.text:cycle_1ms)
                  0000dc39    00000003     device.obj (.text:__error__)
                  0000dc3c    00000003     main.obj (.text:cycle_100ms)
                  0000dc3f    00000003     main.obj (.text:cycle_10ms)
                  0000dc42    00000003     hal_DspInit.obj (.text:initSystemUserInterface)
                  0000dc45    00000003     wizchip_conf.obj (.text:wizchip_bus_readdata)
                  0000dc48    00000003     wizchip_conf.obj (.text:wizchip_bus_writedata)
                  0000dc4b    00000002     rts2800_fpu64_eabi.lib : pre_init.c.obj (.text)
                  0000dc4d    00000002     wizchip_conf.obj (.text:wizchip_spi_readbyte)
                  0000dc4f    00000001     rts2800_fpu64_eabi.lib : startup.c.obj (.text)
                  0000dc50    00000001     wizchip_conf.obj (.text:wizchip_cris_enter)
                  0000dc51    00000001     wizchip_conf.obj (.text:wizchip_cris_exit)
                  0000dc52    00000001     wizchip_conf.obj (.text:wizchip_cs_deselect)
                  0000dc53    00000001     wizchip_conf.obj (.text:wizchip_cs_select)
                  0000dc54    00000001     wizchip_conf.obj (.text:wizchip_spi_writebyte)

MODULE SUMMARY

       Module                          code    ro data   rw data
       ------                          ----    -------   -------
    .\
       main.obj                        66      0         0      
    +--+-------------------------------+-------+---------+---------+
       Total:                          66      0         0      
                                                                
    .\CSU\
       csu_Control.obj                 482     0         8      
       csu_MotorCtrl.obj               309     0         74     
       csu_Bit.obj                     325     0         22     
       csu_Encoder.obj                 273     0         24     
       csu_Adc.obj                     228     0         16     
       csu_Dio.obj                     143     0         20     
       csu_PID.obj                     163     0         0      
       csu_SciPc.obj                   152     0         3      
       csu_Led.obj                     104     0         3      
       csu_MotorDriver.obj             20      0         1      
    +--+-------------------------------+-------+---------+---------+
       Total:                          2199    0         171    
                                                                
    .\HAL\
       easy28x_driverlib_v12.2.obj     1480    88        38     
       socket.obj                      995     0         19     
       hal_Sci.obj                     508     0         266    
       w6100.obj                       550     0         0      
       wizchip_conf.obj                457     0         47     
       hal_Timer.obj                   395     93        6      
       hal_DspInit.obj                 450     0         0      
       hal_Ethernet.obj                233     120       0      
       hal_Spi.obj                     325     0         0      
       hal_Encoder.obj                 201     0         0      
       hal_MotorDriver.obj             201     0         0      
       hal_Epwm.obj                    155     0         0      
       hal_Adc.obj                     144     0         6      
       hal_Fram.obj                    93      0         0      
       hal_Led.obj                     48      0         0      
    +--+-------------------------------+-------+---------+---------+
       Total:                          6235    301       382    
                                                                
    .\SDK\common\source\
       f2838x_defaultisr.obj           2063    0         0      
       device.obj                      602     0         0      
       f2838x_pievect.obj              0       448       0      
       f2838x_codestartbranch.obj      10      0         0      
       f2838x_usdelay.obj              4       0         0      
    +--+-------------------------------+-------+---------+---------+
       Total:                          2679    448       0      
                                                                
    .\SDK\driverlib\
       sysctl.obj                      1759    49        0      
       ipc.obj                         62      159       544    
       dcc.obj                         696     47        0      
       sci.obj                         633     47        0      
       interrupt.obj                   395     29        0      
       gpio.obj                        321     48        0      
       adc.obj                         241     23        0      
       spi.obj                         191     47        0      
       cputimer.obj                    32      28        0      
    +--+-------------------------------+-------+---------+---------+
       Total:                          4330    477       544    
                                                                
    .\SDK\headers\source\
       f2838x_globalvariabledefs.obj   0       0         448    
    +--+-------------------------------+-------+---------+---------+
       Total:                          0       0         448    
                                                                
    C:\ti\ccs2051\ccs\tools\compiler\ti-cgt-c2000_25.11.0.LTS\lib\rts2800_fpu64_eabi.lib
       fs_div28.asm.obj                136     0         0      
       exit.c.obj                      41      0         6      
       copy_decompress_lzss.c.obj      46      0         0      
       autoinit.c.obj                  43      0         0      
       memcpy.c.obj                    32      0         0      
       ll_cmp28.asm.obj                30      0         0      
       boot28.asm.obj                  25      0         0      
       ll_aox28.asm.obj                24      0         0      
       args_main.c.obj                 18      0         0      
       _lock.c.obj                     9       0         4      
       copy_zero_init.c.obj            13      0         0      
       copy_decompress_none.c.obj      8       0         0      
       pre_init.c.obj                  2       0         0      
       startup.c.obj                   1       0         0      
    +--+-------------------------------+-------+---------+---------+
       Total:                          428     0         10     
                                                                
       Stack:                          0       0         256    
       Linker Generated:               0       67        0      
    +--+-------------------------------+-------+---------+---------+
       Grand Total:                    15937   1293      1811   


LINKER GENERATED COPY TABLES

__TI_cinit_table @ 000001ea records: 3, size/record: 4, table size: 12
	.data: load addr=000001b2, load size=00000029 bytes, run addr=0000a800, run size=00000078 bytes, compression=lzss
	.bss: load addr=000001e2, load size=00000004 bytes, run addr=0000ad50, run size=000001bc bytes, compression=zero_init
	PieVectTableFile: load addr=000001e6, load size=00000004 bytes, run addr=00000d00, run size=000001c0 bytes, compression=zero_init


LINKER GENERATED HANDLER TABLE

__TI_handler_table @ 000001dc records: 3, size/record: 2, table size: 6
	index: 0, handler: __TI_zero_init
	index: 1, handler: __TI_decompress_lzss
	index: 2, handler: __TI_decompress_none


GLOBAL DATA SYMBOLS: SORTED BY DATA PAGE

address     data page           name
--------    ----------------    ----
00000400      10 (00000400)     __stack

00000d00      34 (00000d00)     PieVectTable

0000a800     2a0 (0000a800)     ezDSP_Version_SCI
0000a801     2a0 (0000a800)     ezDSP_uRead16BPossible
0000a802     2a0 (0000a800)     ezDSP_uRead8BPossible
0000a803     2a0 (0000a800)     ezDSP_b32bitAddress
0000a804     2a0 (0000a800)     ezDSP_uCPU
0000a805     2a0 (0000a800)     ezDSP_uOnChipFlash
0000a806     2a0 (0000a800)     ezDSP_uBRKDTCount
0000a807     2a0 (0000a800)     ezDSP_uFECount
0000a808     2a0 (0000a800)     ezDSP_uOECount
0000a809     2a0 (0000a800)     ezDSP_uPECount
0000a80a     2a0 (0000a800)     ezDSP_uWrongISRCount
0000a80b     2a0 (0000a800)     ezDSP_ucRx
0000a80c     2a0 (0000a800)     ezDSP_uState
0000a80d     2a0 (0000a800)     ezDSP_uData
0000a80e     2a0 (0000a800)     ezDSP_uChksum
0000a80f     2a0 (0000a800)     ezDSP_uAddrRdCnt
0000a810     2a0 (0000a800)     ezDSP_uDataRdCnt
0000a811     2a0 (0000a800)     ezDSP_uBlockSize
0000a812     2a0 (0000a800)     ezDSP_uBlockIndex
0000a813     2a0 (0000a800)     ezDSP_uChkSumCalculated
0000a814     2a0 (0000a800)     ezDSP_uCommand
0000a815     2a0 (0000a800)     ezDSP_uISRRxCount
0000a816     2a0 (0000a800)     ezDSP_uISRTxCount
0000a817     2a0 (0000a800)     ezDSP_uRxFifoCnt
0000a818     2a0 (0000a800)     ezDSP_uMaxRxFifoCnt
0000a819     2a0 (0000a800)     ezDSP_uTxFifoCnt
0000a81a     2a0 (0000a800)     ezDSP_uMaxTxFifoCnt
0000a81b     2a0 (0000a800)     ezDSP_uTxFifoFullCnt
0000a81c     2a0 (0000a800)     SCIx_BASE
0000a81e     2a0 (0000a800)     ezDSP_ulData
0000a820     2a0 (0000a800)     ezDSP_ulAddr
0000a822     2a0 (0000a800)     ezDSP_ullData
0000a826     2a0 (0000a800)     WIZCHIP

0000a854     2a1 (0000a840)     sock_pack_info
0000a86a     2a1 (0000a840)     __TI_enable_exit_profile_output
0000a86c     2a1 (0000a840)     __TI_cleanup_ptr
0000a86e     2a1 (0000a840)     __TI_dtors_ptr
0000a874     2a1 (0000a840)     _lock
0000a876     2a1 (0000a840)     _unlock

0000a880     2a2 (0000a880)     PieVectTableInit

0000aa40     2a9 (0000aa40)     IPC_Instance

0000ad50     2b5 (0000ad40)     xEncoder
0000ad78     2b5 (0000ad40)     xSysCtrl

0000adc0     2b7 (0000adc0)     xQueSCI_PC

0000ae8a     2ba (0000ae80)     xAdc
0000ae9a     2ba (0000ae80)     xBit
0000aeaa     2ba (0000ae80)     xDio
0000aeb4     2ba (0000ae80)     adcRawData
0000aeba     2ba (0000ae80)     xTimer

0000aec0     2bb (0000aec0)     xMotorCtrl
0000aeca     2bb (0000aec0)     currPid
0000aedc     2bb (0000aec0)     speedPid
0000aeee     2bb (0000aec0)     posPid

0000af04     2bc (0000af00)     xLed
0000af07     2bc (0000af00)     xRcvSciPcMsg1
0000af08     2bc (0000af00)     xXmtSciPcMsg1
0000af0a     2bc (0000af00)     xMotorDriver

00038000     e00 (00038000)     IPC_CPU_To_CM_GetBuffer

00039000     e40 (00039000)     IPC_CPU_To_CM_PutBuffer

0003a000     e80 (0003a000)     IPC_CPU1_To_CPU2_PutBuffer

0003b000     ec0 (0003b000)     IPC_CPU1_To_CPU2_GetBuffer


GLOBAL SYMBOLS: SORTED ALPHABETICALLY BY Name 

page  address   name                                     
----  -------   ----                                     
0     0000d39f  ADCA1_ISR                                
0     0000d3a9  ADCA2_ISR                                
0     0000d3b3  ADCA3_ISR                                
0     0000d3bd  ADCA4_ISR                                
0     0000d3c7  ADCA_EVT_ISR                             
0     0000d3d1  ADCB1_ISR                                
0     0000d3db  ADCB2_ISR                                
0     0000d3e5  ADCB3_ISR                                
0     0000d3ef  ADCB4_ISR                                
0     0000d3f9  ADCB_EVT_ISR                             
0     0000d403  ADCC1_ISR                                
0     0000d40d  ADCC2_ISR                                
0     0000d417  ADCC3_ISR                                
0     0000d421  ADCC4_ISR                                
0     0000d42b  ADCC_EVT_ISR                             
0     0000d435  ADCD1_ISR                                
0     0000d43f  ADCD2_ISR                                
0     0000d449  ADCD3_ISR                                
0     0000d453  ADCD4_ISR                                
0     0000d45d  ADCD_EVT_ISR                             
0     0000919a  ADC_setINLTrim                           
0     000097c5  ADC_setMode                              
0     0000940d  ADC_setOffsetTrim                        
0     0000d12c  Bit_Encoder_Check                        
0     0000d1b3  Bit_FaultReset                           
0     0000d324  Bit_GateFault_Check                      
0     0000cffc  Bit_Init                                 
0     00009c04  Bit_MotorOverSpeed_Check                 
0     00008fcf  Bit_MotorStall_Check                     
0     0000cfb7  Bit_OvCurrent_Check                      
0     00009f30  Bit_OvTemperature_Check                  
0     00009681  Bit_OvVoltage_Check                      
0     0000d2cb  Bit_RunCBIT                              
0     0000d2da  Bit_RunPBIT                              
0     00009e49  C$$EXIT                                  
0     0000d467  CANA0_ISR                                
0     0000d471  CANA1_ISR                                
0     0000d47b  CANB0_ISR                                
0     0000d485  CANB1_ISR                                
0     0000d48f  CIPC0_ISR                                
0     0000d499  CIPC1_ISR                                
0     0000d4a3  CIPC2_ISR                                
0     0000d4ad  CIPC3_ISR                                
0     0000d4b7  CLA1CRC_ISR                              
0     0000d4c1  CLA1_1_ISR                               
0     0000d4cb  CLA1_2_ISR                               
0     0000d4d5  CLA1_3_ISR                               
0     0000d4df  CLA1_4_ISR                               
0     0000d4e9  CLA1_5_ISR                               
0     0000d4f3  CLA1_6_ISR                               
0     0000d4fd  CLA1_7_ISR                               
0     0000d507  CLA1_8_ISR                               
0     0000d511  CLA_OVERFLOW_ISR                         
0     0000d51b  CLA_UNDERFLOW_ISR                        
0     0000d525  CLB1_ISR                                 
0     0000d52f  CLB2_ISR                                 
0     0000d539  CLB3_ISR                                 
0     0000d543  CLB4_ISR                                 
0     0000d54d  CLB5_ISR                                 
0     0000d557  CLB6_ISR                                 
0     0000d561  CLB7_ISR                                 
0     0000d56b  CLB8_ISR                                 
0     0000d575  CMTOCPUXIPC0_ISR                         
0     0000d57f  CMTOCPUXIPC1_ISR                         
0     0000d589  CMTOCPUXIPC2_ISR                         
0     0000d593  CMTOCPUXIPC3_ISR                         
0     0000d59d  CMTOCPUXIPC4_ISR                         
0     0000d5a7  CMTOCPUXIPC5_ISR                         
0     0000d5b1  CMTOCPUXIPC6_ISR                         
0     0000d5bb  CMTOCPUXIPC7_ISR                         
0     0000d5c5  CM_STATUS_ISR                            
0     0000d5cf  CPUCRC_ISR                               
0     00009fd8  CPUTimer_setEmulationMode                
0     000081fb  CalcAdcData                              
0     0000d25b  Control_Init                             
0     00009b70  Control_SaveOffsetToFram                 
0     0000dbb5  Control_SystemOperation                  
0     0000d5d9  DATALOG_ISR                              
0     0000c3ab  DCC_verifyClockFrequency                 
0     0000d5e3  DMA_CH1_ISR                              
0     0000d5ed  DMA_CH2_ISR                              
0     0000d5f7  DMA_CH3_ISR                              
0     0000d601  DMA_CH4_ISR                              
0     0000d60b  DMA_CH5_ISR                              
0     0000d615  DMA_CH6_ISR                              
0     0000cc05  Device_enableAllPeripherals              
0     0000d389  Device_enableUnbondedGPIOPullups         
0     0000d1db  Device_enableUnbondedGPIOPullupsFor176Pin
0     00008c2b  Device_init                              
0     00009ee8  Device_initGPIO                          
0     0000d05b  Device_verifyXTAL                        
0     0000d143  Dio_Init                                 
0     0000a117  Dio_UpdateInput                          
0     0000d61f  ECAP1_ISR                                
0     0000d629  ECAP2_ISR                                
0     0000d633  ECAP3_ISR                                
0     0000d63d  ECAP4_ISR                                
0     0000d647  ECAP5_ISR                                
0     0000d651  ECAP6_2_ISR                              
0     0000d65b  ECAP6_ISR                                
0     0000d665  ECAP7_2_ISR                              
0     0000d66f  ECAP7_ISR                                
0     0000d679  ECATRST_ISR                              
0     0000d683  ECATSYNC0_ISR                            
0     0000d68d  ECATSYNC1_ISR                            
0     0000d697  ECAT_ISR                                 
0     0000d331  EMPTY_ISR                                
0     0000d6a1  EMU_ISR                                  
0     0000d6ab  EPWM10_ISR                               
0     0000d6b5  EPWM10_TZ_ISR                            
0     0000d6bf  EPWM11_ISR                               
0     0000d6c9  EPWM11_TZ_ISR                            
0     0000d6d3  EPWM12_ISR                               
0     0000d6dd  EPWM12_TZ_ISR                            
0     0000d6e7  EPWM13_ISR                               
0     0000d6f1  EPWM13_TZ_ISR                            
0     0000d6fb  EPWM14_ISR                               
0     0000d705  EPWM14_TZ_ISR                            
0     0000d70f  EPWM15_ISR                               
0     0000d719  EPWM15_TZ_ISR                            
0     0000d723  EPWM16_ISR                               
0     0000d72d  EPWM16_TZ_ISR                            
0     0000d737  EPWM1_ISR                                
0     0000d741  EPWM1_TZ_ISR                             
0     0000d74b  EPWM2_ISR                                
0     0000d755  EPWM2_TZ_ISR                             
0     0000d75f  EPWM3_ISR                                
0     0000d769  EPWM3_TZ_ISR                             
0     0000d773  EPWM4_ISR                                
0     0000d77d  EPWM4_TZ_ISR                             
0     0000d787  EPWM5_ISR                                
0     0000d791  EPWM5_TZ_ISR                             
0     0000d79b  EPWM6_ISR                                
0     0000d7a5  EPWM6_TZ_ISR                             
0     0000d7af  EPWM7_ISR                                
0     0000d7b9  EPWM7_TZ_ISR                             
0     0000d7c3  EPWM8_ISR                                
0     0000d7cd  EPWM8_TZ_ISR                             
0     0000d7d7  EPWM9_ISR                                
0     0000d7e1  EPWM9_TZ_ISR                             
0     0000d7eb  EQEP1_ISR                                
0     0000d7f5  EQEP2_ISR                                
0     0000d7ff  EQEP3_ISR                                
0     0000d077  Encoder_Init                             
0     00009138  Encoder_Init_Hardware                    
0     00009e20  Encoder_LoadOffset                       
0     0000906a  Encoder_ReadSpiData                      
0     00008417  Encoder_UpdatePosition                   
0     00009f75  Epwm_SetMotorDuty_1x                     
0     0000d0ae  Ethernet_Init                            
0     000092b3  Ethernet_Process                         
0     0000a1e2  F28x_usDelay                             
0     0000d809  FMC_ISR                                  
0     0000d813  FPU_OFLOW_ISR                            
0     0000d81d  FPU_UFLOW_ISR                            
0     0000d827  FSIRXA1_ISR                              
0     0000d831  FSIRXA2_ISR                              
0     0000d83b  FSIRXB1_ISR                              
0     0000d845  FSIRXB2_ISR                              
0     0000d84f  FSIRXC1_ISR                              
0     0000d859  FSIRXC2_ISR                              
0     0000d863  FSIRXD1_ISR                              
0     0000d86d  FSIRXD2_ISR                              
0     0000d877  FSIRXE1_ISR                              
0     0000d881  FSIRXE2_ISR                              
0     0000d88b  FSIRXF1_ISR                              
0     0000d895  FSIRXF2_ISR                              
0     0000d89f  FSIRXG1_ISR                              
0     0000d8a9  FSIRXG2_ISR                              
0     0000d8b3  FSIRXH1_ISR                              
0     0000d8bd  FSIRXH2_ISR                              
0     0000d8c7  FSITXA1_ISR                              
0     0000d8d1  FSITXA2_ISR                              
0     0000d8db  FSITXB1_ISR                              
0     0000d8e5  FSITXB2_ISR                              
0     0000dc1e  Fram_Init                                
0     0000d093  Fram_ReadByte                            
0     00009ec2  Fram_WriteByte                           
0     00009c33  GPIO_setControllerCore                   
0     00009d1d  GPIO_setDirectionMode                    
0     000099b5  GPIO_setInterruptPin                     
0     00009551  GPIO_setPadConfig                        
0     00009bd4  GPIO_setPinConfig                        
0     00009c62  GPIO_setQualificationMode                
0     0000d8ef  I2CA_FIFO_ISR                            
0     0000d8f9  I2CA_HIGH_ISR                            
0     0000d903  I2CA_ISR                                 
0     0000d90d  I2CB_FIFO_ISR                            
0     0000d917  I2CB_ISR                                 
0     0000d921  ILLEGAL_ISR                              
0     0003b000  IPC_CPU1_To_CPU2_GetBuffer               
0     0003a000  IPC_CPU1_To_CPU2_PutBuffer               
0     00038000  IPC_CPU_To_CM_GetBuffer                  
0     00039000  IPC_CPU_To_CM_PutBuffer                  
0     0000aa40  IPC_Instance                             
0     000098fd  IPC_unregisterInterrupt                  
0     00008699  InitAdcModules                           
0     00008699  InitialAdc                               
0     00009e9b  Initial_Adc                              
0     00008bb1  Initial_EpwmTimer                        
0     0000d33e  Initial_Led                              
0     0000dbfb  Initial_SCI                              
0     0000dc02  Initial_SPI                              
0     000090d1  Initial_TIMER                            
0     00009ad0  Initial_W6100                            
0     0000d365  Interrupt_defaultHandler                 
0     0000930b  Interrupt_disable                        
0     000096c2  Interrupt_enable                         
0     0000d92b  Interrupt_illegalOperationHandler        
0     00009703  Interrupt_initModule                     
0     0000d0c8  Interrupt_initVectorTable                
0     0000d935  Interrupt_nmiHandler                     
0     0000d15a  Led_InitGpio                             
0     0000dbbe  Led_TogglePin                            
0     0000d26b  Led_WritePin                             
0     0000d93f  MCANA_0_ISR                              
0     0000d949  MCANA_1_ISR                              
0     0000d953  MCANA_ECC_ISR                            
0     0000d95d  MCANA_WAKE_ISR                           
0     0000d967  MCBSPA_RX_ISR                            
0     0000d971  MCBSPA_TX_ISR                            
[...]
0     0000a80e  ezDSP_uChksum                            
0     0000a80f  ezDSP_uAddrRdCnt                         
0     0000a810  ezDSP_uDataRdCnt                         
0     0000a811  ezDSP_uBlockSize                         
0     0000a812  ezDSP_uBlockIndex                        
0     0000a813  ezDSP_uChkSumCalculated                  
0     0000a814  ezDSP_uCommand                           
0     0000a815  ezDSP_uISRRxCount                        
0     0000a816  ezDSP_uISRTxCount                        
0     0000a817  ezDSP_uRxFifoCnt                         
0     0000a818  ezDSP_uMaxRxFifoCnt                      
0     0000a819  ezDSP_uTxFifoCnt                         
0     0000a81a  ezDSP_uMaxTxFifoCnt                      
0     0000a81b  ezDSP_uTxFifoFullCnt                     
0     0000a81c  SCIx_BASE                                
0     0000a81e  ezDSP_ulData                             
0     0000a820  ezDSP_ulAddr                             
0     0000a822  ezDSP_ullData                            
0     0000a826  WIZCHIP                                  
0     0000a854  sock_pack_info                           
0     0000a86a  __TI_enable_exit_profile_output          
0     0000a86c  __TI_cleanup_ptr                         
0     0000a86e  __TI_dtors_ptr                           
0     0000a874  _lock                                    
0     0000a876  _unlock                                  
0     0000a880  PieVectTableInit                         
0     0000aa40  IPC_Instance                             
0     0000ad50  xEncoder                                 
0     0000ad78  xSysCtrl                                 
0     0000adc0  xQueSCI_PC                               
0     0000ae8a  xAdc                                     
0     0000ae9a  xBit                                     
0     0000aeaa  xDio                                     
0     0000aeb4  adcRawData                               
0     0000aeba  xTimer                                   
0     0000aec0  xMotorCtrl                               
0     0000aeca  currPid                                  
0     0000aedc  speedPid                                 
0     0000aeee  posPid                                   
0     0000af04  xLed                                     
0     0000af07  xRcvSciPcMsg1                            
0     0000af08  xXmtSciPcMsg1                            
0     0000af0a  xMotorDriver                             
0     0000c000  easy_RXINT_ISR                           
0     0000c3ab  DCC_verifyClockFrequency                 
0     0000c663  recvfrom_W6x00                           
0     0000c800  SysCtl_isPLLValid                        
0     0000ca5d  easyDSP_SCI_Init                         
0     0000cc05  Device_enableAllPeripherals              
0     0000cd6c  SysCtl_setClock                          
0     0000ce9a  socket                                   
0     0000cfb7  Bit_OvCurrent_Check                      
0     0000cffc  Bit_Init                                 
0     0000d000  memcpy                                   
0     0000d020  __c28xabi_cmpll                          
0     0000d032  __c28xabi_cmpull                         
0     0000d03e  MotorCtrl_SetOutput                      
0     0000d05b  Device_verifyXTAL                        
0     0000d077  Encoder_Init                             
0     0000d093  Fram_ReadByte                            
0     0000d0ae  Ethernet_Init                            
0     0000d0c8  Interrupt_initVectorTable                
0     0000d0e2  recvSciPcMessage                         
0     0000d0fb  _c_int00                                 
0     0000d114  __c28xabi_andll                          
0     0000d11c  __c28xabi_orll                           
0     0000d124  __c28xabi_xorll                          
0     0000d12c  Bit_Encoder_Check                        
0     0000d143  Dio_Init                                 
0     0000d15a  Led_InitGpio                             
0     0000d171  wizchip_spi_writeburst                   
0     0000d188  isr_CpuTimer1                            
0     0000d19e  isr_CpuTimer2                            
0     0000d1b3  Bit_FaultReset                           
0     0000d1c7  wizchip_spi_readburst                    
0     0000d1db  Device_enableUnbondedGPIOPullupsFor176Pin
0     0000d201  MotorDriver_ReadReg                      
0     0000d214  MotorDriver_WriteReg                     
0     0000d226  reg_wizchip_cs_cbfunc                    
0     0000d238  _args_main                               
0     0000d24a  setLedModeToggle                         
0     0000d25b  Control_Init                             
0     0000d26b  Led_WritePin                             
0     0000d27b  Spid_Transmit                            
0     0000d28b  System_Initialization                    
0     0000d29b  isr_CpuTimer0                            
0     0000d2bb  xmtScia_SCI_PC                           
0     0000d2cb  Bit_RunCBIT                              
0     0000d2da  Bit_RunPBIT                              
0     0000d2f8  spi_read_byte                            
0     0000d307  spi_write_byte                           
0     0000d324  Bit_GateFault_Check                      
0     0000d331  EMPTY_ISR                                
0     0000d33e  Initial_Led                              
0     0000d34b  __TI_zero_init_nomemset                  
0     0000d358  recvfrom_W5x00                           
0     0000d365  Interrupt_defaultHandler                 
0     0000d371  MotorDriver_Enable                       
0     0000d37d  MotorDriver_SetDir                       
0     0000d389  Device_enableUnbondedGPIOPullups         
0     0000d394  MotorDriver_Init                         
0     0000d39f  ADCA1_ISR                                
0     0000d3a9  ADCA2_ISR                                
0     0000d3b3  ADCA3_ISR                                
0     0000d3bd  ADCA4_ISR                                
0     0000d3c7  ADCA_EVT_ISR                             
0     0000d3d1  ADCB1_ISR                                
0     0000d3db  ADCB2_ISR                                
0     0000d3e5  ADCB3_ISR                                
0     0000d3ef  ADCB4_ISR                                
0     0000d3f9  ADCB_EVT_ISR                             
0     0000d403  ADCC1_ISR                                
0     0000d40d  ADCC2_ISR                                
0     0000d417  ADCC3_ISR                                
0     0000d421  ADCC4_ISR                                
0     0000d42b  ADCC_EVT_ISR                             
0     0000d435  ADCD1_ISR                                
0     0000d43f  ADCD2_ISR                                
0     0000d449  ADCD3_ISR                                
0     0000d453  ADCD4_ISR                                
0     0000d45d  ADCD_EVT_ISR                             
0     0000d467  CANA0_ISR                                
0     0000d471  CANA1_ISR                                
0     0000d47b  CANB0_ISR                                
0     0000d485  CANB1_ISR                                
0     0000d48f  CIPC0_ISR                                
0     0000d499  CIPC1_ISR                                
0     0000d4a3  CIPC2_ISR                                
0     0000d4ad  CIPC3_ISR                                
0     0000d4b7  CLA1CRC_ISR                              
0     0000d4c1  CLA1_1_ISR                               
0     0000d4cb  CLA1_2_ISR                               
0     0000d4d5  CLA1_3_ISR                               
0     0000d4df  CLA1_4_ISR                               
0     0000d4e9  CLA1_5_ISR                               
0     0000d4f3  CLA1_6_ISR                               
0     0000d4fd  CLA1_7_ISR                               
0     0000d507  CLA1_8_ISR                               
0     0000d511  CLA_OVERFLOW_ISR                         
0     0000d51b  CLA_UNDERFLOW_ISR                        
0     0000d525  CLB1_ISR                                 
0     0000d52f  CLB2_ISR                                 
0     0000d539  CLB3_ISR                                 
0     0000d543  CLB4_ISR                                 
0     0000d54d  CLB5_ISR                                 
0     0000d557  CLB6_ISR                                 
0     0000d561  CLB7_ISR                                 
0     0000d56b  CLB8_ISR                                 
0     0000d575  CMTOCPUXIPC0_ISR                         
0     0000d57f  CMTOCPUXIPC1_ISR                         
0     0000d589  CMTOCPUXIPC2_ISR                         
0     0000d593  CMTOCPUXIPC3_ISR                         
0     0000d59d  CMTOCPUXIPC4_ISR                         
0     0000d5a7  CMTOCPUXIPC5_ISR                         
0     0000d5b1  CMTOCPUXIPC6_ISR                         
0     0000d5bb  CMTOCPUXIPC7_ISR                         
0     0000d5c5  CM_STATUS_ISR                            
0     0000d5cf  CPUCRC_ISR                               
0     0000d5d9  DATALOG_ISR                              
0     0000d5e3  DMA_CH1_ISR                              
0     0000d5ed  DMA_CH2_ISR                              
0     0000d5f7  DMA_CH3_ISR                              
0     0000d601  DMA_CH4_ISR                              
0     0000d60b  DMA_CH5_ISR                              
0     0000d615  DMA_CH6_ISR                              
0     0000d61f  ECAP1_ISR                                
0     0000d629  ECAP2_ISR                                
0     0000d633  ECAP3_ISR                                
0     0000d63d  ECAP4_ISR                                
0     0000d647  ECAP5_ISR                                
0     0000d651  ECAP6_2_ISR                              
0     0000d65b  ECAP6_ISR                                
0     0000d665  ECAP7_2_ISR                              
0     0000d66f  ECAP7_ISR                                
0     0000d679  ECATRST_ISR                              
0     0000d683  ECATSYNC0_ISR                            
0     0000d68d  ECATSYNC1_ISR                            
0     0000d697  ECAT_ISR                                 
0     0000d6a1  EMU_ISR                                  
0     0000d6ab  EPWM10_ISR                               
0     0000d6b5  EPWM10_TZ_ISR                            
0     0000d6bf  EPWM11_ISR                               
0     0000d6c9  EPWM11_TZ_ISR                            
0     0000d6d3  EPWM12_ISR                               
0     0000d6dd  EPWM12_TZ_ISR                            
0     0000d6e7  EPWM13_ISR                               
0     0000d6f1  EPWM13_TZ_ISR                            
0     0000d6fb  EPWM14_ISR                               
0     0000d705  EPWM14_TZ_ISR                            
0     0000d70f  EPWM15_ISR                               
0     0000d719  EPWM15_TZ_ISR                            
0     0000d723  EPWM16_ISR                               
0     0000d72d  EPWM16_TZ_ISR                            
0     0000d737  EPWM1_ISR                                
0     0000d741  EPWM1_TZ_ISR                             
0     0000d74b  EPWM2_ISR                                
0     0000d755  EPWM2_TZ_ISR                             
0     0000d75f  EPWM3_ISR                                
0     0000d769  EPWM3_TZ_ISR                             
0     0000d773  EPWM4_ISR                                
0     0000d77d  EPWM4_TZ_ISR                             
0     0000d787  EPWM5_ISR                                
0     0000d791  EPWM5_TZ_ISR                             
0     0000d79b  EPWM6_ISR                                
0     0000d7a5  EPWM6_TZ_ISR                             
0     0000d7af  EPWM7_ISR                                
0     0000d7b9  EPWM7_TZ_ISR                             
0     0000d7c3  EPWM8_ISR                                
0     0000d7cd  EPWM8_TZ_ISR                             
0     0000d7d7  EPWM9_ISR                                
0     0000d7e1  EPWM9_TZ_ISR                             
0     0000d7eb  EQEP1_ISR                                
0     0000d7f5  EQEP2_ISR                                
0     0000d7ff  EQEP3_ISR                                
0     0000d809  FMC_ISR                                  
0     0000d813  FPU_OFLOW_ISR                            
0     0000d81d  FPU_UFLOW_ISR                            
0     0000d827  FSIRXA1_ISR                              
0     0000d831  FSIRXA2_ISR                              
0     0000d83b  FSIRXB1_ISR                              
0     0000d845  FSIRXB2_ISR                              
0     0000d84f  FSIRXC1_ISR                              
0     0000d859  FSIRXC2_ISR                              
0     0000d863  FSIRXD1_ISR                              
0     0000d86d  FSIRXD2_ISR                              
0     0000d877  FSIRXE1_ISR                              
0     0000d881  FSIRXE2_ISR                              
0     0000d88b  FSIRXF1_ISR                              
0     0000d895  FSIRXF2_ISR                              
0     0000d89f  FSIRXG1_ISR                              
0     0000d8a9  FSIRXG2_ISR                              
0     0000d8b3  FSIRXH1_ISR                              
0     0000d8bd  FSIRXH2_ISR                              
0     0000d8c7  FSITXA1_ISR                              
0     0000d8d1  FSITXA2_ISR                              
0     0000d8db  FSITXB1_ISR                              
0     0000d8e5  FSITXB2_ISR                              
0     0000d8ef  I2CA_FIFO_ISR                            
0     0000d8f9  I2CA_HIGH_ISR                            
0     0000d903  I2CA_ISR                                 
0     0000d90d  I2CB_FIFO_ISR                            
0     0000d917  I2CB_ISR                                 
0     0000d921  ILLEGAL_ISR                              
0     0000d92b  Interrupt_illegalOperationHandler        
0     0000d935  Interrupt_nmiHandler                     
0     0000d93f  MCANA_0_ISR                              
0     0000d949  MCANA_1_ISR                              
0     0000d953  MCANA_ECC_ISR                            
0     0000d95d  MCANA_WAKE_ISR                           
0     0000d967  MCBSPA_RX_ISR                            
0     0000d971  MCBSPA_TX_ISR                            
0     0000d97b  MCBSPB_RX_ISR                            
0     0000d985  MCBSPB_TX_ISR                            
0     0000d98f  MPOST_ISR                                
0     0000d999  NMI_ISR                                  
0     0000d9a3  NOTUSED_ISR                              
0     0000d9ad  PIE_RESERVED_ISR                         
0     0000d9b7  PMBUSA_ISR                               
0     0000d9c1  RTOS_ISR                                 
0     0000d9cb  SCIA_RX_ISR                              
0     0000d9d5  SCIA_TX_ISR                              
0     0000d9df  SCIB_RX_ISR                              
0     0000d9e9  SCIB_TX_ISR                              
0     0000d9f3  SCIC_RX_ISR                              
0     0000d9fd  SCIC_TX_ISR                              
0     0000da07  SCID_RX_ISR                              
0     0000da11  SCID_TX_ISR                              
0     0000da1b  SDFM1DR1_ISR                             
0     0000da25  SDFM1DR2_ISR                             
0     0000da2f  SDFM1DR3_ISR                             
0     0000da39  SDFM1DR4_ISR                             
0     0000da43  SDFM1_ISR                                
0     0000da4d  SDFM2DR1_ISR                             
0     0000da57  SDFM2DR2_ISR                             
0     0000da61  SDFM2DR3_ISR                             
0     0000da6b  SDFM2DR4_ISR                             
0     0000da75  SDFM2_ISR                                
0     0000da7f  SPIA_RX_ISR                              
0     0000da89  SPIA_TX_ISR                              
0     0000da93  SPIB_RX_ISR                              
0     0000da9d  SPIB_TX_ISR                              
0     0000daa7  SPIC_RX_ISR                              
0     0000dab1  SPIC_TX_ISR                              
0     0000dabb  SPID_RX_ISR                              
0     0000dac5  SPID_TX_ISR                              
0     0000dacf  SYS_ERR_ISR                              
0     0000dad9  TIMER0_ISR                               
0     0000dae3  TIMER1_ISR                               
0     0000daed  TIMER2_ISR                               
0     0000daf7  USBA_ISR                                 
0     0000db01  USER10_ISR                               
0     0000db0b  USER11_ISR                               
0     0000db15  USER12_ISR                               
0     0000db1f  USER1_ISR                                
0     0000db29  USER2_ISR                                
0     0000db33  USER3_ISR                                
0     0000db3d  USER4_ISR                                
0     0000db47  USER5_ISR                                
0     0000db51  USER6_ISR                                
0     0000db5b  USER7_ISR                                
0     0000db65  USER8_ISR                                
0     0000db6f  USER9_ISR                                
0     0000db79  WAKE_ISR                                 
0     0000db83  XINT1_ISR                                
0     0000db8d  XINT2_ISR                                
0     0000db97  XINT3_ISR                                
0     0000dba1  XINT4_ISR                                
0     0000dbab  XINT5_ISR                                
0     0000dbb5  Control_SystemOperation                  
0     0000dbbe  Led_TogglePin                            
0     0000dbc7  MotorDriver_ClearFaults                  
0     0000dbd9  _register_unlock                         
0     0000dbdd  _register_lock                           
0     0000dbe1  _nop                                     
0     0000dbe2  sendto_W5x00                             
0     0000dbeb  __TI_decompress_none                     
0     0000dbfb  Initial_SCI                              
0     0000dc02  Initial_SPI                              
0     0000dc09  Spid_CsHigh                              
0     0000dc10  Spid_CsLow                               
0     0000dc1e  Fram_Init                                
0     0000dc24  cs_desel                                 
0     0000dc2a  cs_sel                                   
0     0000dc39  __error__                                
0     0000dc45  wizchip_bus_readdata                     
0     0000dc48  wizchip_bus_writedata                    
0     0000dc4b  _system_pre_init                         
0     0000dc4d  wizchip_spi_readbyte                     
0     0000dc4f  _system_post_cinit                       
0     0000dc50  wizchip_cris_enter                       
0     0000dc51  wizchip_cris_exit                        
0     0000dc52  wizchip_cs_deselect                      
0     0000dc53  wizchip_cs_select                        
0     0000dc54  wizchip_spi_writebyte                    
0     00038000  IPC_CPU_To_CM_GetBuffer                  
0     00039000  IPC_CPU_To_CM_PutBuffer                  
0     0003a000  IPC_CPU1_To_CPU2_PutBuffer               
0     0003b000  IPC_CPU1_To_CPU2_GetBuffer               
1     00000d00  PieVectTable                             
abs   00000100  __TI_STACK_SIZE                          
abs   ffffffff  __TI_pprof_out_hndl                      
abs   ffffffff  __TI_prof_data_size                      
abs   ffffffff  __TI_prof_data_start                     
abs   ffffffff  __c_args__                               

[456 symbols]
