******************************************************************************
             TMS320C2000 Linker PC v25.11.0                    
******************************************************************************
>> Linked Mon Jun 22 11:32:27 2026

OUTPUT FILE NAME:   <ATTLA_T_CPU1.out>
ENTRY POINT SYMBOL: "code_start"  address: 00000000


MEMORY CONFIGURATION

         name            origin    length      used     unused   attr    fill
----------------------  --------  ---------  --------  --------  ----  --------
PAGE 0:
  BEGIN                 00000000   00000002  00000002  00000000  RWIX
  BOOT_RSVD             00000002   000001af  00000000  000001af  RWIX
  RAMM0                 000001b1   0000024f  00000060  000001ef  RWIX
  RAMM1                 00000400   000003f8  00000100  000002f8  RWIX
  RAMLS0                00008000   00000800  00000800  00000000  RWIX
  RAMLS1                00008800   00000800  00000800  00000000  RWIX
  RAMLS2                00009000   00000800  00000800  00000000  RWIX
  RAMLS3                00009800   00000800  00000800  00000000  RWIX
  RAMLS4                0000a000   00000800  000001fb  00000605  RWIX
  RAMLS5                0000a800   00000800  00000776  0000008a  RWIX
  RAMLS6                0000b000   00000800  00000000  00000800  RWIX
  RAMLS7                0000b800   00000800  00000000  00000800  RWIX
  RAMD0                 0000c000   00000800  00000800  00000000  RWIX
  RAMD1                 0000c800   00000800  00000800  00000000  RWIX
  RAMGS0                0000d000   00001000  00000ba2  0000045e  RWIX
  RAMGS1                0000e000   00001000  00000000  00001000  RWIX
  RAMGS2                0000f000   00001000  00000000  00001000  RWIX
  RAMGS3                00010000   00001000  0000010a  00000ef6  RWIX
  RAMGS4                00011000   00001000  00000000  00001000  RWIX
  RAMGS5                00012000   00001000  00000000  00001000  RWIX
  RAMGS6                00013000   00001000  00000000  00001000  RWIX
  RAMGS7                00014000   00001000  00000000  00001000  RWIX
  RAMGS8                00015000   00001000  00000000  00001000  RWIX
  RAMGS9                00016000   00001000  00000000  00001000  RWIX
  RAMGS10               00017000   00001000  00000000  00001000  RWIX
  RAMGS11               00018000   00001000  00000000  00001000  RWIX
  RAMGS12               00019000   00001000  00000000  00001000  RWIX
  RAMGS13               0001a000   00001000  00000000  00001000  RWIX
  RAMGS14               0001b000   00001000  00000000  00001000  RWIX
  RAMGS15               0001c000   00000ff8  00000000  00000ff8  RWIX
  CMTOCPURAM            00038000   00000800  00000088  00000778  RWIX
  CPUTOCMRAM            00039000   00000800  00000088  00000778  RWIX
  CPU1TOCPU2RAM         0003a000   00000800  00000088  00000778  RWIX
  CPU2TOCPU1RAM         0003b000   00000800  00000088  00000778  RWIX
  CANA_MSG_RAM          00049000   00000800  00000000  00000800  RWIX
  CANB_MSG_RAM          0004b000   00000800  00000000  00000800  RWIX
  FLASH0                00080000   00002000  00000000  00002000  RWIX
  FLASH1                00082000   00002000  00000000  00002000  RWIX
  FLASH2                00084000   00002000  00000000  00002000  RWIX
  FLASH3                00086000   00002000  00000000  00002000  RWIX
  FLASH4                00088000   00008000  00000000  00008000  RWIX
  FLASH5                00090000   00008000  00000000  00008000  RWIX
  FLASH6                00098000   00008000  00000000  00008000  RWIX
  FLASH7                000a0000   00008000  00000000  00008000  RWIX
  FLASH8                000a8000   00008000  00000000  00008000  RWIX
  FLASH9                000b0000   00008000  00000000  00008000  RWIX
  FLASH10               000b8000   00002000  00000000  00002000  RWIX
  FLASH11               000ba000   00002000  00000000  00002000  RWIX
  FLASH12               000bc000   00002000  00000000  00002000  RWIX
  FLASH13               000be000   00002000  00000000  00002000  RWIX
  RESET                 003fffc0   00000002  00000000  00000002  RWIX

PAGE 1:
  ADCARESULT            00000b00   00000018  00000000  00000018  RWIX
  ADCBRESULT            00000b20   00000018  00000000  00000018  RWIX
  ADCCRESULT            00000b40   00000018  00000000  00000018  RWIX
  ADCDRESULT            00000b60   00000018  00000000  00000018  RWIX
  CPUTIMER0             00000c00   00000008  00000000  00000008  RWIX
  CPUTIMER1             00000c08   00000008  00000000  00000008  RWIX
  CPUTIMER2             00000c10   00000008  00000000  00000008  RWIX
  PIECTRL               00000ce0   0000001a  00000000  0000001a  RWIX
  PIEVECTTABLE          00000d00   00000200  000001c0  00000040  RWIX
  DMA                   00001000   00000200  00000000  00000200  RWIX
  CLA1                  00001400   00000080  00000000  00000080  RWIX
  CLB1LOGICCFG          00003000   00000052  00000000  00000052  RWIX
  CLB1LOGICCTRL         00003100   00000040  00000000  00000040  RWIX
  CLB1DATAEXCH          00003180   00000080  00000000  00000080  RWIX
  CLB2LOGICCFG          00003200   00000052  00000000  00000052  RWIX
  CLB2LOGICCTRL         00003300   00000040  00000000  00000040  RWIX
  CLB2DATAEXCH          00003380   00000080  00000000  00000080  RWIX
  CLB3LOGICCFG          00003400   00000052  00000000  00000052  RWIX
  CLB3LOGICCTRL         00003500   00000040  00000000  00000040  RWIX
  CLB3DATAEXCH          00003580   00000080  00000000  00000080  RWIX
  CLB4LOGICCFG          00003600   00000052  00000000  00000052  RWIX
  CLB4LOGICCTRL         00003700   00000040  00000000  00000040  RWIX
  CLB4DATAEXCH          00003780   00000080  00000000  00000080  RWIX
  CLB5LOGICCFG          00003800   00000052  00000000  00000052  RWIX
  CLB5LOGICCTRL         00003900   00000040  00000000  00000040  RWIX
  CLB5DATAEXCH          00003980   00000080  00000000  00000080  RWIX
  CLB6LOGICCFG          00003a00   00000052  00000000  00000052  RWIX
  CLB6LOGICCTRL         00003b00   00000040  00000000  00000040  RWIX
  CLB6DATAEXCH          00003b80   00000080  00000000  00000080  RWIX
  CLB7LOGICCFG          00003c00   00000052  00000000  00000052  RWIX
  CLB7LOGICCTRL         00003d00   00000040  00000000  00000040  RWIX
  CLB7DATAEXCH          00003d80   00000080  00000000  00000080  RWIX
  CLB8LOGICCFG          00003e00   00000052  00000000  00000052  RWIX
  CLB8LOGICCTRL         00003f00   00000040  00000000  00000040  RWIX
  CLB8DATAEXCH          00003f80   00000080  00000000  00000080  RWIX
  EPWM1                 00004000   00000100  00000000  00000100  RWIX
  EPWM2                 00004100   00000100  00000000  00000100  RWIX
  EPWM3                 00004200   00000100  00000000  00000100  RWIX
  EPWM4                 00004300   00000100  00000000  00000100  RWIX
  EPWM5                 00004400   00000100  00000000  00000100  RWIX
  EPWM6                 00004500   00000100  00000000  00000100  RWIX
  EPWM7                 00004600   00000100  00000000  00000100  RWIX
  EPWM8                 00004700   00000100  00000000  00000100  RWIX
  EPWM9                 00004800   00000100  00000000  00000100  RWIX
  EPWM10                00004900   00000100  00000000  00000100  RWIX
  EPWM11                00004a00   00000100  00000000  00000100  RWIX
  EPWM12                00004b00   00000100  00000000  00000100  RWIX
  EPWM13                00004c00   00000100  00000000  00000100  RWIX
  EPWM14                00004d00   00000100  00000000  00000100  RWIX
  EPWM15                00004e00   00000100  00000000  00000100  RWIX
  EPWM16                00004f00   00000100  00000000  00000100  RWIX
  EQEP1                 00005100   00000040  00000000  00000040  RWIX
  EQEP2                 00005140   00000040  00000000  00000040  RWIX
  EQEP3                 00005180   00000040  00000000  00000040  RWIX
  ECAP1                 00005200   00000020  00000000  00000020  RWIX
  ECAP2                 00005240   00000020  00000000  00000020  RWIX
  ECAP3                 00005280   00000020  00000000  00000020  RWIX
  ECAP4                 000052c0   00000020  00000000  00000020  RWIX
  ECAP5                 00005300   00000020  00000000  00000020  RWIX
  ECAP6                 00005340   00000020  00000000  00000020  RWIX
  HRCAP6                00005360   00000020  00000000  00000020  RWIX
  ECAP7                 00005380   00000020  00000000  00000020  RWIX
  HRCAP7                000053a0   00000020  00000000  00000020  RWIX
  DACA                  00005c00   00000008  00000000  00000008  RWIX
  DACB                  00005c10   00000008  00000000  00000008  RWIX
  DACC                  00005c20   00000008  00000000  00000008  RWIX
  CMPSS1                00005c80   00000020  00000000  00000020  RWIX
  CMPSS2                00005ca0   00000020  00000000  00000020  RWIX
  CMPSS3                00005cc0   00000020  00000000  00000020  RWIX
  CMPSS4                00005ce0   00000020  00000000  00000020  RWIX
  CMPSS5                00005d00   00000020  00000000  00000020  RWIX
  CMPSS6                00005d20   00000020  00000000  00000020  RWIX
  CMPSS7                00005d40   00000020  00000000  00000020  RWIX
  CMPSS8                00005d60   00000020  00000000  00000020  RWIX
  SDFM1                 00005e00   00000080  00000000  00000080  RWIX
  SDFM2                 00005e80   00000080  00000000  00000080  RWIX
  MCBSPA                00006000   00000024  00000000  00000024  RWIX
  MCBSPB                00006040   00000024  00000000  00000024  RWIX
  SPIA                  00006100   00000010  00000000  00000010  RWIX
  SPIB                  00006110   00000010  00000000  00000010  RWIX
  SPIC                  00006120   00000010  00000000  00000010  RWIX
  SPID                  00006130   00000010  00000000  00000010  RWIX
  BGCRCCPU              00006340   00000040  00000000  00000040  RWIX
  BGCRCCLA1             00006380   00000040  00000000  00000040  RWIX
  PMBUSA                00006400   00000020  00000000  00000020  RWIX
  FSITXA                00006600   00000050  00000000  00000050  RWIX
  FSIRXA                00006680   00000050  00000000  00000050  RWIX
  FSITXB                00006700   00000050  00000000  00000050  RWIX
  FSIRXB                00006780   00000050  00000000  00000050  RWIX
  FSIRXC                00006880   00000050  00000000  00000050  RWIX
  FSIRXD                00006980   00000050  00000000  00000050  RWIX
  FSIRXE                00006a80   00000050  00000000  00000050  RWIX
  FSIRXF                00006b80   00000050  00000000  00000050  RWIX
  FSIRXG                00006c80   00000050  00000000  00000050  RWIX
  FSIRXH                00006d80   00000050  00000000  00000050  RWIX
  WD                    00007000   0000002c  00000000  0000002c  RWIX
  NMIINTRUPT            00007060   00000010  00000000  00000010  RWIX
  XINT                  00007070   0000000c  00000000  0000000c  RWIX
  SCIA                  00007200   00000010  00000000  00000010  RWIX
  SCIB                  00007210   00000010  00000000  00000010  RWIX
  SCIC                  00007220   00000010  00000000  00000010  RWIX
  SCID                  00007230   00000010  00000000  00000010  RWIX
  I2CA                  00007300   00000022  00000000  00000022  RWIX
  I2CB                  00007340   00000022  00000000  00000022  RWIX
  ADCA                  00007400   00000080  00000000  00000080  RWIX
  ADCB                  00007480   00000080  00000000  00000080  RWIX
  ADCC                  00007500   00000080  00000000  00000080  RWIX
  ADCD                  00007580   00000080  00000000  00000080  RWIX
  INPUTXBAR             00007900   00000020  00000000  00000020  RWIX
  XBAR                  00007920   00000020  00000000  00000020  RWIX
  SYNCSOC               00007940   00000006  00000000  00000006  RWIX
  CLBINPUTXBAR          00007960   00000020  00000000  00000020  RWIX
  DMACLASRCSEL          00007980   0000001a  00000000  0000001a  RWIX
  EPWMXBAR              00007a00   00000040  00000000  00000040  RWIX
  CLBXBAR               00007a40   00000040  00000000  00000040  RWIX
  OUTPUTXBAR            00007a80   00000040  00000000  00000040  RWIX
  CLBOUTPUTXBAR         00007bc0   00000040  00000000  00000040  RWIX
  GPIOCTRL              00007c00   00000200  00000000  00000200  RWIX
  GPIODATA              00007f00   00000040  00000000  00000040  RWIX
  GPIODATAREAD          00007f80   00000010  00000000  00000010  RWIX
  EMIF1                 00047000   00000070  00000000  00000070  RWIX
  EMIF2                 00047800   00000070  00000000  00000070  RWIX
  CANA                  00048000   00000200  00000000  00000200  RWIX
  CANB                  0004a000   00000200  00000000  00000200  RWIX
  ESCSS                 00057e00   00000024  00000000  00000024  RWIX
  ESCSSCONFIG           00057f00   00000016  00000000  00000016  RWIX
  MCANASS               0005c400   0000002c  00000000  0000002c  RWIX
  MCANA                 0005c600   00000100  00000000  00000100  RWIX
  MCANAERR              0005c800   00000210  00000000  00000210  RWIX
  CPU1TOCPU2IPC         0005ce00   00000026  00000000  00000026  RWIX
  CPU1TOCMIPC           0005ce40   00000026  00000000  00000026  RWIX
  DEVCFG                0005d000   000001a0  00000000  000001a0  RWIX
  CLKCFG                0005d200   00000100  00000000  00000100  RWIX
  CPUSYS                0005d300   000000a0  00000000  000000a0  RWIX
  SYSSTATUS             0005d400   00000100  00000000  00000100  RWIX
  SYSPERIPHAC           0005d500   00000200  00000000  00000200  RWIX
  ANALOGSUBSYS          0005d700   00000100  00000000  00000100  RWIX
  CMCONF                0005dc00   00000400  00000000  00000400  RWIX
  DCC0                  0005e700   00000038  00000000  00000038  RWIX
  DCC1                  0005e740   00000038  00000000  00000038  RWIX
  DCC2                  0005e780   00000038  00000000  00000038  RWIX
  ERADGLOBAL            0005e800   00000014  00000000  00000014  RWIX
  ERADHWBP1             0005e900   00000008  00000000  00000008  RWIX
  ERADHWBP2             0005e908   00000008  00000000  00000008  RWIX
  ERADHWBP3             0005e910   00000008  00000000  00000008  RWIX
  ERADHWBP4             0005e918   00000008  00000000  00000008  RWIX
  ERADHWBP5             0005e920   00000008  00000000  00000008  RWIX
  ERADHWBP6             0005e928   00000008  00000000  00000008  RWIX
  ERADHWBP7             0005e930   00000008  00000000  00000008  RWIX
  ERADHWBP8             0005e938   00000008  00000000  00000008  RWIX
  ERADCOUNTER1          0005e980   00000010  00000000  00000010  RWIX
  ERADCOUNTER2          0005e990   00000010  00000000  00000010  RWIX
  ERADCOUNTER3          0005e9a0   00000010  00000000  00000010  RWIX
  ERADCOUNTER4          0005e9b0   00000010  00000000  00000010  RWIX
  ERADCRCGLOBAL         0005ea00   00000010  00000000  00000010  RWIX
  ERADCRC1              0005ea10   00000010  00000000  00000010  RWIX
  ERADCRC2              0005ea20   00000010  00000000  00000010  RWIX
  ERADCRC3              0005ea30   00000010  00000000  00000010  RWIX
  ERADCRC4              0005ea40   00000010  00000000  00000010  RWIX
  ERADCRC5              0005ea50   00000010  00000000  00000010  RWIX
  ERADCRC6              0005ea60   00000010  00000000  00000010  RWIX
  ERADCRC7              0005ea70   00000010  00000000  00000010  RWIX
  ERADCRC8              0005ea80   00000010  00000000  00000010  RWIX
  DCSMZ1                0005f000   0000003e  00000000  0000003e  RWIX
  DCSMZ2                0005f080   0000003e  00000000  0000003e  RWIX
  DCSMCOMMON            0005f0c0   00000020  00000000  00000020  RWIX
  MEMCFG                0005f400   000000c0  00000000  000000c0  RWIX
  EMIF1CONFIG           0005f4c0   00000020  00000000  00000020  RWIX
  EMIF2CONFIG           0005f4e0   00000020  00000000  00000020  RWIX
  ACCESSPROTECTION      0005f500   00000040  00000000  00000040  RWIX
  MEMORYERROR           0005f540   00000040  00000000  00000040  RWIX
  ROMWAITSTATE          0005f580   00000008  00000000  00000008  RWIX
  ROMPREFETCH           0005f588   00000008  00000000  00000008  RWIX
  TESTERROR             0005f590   00000010  00000000  00000010  RWIX
  FLASH0CTRL            0005f800   00000182  00000000  00000182  RWIX
  FLASH0ECC             0005fb00   00000028  00000000  00000028  RWIX
  UID                   00070200   00000010  00000000  00000010  RWIX
  DCSMZ1OTP             00078000   00000020  00000000  00000020  RWIX
  DCSMZ2OTP             00078200   00000020  00000000  00000020  RWIX


SECTION ALLOCATION MAP

 output                                  attributes/
section   page    origin      length       input sections
--------  ----  ----------  ----------   ----------------
codestart 
*          0    00000000    00000002     
                  00000000    00000002     f2838x_codestartbranch.obj (codestart)

.cinit     0    000001b2    00000060     
                  000001b2    0000003e     (.cinit..data.load) [load image, compression = lzss]
                  000001f0    00000006     (__TI_handler_table)
                  000001f6    00000004     (.cinit..bss.1.load) [load image, compression = zero_init]
                  000001fa    00000004     (.cinit..bss.2.load) [load image, compression = zero_init]
                  000001fe    00000004     (.cinit.PieVectTableFile.load) [load image, compression = zero_init]
                  00000202    00000010     (__TI_cinit_table)

.reset     0    003fffc0    00000000     DSECT

.stack     0    00000400    00000100     UNINITIALIZED
                  00000400    00000100     --HOLE--

.init_array 
*          0    000001b1    00000000     UNINITIALIZED

.data      0    0000a800    00000095     UNINITIALIZED
                  0000a800    00000026     easy28x_driverlib_v12.2.obj (.data)
                  0000a826    0000001a     wizchip_conf.obj (.data)
                  0000a840    00000022     csu_MotorCtrl.obj (.data)
                  0000a862    0000000a     csu_Dio.obj (.data)
                  0000a86c    00000008     socket.obj (.data:sock_pack_info)
                  0000a874    00000008     socket.obj (.data:sock_remained_size)
                  0000a87c    00000004     csu_Ethernet.obj (.data:fc_ip)
                  0000a880    00000006     csu_Bit.obj (.data)
                  0000a886    00000006     rts2800_fpu64_eabi.lib : exit.c.obj (.data)
                  0000a88c    00000003     socket.obj (.data)
                  0000a88f    00000001     csu_Control.obj (.data)
                  0000a890    00000002     rts2800_fpu64_eabi.lib : _lock.c.obj (.data:_lock)
                  0000a892    00000002                            : _lock.c.obj (.data:_unlock)
                  0000a894    00000001     hal_Ethernet.obj (.data)

.const     0    0000a896    0000050f     
                  0000a896    0000001d     interrupt.obj (.const:.string)
                  0000a8b3    00000008     hal_Ethernet.obj (.const:$P$T0$1)
                  0000a8bb    00000005     --HOLE-- [fill = 0]
                  0000a8c0    000001c0     f2838x_pievect.obj (.const)
                  0000aa80    00000088     ipc.obj (.const:IPC_Instance)
                  0000ab08    0000005d     hal_Timer.obj (.const:.string)
                  0000ab65    00000001     --HOLE-- [fill = 0]
                  0000ab66    00000059     csu_Led.obj (.const:.string)
                  0000abbf    00000001     --HOLE-- [fill = 0]
                  0000abc0    00000058     easy28x_driverlib_v12.2.obj (.const:.string)
                  0000ac18    00000031     sysctl.obj (.const:.string)
                  0000ac49    00000001     --HOLE-- [fill = 0]
                  0000ac4a    00000030     epwm.obj (.const:.string)
                  0000ac7a    00000030     gpio.obj (.const:.string)
                  0000acaa    0000002f     dcc.obj (.const:.string)
                  0000acd9    00000001     --HOLE-- [fill = 0]
                  0000acda    0000002f     sci.obj (.const:.string)
                  0000ad09    00000001     --HOLE-- [fill = 0]
                  0000ad0a    0000002f     spi.obj (.const:.string)
                  0000ad39    00000001     --HOLE-- [fill = 0]
                  0000ad3a    0000001c     cputimer.obj (.const:.string)
                  0000ad56    00000018     hal_Ethernet.obj (.const)
                  0000ad6e    00000017     adc.obj (.const:.string)
                  0000ad85    00000001     --HOLE-- [fill = 0]
                  0000ad86    00000017     ipc.obj (.const:.string)
                  0000ad9d    00000008     hal_Ethernet.obj (.const:$P$T1$2)

MSGRAM_CM_TO_CPU 
*          0    00038000    00000088     UNINITIALIZED
                  00038000    00000088     ipc.obj (MSGRAM_CM_TO_CPU)

MSGRAM_CPU_TO_CM 
*          0    00039000    00000088     UNINITIALIZED
                  00039000    00000088     ipc.obj (MSGRAM_CPU_TO_CM)

MSGRAM_CPU1_TO_CPU2 
*          0    0003a000    00000088     UNINITIALIZED
                  0003a000    00000088     ipc.obj (MSGRAM_CPU1_TO_CPU2)

MSGRAM_CPU2_TO_CPU1 
*          0    0003b000    00000088     UNINITIALIZED
                  0003b000    00000088     ipc.obj (MSGRAM_CPU2_TO_CPU1)

PieVectTableFile 
*          1    00000d00    000001c0     UNINITIALIZED
                  00000d00    000001c0     f2838x_globalvariabledefs.obj (PieVectTableFile)

EmuKeyVar 
*          1    00000d00    00000000     UNINITIALIZED

EmuBModeVar 
*          1    00000d00    00000000     UNINITIALIZED

EmuBootPinsVar 
*          1    00000d00    00000000     UNINITIALIZED

FlashCallbackVar 
*          1    00000d00    00000000     UNINITIALIZED

FlashScalingVar 
*          1    00000d00    00000000     UNINITIALIZED

dcsm_z1otp_link_pointer 
*          0    00000000    00000000     

dcsm_z1otp_jlm_enable 
*          0    00000000    00000000     

dcsm_z1otp_gpreg 
*          0    00000000    00000000     

dcsm_z1otp_pswd_lock 
*          0    00000000    00000000     

dcsm_z1otp_crc_lock 
*          0    00000000    00000000     

dcsm_z1otp_jtag_pswdh 
*          0    00000000    00000000     

dcsm_z1otp_cmac_key 
*          0    00000000    00000000     

dcsm_zsel_z1 
*          0    00000000    00000000     

dcsm_z2otp_link_pointer 
*          0    00000000    00000000     

dcsm_rsvd_z2 
*          0    00000000    00000000     

dcsm_z2otp_gpreg 
*          0    00000000    00000000     

dcsm_z2otp_pswd_lock 
*          0    00000000    00000000     

dcsm_z2otp_crc_lock 
*          0    00000000    00000000     

dcsm_rsvd1_z2 
*          0    00000000    00000000     

dcsm_zsel_z2 
*          0    00000000    00000000     

.text.1    0    00008000    00000800     
                  00008000    000000dc     socket.obj (.text:recvfrom_W6x00)
                  000080dc    000000db     csu_MotorCtrl.obj (.text:MotorCtrl_Run)
                  000081b7    000000b1     hal_DspInit.obj (.text:Init_GpioDin)
                  00008268    000000aa     csu_Encoder.obj (.text:Encoder_UpdatePosition)
                  00008312    000000a7     hal_Sci.obj (.text:isrScia_SCI_PC)
                  000083b9    0000009e     csu_Ethernet.obj (.text:Ethernet_ParsePacket)
                  00008457    00000096     hal_Timer.obj (.text:configCPUTimer)
                  000084ed    00000095     socket.obj (.text:socket)
                  00008582    00000093     sci.obj (.text:SCI_setConfig)
                  00008615    00000092     sci.obj (.text:SCI_readCharArray)
                  000086a7    00000091     csu_Ethernet.obj (.text:Ethernet_StateMachine)
                  00008738    00000091     sysctl.obj (.text:SysCtl_getAuxClock)
                  000087c9    00000036     w6100.obj (.text:wiz_recv_ignore)
                  000087ff    00000001     rts2800_fpu64_eabi.lib : startup.c.obj (.text)

.text.2    0    00008800    00000800     
                  00008800    00000090     hal_Adc.obj (.text:InitAdcModules)
                  00008890    00000087     hal_Epwm.obj (.text:Initial_EpwmTimer)
                  00008917    00000083     spi.obj (.text:SPI_setConfig)
                  0000899a    0000007d     csu_LimitSwitch.obj (.text:LimitSwitch_CheckFaults)
                  00008a17    00000079     device.obj (.text:Device_init)
                  00008a90    00000079     interrupt.obj (.text:Interrupt_clearIFR)
                  00008b09    00000078     hal_DspInit.obj (.text:Init_GpioDout)
                  00008b81    00000077     csu_Led.obj (.text:updateLedStatus)
                  00008bf8    00000075     hal_Spi.obj (.text:InitSpia)
                  00008c6d    00000075     easy28x_driverlib_v12.2.obj (.text:easy_addRing)
                  00008ce2    00000074     hal_Spi.obj (.text:InitSpid)
                  00008d56    00000073     csu_Pid.obj (.text:PID_Calculate)
                  00008dc9    00000073     sysctl.obj (.text:SysCtl_getClock)
                  00008e3c    00000070     hal_Encoder.obj (.text:Encoder_ReadSpiData)
                  00008eac    0000006f     hal_Spi.obj (.text:InitSpib)
                  00008f1b    0000006e     wizchip_conf.obj (.text:wizchip_sw_reset)
                  00008f89    00000067     hal_Timer.obj (.text:Initial_TIMER)
                  00008ff0    00000010     hal_DspInit.obj (.text:System_Initialization)

.text.3    0    00009000    00000800     
                  00009000    00000066     csu_Ethernet.obj (.text:Ethernet_SendMessage)
                  00009066    00000066     csu_MotorCtrl.obj (.text:MotorCtrl_Init)
                  000090cc    00000062     hal_Encoder.obj (.text:Encoder_Init_Hardware)
                  0000912e    00000061     adc.obj (.text:ADC_setINLTrim)
                  0000918f    00000057     epwm.obj (.text:EPWM_setEmulationMode)
                  000091e6    00000056     interrupt.obj (.text:Interrupt_disable)
                  0000923c    00000056     sci.obj (.text:SCI_clearInterruptStatus)
                  00009292    00000055     adc.obj (.text:ADC_setOffsetTrim)
                  000092e7    00000052     w6100.obj (.text:WIZCHIP_READ_BUF)
                  00009339    00000052     w6100.obj (.text:WIZCHIP_WRITE_BUF)
                  0000938b    00000050     sysctl.obj (.text:SysCtl_selectOscSourceAuxPLL)
                  000093db    0000004f     hal_Spi.obj (.text:InitSpic)
                  0000942a    0000004e     gpio.obj (.text:GPIO_setPadConfig)
                  00009478    0000004b     hal_Timer.obj (.text:initCPUTimers)
                  000094c3    00000048     hal_Ethernet.obj (.text:Ethernet_Process)
                  0000950b    00000045     csu_Bit.obj (.text:Bit_OvCurrent_Check)
                  00009550    00000045     wizchip_conf.obj (.text:wizchip_init)
                  00009595    00000043     hal_Ethernet.obj (.text:Initial_W6100)
                  000095d8    00000042     sysctl.obj (.text:SysCtl_selectXTAL)
                  0000961a    00000042     socket.obj (.text:close)
                  0000965c    00000042     w6100.obj (.text:wiz_send_data)
                  0000969e    00000041     csu_Bit.obj (.text:Bit_OvVoltage_Check)
                  000096df    00000041     interrupt.obj (.text:Interrupt_enable)
                  00009720    00000041     interrupt.obj (.text:Interrupt_initModule)
                  00009761    00000041     sysctl.obj (.text:SysCtl_selectOscSource)
                  000097a2    00000040     w6100.obj (.text:WIZCHIP_READ)
                  000097e2    0000001e     rts2800_fpu64_eabi.lib : ll_cmp28.asm.obj (.text)

.text.4    0    00009800    00000800     
                  00009800    00000040     hal_Ethernet.obj (.text:isr_EthernetExtInt)
                  00009840    00000040     main.obj (.text:main)
                  00009880    0000003e     ipc.obj (.text:IPC_unregisterInterrupt)
                  000098be    0000003e     w6100.obj (.text:WIZCHIP_WRITE)
                  000098fc    0000003c     spi.obj (.text:SPI_clearInterruptStatus)
                  00009938    0000003b     adc.obj (.text:ADC_setMode)
                  00009973    0000003a     sysctl.obj (.text:SysCtl_pollX1Counter)
                  000099ad    00000039     gpio.obj (.text:GPIO_setInterruptPin)
                  000099e6    00000039     sci.obj (.text:SCI_disableInterrupt)
                  00009a1f    00000038     sci.obj (.text:SCI_enableInterrupt)
                  00009a57    00000035     csu_Pid.obj (.text:PID_Init)
                  00009a8c    00000033     hal_DspInit.obj (.text:initW6100GpioPins)
                  00009abf    00000032     csu_Control.obj (.text:Control_SaveOffsetToFram)
                  00009af1    00000031     csu_Bit.obj (.text:Bit_MotorStall_Check)
                  00009b22    00000031     wizchip_conf.obj (.text:wizchip_getnetinfo)
                  00009b53    00000031     wizchip_conf.obj (.text:wizchip_setnetinfo)
                  00009b84    00000030     gpio.obj (.text:GPIO_setPinConfig)
                  00009bb4    0000002f     csu_Bit.obj (.text:Bit_MotorOverSpeed_Check)
                  00009be3    0000002f     gpio.obj (.text:GPIO_setControllerCore)
                  00009c12    0000002f     gpio.obj (.text:GPIO_setQualificationMode)
                  00009c41    0000002f     csu_MotorCtrl.obj (.text:MotorCtrl_UpdateFeedback)
                  00009c70    0000002e     rts2800_fpu64_eabi.lib : copy_decompress_lzss.c.obj (.text:decompress:lzss)
                  00009c9e    0000002c     gpio.obj (.text:GPIO_setDirectionMode)
                  00009cca    0000002b     rts2800_fpu64_eabi.lib : autoinit.c.obj (.text:__TI_auto_init_nobinit_nopinit)
                  00009cf5    0000002a     w6100.obj (.text:getSn_RX_RSR)
                  00009d1f    0000002a     w6100.obj (.text:getSn_TX_FSR)
                  00009d49    00000029     csu_Encoder.obj (.text:Encoder_LoadOffset)
                  00009d72    00000029     rts2800_fpu64_eabi.lib : exit.c.obj (.text)
                  00009d9b    00000028     csu_Ethernet.obj (.text:Ethernet_SendAck)
                  00009dc3    00000027     csu_Adc.obj (.text:Initial_Adc)
                  00009dea    00000026     hal_Fram.obj (.text:Fram_WriteByte)
                  00009e10    00000024     device.obj (.text:Device_initGPIO)
                  00009e34    00000024     hal_Ethernet.obj (.text:Ethernet_Init)
                  00009e58    00000024     sysctl.obj (.text:SysCtl_getLowSpeedClock)
                  00009e7c    00000023     csu_Bit.obj (.text:Bit_OvTemperature_Check)
                  00009e9f    00000023     hal_MotorDriver.obj (.text:MotorDriver_Init_Hardware)
                  00009ec2    00000022     csu_Encoder.obj (.text:Encoder_CalcCrc6)
                  00009ee4    00000022     sysctl.obj (.text:SysCtl_selectXTALSingleEnded)
                  00009f06    00000021     hal_Epwm.obj (.text:Epwm_SetMotorDuty_1x)
                  00009f27    00000021     wizchip_conf.obj (.text:reg_wizchip_spi_cbfunc)
                  00009f48    00000020     cputimer.obj (.text:CPUTimer_setEmulationMode)
                  00009f68    00000020     rts2800_fpu64_eabi.lib : memcpy.c.obj (.text)
                  00009f88    00000020     hal_Spi.obj (.text:spia_write_byte)
                  00009fa8    0000001e     hal_Spi.obj (.text:spia_read_byte)
                  00009fc6    0000001d     csu_MotorCtrl.obj (.text:MotorCtrl_SetOutput)
                  00009fe3    0000001d     hal_Spi.obj (.text:Spid_Transmit)

.TI.ramfunc 
*          0    0000a000    000001fb     
                  0000a000    000000a6     csu_Control.obj (.TI.ramfunc:Offset_Isr)
                  0000a0a6    00000076     csu_Control.obj (.TI.ramfunc:Pbit_Isr)
                  0000a11c    0000006e     csu_Control.obj (.TI.ramfunc:MainControl_Isr)
                  0000a18a    00000069     csu_Dio.obj (.TI.ramfunc:Dio_UpdateInput)
                  0000a1f3    00000004     f2838x_usdelay.obj (.TI.ramfunc)
                  0000a1f7    00000004     sysctl.obj (.TI.ramfunc)

.bss.1     0    0000ada6    000001d2     UNINITIALIZED
                  0000ada6    00000018     csu_Encoder.obj (.bss)
                  0000adbe    00000001     csu_MotorDriver.obj (.bss)
                  0000adbf    00000001     wizchip_conf.obj (.bss)
                  0000adc0    0000010e     csu_Ethernet.obj (.bss)
                  0000aece    00000010     csu_Adc.obj (.bss)
                  0000aede    00000010     csu_Bit.obj (.bss)
                  0000aeee    0000000c     csu_LimitSwitch.obj (.bss)
                  0000aefa    00000006     hal_Adc.obj (.bss)
                  0000af00    00000054     csu_MotorCtrl.obj (.bss)
                  0000af54    0000000a     csu_Dio.obj (.bss)
                  0000af5e    00000008     csu_Control.obj (.bss)
                  0000af66    00000006     hal_Timer.obj (.bss)
                  0000af6c    00000005     csu_Led.obj (.bss)
                  0000af71    00000004     wizchip_conf.obj (.bss:_DNS_)
                  0000af75    00000003     csu_SciPc.obj (.bss)

.text.5    0    0000c000    00000800     
                  0000c000    000003ab     easy28x_driverlib_v12.2.obj (.text:easy_RXINT_ISR)
                  0000c3ab    000002af     dcc.obj (.text:DCC_verifyClockFrequency)
                  0000c65a    00000167     device.obj (.text:Device_enableAllPeripherals)
                  0000c7c1    0000003f     w6100.obj (.text:wiz_recv_data)

.text.6    0    0000c800    00000800     
                  0000c800    00000256     sysctl.obj (.text:SysCtl_isPLLValid)
                  0000ca56    000001a8     easy28x_driverlib_v12.2.obj (.text:easyDSP_SCI_Init)
                  0000cbfe    0000012d     sysctl.obj (.text:SysCtl_setClock)
                  0000cd2b    0000010e     sysctl.obj (.text:SysCtl_setAuxClock)
                  0000ce39    00000106     socket.obj (.text:sendto_W6x00)
                  0000cf3f    000000bd     csu_Adc.obj (.text:CalcAdcData)
                  0000cffc    00000004     csu_Bit.obj (.text:Bit_Init)

.text.7    0    0000d000    00000ba2     
                  0000d000    0000001c     device.obj (.text:Device_verifyXTAL)
                  0000d01c    0000001c     csu_Encoder.obj (.text:Encoder_Init)
                  0000d038    0000001b     hal_Fram.obj (.text:Fram_ReadByte)
                  0000d053    0000001b     csu_LimitSwitch.obj (.text:LimitSwitch_Init)
                  0000d06e    0000001a     interrupt.obj (.text:Interrupt_initVectorTable)
                  0000d088    00000019     device.obj (.text:SysCtl_enablePeripheral)
                  0000d0a1    00000019     csu_SciPc.obj (.text:recvSciPcMessage)
                  0000d0ba    00000019     rts2800_fpu64_eabi.lib : boot28.asm.obj (.text)
                  0000d0d3    00000018                            : ll_aox28.asm.obj (.text)
                  0000d0eb    00000018     wizchip_conf.obj (.text:wizchip_spi_writeburst)
                  0000d103    00000017     csu_Bit.obj (.text:Bit_Encoder_Check)
                  0000d11a    00000017     csu_Dio.obj (.text:Dio_Init)
                  0000d131    00000016     hal_Timer.obj (.text:isr_CpuTimer1)
                  0000d147    00000015     hal_Timer.obj (.text:isr_CpuTimer2)
                  0000d15c    00000015     wizchip_conf.obj (.text:wizchip_spi_readburst)
                  0000d171    00000014     csu_Bit.obj (.text:Bit_FaultReset)
                  0000d185    00000014     csu_Ethernet.obj (.text:Ethernet_ProtocolInit)
                  0000d199    00000013     device.obj (.text:Device_enableUnbondedGPIOPullupsFor176Pin)
                  0000d1ac    00000013     csu_Ethernet.obj (.text:Ethernet_CalculateChecksum)
                  0000d1bf    00000013     hal_DspInit.obj (.text:InitialPeripherals)
                  0000d1d2    00000013     hal_MotorDriver.obj (.text:MotorDriver_ReadReg)
                  0000d1e5    00000012     csu_Control.obj (.text:Control_Init)
                  0000d1f7    00000012     hal_MotorDriver.obj (.text:MotorDriver_WriteReg)
                  0000d209    00000012     wizchip_conf.obj (.text:reg_wizchip_cs_cbfunc)
                  0000d21b    00000012     rts2800_fpu64_eabi.lib : args_main.c.obj (.text)
                  0000d22d    00000010     hal_Timer.obj (.text:isr_CpuTimer0)
                  0000d23d    00000010     hal_Sci.obj (.text:setupSciaPC_Interrupt)
                  0000d24d    0000000f     csu_Control.obj (.text:Bit_RunCBIT)
                  0000d25c    0000000f     csu_Control.obj (.text:Bit_RunPBIT)
                  0000d26b    0000000f     csu_Dio.obj (.text:Dio_Debounce)
                  0000d27a    0000000e     hal_Fram.obj (.text:Fram_WriteStatusRegister)
                  0000d288    0000000d     csu_Bit.obj (.text:Bit_GateFault_Check)
                  0000d295    0000000d     csu_Control.obj (.text:Control_SystemOperation)
                  0000d2a2    0000000d     f2838x_defaultisr.obj (.text:EMPTY_ISR)
                  0000d2af    0000000c     interrupt.obj (.text:Interrupt_defaultHandler)
                  0000d2bb    0000000c     hal_MotorDriver.obj (.text:MotorDriver_Enable)
                  0000d2c7    0000000c     hal_MotorDriver.obj (.text:MotorDriver_SetDir)
                  0000d2d3    0000000b     device.obj (.text:Device_enableUnbondedGPIOPullups)
                  0000d2de    0000000b     csu_Led.obj (.text:Initial_Led)
                  0000d2e9    0000000b     csu_MotorDriver.obj (.text:MotorDriver_Init)
                  0000d2f4    0000000a     f2838x_defaultisr.obj (.text:ADCA1_ISR)
                  0000d2fe    0000000a     f2838x_defaultisr.obj (.text:ADCA2_ISR)
                  0000d308    0000000a     f2838x_defaultisr.obj (.text:ADCA3_ISR)
                  0000d312    0000000a     f2838x_defaultisr.obj (.text:ADCA4_ISR)
                  0000d31c    0000000a     f2838x_defaultisr.obj (.text:ADCA_EVT_ISR)
                  0000d326    0000000a     f2838x_defaultisr.obj (.text:ADCB1_ISR)
                  0000d330    0000000a     f2838x_defaultisr.obj (.text:ADCB2_ISR)
                  0000d33a    0000000a     f2838x_defaultisr.obj (.text:ADCB3_ISR)
                  0000d344    0000000a     f2838x_defaultisr.obj (.text:ADCB4_ISR)
                  0000d34e    0000000a     f2838x_defaultisr.obj (.text:ADCB_EVT_ISR)
                  0000d358    0000000a     f2838x_defaultisr.obj (.text:ADCC1_ISR)
                  0000d362    0000000a     f2838x_defaultisr.obj (.text:ADCC2_ISR)
                  0000d36c    0000000a     f2838x_defaultisr.obj (.text:ADCC3_ISR)
                  0000d376    0000000a     f2838x_defaultisr.obj (.text:ADCC4_ISR)
                  0000d380    0000000a     f2838x_defaultisr.obj (.text:ADCC_EVT_ISR)
                  0000d38a    0000000a     f2838x_defaultisr.obj (.text:ADCD1_ISR)
                  0000d394    0000000a     f2838x_defaultisr.obj (.text:ADCD2_ISR)
                  0000d39e    0000000a     f2838x_defaultisr.obj (.text:ADCD3_ISR)
                  0000d3a8    0000000a     f2838x_defaultisr.obj (.text:ADCD4_ISR)
                  0000d3b2    0000000a     f2838x_defaultisr.obj (.text:ADCD_EVT_ISR)
                  0000d3bc    0000000a     f2838x_defaultisr.obj (.text:CANA0_ISR)
                  0000d3c6    0000000a     f2838x_defaultisr.obj (.text:CANA1_ISR)
                  0000d3d0    0000000a     f2838x_defaultisr.obj (.text:CANB0_ISR)
                  0000d3da    0000000a     f2838x_defaultisr.obj (.text:CANB1_ISR)
                  0000d3e4    0000000a     f2838x_defaultisr.obj (.text:CIPC0_ISR)
                  0000d3ee    0000000a     f2838x_defaultisr.obj (.text:CIPC1_ISR)
                  0000d3f8    0000000a     f2838x_defaultisr.obj (.text:CIPC2_ISR)
                  0000d402    0000000a     f2838x_defaultisr.obj (.text:CIPC3_ISR)
                  0000d40c    0000000a     f2838x_defaultisr.obj (.text:CLA1CRC_ISR)
                  0000d416    0000000a     f2838x_defaultisr.obj (.text:CLA1_1_ISR)
                  0000d420    0000000a     f2838x_defaultisr.obj (.text:CLA1_2_ISR)
                  0000d42a    0000000a     f2838x_defaultisr.obj (.text:CLA1_3_ISR)
                  0000d434    0000000a     f2838x_defaultisr.obj (.text:CLA1_4_ISR)
                  0000d43e    0000000a     f2838x_defaultisr.obj (.text:CLA1_5_ISR)
                  0000d448    0000000a     f2838x_defaultisr.obj (.text:CLA1_6_ISR)
                  0000d452    0000000a     f2838x_defaultisr.obj (.text:CLA1_7_ISR)
                  0000d45c    0000000a     f2838x_defaultisr.obj (.text:CLA1_8_ISR)
                  0000d466    0000000a     f2838x_defaultisr.obj (.text:CLA_OVERFLOW_ISR)
                  0000d470    0000000a     f2838x_defaultisr.obj (.text:CLA_UNDERFLOW_ISR)
                  0000d47a    0000000a     f2838x_defaultisr.obj (.text:CLB1_ISR)
                  0000d484    0000000a     f2838x_defaultisr.obj (.text:CLB2_ISR)
                  0000d48e    0000000a     f2838x_defaultisr.obj (.text:CLB3_ISR)
                  0000d498    0000000a     f2838x_defaultisr.obj (.text:CLB4_ISR)
                  0000d4a2    0000000a     f2838x_defaultisr.obj (.text:CLB5_ISR)
                  0000d4ac    0000000a     f2838x_defaultisr.obj (.text:CLB6_ISR)
                  0000d4b6    0000000a     f2838x_defaultisr.obj (.text:CLB7_ISR)
                  0000d4c0    0000000a     f2838x_defaultisr.obj (.text:CLB8_ISR)
                  0000d4ca    0000000a     f2838x_defaultisr.obj (.text:CMTOCPUXIPC0_ISR)
                  0000d4d4    0000000a     f2838x_defaultisr.obj (.text:CMTOCPUXIPC1_ISR)
                  0000d4de    0000000a     f2838x_defaultisr.obj (.text:CMTOCPUXIPC2_ISR)
                  0000d4e8    0000000a     f2838x_defaultisr.obj (.text:CMTOCPUXIPC3_ISR)
                  0000d4f2    0000000a     f2838x_defaultisr.obj (.text:CMTOCPUXIPC4_ISR)
                  0000d4fc    0000000a     f2838x_defaultisr.obj (.text:CMTOCPUXIPC5_ISR)
                  0000d506    0000000a     f2838x_defaultisr.obj (.text:CMTOCPUXIPC6_ISR)
                  0000d510    0000000a     f2838x_defaultisr.obj (.text:CMTOCPUXIPC7_ISR)
                  0000d51a    0000000a     f2838x_defaultisr.obj (.text:CM_STATUS_ISR)
                  0000d524    0000000a     f2838x_defaultisr.obj (.text:CPUCRC_ISR)
                  0000d52e    0000000a     f2838x_defaultisr.obj (.text:DATALOG_ISR)
                  0000d538    0000000a     f2838x_defaultisr.obj (.text:DMA_CH1_ISR)
                  0000d542    0000000a     f2838x_defaultisr.obj (.text:DMA_CH2_ISR)
                  0000d54c    0000000a     f2838x_defaultisr.obj (.text:DMA_CH3_ISR)
                  0000d556    0000000a     f2838x_defaultisr.obj (.text:DMA_CH4_ISR)
                  0000d560    0000000a     f2838x_defaultisr.obj (.text:DMA_CH5_ISR)
                  0000d56a    0000000a     f2838x_defaultisr.obj (.text:DMA_CH6_ISR)
                  0000d574    0000000a     f2838x_defaultisr.obj (.text:ECAP1_ISR)
                  0000d57e    0000000a     f2838x_defaultisr.obj (.text:ECAP2_ISR)
                  0000d588    0000000a     f2838x_defaultisr.obj (.text:ECAP3_ISR)
                  0000d592    0000000a     f2838x_defaultisr.obj (.text:ECAP4_ISR)
                  0000d59c    0000000a     f2838x_defaultisr.obj (.text:ECAP5_ISR)
                  0000d5a6    0000000a     f2838x_defaultisr.obj (.text:ECAP6_2_ISR)
                  0000d5b0    0000000a     f2838x_defaultisr.obj (.text:ECAP6_ISR)
                  0000d5ba    0000000a     f2838x_defaultisr.obj (.text:ECAP7_2_ISR)
                  0000d5c4    0000000a     f2838x_defaultisr.obj (.text:ECAP7_ISR)
                  0000d5ce    0000000a     f2838x_defaultisr.obj (.text:ECATRST_ISR)
                  0000d5d8    0000000a     f2838x_defaultisr.obj (.text:ECATSYNC0_ISR)
                  0000d5e2    0000000a     f2838x_defaultisr.obj (.text:ECATSYNC1_ISR)
                  0000d5ec    0000000a     f2838x_defaultisr.obj (.text:ECAT_ISR)
                  0000d5f6    0000000a     f2838x_defaultisr.obj (.text:EMU_ISR)
                  0000d600    0000000a     f2838x_defaultisr.obj (.text:EPWM10_ISR)
                  0000d60a    0000000a     f2838x_defaultisr.obj (.text:EPWM10_TZ_ISR)
                  0000d614    0000000a     f2838x_defaultisr.obj (.text:EPWM11_ISR)
                  0000d61e    0000000a     f2838x_defaultisr.obj (.text:EPWM11_TZ_ISR)
                  0000d628    0000000a     f2838x_defaultisr.obj (.text:EPWM12_ISR)
                  0000d632    0000000a     f2838x_defaultisr.obj (.text:EPWM12_TZ_ISR)
                  0000d63c    0000000a     f2838x_defaultisr.obj (.text:EPWM13_ISR)
                  0000d646    0000000a     f2838x_defaultisr.obj (.text:EPWM13_TZ_ISR)
                  0000d650    0000000a     f2838x_defaultisr.obj (.text:EPWM14_ISR)
                  0000d65a    0000000a     f2838x_defaultisr.obj (.text:EPWM14_TZ_ISR)
                  0000d664    0000000a     f2838x_defaultisr.obj (.text:EPWM15_ISR)
                  0000d66e    0000000a     f2838x_defaultisr.obj (.text:EPWM15_TZ_ISR)
                  0000d678    0000000a     f2838x_defaultisr.obj (.text:EPWM16_ISR)
                  0000d682    0000000a     f2838x_defaultisr.obj (.text:EPWM16_TZ_ISR)
                  0000d68c    0000000a     f2838x_defaultisr.obj (.text:EPWM1_ISR)
                  0000d696    0000000a     f2838x_defaultisr.obj (.text:EPWM1_TZ_ISR)
                  0000d6a0    0000000a     f2838x_defaultisr.obj (.text:EPWM2_ISR)
                  0000d6aa    0000000a     f2838x_defaultisr.obj (.text:EPWM2_TZ_ISR)
                  0000d6b4    0000000a     f2838x_defaultisr.obj (.text:EPWM3_ISR)
                  0000d6be    0000000a     f2838x_defaultisr.obj (.text:EPWM3_TZ_ISR)
                  0000d6c8    0000000a     f2838x_defaultisr.obj (.text:EPWM4_ISR)
                  0000d6d2    0000000a     f2838x_defaultisr.obj (.text:EPWM4_TZ_ISR)
                  0000d6dc    0000000a     f2838x_defaultisr.obj (.text:EPWM5_ISR)
                  0000d6e6    0000000a     f2838x_defaultisr.obj (.text:EPWM5_TZ_ISR)
                  0000d6f0    0000000a     f2838x_defaultisr.obj (.text:EPWM6_ISR)
                  0000d6fa    0000000a     f2838x_defaultisr.obj (.text:EPWM6_TZ_ISR)
                  0000d704    0000000a     f2838x_defaultisr.obj (.text:EPWM7_ISR)
                  0000d70e    0000000a     f2838x_defaultisr.obj (.text:EPWM7_TZ_ISR)
                  0000d718    0000000a     f2838x_defaultisr.obj (.text:EPWM8_ISR)
                  0000d722    0000000a     f2838x_defaultisr.obj (.text:EPWM8_TZ_ISR)
                  0000d72c    0000000a     f2838x_defaultisr.obj (.text:EPWM9_ISR)
                  0000d736    0000000a     f2838x_defaultisr.obj (.text:EPWM9_TZ_ISR)
                  0000d740    0000000a     f2838x_defaultisr.obj (.text:EQEP1_ISR)
                  0000d74a    0000000a     f2838x_defaultisr.obj (.text:EQEP2_ISR)
                  0000d754    0000000a     f2838x_defaultisr.obj (.text:EQEP3_ISR)
                  0000d75e    0000000a     f2838x_defaultisr.obj (.text:FMC_ISR)
                  0000d768    0000000a     f2838x_defaultisr.obj (.text:FPU_OFLOW_ISR)
                  0000d772    0000000a     f2838x_defaultisr.obj (.text:FPU_UFLOW_ISR)
                  0000d77c    0000000a     f2838x_defaultisr.obj (.text:FSIRXA1_ISR)
                  0000d786    0000000a     f2838x_defaultisr.obj (.text:FSIRXA2_ISR)
                  0000d790    0000000a     f2838x_defaultisr.obj (.text:FSIRXB1_ISR)
                  0000d79a    0000000a     f2838x_defaultisr.obj (.text:FSIRXB2_ISR)
                  0000d7a4    0000000a     f2838x_defaultisr.obj (.text:FSIRXC1_ISR)
                  0000d7ae    0000000a     f2838x_defaultisr.obj (.text:FSIRXC2_ISR)
                  0000d7b8    0000000a     f2838x_defaultisr.obj (.text:FSIRXD1_ISR)
                  0000d7c2    0000000a     f2838x_defaultisr.obj (.text:FSIRXD2_ISR)
                  0000d7cc    0000000a     f2838x_defaultisr.obj (.text:FSIRXE1_ISR)
                  0000d7d6    0000000a     f2838x_defaultisr.obj (.text:FSIRXE2_ISR)
                  0000d7e0    0000000a     f2838x_defaultisr.obj (.text:FSIRXF1_ISR)
                  0000d7ea    0000000a     f2838x_defaultisr.obj (.text:FSIRXF2_ISR)
                  0000d7f4    0000000a     f2838x_defaultisr.obj (.text:FSIRXG1_ISR)
                  0000d7fe    0000000a     f2838x_defaultisr.obj (.text:FSIRXG2_ISR)
                  0000d808    0000000a     f2838x_defaultisr.obj (.text:FSIRXH1_ISR)
                  0000d812    0000000a     f2838x_defaultisr.obj (.text:FSIRXH2_ISR)
                  0000d81c    0000000a     f2838x_defaultisr.obj (.text:FSITXA1_ISR)
                  0000d826    0000000a     f2838x_defaultisr.obj (.text:FSITXA2_ISR)
                  0000d830    0000000a     f2838x_defaultisr.obj (.text:FSITXB1_ISR)
                  0000d83a    0000000a     f2838x_defaultisr.obj (.text:FSITXB2_ISR)
                  0000d844    0000000a     f2838x_defaultisr.obj (.text:I2CA_FIFO_ISR)
                  0000d84e    0000000a     f2838x_defaultisr.obj (.text:I2CA_HIGH_ISR)
                  0000d858    0000000a     f2838x_defaultisr.obj (.text:I2CA_ISR)
                  0000d862    0000000a     f2838x_defaultisr.obj (.text:I2CB_FIFO_ISR)
                  0000d86c    0000000a     f2838x_defaultisr.obj (.text:I2CB_ISR)
                  0000d876    0000000a     f2838x_defaultisr.obj (.text:ILLEGAL_ISR)
                  0000d880    0000000a     interrupt.obj (.text:Interrupt_illegalOperationHandler)
                  0000d88a    0000000a     interrupt.obj (.text:Interrupt_nmiHandler)
                  0000d894    0000000a     f2838x_defaultisr.obj (.text:MCANA_0_ISR)
                  0000d89e    0000000a     f2838x_defaultisr.obj (.text:MCANA_1_ISR)
                  0000d8a8    0000000a     f2838x_defaultisr.obj (.text:MCANA_ECC_ISR)
                  0000d8b2    0000000a     f2838x_defaultisr.obj (.text:MCANA_WAKE_ISR)
                  0000d8bc    0000000a     f2838x_defaultisr.obj (.text:MCBSPA_RX_ISR)
                  0000d8c6    0000000a     f2838x_defaultisr.obj (.text:MCBSPA_TX_ISR)
                  0000d8d0    0000000a     f2838x_defaultisr.obj (.text:MCBSPB_RX_ISR)
                  0000d8da    0000000a     f2838x_defaultisr.obj (.text:MCBSPB_TX_ISR)
                  0000d8e4    0000000a     f2838x_defaultisr.obj (.text:MPOST_ISR)
                  0000d8ee    0000000a     f2838x_defaultisr.obj (.text:NMI_ISR)
                  0000d8f8    0000000a     f2838x_defaultisr.obj (.text:NOTUSED_ISR)
                  0000d902    0000000a     f2838x_defaultisr.obj (.text:PIE_RESERVED_ISR)
                  0000d90c    0000000a     f2838x_defaultisr.obj (.text:PMBUSA_ISR)
                  0000d916    0000000a     f2838x_defaultisr.obj (.text:RTOS_ISR)
                  0000d920    0000000a     f2838x_defaultisr.obj (.text:SCIA_RX_ISR)
                  0000d92a    0000000a     f2838x_defaultisr.obj (.text:SCIA_TX_ISR)
                  0000d934    0000000a     f2838x_defaultisr.obj (.text:SCIB_RX_ISR)
                  0000d93e    0000000a     f2838x_defaultisr.obj (.text:SCIB_TX_ISR)
                  0000d948    0000000a     f2838x_defaultisr.obj (.text:SCIC_RX_ISR)
                  0000d952    0000000a     f2838x_defaultisr.obj (.text:SCIC_TX_ISR)
                  0000d95c    0000000a     f2838x_defaultisr.obj (.text:SCID_RX_ISR)
                  0000d966    0000000a     f2838x_defaultisr.obj (.text:SCID_TX_ISR)
                  0000d970    0000000a     f2838x_defaultisr.obj (.text:SDFM1DR1_ISR)
                  0000d97a    0000000a     f2838x_defaultisr.obj (.text:SDFM1DR2_ISR)
                  0000d984    0000000a     f2838x_defaultisr.obj (.text:SDFM1DR3_ISR)
                  0000d98e    0000000a     f2838x_defaultisr.obj (.text:SDFM1DR4_ISR)
                  0000d998    0000000a     f2838x_defaultisr.obj (.text:SDFM1_ISR)
                  0000d9a2    0000000a     f2838x_defaultisr.obj (.text:SDFM2DR1_ISR)
                  0000d9ac    0000000a     f2838x_defaultisr.obj (.text:SDFM2DR2_ISR)
                  0000d9b6    0000000a     f2838x_defaultisr.obj (.text:SDFM2DR3_ISR)
                  0000d9c0    0000000a     f2838x_defaultisr.obj (.text:SDFM2DR4_ISR)
                  0000d9ca    0000000a     f2838x_defaultisr.obj (.text:SDFM2_ISR)
                  0000d9d4    0000000a     f2838x_defaultisr.obj (.text:SPIA_RX_ISR)
                  0000d9de    0000000a     f2838x_defaultisr.obj (.text:SPIA_TX_ISR)
                  0000d9e8    0000000a     f2838x_defaultisr.obj (.text:SPIB_RX_ISR)
                  0000d9f2    0000000a     f2838x_defaultisr.obj (.text:SPIB_TX_ISR)
                  0000d9fc    0000000a     f2838x_defaultisr.obj (.text:SPIC_RX_ISR)
                  0000da06    0000000a     f2838x_defaultisr.obj (.text:SPIC_TX_ISR)
                  0000da10    0000000a     f2838x_defaultisr.obj (.text:SPID_RX_ISR)
                  0000da1a    0000000a     f2838x_defaultisr.obj (.text:SPID_TX_ISR)
                  0000da24    0000000a     f2838x_defaultisr.obj (.text:SYS_ERR_ISR)
                  0000da2e    0000000a     f2838x_defaultisr.obj (.text:TIMER0_ISR)
                  0000da38    0000000a     f2838x_defaultisr.obj (.text:TIMER1_ISR)
                  0000da42    0000000a     f2838x_defaultisr.obj (.text:TIMER2_ISR)
                  0000da4c    0000000a     f2838x_defaultisr.obj (.text:USBA_ISR)
                  0000da56    0000000a     f2838x_defaultisr.obj (.text:USER10_ISR)
                  0000da60    0000000a     f2838x_defaultisr.obj (.text:USER11_ISR)
                  0000da6a    0000000a     f2838x_defaultisr.obj (.text:USER12_ISR)
                  0000da74    0000000a     f2838x_defaultisr.obj (.text:USER1_ISR)
                  0000da7e    0000000a     f2838x_defaultisr.obj (.text:USER2_ISR)
                  0000da88    0000000a     f2838x_defaultisr.obj (.text:USER3_ISR)
                  0000da92    0000000a     f2838x_defaultisr.obj (.text:USER4_ISR)
                  0000da9c    0000000a     f2838x_defaultisr.obj (.text:USER5_ISR)
                  0000daa6    0000000a     f2838x_defaultisr.obj (.text:USER6_ISR)
                  0000dab0    0000000a     f2838x_defaultisr.obj (.text:USER7_ISR)
                  0000daba    0000000a     f2838x_defaultisr.obj (.text:USER8_ISR)
                  0000dac4    0000000a     f2838x_defaultisr.obj (.text:USER9_ISR)
                  0000dace    0000000a     f2838x_defaultisr.obj (.text:WAKE_ISR)
                  0000dad8    0000000a     f2838x_defaultisr.obj (.text:XINT1_ISR)
                  0000dae2    0000000a     f2838x_defaultisr.obj (.text:XINT2_ISR)
                  0000daec    0000000a     f2838x_defaultisr.obj (.text:XINT3_ISR)
                  0000daf6    0000000a     f2838x_defaultisr.obj (.text:XINT4_ISR)
                  0000db00    0000000a     f2838x_defaultisr.obj (.text:XINT5_ISR)
                  0000db0a    00000009     hal_Spi.obj (.text:Initial_SPI)
                  0000db13    00000009     csu_MotorDriver.obj (.text:MotorDriver_ClearFaults)
                  0000db1c    00000009     rts2800_fpu64_eabi.lib : _lock.c.obj (.text)
                  0000db25    00000008     hal_Fram.obj (.text:Fram_WriteEnable)
                  0000db2d    00000008     rts2800_fpu64_eabi.lib : copy_decompress_none.c.obj (.text:decompress:none)
                  0000db35    00000008     f2838x_codestartbranch.obj (.text)
                  0000db3d    00000008     csu_Led.obj (.text:setLedModeToggle)
                  0000db45    00000007     csu_MotorDriver.obj (.text:MotorDriver_UpdateStatus)
                  0000db4c    00000007     hal_Spi.obj (.text:Spid_CsHigh)
                  0000db53    00000007     hal_Spi.obj (.text:Spid_CsLow)
                  0000db5a    00000007     hal_DspInit.obj (.text:initSystemCommunications)
                  0000db61    00000007     rts2800_fpu64_eabi.lib : memset.c.obj (.text)
                  0000db68    00000006     hal_Fram.obj (.text:Fram_Init)
                  0000db6e    00000006     rts2800_fpu64_eabi.lib : copy_zero_init.c.obj (.text:decompress:ZI)
                  0000db74    00000006     hal_Spi.obj (.text:spia_cs_desel)
                  0000db7a    00000006     hal_Spi.obj (.text:spia_cs_sel)
                  0000db80    00000005     hal_DspInit.obj (.text:Initial_GPIO)
                  0000db85    00000005     main.obj (.text:cycle_100ms)
                  0000db8a    00000005     hal_DspInit.obj (.text:initSystemAnalogAdc)
                  0000db8f    00000004     main.obj (.text:cycle_1ms)
                  0000db93    00000003     device.obj (.text:__error__)
                  0000db96    00000003     hal_DspInit.obj (.text:initSystemUserInterface)
                  0000db99    00000002     rts2800_fpu64_eabi.lib : pre_init.c.obj (.text)
                  0000db9b    00000002     wizchip_conf.obj (.text:wizchip_spi_readbyte)
                  0000db9d    00000001     wizchip_conf.obj (.text:wizchip_cris_enter)
                  0000db9e    00000001     wizchip_conf.obj (.text:wizchip_cris_exit)
                  0000db9f    00000001     wizchip_conf.obj (.text:wizchip_cs_deselect)
                  0000dba0    00000001     wizchip_conf.obj (.text:wizchip_cs_select)
                  0000dba1    00000001     wizchip_conf.obj (.text:wizchip_spi_writebyte)

.bss.2     0    00010000    0000010a     UNINITIALIZED
                  00010000    0000010a     hal_Sci.obj (.bss)

MODULE SUMMARY

       Module                          code    ro data   rw data
       ------                          ----    -------   -------
    .\
       main.obj                        73      0         0      
    +--+-------------------------------+-------+---------+---------+
       Total:                          73      0         0      
                                                                
    .\CSU\
       csu_Ethernet.obj                484     0         274    
       csu_MotorCtrl.obj               397     0         118    
       csu_Control.obj                 505     0         9      
       csu_Bit.obj                     325     0         22     
       csu_Encoder.obj                 273     0         24     
       csu_Adc.obj                     228     0         16     
       csu_Led.obj                     138     89        5      
       csu_Pid.obj                     168     0         0      
       csu_LimitSwitch.obj             152     0         12     
       csu_Dio.obj                     143     0         20     
       csu_MotorDriver.obj             27      0         1      
       csu_SciPc.obj                   25      0         3      
    +--+-------------------------------+-------+---------+---------+
       Total:                          2865    89        504    
                                                                
    .\HAL\
       easy28x_driverlib_v12.2.obj     1480    88        38     
       socket.obj                      697     0         19     
       w6100.obj                       557     0         0      
       hal_Spi.obj                     549     0         0      
       hal_Timer.obj                   387     93        6      
       hal_Sci.obj                     183     0         266    
       wizchip_conf.obj                380     0         31     
       hal_DspInit.obj                 403     0         0      
       hal_Ethernet.obj                239     40        1      
       hal_Encoder.obj                 210     0         0      
       hal_Epwm.obj                    168     0         0      
       hal_Adc.obj                     144     0         6      
       hal_MotorDriver.obj             96      0         0      
       hal_Fram.obj                    93      0         0      
    +--+-------------------------------+-------+---------+---------+
       Total:                          5586    221       367    
                                                                
    .\SDK\common\source\
       f2838x_defaultisr.obj           2063    0         0      
       device.obj                      602     0         0      
       f2838x_pievect.obj              0       448       0      
       f2838x_codestartbranch.obj      10      0         0      
       f2838x_usdelay.obj              4       0         0      
    +--+-------------------------------+-------+---------+---------+
       Total:                          2679    448       0      
                                                                
    .\SDK\driverlib\
       sysctl.obj                      1772    49        0      
       ipc.obj                         62      159       544    
       dcc.obj                         687     47        0      
       sci.obj                         492     47        0      
       interrupt.obj                   395     29        0      
       gpio.obj                        321     48        0      
       adc.obj                         241     23        0      
       spi.obj                         191     47        0      
       epwm.obj                        87      48        0      
       cputimer.obj                    32      28        0      
    +--+-------------------------------+-------+---------+---------+
       Total:                          4280    525       544    
                                                                
    .\SDK\headers\source\
       f2838x_globalvariabledefs.obj   0       0         448    
    +--+-------------------------------+-------+---------+---------+
       Total:                          0       0         448    
                                                                
    C:\ti\ccs2051\ccs\tools\compiler\ti-cgt-c2000_25.11.0.LTS\lib\rts2800_fpu64_eabi.lib
       exit.c.obj                      41      0         6      
       copy_decompress_lzss.c.obj      46      0         0      
       autoinit.c.obj                  43      0         0      
       memcpy.c.obj                    32      0         0      
       ll_cmp28.asm.obj                30      0         0      
       boot28.asm.obj                  25      0         0      
       ll_aox28.asm.obj                24      0         0      
       args_main.c.obj                 18      0         0      
       _lock.c.obj                     9       0         4      
       copy_decompress_none.c.obj      8       0         0      
       memset.c.obj                    7       0         0      
       copy_zero_init.c.obj            6       0         0      
       pre_init.c.obj                  2       0         0      
       startup.c.obj                   1       0         0      
    +--+-------------------------------+-------+---------+---------+
       Total:                          292     0         10     
                                                                
       Stack:                          0       0         256    
       Linker Generated:               0       96        0      
    +--+-------------------------------+-------+---------+---------+
       Grand Total:                    15775   1379      2129   


LINKER GENERATED COPY TABLES

__TI_cinit_table @ 00000202 records: 4, size/record: 4, table size: 16
	.data: load addr=000001b2, load size=0000003e bytes, run addr=0000a800, run size=00000095 bytes, compression=lzss
	.bss.1: load addr=000001f6, load size=00000004 bytes, run addr=0000ada6, run size=000001d2 bytes, compression=zero_init
	.bss.2: load addr=000001fa, load size=00000004 bytes, run addr=00010000, run size=0000010a bytes, compression=zero_init
	PieVectTableFile: load addr=000001fe, load size=00000004 bytes, run addr=00000d00, run size=000001c0 bytes, compression=zero_init


LINKER GENERATED HANDLER TABLE

__TI_handler_table @ 000001f0 records: 3, size/record: 2, table size: 6
	index: 0, handler: __TI_zero_init
	index: 1, handler: __TI_decompress_lzss
	index: 2, handler: __TI_decompress_none


GLOBAL DATA SYMBOLS: SORTED BY DATA PAGE

address     data page           name
--------    ----------------    ----
00000400      10 (00000400)     __stack

00000d00      34 (00000d00)     PieVectTable

0000a800     2a0 (0000a800)     ezDSP_Version_SCI
0000a801     2a0 (0000a800)     ezDSP_uRead16BPossible
0000a802     2a0 (0000a800)     ezDSP_uRead8BPossible
0000a803     2a0 (0000a800)     ezDSP_b32bitAddress
0000a804     2a0 (0000a800)     ezDSP_uCPU
0000a805     2a0 (0000a800)     ezDSP_uOnChipFlash
0000a806     2a0 (0000a800)     ezDSP_uBRKDTCount
0000a807     2a0 (0000a800)     ezDSP_uFECount
0000a808     2a0 (0000a800)     ezDSP_uOECount
0000a809     2a0 (0000a800)     ezDSP_uPECount
0000a80a     2a0 (0000a800)     ezDSP_uWrongISRCount
0000a80b     2a0 (0000a800)     ezDSP_ucRx
0000a80c     2a0 (0000a800)     ezDSP_uState
0000a80d     2a0 (0000a800)     ezDSP_uData
0000a80e     2a0 (0000a800)     ezDSP_uChksum
0000a80f     2a0 (0000a800)     ezDSP_uAddrRdCnt
0000a810     2a0 (0000a800)     ezDSP_uDataRdCnt
0000a811     2a0 (0000a800)     ezDSP_uBlockSize
0000a812     2a0 (0000a800)     ezDSP_uBlockIndex
0000a813     2a0 (0000a800)     ezDSP_uChkSumCalculated
0000a814     2a0 (0000a800)     ezDSP_uCommand
0000a815     2a0 (0000a800)     ezDSP_uISRRxCount
0000a816     2a0 (0000a800)     ezDSP_uISRTxCount
0000a817     2a0 (0000a800)     ezDSP_uRxFifoCnt
0000a818     2a0 (0000a800)     ezDSP_uMaxRxFifoCnt
0000a819     2a0 (0000a800)     ezDSP_uTxFifoCnt
0000a81a     2a0 (0000a800)     ezDSP_uMaxTxFifoCnt
0000a81b     2a0 (0000a800)     ezDSP_uTxFifoFullCnt
0000a81c     2a0 (0000a800)     SCIx_BASE
0000a81e     2a0 (0000a800)     ezDSP_ulData
0000a820     2a0 (0000a800)     ezDSP_ulAddr
0000a822     2a0 (0000a800)     ezDSP_ullData
0000a826     2a0 (0000a800)     WIZCHIP

0000a84a     2a1 (0000a840)     xPidGain
0000a86c     2a1 (0000a840)     sock_pack_info

0000a886     2a2 (0000a880)     __TI_enable_exit_profile_output
0000a888     2a2 (0000a880)     __TI_cleanup_ptr
0000a88a     2a2 (0000a880)     __TI_dtors_ptr
0000a890     2a2 (0000a880)     _lock
0000a892     2a2 (0000a880)     _unlock
0000a894     2a2 (0000a880)     g_isW6100Connected

0000a8c0     2a3 (0000a8c0)     PieVectTableInit

0000aa80     2aa (0000aa80)     IPC_Instance

0000ada6     2b6 (0000ad80)     xEncoder
0000adbe     2b6 (0000ad80)     xMotorDriver

0000adc0     2b7 (0000adc0)     xEthCtrl

0000aece     2bb (0000aec0)     xAdc
0000aede     2bb (0000aec0)     xBit
0000aeee     2bb (0000aec0)     xLimitSwitch
0000aef0     2bb (0000aec0)     xLimitSwitchConfig
0000aefa     2bb (0000aec0)     adcRawData

0000af00     2bc (0000af00)     xMotorCtrl
0000af0a     2bc (0000af00)     currPid
0000af1e     2bc (0000af00)     speedPid

0000af40     2bd (0000af40)     posPid
0000af54     2bd (0000af40)     xDio
0000af5e     2bd (0000af40)     xSysCtrl
0000af66     2bd (0000af40)     xTimer
0000af6c     2bd (0000af40)     xLed
0000af75     2bd (0000af40)     xRcvSciPcMsg1
0000af76     2bd (0000af40)     xXmtSciPcMsg1

00010040     401 (00010040)     xQueSCI_PC

00038000     e00 (00038000)     IPC_CPU_To_CM_GetBuffer

00039000     e40 (00039000)     IPC_CPU_To_CM_PutBuffer

0003a000     e80 (0003a000)     IPC_CPU1_To_CPU2_PutBuffer

0003b000     ec0 (0003b000)     IPC_CPU1_To_CPU2_GetBuffer


GLOBAL SYMBOLS: SORTED ALPHABETICALLY BY Name 

page  address   name                                     
----  -------   ----                                     
0     0000d2f4  ADCA1_ISR                                
0     0000d2fe  ADCA2_ISR                                
0     0000d308  ADCA3_ISR                                
0     0000d312  ADCA4_ISR                                
0     0000d31c  ADCA_EVT_ISR                             
0     0000d326  ADCB1_ISR                                
0     0000d330  ADCB2_ISR                                
0     0000d33a  ADCB3_ISR                                
0     0000d344  ADCB4_ISR                                
0     0000d34e  ADCB_EVT_ISR                             
0     0000d358  ADCC1_ISR                                
0     0000d362  ADCC2_ISR                                
0     0000d36c  ADCC3_ISR                                
0     0000d376  ADCC4_ISR                                
0     0000d380  ADCC_EVT_ISR                             
0     0000d38a  ADCD1_ISR                                
0     0000d394  ADCD2_ISR                                
0     0000d39e  ADCD3_ISR                                
0     0000d3a8  ADCD4_ISR                                
0     0000d3b2  ADCD_EVT_ISR                             
0     0000912e  ADC_setINLTrim                           
0     00009938  ADC_setMode                              
0     00009292  ADC_setOffsetTrim                        
0     0000d103  Bit_Encoder_Check                        
0     0000d171  Bit_FaultReset                           
0     0000d288  Bit_GateFault_Check                      
0     0000cffc  Bit_Init                                 
0     00009bb4  Bit_MotorOverSpeed_Check                 
0     00009af1  Bit_MotorStall_Check                     
0     0000950b  Bit_OvCurrent_Check                      
0     00009e7c  Bit_OvTemperature_Check                  
0     0000969e  Bit_OvVoltage_Check                      
0     0000d24d  Bit_RunCBIT                              
0     0000d25c  Bit_RunPBIT                              
0     00009d72  C$$EXIT                                  
0     0000d3bc  CANA0_ISR                                
0     0000d3c6  CANA1_ISR                                
0     0000d3d0  CANB0_ISR                                
0     0000d3da  CANB1_ISR                                
0     0000d3e4  CIPC0_ISR                                
0     0000d3ee  CIPC1_ISR                                
0     0000d3f8  CIPC2_ISR                                
0     0000d402  CIPC3_ISR                                
0     0000d40c  CLA1CRC_ISR                              
0     0000d416  CLA1_1_ISR                               
0     0000d420  CLA1_2_ISR                               
0     0000d42a  CLA1_3_ISR                               
0     0000d434  CLA1_4_ISR                               
0     0000d43e  CLA1_5_ISR                               
0     0000d448  CLA1_6_ISR                               
0     0000d452  CLA1_7_ISR                               
0     0000d45c  CLA1_8_ISR                               
0     0000d466  CLA_OVERFLOW_ISR                         
0     0000d470  CLA_UNDERFLOW_ISR                        
0     0000d47a  CLB1_ISR                                 
0     0000d484  CLB2_ISR                                 
0     0000d48e  CLB3_ISR                                 
0     0000d498  CLB4_ISR                                 
0     0000d4a2  CLB5_ISR                                 
0     0000d4ac  CLB6_ISR                                 
0     0000d4b6  CLB7_ISR                                 
0     0000d4c0  CLB8_ISR                                 
0     0000d4ca  CMTOCPUXIPC0_ISR                         
0     0000d4d4  CMTOCPUXIPC1_ISR                         
0     0000d4de  CMTOCPUXIPC2_ISR                         
0     0000d4e8  CMTOCPUXIPC3_ISR                         
0     0000d4f2  CMTOCPUXIPC4_ISR                         
0     0000d4fc  CMTOCPUXIPC5_ISR                         
0     0000d506  CMTOCPUXIPC6_ISR                         
0     0000d510  CMTOCPUXIPC7_ISR                         
0     0000d51a  CM_STATUS_ISR                            
0     0000d524  CPUCRC_ISR                               
0     00009f48  CPUTimer_setEmulationMode                
0     0000cf3f  CalcAdcData                              
0     0000d1e5  Control_Init                             
0     00009abf  Control_SaveOffsetToFram                 
0     0000d295  Control_SystemOperation                  
0     0000d52e  DATALOG_ISR                              
0     0000c3ab  DCC_verifyClockFrequency                 
0     0000d538  DMA_CH1_ISR                              
0     0000d542  DMA_CH2_ISR                              
0     0000d54c  DMA_CH3_ISR                              
0     0000d556  DMA_CH4_ISR                              
0     0000d560  DMA_CH5_ISR                              
0     0000d56a  DMA_CH6_ISR                              
0     0000c65a  Device_enableAllPeripherals              
0     0000d2d3  Device_enableUnbondedGPIOPullups         
0     0000d199  Device_enableUnbondedGPIOPullupsFor176Pin
0     00008a17  Device_init                              
0     00009e10  Device_initGPIO                          
0     0000d000  Device_verifyXTAL                        
0     0000d11a  Dio_Init                                 
0     0000a18a  Dio_UpdateInput                          
0     0000d574  ECAP1_ISR                                
0     0000d57e  ECAP2_ISR                                
0     0000d588  ECAP3_ISR                                
0     0000d592  ECAP4_ISR                                
0     0000d59c  ECAP5_ISR                                
0     0000d5a6  ECAP6_2_ISR                              
0     0000d5b0  ECAP6_ISR                                
0     0000d5ba  ECAP7_2_ISR                              
0     0000d5c4  ECAP7_ISR                                
0     0000d5ce  ECATRST_ISR                              
0     0000d5d8  ECATSYNC0_ISR                            
0     0000d5e2  ECATSYNC1_ISR                            
0     0000d5ec  ECAT_ISR                                 
0     0000d2a2  EMPTY_ISR                                
0     0000d5f6  EMU_ISR                                  
0     0000d600  EPWM10_ISR                               
0     0000d60a  EPWM10_TZ_ISR                            
0     0000d614  EPWM11_ISR                               
0     0000d61e  EPWM11_TZ_ISR                            
0     0000d628  EPWM12_ISR                               
0     0000d632  EPWM12_TZ_ISR                            
0     0000d63c  EPWM13_ISR                               
0     0000d646  EPWM13_TZ_ISR                            
0     0000d650  EPWM14_ISR                               
0     0000d65a  EPWM14_TZ_ISR                            
0     0000d664  EPWM15_ISR                               
0     0000d66e  EPWM15_TZ_ISR                            
0     0000d678  EPWM16_ISR                               
0     0000d682  EPWM16_TZ_ISR                            
0     0000d68c  EPWM1_ISR                                
0     0000d696  EPWM1_TZ_ISR                             
0     0000d6a0  EPWM2_ISR                                
0     0000d6aa  EPWM2_TZ_ISR                             
0     0000d6b4  EPWM3_ISR                                
0     0000d6be  EPWM3_TZ_ISR                             
0     0000d6c8  EPWM4_ISR                                
0     0000d6d2  EPWM4_TZ_ISR                             
0     0000d6dc  EPWM5_ISR                                
0     0000d6e6  EPWM5_TZ_ISR                             
0     0000d6f0  EPWM6_ISR                                
0     0000d6fa  EPWM6_TZ_ISR                             
0     0000d704  EPWM7_ISR                                
0     0000d70e  EPWM7_TZ_ISR                             
0     0000d718  EPWM8_ISR                                
0     0000d722  EPWM8_TZ_ISR                             
0     0000d72c  EPWM9_ISR                                
0     0000d736  EPWM9_TZ_ISR                             
0     0000918f  EPWM_setEmulationMode                    
0     0000d740  EQEP1_ISR                                
0     0000d74a  EQEP2_ISR                                
0     0000d754  EQEP3_ISR                                
0     0000d01c  Encoder_Init                             
0     000090cc  Encoder_Init_Hardware                    
0     00009d49  Encoder_LoadOffset                       
0     00008e3c  Encoder_ReadSpiData                      
0     00008268  Encoder_UpdatePosition                   
0     00009f06  Epwm_SetMotorDuty_1x                     
0     0000d1ac  Ethernet_CalculateChecksum               
0     00009e34  Ethernet_Init                            
0     000083b9  Ethernet_ParsePacket                     
0     000094c3  Ethernet_Process                         
0     0000d185  Ethernet_ProtocolInit                    
0     00009000  Ethernet_SendMessage                     
0     000086a7  Ethernet_StateMachine                    
0     0000a1f3  F28x_usDelay                             
0     0000d75e  FMC_ISR                                  
0     0000d768  FPU_OFLOW_ISR                            
0     0000d772  FPU_UFLOW_ISR                            
0     0000d77c  FSIRXA1_ISR                              
0     0000d786  FSIRXA2_ISR                              
0     0000d790  FSIRXB1_ISR                              
0     0000d79a  FSIRXB2_ISR                              
0     0000d7a4  FSIRXC1_ISR                              
0     0000d7ae  FSIRXC2_ISR                              
0     0000d7b8  FSIRXD1_ISR                              
0     0000d7c2  FSIRXD2_ISR                              
0     0000d7cc  FSIRXE1_ISR                              
0     0000d7d6  FSIRXE2_ISR                              
0     0000d7e0  FSIRXF1_ISR                              
0     0000d7ea  FSIRXF2_ISR                              
0     0000d7f4  FSIRXG1_ISR                              
0     0000d7fe  FSIRXG2_ISR                              
0     0000d808  FSIRXH1_ISR                              
0     0000d812  FSIRXH2_ISR                              
0     0000d81c  FSITXA1_ISR                              
0     0000d826  FSITXA2_ISR                              
0     0000d830  FSITXB1_ISR                              
0     0000d83a  FSITXB2_ISR                              
0     0000db68  Fram_Init                                
0     0000d038  Fram_ReadByte                            
0     00009dea  Fram_WriteByte                           
0     00009be3  GPIO_setControllerCore                   
0     00009c9e  GPIO_setDirectionMode                    
0     000099ad  GPIO_setInterruptPin                     
0     0000942a  GPIO_setPadConfig                        
0     00009b84  GPIO_setPinConfig                        
0     00009c12  GPIO_setQualificationMode                
0     0000d844  I2CA_FIFO_ISR                            
0     0000d84e  I2CA_HIGH_ISR                            
0     0000d858  I2CA_ISR                                 
0     0000d862  I2CB_FIFO_ISR                            
0     0000d86c  I2CB_ISR                                 
0     0000d876  ILLEGAL_ISR                              
0     0003b000  IPC_CPU1_To_CPU2_GetBuffer               
0     0003a000  IPC_CPU1_To_CPU2_PutBuffer               
0     00038000  IPC_CPU_To_CM_GetBuffer                  
0     00039000  IPC_CPU_To_CM_PutBuffer                  
0     0000aa80  IPC_Instance                             
0     00009880  IPC_unregisterInterrupt                  
0     00008800  InitAdcModules                           
0     00008800  InitialAdc                               
0     00009dc3  Initial_Adc                              
0     00008890  Initial_EpwmTimer                        
0     0000d2de  Initial_Led                              
0     0000db0a  Initial_SPI                              
0     00008f89  Initial_TIMER                            
0     00009595  Initial_W6100                            
[...]
0     0000a806  ezDSP_uBRKDTCount                        
0     0000a807  ezDSP_uFECount                           
0     0000a808  ezDSP_uOECount                           
0     0000a809  ezDSP_uPECount                           
0     0000a80a  ezDSP_uWrongISRCount                     
0     0000a80b  ezDSP_ucRx                               
0     0000a80c  ezDSP_uState                             
0     0000a80d  ezDSP_uData                              
0     0000a80e  ezDSP_uChksum                            
0     0000a80f  ezDSP_uAddrRdCnt                         
0     0000a810  ezDSP_uDataRdCnt                         
0     0000a811  ezDSP_uBlockSize                         
0     0000a812  ezDSP_uBlockIndex                        
0     0000a813  ezDSP_uChkSumCalculated                  
0     0000a814  ezDSP_uCommand                           
0     0000a815  ezDSP_uISRRxCount                        
0     0000a816  ezDSP_uISRTxCount                        
0     0000a817  ezDSP_uRxFifoCnt                         
0     0000a818  ezDSP_uMaxRxFifoCnt                      
0     0000a819  ezDSP_uTxFifoCnt                         
0     0000a81a  ezDSP_uMaxTxFifoCnt                      
0     0000a81b  ezDSP_uTxFifoFullCnt                     
0     0000a81c  SCIx_BASE                                
0     0000a81e  ezDSP_ulData                             
0     0000a820  ezDSP_ulAddr                             
0     0000a822  ezDSP_ullData                            
0     0000a826  WIZCHIP                                  
0     0000a84a  xPidGain                                 
0     0000a86c  sock_pack_info                           
0     0000a886  __TI_enable_exit_profile_output          
0     0000a888  __TI_cleanup_ptr                         
0     0000a88a  __TI_dtors_ptr                           
0     0000a890  _lock                                    
0     0000a892  _unlock                                  
0     0000a894  g_isW6100Connected                       
0     0000a8c0  PieVectTableInit                         
0     0000aa80  IPC_Instance                             
0     0000ada6  xEncoder                                 
0     0000adbe  xMotorDriver                             
0     0000adc0  xEthCtrl                                 
0     0000aece  xAdc                                     
0     0000aede  xBit                                     
0     0000aeee  xLimitSwitch                             
0     0000aef0  xLimitSwitchConfig                       
0     0000aefa  adcRawData                               
0     0000af00  xMotorCtrl                               
0     0000af0a  currPid                                  
0     0000af1e  speedPid                                 
0     0000af40  posPid                                   
0     0000af54  xDio                                     
0     0000af5e  xSysCtrl                                 
0     0000af66  xTimer                                   
0     0000af6c  xLed                                     
0     0000af75  xRcvSciPcMsg1                            
0     0000af76  xXmtSciPcMsg1                            
0     0000c000  easy_RXINT_ISR                           
0     0000c3ab  DCC_verifyClockFrequency                 
0     0000c65a  Device_enableAllPeripherals              
0     0000c7c1  wiz_recv_data                            
0     0000c800  SysCtl_isPLLValid                        
0     0000ca56  easyDSP_SCI_Init                         
0     0000cbfe  SysCtl_setClock                          
0     0000cd2b  SysCtl_setAuxClock                       
0     0000ce39  sendto_W6x00                             
0     0000cf3f  CalcAdcData                              
0     0000cffc  Bit_Init                                 
0     0000d000  Device_verifyXTAL                        
0     0000d01c  Encoder_Init                             
0     0000d038  Fram_ReadByte                            
0     0000d053  LimitSwitch_Init                         
0     0000d06e  Interrupt_initVectorTable                
0     0000d0a1  recvSciPcMessage                         
0     0000d0ba  _c_int00                                 
0     0000d0d3  __c28xabi_andll                          
0     0000d0db  __c28xabi_orll                           
0     0000d0e3  __c28xabi_xorll                          
0     0000d0eb  wizchip_spi_writeburst                   
0     0000d103  Bit_Encoder_Check                        
0     0000d11a  Dio_Init                                 
0     0000d131  isr_CpuTimer1                            
0     0000d147  isr_CpuTimer2                            
0     0000d15c  wizchip_spi_readburst                    
0     0000d171  Bit_FaultReset                           
0     0000d185  Ethernet_ProtocolInit                    
0     0000d199  Device_enableUnbondedGPIOPullupsFor176Pin
0     0000d1ac  Ethernet_CalculateChecksum               
0     0000d1d2  MotorDriver_ReadReg                      
0     0000d1e5  Control_Init                             
0     0000d1f7  MotorDriver_WriteReg                     
0     0000d209  reg_wizchip_cs_cbfunc                    
0     0000d21b  _args_main                               
0     0000d22d  isr_CpuTimer0                            
0     0000d24d  Bit_RunCBIT                              
0     0000d25c  Bit_RunPBIT                              
0     0000d288  Bit_GateFault_Check                      
0     0000d295  Control_SystemOperation                  
0     0000d2a2  EMPTY_ISR                                
0     0000d2af  Interrupt_defaultHandler                 
0     0000d2bb  MotorDriver_Enable                       
0     0000d2c7  MotorDriver_SetDir                       
0     0000d2d3  Device_enableUnbondedGPIOPullups         
0     0000d2de  Initial_Led                              
0     0000d2e9  MotorDriver_Init                         
0     0000d2f4  ADCA1_ISR                                
0     0000d2fe  ADCA2_ISR                                
0     0000d308  ADCA3_ISR                                
0     0000d312  ADCA4_ISR                                
0     0000d31c  ADCA_EVT_ISR                             
0     0000d326  ADCB1_ISR                                
0     0000d330  ADCB2_ISR                                
0     0000d33a  ADCB3_ISR                                
0     0000d344  ADCB4_ISR                                
0     0000d34e  ADCB_EVT_ISR                             
0     0000d358  ADCC1_ISR                                
0     0000d362  ADCC2_ISR                                
0     0000d36c  ADCC3_ISR                                
0     0000d376  ADCC4_ISR                                
0     0000d380  ADCC_EVT_ISR                             
0     0000d38a  ADCD1_ISR                                
0     0000d394  ADCD2_ISR                                
0     0000d39e  ADCD3_ISR                                
0     0000d3a8  ADCD4_ISR                                
0     0000d3b2  ADCD_EVT_ISR                             
0     0000d3bc  CANA0_ISR                                
0     0000d3c6  CANA1_ISR                                
0     0000d3d0  CANB0_ISR                                
0     0000d3da  CANB1_ISR                                
0     0000d3e4  CIPC0_ISR                                
0     0000d3ee  CIPC1_ISR                                
0     0000d3f8  CIPC2_ISR                                
0     0000d402  CIPC3_ISR                                
0     0000d40c  CLA1CRC_ISR                              
0     0000d416  CLA1_1_ISR                               
0     0000d420  CLA1_2_ISR                               
0     0000d42a  CLA1_3_ISR                               
0     0000d434  CLA1_4_ISR                               
0     0000d43e  CLA1_5_ISR                               
0     0000d448  CLA1_6_ISR                               
0     0000d452  CLA1_7_ISR                               
0     0000d45c  CLA1_8_ISR                               
0     0000d466  CLA_OVERFLOW_ISR                         
0     0000d470  CLA_UNDERFLOW_ISR                        
0     0000d47a  CLB1_ISR                                 
0     0000d484  CLB2_ISR                                 
0     0000d48e  CLB3_ISR                                 
0     0000d498  CLB4_ISR                                 
0     0000d4a2  CLB5_ISR                                 
0     0000d4ac  CLB6_ISR                                 
0     0000d4b6  CLB7_ISR                                 
0     0000d4c0  CLB8_ISR                                 
0     0000d4ca  CMTOCPUXIPC0_ISR                         
0     0000d4d4  CMTOCPUXIPC1_ISR                         
0     0000d4de  CMTOCPUXIPC2_ISR                         
0     0000d4e8  CMTOCPUXIPC3_ISR                         
0     0000d4f2  CMTOCPUXIPC4_ISR                         
0     0000d4fc  CMTOCPUXIPC5_ISR                         
0     0000d506  CMTOCPUXIPC6_ISR                         
0     0000d510  CMTOCPUXIPC7_ISR                         
0     0000d51a  CM_STATUS_ISR                            
0     0000d524  CPUCRC_ISR                               
0     0000d52e  DATALOG_ISR                              
0     0000d538  DMA_CH1_ISR                              
0     0000d542  DMA_CH2_ISR                              
0     0000d54c  DMA_CH3_ISR                              
0     0000d556  DMA_CH4_ISR                              
0     0000d560  DMA_CH5_ISR                              
0     0000d56a  DMA_CH6_ISR                              
0     0000d574  ECAP1_ISR                                
0     0000d57e  ECAP2_ISR                                
0     0000d588  ECAP3_ISR                                
0     0000d592  ECAP4_ISR                                
0     0000d59c  ECAP5_ISR                                
0     0000d5a6  ECAP6_2_ISR                              
0     0000d5b0  ECAP6_ISR                                
0     0000d5ba  ECAP7_2_ISR                              
0     0000d5c4  ECAP7_ISR                                
0     0000d5ce  ECATRST_ISR                              
0     0000d5d8  ECATSYNC0_ISR                            
0     0000d5e2  ECATSYNC1_ISR                            
0     0000d5ec  ECAT_ISR                                 
0     0000d5f6  EMU_ISR                                  
0     0000d600  EPWM10_ISR                               
0     0000d60a  EPWM10_TZ_ISR                            
0     0000d614  EPWM11_ISR                               
0     0000d61e  EPWM11_TZ_ISR                            
0     0000d628  EPWM12_ISR                               
0     0000d632  EPWM12_TZ_ISR                            
0     0000d63c  EPWM13_ISR                               
0     0000d646  EPWM13_TZ_ISR                            
0     0000d650  EPWM14_ISR                               
0     0000d65a  EPWM14_TZ_ISR                            
0     0000d664  EPWM15_ISR                               
0     0000d66e  EPWM15_TZ_ISR                            
0     0000d678  EPWM16_ISR                               
0     0000d682  EPWM16_TZ_ISR                            
0     0000d68c  EPWM1_ISR                                
0     0000d696  EPWM1_TZ_ISR                             
0     0000d6a0  EPWM2_ISR                                
0     0000d6aa  EPWM2_TZ_ISR                             
0     0000d6b4  EPWM3_ISR                                
0     0000d6be  EPWM3_TZ_ISR                             
0     0000d6c8  EPWM4_ISR                                
0     0000d6d2  EPWM4_TZ_ISR                             
0     0000d6dc  EPWM5_ISR                                
0     0000d6e6  EPWM5_TZ_ISR                             
0     0000d6f0  EPWM6_ISR                                
0     0000d6fa  EPWM6_TZ_ISR                             
0     0000d704  EPWM7_ISR                                
0     0000d70e  EPWM7_TZ_ISR                             
0     0000d718  EPWM8_ISR                                
0     0000d722  EPWM8_TZ_ISR                             
0     0000d72c  EPWM9_ISR                                
0     0000d736  EPWM9_TZ_ISR                             
0     0000d740  EQEP1_ISR                                
0     0000d74a  EQEP2_ISR                                
0     0000d754  EQEP3_ISR                                
0     0000d75e  FMC_ISR                                  
0     0000d768  FPU_OFLOW_ISR                            
0     0000d772  FPU_UFLOW_ISR                            
0     0000d77c  FSIRXA1_ISR                              
0     0000d786  FSIRXA2_ISR                              
0     0000d790  FSIRXB1_ISR                              
0     0000d79a  FSIRXB2_ISR                              
0     0000d7a4  FSIRXC1_ISR                              
0     0000d7ae  FSIRXC2_ISR                              
0     0000d7b8  FSIRXD1_ISR                              
0     0000d7c2  FSIRXD2_ISR                              
0     0000d7cc  FSIRXE1_ISR                              
0     0000d7d6  FSIRXE2_ISR                              
0     0000d7e0  FSIRXF1_ISR                              
0     0000d7ea  FSIRXF2_ISR                              
0     0000d7f4  FSIRXG1_ISR                              
0     0000d7fe  FSIRXG2_ISR                              
0     0000d808  FSIRXH1_ISR                              
0     0000d812  FSIRXH2_ISR                              
0     0000d81c  FSITXA1_ISR                              
0     0000d826  FSITXA2_ISR                              
0     0000d830  FSITXB1_ISR                              
0     0000d83a  FSITXB2_ISR                              
0     0000d844  I2CA_FIFO_ISR                            
0     0000d84e  I2CA_HIGH_ISR                            
0     0000d858  I2CA_ISR                                 
0     0000d862  I2CB_FIFO_ISR                            
0     0000d86c  I2CB_ISR                                 
0     0000d876  ILLEGAL_ISR                              
0     0000d880  Interrupt_illegalOperationHandler        
0     0000d88a  Interrupt_nmiHandler                     
0     0000d894  MCANA_0_ISR                              
0     0000d89e  MCANA_1_ISR                              
0     0000d8a8  MCANA_ECC_ISR                            
0     0000d8b2  MCANA_WAKE_ISR                           
0     0000d8bc  MCBSPA_RX_ISR                            
0     0000d8c6  MCBSPA_TX_ISR                            
0     0000d8d0  MCBSPB_RX_ISR                            
0     0000d8da  MCBSPB_TX_ISR                            
0     0000d8e4  MPOST_ISR                                
0     0000d8ee  NMI_ISR                                  
0     0000d8f8  NOTUSED_ISR                              
0     0000d902  PIE_RESERVED_ISR                         
0     0000d90c  PMBUSA_ISR                               
0     0000d916  RTOS_ISR                                 
0     0000d920  SCIA_RX_ISR                              
0     0000d92a  SCIA_TX_ISR                              
0     0000d934  SCIB_RX_ISR                              
0     0000d93e  SCIB_TX_ISR                              
0     0000d948  SCIC_RX_ISR                              
0     0000d952  SCIC_TX_ISR                              
0     0000d95c  SCID_RX_ISR                              
0     0000d966  SCID_TX_ISR                              
0     0000d970  SDFM1DR1_ISR                             
0     0000d97a  SDFM1DR2_ISR                             
0     0000d984  SDFM1DR3_ISR                             
0     0000d98e  SDFM1DR4_ISR                             
0     0000d998  SDFM1_ISR                                
0     0000d9a2  SDFM2DR1_ISR                             
0     0000d9ac  SDFM2DR2_ISR                             
0     0000d9b6  SDFM2DR3_ISR                             
0     0000d9c0  SDFM2DR4_ISR                             
0     0000d9ca  SDFM2_ISR                                
0     0000d9d4  SPIA_RX_ISR                              
0     0000d9de  SPIA_TX_ISR                              
0     0000d9e8  SPIB_RX_ISR                              
0     0000d9f2  SPIB_TX_ISR                              
0     0000d9fc  SPIC_RX_ISR                              
0     0000da06  SPIC_TX_ISR                              
0     0000da10  SPID_RX_ISR                              
0     0000da1a  SPID_TX_ISR                              
0     0000da24  SYS_ERR_ISR                              
0     0000da2e  TIMER0_ISR                               
0     0000da38  TIMER1_ISR                               
0     0000da42  TIMER2_ISR                               
0     0000da4c  USBA_ISR                                 
0     0000da56  USER10_ISR                               
0     0000da60  USER11_ISR                               
0     0000da6a  USER12_ISR                               
0     0000da74  USER1_ISR                                
0     0000da7e  USER2_ISR                                
0     0000da88  USER3_ISR                                
0     0000da92  USER4_ISR                                
0     0000da9c  USER5_ISR                                
0     0000daa6  USER6_ISR                                
0     0000dab0  USER7_ISR                                
0     0000daba  USER8_ISR                                
0     0000dac4  USER9_ISR                                
0     0000dace  WAKE_ISR                                 
0     0000dad8  XINT1_ISR                                
0     0000dae2  XINT2_ISR                                
0     0000daec  XINT3_ISR                                
0     0000daf6  XINT4_ISR                                
0     0000db00  XINT5_ISR                                
0     0000db0a  Initial_SPI                              
0     0000db13  MotorDriver_ClearFaults                  
0     0000db1c  _register_unlock                         
0     0000db20  _register_lock                           
0     0000db24  _nop                                     
0     0000db2d  __TI_decompress_none                     
0     0000db3d  setLedModeToggle                         
0     0000db45  MotorDriver_UpdateStatus                 
0     0000db4c  Spid_CsHigh                              
0     0000db53  Spid_CsLow                               
0     0000db61  memset                                   
0     0000db68  Fram_Init                                
0     0000db6e  __TI_zero_init                           
0     0000db74  spia_cs_desel                            
0     0000db7a  spia_cs_sel                              
0     0000db93  __error__                                
0     0000db99  _system_pre_init                         
0     0000db9b  wizchip_spi_readbyte                     
0     0000db9d  wizchip_cris_enter                       
0     0000db9e  wizchip_cris_exit                        
0     0000db9f  wizchip_cs_deselect                      
0     0000dba0  wizchip_cs_select                        
0     0000dba1  wizchip_spi_writebyte                    
0     00010040  xQueSCI_PC                               
0     00038000  IPC_CPU_To_CM_GetBuffer                  
0     00039000  IPC_CPU_To_CM_PutBuffer                  
0     0003a000  IPC_CPU1_To_CPU2_PutBuffer               
0     0003b000  IPC_CPU1_To_CPU2_GetBuffer               
1     00000d00  PieVectTable                             
abs   00000100  __TI_STACK_SIZE                          
abs   ffffffff  __TI_pprof_out_hndl                      
abs   ffffffff  __TI_prof_data_size                      
abs   ffffffff  __TI_prof_data_start                     
abs   ffffffff  __c_args__                               

[459 symbols]
