******************************************************************************
             TMS320C2000 Linker PC v25.11.0                    
******************************************************************************
>> Linked Thu Jun 11 15:00:29 2026

OUTPUT FILE NAME:   <ATTLA_T_CPU1.out>
ENTRY POINT SYMBOL: "code_start"  address: 00000000


MEMORY CONFIGURATION

         name            origin    length      used     unused   attr    fill
----------------------  --------  ---------  --------  --------  ----  --------
PAGE 0:
  BEGIN                 00000000   00000002  00000002  00000000  RWIX
  BOOT_RSVD             00000002   000001af  00000000  000001af  RWIX
  RAMM0                 000001b1   0000024f  00000042  0000020d  RWIX
  RAMM1                 00000400   000003f8  00000100  000002f8  RWIX
  RAMLS0                00008000   00000800  00000800  00000000  RWIX
  RAMLS1                00008800   00000800  00000800  00000000  RWIX
  RAMLS2                00009000   00000800  00000800  00000000  RWIX
  RAMLS3                00009800   00000800  00000800  00000000  RWIX
  RAMLS4                0000a000   00000800  00000008  000007f8  RWIX
  RAMLS5                0000a800   00000800  000006cb  00000135  RWIX
  RAMLS6                0000b000   00000800  00000000  00000800  RWIX
  RAMLS7                0000b800   00000800  00000000  00000800  RWIX
  RAMD0                 0000c000   00000800  00000800  00000000  RWIX
  RAMD1                 0000c800   00000800  00000800  00000000  RWIX
  RAMGS0                0000d000   00001000  00000b4d  000004b3  RWIX
  RAMGS1                0000e000   00001000  00000000  00001000  RWIX
  RAMGS2                0000f000   00001000  00000000  00001000  RWIX
  RAMGS3                00010000   00001000  00000000  00001000  RWIX
  RAMGS4                00011000   00001000  00000000  00001000  RWIX
  RAMGS5                00012000   00001000  00000000  00001000  RWIX
  RAMGS6                00013000   00001000  00000000  00001000  RWIX
  RAMGS7                00014000   00001000  00000000  00001000  RWIX
  RAMGS8                00015000   00001000  00000000  00001000  RWIX
  RAMGS9                00016000   00001000  00000000  00001000  RWIX
  RAMGS10               00017000   00001000  00000000  00001000  RWIX
  RAMGS11               00018000   00001000  00000000  00001000  RWIX
  RAMGS12               00019000   00001000  00000000  00001000  RWIX
  RAMGS13               0001a000   00001000  00000000  00001000  RWIX
  RAMGS14               0001b000   00001000  00000000  00001000  RWIX
  RAMGS15               0001c000   00000ff8  00000000  00000ff8  RWIX
  CMTOCPURAM            00038000   00000800  00000088  00000778  RWIX
  CPUTOCMRAM            00039000   00000800  00000088  00000778  RWIX
  CPU1TOCPU2RAM         0003a000   00000800  00000088  00000778  RWIX
  CPU2TOCPU1RAM         0003b000   00000800  00000088  00000778  RWIX
  CANA_MSG_RAM          00049000   00000800  00000000  00000800  RWIX
  CANB_MSG_RAM          0004b000   00000800  00000000  00000800  RWIX
  FLASH0                00080000   00002000  00000000  00002000  RWIX
  FLASH1                00082000   00002000  00000000  00002000  RWIX
  FLASH2                00084000   00002000  00000000  00002000  RWIX
  FLASH3                00086000   00002000  00000000  00002000  RWIX
  FLASH4                00088000   00008000  00000000  00008000  RWIX
  FLASH5                00090000   00008000  00000000  00008000  RWIX
  FLASH6                00098000   00008000  00000000  00008000  RWIX
  FLASH7                000a0000   00008000  00000000  00008000  RWIX
  FLASH8                000a8000   00008000  00000000  00008000  RWIX
  FLASH9                000b0000   00008000  00000000  00008000  RWIX
  FLASH10               000b8000   00002000  00000000  00002000  RWIX
  FLASH11               000ba000   00002000  00000000  00002000  RWIX
  FLASH12               000bc000   00002000  00000000  00002000  RWIX
  FLASH13               000be000   00002000  00000000  00002000  RWIX
  RESET                 003fffc0   00000002  00000000  00000002  RWIX

PAGE 1:
  ADCARESULT            00000b00   00000018  00000000  00000018  RWIX
  ADCBRESULT            00000b20   00000018  00000000  00000018  RWIX
  ADCCRESULT            00000b40   00000018  00000000  00000018  RWIX
  ADCDRESULT            00000b60   00000018  00000000  00000018  RWIX
  CPUTIMER0             00000c00   00000008  00000000  00000008  RWIX
  CPUTIMER1             00000c08   00000008  00000000  00000008  RWIX
  CPUTIMER2             00000c10   00000008  00000000  00000008  RWIX
  PIECTRL               00000ce0   0000001a  00000000  0000001a  RWIX
  PIEVECTTABLE          00000d00   00000200  00000000  00000200  RWIX
  DMA                   00001000   00000200  00000000  00000200  RWIX
  CLA1                  00001400   00000080  00000000  00000080  RWIX
  CLB1LOGICCFG          00003000   00000052  00000000  00000052  RWIX
  CLB1LOGICCTRL         00003100   00000040  00000000  00000040  RWIX
  CLB1DATAEXCH          00003180   00000080  00000000  00000080  RWIX
  CLB2LOGICCFG          00003200   00000052  00000000  00000052  RWIX
  CLB2LOGICCTRL         00003300   00000040  00000000  00000040  RWIX
  CLB2DATAEXCH          00003380   00000080  00000000  00000080  RWIX
  CLB3LOGICCFG          00003400   00000052  00000000  00000052  RWIX
  CLB3LOGICCTRL         00003500   00000040  00000000  00000040  RWIX
  CLB3DATAEXCH          00003580   00000080  00000000  00000080  RWIX
  CLB4LOGICCFG          00003600   00000052  00000000  00000052  RWIX
  CLB4LOGICCTRL         00003700   00000040  00000000  00000040  RWIX
  CLB4DATAEXCH          00003780   00000080  00000000  00000080  RWIX
  CLB5LOGICCFG          00003800   00000052  00000000  00000052  RWIX
  CLB5LOGICCTRL         00003900   00000040  00000000  00000040  RWIX
  CLB5DATAEXCH          00003980   00000080  00000000  00000080  RWIX
  CLB6LOGICCFG          00003a00   00000052  00000000  00000052  RWIX
  CLB6LOGICCTRL         00003b00   00000040  00000000  00000040  RWIX
  CLB6DATAEXCH          00003b80   00000080  00000000  00000080  RWIX
  CLB7LOGICCFG          00003c00   00000052  00000000  00000052  RWIX
  CLB7LOGICCTRL         00003d00   00000040  00000000  00000040  RWIX
  CLB7DATAEXCH          00003d80   00000080  00000000  00000080  RWIX
  CLB8LOGICCFG          00003e00   00000052  00000000  00000052  RWIX
  CLB8LOGICCTRL         00003f00   00000040  00000000  00000040  RWIX
  CLB8DATAEXCH          00003f80   00000080  00000000  00000080  RWIX
  EPWM1                 00004000   00000100  00000000  00000100  RWIX
  EPWM2                 00004100   00000100  00000000  00000100  RWIX
  EPWM3                 00004200   00000100  00000000  00000100  RWIX
  EPWM4                 00004300   00000100  00000000  00000100  RWIX
  EPWM5                 00004400   00000100  00000000  00000100  RWIX
  EPWM6                 00004500   00000100  00000000  00000100  RWIX
  EPWM7                 00004600   00000100  00000000  00000100  RWIX
  EPWM8                 00004700   00000100  00000000  00000100  RWIX
  EPWM9                 00004800   00000100  00000000  00000100  RWIX
  EPWM10                00004900   00000100  00000000  00000100  RWIX
  EPWM11                00004a00   00000100  00000000  00000100  RWIX
  EPWM12                00004b00   00000100  00000000  00000100  RWIX
  EPWM13                00004c00   00000100  00000000  00000100  RWIX
  EPWM14                00004d00   00000100  00000000  00000100  RWIX
  EPWM15                00004e00   00000100  00000000  00000100  RWIX
  EPWM16                00004f00   00000100  00000000  00000100  RWIX
  EQEP1                 00005100   00000040  00000000  00000040  RWIX
  EQEP2                 00005140   00000040  00000000  00000040  RWIX
  EQEP3                 00005180   00000040  00000000  00000040  RWIX
  ECAP1                 00005200   00000020  00000000  00000020  RWIX
  ECAP2                 00005240   00000020  00000000  00000020  RWIX
  ECAP3                 00005280   00000020  00000000  00000020  RWIX
  ECAP4                 000052c0   00000020  00000000  00000020  RWIX
  ECAP5                 00005300   00000020  00000000  00000020  RWIX
  ECAP6                 00005340   00000020  00000000  00000020  RWIX
  HRCAP6                00005360   00000020  00000000  00000020  RWIX
  ECAP7                 00005380   00000020  00000000  00000020  RWIX
  HRCAP7                000053a0   00000020  00000000  00000020  RWIX
  DACA                  00005c00   00000008  00000000  00000008  RWIX
  DACB                  00005c10   00000008  00000000  00000008  RWIX
  DACC                  00005c20   00000008  00000000  00000008  RWIX
  CMPSS1                00005c80   00000020  00000000  00000020  RWIX
  CMPSS2                00005ca0   00000020  00000000  00000020  RWIX
  CMPSS3                00005cc0   00000020  00000000  00000020  RWIX
  CMPSS4                00005ce0   00000020  00000000  00000020  RWIX
  CMPSS5                00005d00   00000020  00000000  00000020  RWIX
  CMPSS6                00005d20   00000020  00000000  00000020  RWIX
  CMPSS7                00005d40   00000020  00000000  00000020  RWIX
  CMPSS8                00005d60   00000020  00000000  00000020  RWIX
  SDFM1                 00005e00   00000080  00000000  00000080  RWIX
  SDFM2                 00005e80   00000080  00000000  00000080  RWIX
  MCBSPA                00006000   00000024  00000000  00000024  RWIX
  MCBSPB                00006040   00000024  00000000  00000024  RWIX
  SPIA                  00006100   00000010  00000000  00000010  RWIX
  SPIB                  00006110   00000010  00000000  00000010  RWIX
  SPIC                  00006120   00000010  00000000  00000010  RWIX
  SPID                  00006130   00000010  00000000  00000010  RWIX
  BGCRCCPU              00006340   00000040  00000000  00000040  RWIX
  BGCRCCLA1             00006380   00000040  00000000  00000040  RWIX
  PMBUSA                00006400   00000020  00000000  00000020  RWIX
  FSITXA                00006600   00000050  00000000  00000050  RWIX
  FSIRXA                00006680   00000050  00000000  00000050  RWIX
  FSITXB                00006700   00000050  00000000  00000050  RWIX
  FSIRXB                00006780   00000050  00000000  00000050  RWIX
  FSIRXC                00006880   00000050  00000000  00000050  RWIX
  FSIRXD                00006980   00000050  00000000  00000050  RWIX
  FSIRXE                00006a80   00000050  00000000  00000050  RWIX
  FSIRXF                00006b80   00000050  00000000  00000050  RWIX
  FSIRXG                00006c80   00000050  00000000  00000050  RWIX
  FSIRXH                00006d80   00000050  00000000  00000050  RWIX
  WD                    00007000   0000002c  00000000  0000002c  RWIX
  NMIINTRUPT            00007060   00000010  00000000  00000010  RWIX
  XINT                  00007070   0000000c  00000000  0000000c  RWIX
  SCIA                  00007200   00000010  00000000  00000010  RWIX
  SCIB                  00007210   00000010  00000000  00000010  RWIX
  SCIC                  00007220   00000010  00000000  00000010  RWIX
  SCID                  00007230   00000010  00000000  00000010  RWIX
  I2CA                  00007300   00000022  00000000  00000022  RWIX
  I2CB                  00007340   00000022  00000000  00000022  RWIX
  ADCA                  00007400   00000080  00000000  00000080  RWIX
  ADCB                  00007480   00000080  00000000  00000080  RWIX
  ADCC                  00007500   00000080  00000000  00000080  RWIX
  ADCD                  00007580   00000080  00000000  00000080  RWIX
  INPUTXBAR             00007900   00000020  00000000  00000020  RWIX
  XBAR                  00007920   00000020  00000000  00000020  RWIX
  SYNCSOC               00007940   00000006  00000000  00000006  RWIX
  CLBINPUTXBAR          00007960   00000020  00000000  00000020  RWIX
  DMACLASRCSEL          00007980   0000001a  00000000  0000001a  RWIX
  EPWMXBAR              00007a00   00000040  00000000  00000040  RWIX
  CLBXBAR               00007a40   00000040  00000000  00000040  RWIX
  OUTPUTXBAR            00007a80   00000040  00000000  00000040  RWIX
  CLBOUTPUTXBAR         00007bc0   00000040  00000000  00000040  RWIX
  GPIOCTRL              00007c00   00000200  00000000  00000200  RWIX
  GPIODATA              00007f00   00000040  00000030  00000010  RWIX
  GPIODATAREAD          00007f80   00000010  00000000  00000010  RWIX
  EMIF1                 00047000   00000070  00000000  00000070  RWIX
  EMIF2                 00047800   00000070  00000000  00000070  RWIX
  CANA                  00048000   00000200  00000000  00000200  RWIX
  CANB                  0004a000   00000200  00000000  00000200  RWIX
  ESCSS                 00057e00   00000024  00000000  00000024  RWIX
  ESCSSCONFIG           00057f00   00000016  00000000  00000016  RWIX
  MCANASS               0005c400   0000002c  00000000  0000002c  RWIX
  MCANA                 0005c600   00000100  00000000  00000100  RWIX
  MCANAERR              0005c800   00000210  00000000  00000210  RWIX
  CPU1TOCPU2IPC         0005ce00   00000026  00000000  00000026  RWIX
  CPU1TOCMIPC           0005ce40   00000026  00000000  00000026  RWIX
  DEVCFG                0005d000   000001a0  00000000  000001a0  RWIX
  CLKCFG                0005d200   00000100  00000000  00000100  RWIX
  CPUSYS                0005d300   000000a0  00000000  000000a0  RWIX
  SYSSTATUS             0005d400   00000100  00000000  00000100  RWIX
  SYSPERIPHAC           0005d500   00000200  00000000  00000200  RWIX
  ANALOGSUBSYS          0005d700   00000100  0000003e  000000c2  RWIX
  CMCONF                0005dc00   00000400  00000000  00000400  RWIX
  DCC0                  0005e700   00000038  00000000  00000038  RWIX
  DCC1                  0005e740   00000038  00000000  00000038  RWIX
  DCC2                  0005e780   00000038  00000000  00000038  RWIX
  ERADGLOBAL            0005e800   00000014  00000000  00000014  RWIX
  ERADHWBP1             0005e900   00000008  00000000  00000008  RWIX
  ERADHWBP2             0005e908   00000008  00000000  00000008  RWIX
  ERADHWBP3             0005e910   00000008  00000000  00000008  RWIX
  ERADHWBP4             0005e918   00000008  00000000  00000008  RWIX
  ERADHWBP5             0005e920   00000008  00000000  00000008  RWIX
  ERADHWBP6             0005e928   00000008  00000000  00000008  RWIX
  ERADHWBP7             0005e930   00000008  00000000  00000008  RWIX
  ERADHWBP8             0005e938   00000008  00000000  00000008  RWIX
  ERADCOUNTER1          0005e980   00000010  00000000  00000010  RWIX
  ERADCOUNTER2          0005e990   00000010  00000000  00000010  RWIX
  ERADCOUNTER3          0005e9a0   00000010  00000000  00000010  RWIX
  ERADCOUNTER4          0005e9b0   00000010  00000000  00000010  RWIX
  ERADCRCGLOBAL         0005ea00   00000010  00000000  00000010  RWIX
  ERADCRC1              0005ea10   00000010  00000000  00000010  RWIX
  ERADCRC2              0005ea20   00000010  00000000  00000010  RWIX
  ERADCRC3              0005ea30   00000010  00000000  00000010  RWIX
  ERADCRC4              0005ea40   00000010  00000000  00000010  RWIX
  ERADCRC5              0005ea50   00000010  00000000  00000010  RWIX
  ERADCRC6              0005ea60   00000010  00000000  00000010  RWIX
  ERADCRC7              0005ea70   00000010  00000000  00000010  RWIX
  ERADCRC8              0005ea80   00000010  00000000  00000010  RWIX
  DCSMZ1                0005f000   0000003e  00000000  0000003e  RWIX
  DCSMZ2                0005f080   0000003e  00000000  0000003e  RWIX
  DCSMCOMMON            0005f0c0   00000020  00000000  00000020  RWIX
  MEMCFG                0005f400   000000c0  00000000  000000c0  RWIX
  EMIF1CONFIG           0005f4c0   00000020  00000000  00000020  RWIX
  EMIF2CONFIG           0005f4e0   00000020  00000000  00000020  RWIX
  ACCESSPROTECTION      0005f500   00000040  00000000  00000040  RWIX
  MEMORYERROR           0005f540   00000040  00000000  00000040  RWIX
  ROMWAITSTATE          0005f580   00000008  00000000  00000008  RWIX
  ROMPREFETCH           0005f588   00000008  00000000  00000008  RWIX
  TESTERROR             0005f590   00000010  00000000  00000010  RWIX
  FLASH0CTRL            0005f800   00000182  00000000  00000182  RWIX
  FLASH0ECC             0005fb00   00000028  00000000  00000028  RWIX
  UID                   00070200   00000010  00000000  00000010  RWIX
  DCSMZ1OTP             00078000   00000020  00000000  00000020  RWIX
  DCSMZ2OTP             00078200   00000020  00000000  00000020  RWIX


SECTION ALLOCATION MAP

 output                                  attributes/
section   page    origin      length       input sections
--------  ----  ----------  ----------   ----------------
codestart 
*          0    00000000    00000002     
                  00000000    00000002     f2838x_codestartbranch.obj (codestart)

.cinit     0    000001b2    00000042     
                  000001b2    0000002f     (.cinit..data.load) [load image, compression = lzss]
                  000001e1    00000001     --HOLE-- [fill = 0]
                  000001e2    00000006     (__TI_handler_table)
                  000001e8    00000004     (.cinit..bss.load) [load image, compression = zero_init]
                  000001ec    00000008     (__TI_cinit_table)

.reset     0    003fffc0    00000000     DSECT

.stack     0    00000400    00000100     UNINITIALIZED
                  00000400    00000100     --HOLE--

.init_array 
*          0    000001b1    00000000     UNINITIALIZED

.data      0    0000a800    000000a2     UNINITIALIZED
                  0000a800    00000026     easy28x_driverlib_v12.2.obj (.data)
                  0000a826    0000001a     wizchip_conf.obj (.data)
                  0000a840    00000012     csu_Adc.obj (.data)
                  0000a852    00000010     csu_Encoder.obj (.data)
                  0000a862    0000000e     csu_Bit.obj (.data)
                  0000a870    0000000c     csu_MotorCtrl.obj (.data)
                  0000a87c    00000003     socket.obj (.data)
                  0000a87f    00000001     --HOLE--
                  0000a880    00000008     csu_Control.obj (.data)
                  0000a888    00000008     socket.obj (.data:sock_pack_info)
                  0000a890    00000008     socket.obj (.data:sock_remained_size)
                  0000a898    00000006     rts2800_fpu64_eabi.lib : exit.c.obj (.data)
                  0000a89e    00000002                            : _lock.c.obj (.data:_lock)
                  0000a8a0    00000002                            : _lock.c.obj (.data:_unlock)

.const     0    0000a8a2    000004d7     
                  0000a8a2    0000001d     interrupt.obj (.const:.string)
                  0000a8bf    00000001     --HOLE-- [fill = 0]
                  0000a8c0    000001c0     f2838x_pievect.obj (.const)
                  0000aa80    00000088     ipc.obj (.const:IPC_Instance)
                  0000ab08    00000031     sysctl.obj (.const:.string)
                  0000ab39    00000007     --HOLE-- [fill = 0]
                  0000ab40    00000068     hal_Ethernet.obj (.const)
                  0000aba8    0000005d     hal_Timer.obj (.const:.string)
                  0000ac05    00000001     --HOLE-- [fill = 0]
                  0000ac06    00000058     easy28x_driverlib_v12.2.obj (.const:.string)
                  0000ac5e    00000030     gpio.obj (.const:.string)
                  0000ac8e    0000002f     dcc.obj (.const:.string)
                  0000acbd    00000001     --HOLE-- [fill = 0]
                  0000acbe    0000002f     sci.obj (.const:.string)
                  0000aced    00000001     --HOLE-- [fill = 0]
                  0000acee    0000002f     spi.obj (.const:.string)
                  0000ad1d    00000001     --HOLE-- [fill = 0]
                  0000ad1e    0000001c     cputimer.obj (.const:.string)
                  0000ad3a    00000017     adc.obj (.const:.string)
                  0000ad51    00000001     --HOLE-- [fill = 0]
                  0000ad52    00000017     ipc.obj (.const:.string)
                  0000ad69    00000008     hal_Ethernet.obj (.const:$P$T0$1)
                  0000ad71    00000008     hal_Ethernet.obj (.const:$P$T1$2)

MSGRAM_CM_TO_CPU 
*          0    00038000    00000088     UNINITIALIZED
                  00038000    00000088     ipc.obj (MSGRAM_CM_TO_CPU)

MSGRAM_CPU_TO_CM 
*          0    00039000    00000088     UNINITIALIZED
                  00039000    00000088     ipc.obj (MSGRAM_CPU_TO_CM)

MSGRAM_CPU1_TO_CPU2 
*          0    0003a000    00000088     UNINITIALIZED
                  0003a000    00000088     ipc.obj (MSGRAM_CPU1_TO_CPU2)

MSGRAM_CPU2_TO_CPU1 
*          0    0003b000    00000088     UNINITIALIZED
                  0003b000    00000088     ipc.obj (MSGRAM_CPU2_TO_CPU1)

AnalogSubsysRegsFile 
*          1    0005d700    0000003e     UNINITIALIZED
                  0005d700    0000003e     f2838x_globalvariabledefs.obj (AnalogSubsysRegsFile)

GpioDataRegsFile 
*          1    00007f00    00000030     UNINITIALIZED
                  00007f00    00000030     f2838x_globalvariabledefs.obj (GpioDataRegsFile)

dcsm_z1otp_link_pointer 
*          0    00000000    00000000     

dcsm_z1otp_jlm_enable 
*          0    00000000    00000000     

dcsm_z1otp_gpreg 
*          0    00000000    00000000     

dcsm_z1otp_pswd_lock 
*          0    00000000    00000000     

dcsm_z1otp_crc_lock 
*          0    00000000    00000000     

dcsm_z1otp_jtag_pswdh 
*          0    00000000    00000000     

dcsm_z1otp_cmac_key 
*          0    00000000    00000000     

dcsm_zsel_z1 
*          0    00000000    00000000     

dcsm_z2otp_link_pointer 
*          0    00000000    00000000     

dcsm_rsvd_z2 
*          0    00000000    00000000     

dcsm_z2otp_gpreg 
*          0    00000000    00000000     

dcsm_z2otp_pswd_lock 
*          0    00000000    00000000     

dcsm_z2otp_crc_lock 
*          0    00000000    00000000     

dcsm_rsvd1_z2 
*          0    00000000    00000000     

dcsm_zsel_z2 
*          0    00000000    00000000     

.text.1    0    00008000    00000800     
                  00008000    0000011d     socket.obj (.text:socket)
                  0000811d    0000010e     sysctl.obj (.text:SysCtl_setAuxClock)
                  0000822b    000000ed     socket.obj (.text:sendto_IO_6)
                  00008318    000000be     hal_DspInit.obj (.text:Init_GpioDin)
                  000083d6    000000ae     wizchip_conf.obj (.text:wizchip_sw_reset)
                  00008484    000000a7     hal_Sci.obj (.text:isrScia_SCI_PC)
                  0000852b    0000009e     hal_Timer.obj (.text:configCPUTimer)
                  000085c9    00000093     sci.obj (.text:SCI_setConfig)
                  0000865c    00000090     sci.obj (.text:SCI_writeCharArray)
                  000086ec    0000008f     hal_Adc.obj (.text:InitAdcModules)
                  0000877b    00000083     spi.obj (.text:SPI_setConfig)
                  000087fe    00000002     rts2800_fpu64_eabi.lib : pre_init.c.obj (.text)

.text.2    0    00008800    00000800     
                  00008800    0000008f     sci.obj (.text:SCI_readCharArray)
                  0000888f    0000008c     csu_Encoder.obj (.text:Encoder_UpdatePosition)
                  0000891b    0000008c     csu_SciPc.obj (.text:sendSciPcMessage1)
                  000089a7    00000088     rts2800_fpu64_eabi.lib : fs_div28.asm.obj (.text)
                  00008a2f    00000081     sysctl.obj (.text:SysCtl_getAuxClock)
                  00008ab0    0000007f     hal_MotorDriver.obj (.text:MotorDriver_Init_Hardware)
                  00008b2f    00000079     device.obj (.text:Device_init)
                  00008ba8    00000079     interrupt.obj (.text:Interrupt_clearIFR)
                  00008c21    00000077     csu_PID.obj (.text:PID_Calculate)
                  00008c98    00000075     easy28x_driverlib_v12.2.obj (.text:easy_addRing)
                  00008d0d    00000074     hal_Spi.obj (.text:InitSpid)
                  00008d81    00000073     sysctl.obj (.text:SysCtl_getClock)
                  00008df4    00000071     hal_Sci.obj (.text:setupSciaPC_HW)
                  00008e65    0000006e     hal_DspInit.obj (.text:initW6100GpioPins)
                  00008ed3    0000006a     hal_DspInit.obj (.text:Init_GpioDout)
                  00008f3d    00000067     hal_Encoder.obj (.text:Encoder_ReadSpiData)
                  00008fa4    0000005a     wizchip_conf.obj (.text:wizchip_setnetinfo)
                  00008ffe    00000002     wizchip_conf.obj (.text:wizchip_spi_readbyte)

.text.3    0    00009000    00000800     
                  00009000    00000067     hal_Timer.obj (.text:Initial_TIMER)
                  00009067    00000062     hal_Encoder.obj (.text:Encoder_Init_Hardware)
                  000090c9    00000062     hal_Epwm.obj (.text:Initial_EpwmTimer)
                  0000912b    00000061     adc.obj (.text:ADC_setINLTrim)
                  0000918c    00000060     hal_Adc.obj (.text:AdcaIsr)
                  000091ec    00000058     hal_Ethernet.obj (.text:Ethernet_Process)
                  00009244    00000056     interrupt.obj (.text:Interrupt_disable)
                  0000929a    00000056     sci.obj (.text:SCI_clearInterruptStatus)
                  000092f0    00000056     wizchip_conf.obj (.text:wizchip_init)
                  00009346    00000055     adc.obj (.text:ADC_setOffsetTrim)
                  0000939b    00000050     sysctl.obj (.text:SysCtl_selectOscSourceAuxPLL)
                  000093eb    00000050     w6100.obj (.text:WIZCHIP_WRITE_BUF)
                  0000943b    0000004f     hal_Spi.obj (.text:InitSpic)
                  0000948a    0000004e     gpio.obj (.text:GPIO_setPadConfig)
                  000094d8    0000004d     w6100.obj (.text:WIZCHIP_READ_BUF)
                  00009525    0000004b     hal_Timer.obj (.text:initCPUTimers)
                  00009570    0000004a     csu_Led.obj (.text:updateLedStatus)
                  000095ba    00000042     w6100.obj (.text:wiz_send_data)
                  000095fc    00000041     interrupt.obj (.text:Interrupt_enable)
                  0000963d    00000041     interrupt.obj (.text:Interrupt_initModule)
                  0000967e    00000041     sysctl.obj (.text:SysCtl_selectOscSource)
                  000096bf    00000040     w6100.obj (.text:WIZCHIP_READ)
                  000096ff    00000040     hal_Ethernet.obj (.text:isr_EthernetExtInt)
                  0000973f    0000003f     sysctl.obj (.text:SysCtl_selectXTAL)
                  0000977e    0000003f     socket.obj (.text:close)
                  000097bd    0000003f     w6100.obj (.text:wiz_recv_data)
                  000097fc    00000004     main.obj (.text:cycle_1ms)

.text.4    0    00009800    00000800     
                  00009800    0000003e     ipc.obj (.text:IPC_unregisterInterrupt)
                  0000983e    0000003e     w6100.obj (.text:WIZCHIP_WRITE)
                  0000987c    0000003c     csu_Control.obj (.text:Control_CalibrateCurrentOffset)
                  000098b8    0000003c     spi.obj (.text:SPI_clearInterruptStatus)
                  000098f4    0000003b     adc.obj (.text:ADC_setMode)
                  0000992f    0000003b     csu_Bit.obj (.text:Bit_OvCurrent_Check)
                  0000996a    00000039     gpio.obj (.text:GPIO_setInterruptPin)
                  000099a3    00000039     sci.obj (.text:SCI_disableInterrupt)
                  000099dc    00000039     sysctl.obj (.text:SysCtl_pollX1Counter)
                  00009a15    00000038     sci.obj (.text:SCI_enableInterrupt)
                  00009a4d    00000037     hal_Ethernet.obj (.text:Initial_W6100)
                  00009a84    00000036     w6100.obj (.text:wiz_recv_ignore)
                  00009aba    00000035     csu_MotorCtrl.obj (.text:MotorCtrl_Run)
                  00009aef    00000035     main.obj (.text:main)
                  00009b24    00000033     hal_Spi.obj (.text:InitSpia)
                  00009b57    00000032     hal_Sci.obj (.text:dequeueSci)
                  00009b89    00000031     csu_MotorCtrl.obj (.text:MotorCtrl_Init)
                  00009bba    00000030     gpio.obj (.text:GPIO_setPinConfig)
                  00009bea    0000002f     gpio.obj (.text:GPIO_setControllerCore)
                  00009c19    0000002f     gpio.obj (.text:GPIO_setQualificationMode)
                  00009c48    0000002f     hal_Sci.obj (.text:setupSciaPC_GPIO)
                  00009c77    0000002e     rts2800_fpu64_eabi.lib : copy_decompress_lzss.c.obj (.text:decompress:lzss)
                  00009ca5    0000002c     gpio.obj (.text:GPIO_setDirectionMode)
                  00009cd1    0000002c     csu_PID.obj (.text:PID_Init)
                  00009cfd    0000002c     hal_Sci.obj (.text:enqueueSci)
                  00009d29    0000002b     rts2800_fpu64_eabi.lib : autoinit.c.obj (.text:__TI_auto_init_nobinit_nopinit)
                  00009d54    0000002a     w6100.obj (.text:getSn_RX_RSR)
                  00009d7e    0000002a     w6100.obj (.text:getSn_TX_FSR)
                  00009da8    00000029     csu_Encoder.obj (.text:Encoder_LoadOffset)
                  00009dd1    00000029     rts2800_fpu64_eabi.lib : exit.c.obj (.text)
                  00009dfa    00000029     hal_Sci.obj (.text:sendScia_SCI_PC)
                  00009e23    00000024     device.obj (.text:Device_initGPIO)
                  00009e47    00000024     sysctl.obj (.text:SysCtl_getLowSpeedClock)
                  00009e6b    00000022     csu_Encoder.obj (.text:Encoder_CalcCrc6)
                  00009e8d    00000021     hal_Epwm.obj (.text:Epwm_SetMotorDuty_1x)
                  00009eae    00000021     sysctl.obj (.text:SysCtl_selectXTALSingleEnded)
                  00009ecf    00000021     wizchip_conf.obj (.text:reg_wizchip_spi_cbfunc)
                  00009ef0    00000020     cputimer.obj (.text:CPUTimer_setEmulationMode)
                  00009f10    00000020     rts2800_fpu64_eabi.lib : memcpy.c.obj (.text)
                  00009f30    0000001f     csu_Bit.obj (.text:Bit_OvTemperature_Check)
                  00009f4f    0000001f     csu_Bit.obj (.text:Bit_OvVoltage_Check)
                  00009f6e    0000001e     f2838x_tempsensorconv.obj (.text:InitTempSensor)
                  00009f8c    0000001e     rts2800_fpu64_eabi.lib : ll_cmp28.asm.obj (.text)
                  00009faa    0000001d     csu_MotorCtrl.obj (.text:MotorCtrl_SetOutput)
                  00009fc7    0000001d     csu_MotorCtrl.obj (.text:MotorCtrl_UpdateFeedback)
                  00009fe4    0000001c     device.obj (.text:Device_verifyXTAL)

.TI.ramfunc 
*          0    0000a000    00000008     
                  0000a000    00000004     f2838x_usdelay.obj (.TI.ramfunc)
                  0000a004    00000004     sysctl.obj (.TI.ramfunc)

.bss       0    0000ad7a    00000152     UNINITIALIZED
                  0000ad7a    00000006     f2838x_tempsensorconv.obj (.bss)
                  0000ad80    00000101     hal_Sci.obj (.bss)
                  0000ae81    00000001     wizchip_conf.obj (.bss)
                  0000ae82    00000024     csu_MotorCtrl.obj (.bss)
                  0000aea6    00000010     wizchip_conf.obj (.bss:_DNS6_)
                  0000aeb6    00000006     hal_Adc.obj (.bss)
                  0000aebc    00000004     wizchip_conf.obj (.bss:_DNS_)
                  0000aec0    00000006     hal_Timer.obj (.bss)
                  0000aec6    00000003     csu_Led.obj (.bss)
                  0000aec9    00000003     csu_SciPc.obj (.bss)

.text.5    0    0000c000    00000800     
                  0000c000    000003ab     easy28x_driverlib_v12.2.obj (.text:easy_RXINT_ISR)
                  0000c3ab    000002b8     dcc.obj (.text:DCC_verifyClockFrequency)
                  0000c663    00000184     socket.obj (.text:recvfrom_IO_6)
                  0000c7e7    00000019     device.obj (.text:SysCtl_enablePeripheral)

.text.6    0    0000c800    00000800     
                  0000c800    0000025d     sysctl.obj (.text:SysCtl_isPLLValid)
                  0000ca5d    000001a8     easy28x_driverlib_v12.2.obj (.text:easyDSP_SCI_Init)
                  0000cc05    00000167     device.obj (.text:Device_enableAllPeripherals)
                  0000cd6c    00000155     csu_Adc.obj (.text:CalcAdcData)
                  0000cec1    0000012e     sysctl.obj (.text:SysCtl_setClock)
                  0000cfef    00000011     csu_Led.obj (.text:setLedModeToggle)

.text.7    0    0000d000    00000b4d     
                  0000d000    0000001b     hal_Fram.obj (.text:Fram_ReadByte)
                  0000d01b    0000001a     hal_Ethernet.obj (.text:Ethernet_Init)
                  0000d035    0000001a     interrupt.obj (.text:Interrupt_initVectorTable)
                  0000d04f    00000019     csu_SciPc.obj (.text:recvSciPcMessage)
                  0000d068    00000019     rts2800_fpu64_eabi.lib : boot28.asm.obj (.text)
                  0000d081    00000018                            : ll_aox28.asm.obj (.text)
                  0000d099    00000017     hal_Led.obj (.text:Led_InitGpio)
                  0000d0b0    00000017     wizchip_conf.obj (.text:wizchip_spi_writeburst)
                  0000d0c7    00000016     hal_Timer.obj (.text:isr_CpuTimer1)
                  0000d0dd    00000015     hal_Timer.obj (.text:isr_CpuTimer2)
                  0000d0f2    00000014     wizchip_conf.obj (.text:wizchip_spi_readburst)
                  0000d106    00000013     csu_Control.obj (.text:Control_SystemOperation)
                  0000d119    00000013     device.obj (.text:Device_enableUnbondedGPIOPullupsFor176Pin)
                  0000d12c    00000013     hal_MotorDriver.obj (.text:MotorDriver_ReadReg)
                  0000d13f    00000012     hal_MotorDriver.obj (.text:MotorDriver_WriteReg)
                  0000d151    00000012     wizchip_conf.obj (.text:reg_wizchip_cs_cbfunc)
                  0000d163    00000012     rts2800_fpu64_eabi.lib : args_main.c.obj (.text)
                  0000d175    00000010     hal_Led.obj (.text:Led_WritePin)
                  0000d185    00000010     hal_Spi.obj (.text:Spid_Transmit)
                  0000d195    00000010     hal_DspInit.obj (.text:System_Initialization)
                  0000d1a5    00000010     hal_Timer.obj (.text:isr_CpuTimer0)
                  0000d1b5    00000010     hal_Sci.obj (.text:setupSciaPC_Interrupt)
                  0000d1c5    00000010     hal_Sci.obj (.text:xmtScia_SCI_PC)
                  0000d1d5    0000000f     csu_Control.obj (.text:Bit_RunPBIT)
                  0000d1e4    0000000f     hal_DspInit.obj (.text:InitialPeripherals)
                  0000d1f3    0000000f     hal_Spi.obj (.text:spi_read_byte)
                  0000d202    0000000f     hal_Spi.obj (.text:spi_write_byte)
                  0000d211    0000000e     hal_Fram.obj (.text:Fram_WriteStatusRegister)
                  0000d21f    0000000e     hal_Adc.obj (.text:InitialAdc)
                  0000d22d    0000000d     csu_Bit.obj (.text:Bit_GateFault_Check)
                  0000d23a    0000000d     f2838x_defaultisr.obj (.text:EMPTY_ISR)
                  0000d247    0000000d     csu_Led.obj (.text:Initial_Led)
                  0000d254    0000000d     rts2800_fpu64_eabi.lib : copy_zero_init.c.obj (.text:decompress:ZI:__TI_zero_init_nomemset)
                  0000d261    0000000d     socket.obj (.text:recvfrom_W5x00)
                  0000d26e    0000000c     interrupt.obj (.text:Interrupt_defaultHandler)
                  0000d27a    0000000c     hal_MotorDriver.obj (.text:MotorDriver_SetDir)
                  0000d286    0000000b     device.obj (.text:Device_enableUnbondedGPIOPullups)
                  0000d291    0000000a     f2838x_defaultisr.obj (.text:ADCA1_ISR)
                  0000d29b    0000000a     f2838x_defaultisr.obj (.text:ADCA2_ISR)
                  0000d2a5    0000000a     f2838x_defaultisr.obj (.text:ADCA3_ISR)
                  0000d2af    0000000a     f2838x_defaultisr.obj (.text:ADCA4_ISR)
                  0000d2b9    0000000a     f2838x_defaultisr.obj (.text:ADCA_EVT_ISR)
                  0000d2c3    0000000a     f2838x_defaultisr.obj (.text:ADCB1_ISR)
                  0000d2cd    0000000a     f2838x_defaultisr.obj (.text:ADCB2_ISR)
                  0000d2d7    0000000a     f2838x_defaultisr.obj (.text:ADCB3_ISR)
                  0000d2e1    0000000a     f2838x_defaultisr.obj (.text:ADCB4_ISR)
                  0000d2eb    0000000a     f2838x_defaultisr.obj (.text:ADCB_EVT_ISR)
                  0000d2f5    0000000a     f2838x_defaultisr.obj (.text:ADCC1_ISR)
                  0000d2ff    0000000a     f2838x_defaultisr.obj (.text:ADCC2_ISR)
                  0000d309    0000000a     f2838x_defaultisr.obj (.text:ADCC3_ISR)
                  0000d313    0000000a     f2838x_defaultisr.obj (.text:ADCC4_ISR)
                  0000d31d    0000000a     f2838x_defaultisr.obj (.text:ADCC_EVT_ISR)
                  0000d327    0000000a     f2838x_defaultisr.obj (.text:ADCD1_ISR)
                  0000d331    0000000a     f2838x_defaultisr.obj (.text:ADCD2_ISR)
                  0000d33b    0000000a     f2838x_defaultisr.obj (.text:ADCD3_ISR)
                  0000d345    0000000a     f2838x_defaultisr.obj (.text:ADCD4_ISR)
                  0000d34f    0000000a     f2838x_defaultisr.obj (.text:ADCD_EVT_ISR)
                  0000d359    0000000a     f2838x_defaultisr.obj (.text:CANA0_ISR)
                  0000d363    0000000a     f2838x_defaultisr.obj (.text:CANA1_ISR)
                  0000d36d    0000000a     f2838x_defaultisr.obj (.text:CANB0_ISR)
                  0000d377    0000000a     f2838x_defaultisr.obj (.text:CANB1_ISR)
                  0000d381    0000000a     f2838x_defaultisr.obj (.text:CIPC0_ISR)
                  0000d38b    0000000a     f2838x_defaultisr.obj (.text:CIPC1_ISR)
                  0000d395    0000000a     f2838x_defaultisr.obj (.text:CIPC2_ISR)
                  0000d39f    0000000a     f2838x_defaultisr.obj (.text:CIPC3_ISR)
                  0000d3a9    0000000a     f2838x_defaultisr.obj (.text:CLA1CRC_ISR)
                  0000d3b3    0000000a     f2838x_defaultisr.obj (.text:CLA1_1_ISR)
                  0000d3bd    0000000a     f2838x_defaultisr.obj (.text:CLA1_2_ISR)
                  0000d3c7    0000000a     f2838x_defaultisr.obj (.text:CLA1_3_ISR)
                  0000d3d1    0000000a     f2838x_defaultisr.obj (.text:CLA1_4_ISR)
                  0000d3db    0000000a     f2838x_defaultisr.obj (.text:CLA1_5_ISR)
                  0000d3e5    0000000a     f2838x_defaultisr.obj (.text:CLA1_6_ISR)
                  0000d3ef    0000000a     f2838x_defaultisr.obj (.text:CLA1_7_ISR)
                  0000d3f9    0000000a     f2838x_defaultisr.obj (.text:CLA1_8_ISR)
                  0000d403    0000000a     f2838x_defaultisr.obj (.text:CLA_OVERFLOW_ISR)
                  0000d40d    0000000a     f2838x_defaultisr.obj (.text:CLA_UNDERFLOW_ISR)
                  0000d417    0000000a     f2838x_defaultisr.obj (.text:CLB1_ISR)
                  0000d421    0000000a     f2838x_defaultisr.obj (.text:CLB2_ISR)
                  0000d42b    0000000a     f2838x_defaultisr.obj (.text:CLB3_ISR)
                  0000d435    0000000a     f2838x_defaultisr.obj (.text:CLB4_ISR)
                  0000d43f    0000000a     f2838x_defaultisr.obj (.text:CLB5_ISR)
                  0000d449    0000000a     f2838x_defaultisr.obj (.text:CLB6_ISR)
                  0000d453    0000000a     f2838x_defaultisr.obj (.text:CLB7_ISR)
                  0000d45d    0000000a     f2838x_defaultisr.obj (.text:CLB8_ISR)
                  0000d467    0000000a     f2838x_defaultisr.obj (.text:CMTOCPUXIPC0_ISR)
                  0000d471    0000000a     f2838x_defaultisr.obj (.text:CMTOCPUXIPC1_ISR)
                  0000d47b    0000000a     f2838x_defaultisr.obj (.text:CMTOCPUXIPC2_ISR)
                  0000d485    0000000a     f2838x_defaultisr.obj (.text:CMTOCPUXIPC3_ISR)
                  0000d48f    0000000a     f2838x_defaultisr.obj (.text:CMTOCPUXIPC4_ISR)
                  0000d499    0000000a     f2838x_defaultisr.obj (.text:CMTOCPUXIPC5_ISR)
                  0000d4a3    0000000a     f2838x_defaultisr.obj (.text:CMTOCPUXIPC6_ISR)
                  0000d4ad    0000000a     f2838x_defaultisr.obj (.text:CMTOCPUXIPC7_ISR)
                  0000d4b7    0000000a     f2838x_defaultisr.obj (.text:CM_STATUS_ISR)
                  0000d4c1    0000000a     f2838x_defaultisr.obj (.text:CPUCRC_ISR)
                  0000d4cb    0000000a     f2838x_defaultisr.obj (.text:DATALOG_ISR)
                  0000d4d5    0000000a     f2838x_defaultisr.obj (.text:DMA_CH1_ISR)
                  0000d4df    0000000a     f2838x_defaultisr.obj (.text:DMA_CH2_ISR)
                  0000d4e9    0000000a     f2838x_defaultisr.obj (.text:DMA_CH3_ISR)
                  0000d4f3    0000000a     f2838x_defaultisr.obj (.text:DMA_CH4_ISR)
                  0000d4fd    0000000a     f2838x_defaultisr.obj (.text:DMA_CH5_ISR)
                  0000d507    0000000a     f2838x_defaultisr.obj (.text:DMA_CH6_ISR)
                  0000d511    0000000a     f2838x_defaultisr.obj (.text:ECAP1_ISR)
                  0000d51b    0000000a     f2838x_defaultisr.obj (.text:ECAP2_ISR)
                  0000d525    0000000a     f2838x_defaultisr.obj (.text:ECAP3_ISR)
                  0000d52f    0000000a     f2838x_defaultisr.obj (.text:ECAP4_ISR)
                  0000d539    0000000a     f2838x_defaultisr.obj (.text:ECAP5_ISR)
                  0000d543    0000000a     f2838x_defaultisr.obj (.text:ECAP6_2_ISR)
                  0000d54d    0000000a     f2838x_defaultisr.obj (.text:ECAP6_ISR)
                  0000d557    0000000a     f2838x_defaultisr.obj (.text:ECAP7_2_ISR)
                  0000d561    0000000a     f2838x_defaultisr.obj (.text:ECAP7_ISR)
                  0000d56b    0000000a     f2838x_defaultisr.obj (.text:ECATRST_ISR)
                  0000d575    0000000a     f2838x_defaultisr.obj (.text:ECATSYNC0_ISR)
                  0000d57f    0000000a     f2838x_defaultisr.obj (.text:ECATSYNC1_ISR)
                  0000d589    0000000a     f2838x_defaultisr.obj (.text:ECAT_ISR)
                  0000d593    0000000a     f2838x_defaultisr.obj (.text:EMU_ISR)
                  0000d59d    0000000a     f2838x_defaultisr.obj (.text:EPWM10_ISR)
                  0000d5a7    0000000a     f2838x_defaultisr.obj (.text:EPWM10_TZ_ISR)
                  0000d5b1    0000000a     f2838x_defaultisr.obj (.text:EPWM11_ISR)
                  0000d5bb    0000000a     f2838x_defaultisr.obj (.text:EPWM11_TZ_ISR)
                  0000d5c5    0000000a     f2838x_defaultisr.obj (.text:EPWM12_ISR)
                  0000d5cf    0000000a     f2838x_defaultisr.obj (.text:EPWM12_TZ_ISR)
                  0000d5d9    0000000a     f2838x_defaultisr.obj (.text:EPWM13_ISR)
                  0000d5e3    0000000a     f2838x_defaultisr.obj (.text:EPWM13_TZ_ISR)
                  0000d5ed    0000000a     f2838x_defaultisr.obj (.text:EPWM14_ISR)
                  0000d5f7    0000000a     f2838x_defaultisr.obj (.text:EPWM14_TZ_ISR)
                  0000d601    0000000a     f2838x_defaultisr.obj (.text:EPWM15_ISR)
                  0000d60b    0000000a     f2838x_defaultisr.obj (.text:EPWM15_TZ_ISR)
                  0000d615    0000000a     f2838x_defaultisr.obj (.text:EPWM16_ISR)
                  0000d61f    0000000a     f2838x_defaultisr.obj (.text:EPWM16_TZ_ISR)
                  0000d629    0000000a     f2838x_defaultisr.obj (.text:EPWM1_ISR)
                  0000d633    0000000a     f2838x_defaultisr.obj (.text:EPWM1_TZ_ISR)
                  0000d63d    0000000a     f2838x_defaultisr.obj (.text:EPWM2_ISR)
                  0000d647    0000000a     f2838x_defaultisr.obj (.text:EPWM2_TZ_ISR)
                  0000d651    0000000a     f2838x_defaultisr.obj (.text:EPWM3_ISR)
                  0000d65b    0000000a     f2838x_defaultisr.obj (.text:EPWM3_TZ_ISR)
                  0000d665    0000000a     f2838x_defaultisr.obj (.text:EPWM4_ISR)
                  0000d66f    0000000a     f2838x_defaultisr.obj (.text:EPWM4_TZ_ISR)
                  0000d679    0000000a     f2838x_defaultisr.obj (.text:EPWM5_ISR)
                  0000d683    0000000a     f2838x_defaultisr.obj (.text:EPWM5_TZ_ISR)
                  0000d68d    0000000a     f2838x_defaultisr.obj (.text:EPWM6_ISR)
                  0000d697    0000000a     f2838x_defaultisr.obj (.text:EPWM6_TZ_ISR)
                  0000d6a1    0000000a     f2838x_defaultisr.obj (.text:EPWM7_ISR)
                  0000d6ab    0000000a     f2838x_defaultisr.obj (.text:EPWM7_TZ_ISR)
                  0000d6b5    0000000a     f2838x_defaultisr.obj (.text:EPWM8_ISR)
                  0000d6bf    0000000a     f2838x_defaultisr.obj (.text:EPWM8_TZ_ISR)
                  0000d6c9    0000000a     f2838x_defaultisr.obj (.text:EPWM9_ISR)
                  0000d6d3    0000000a     f2838x_defaultisr.obj (.text:EPWM9_TZ_ISR)
                  0000d6dd    0000000a     f2838x_defaultisr.obj (.text:EQEP1_ISR)
                  0000d6e7    0000000a     f2838x_defaultisr.obj (.text:EQEP2_ISR)
                  0000d6f1    0000000a     f2838x_defaultisr.obj (.text:EQEP3_ISR)
                  0000d6fb    0000000a     f2838x_defaultisr.obj (.text:FMC_ISR)
                  0000d705    0000000a     f2838x_defaultisr.obj (.text:FPU_OFLOW_ISR)
                  0000d70f    0000000a     f2838x_defaultisr.obj (.text:FPU_UFLOW_ISR)
                  0000d719    0000000a     f2838x_defaultisr.obj (.text:FSIRXA1_ISR)
                  0000d723    0000000a     f2838x_defaultisr.obj (.text:FSIRXA2_ISR)
                  0000d72d    0000000a     f2838x_defaultisr.obj (.text:FSIRXB1_ISR)
                  0000d737    0000000a     f2838x_defaultisr.obj (.text:FSIRXB2_ISR)
                  0000d741    0000000a     f2838x_defaultisr.obj (.text:FSIRXC1_ISR)
                  0000d74b    0000000a     f2838x_defaultisr.obj (.text:FSIRXC2_ISR)
                  0000d755    0000000a     f2838x_defaultisr.obj (.text:FSIRXD1_ISR)
                  0000d75f    0000000a     f2838x_defaultisr.obj (.text:FSIRXD2_ISR)
                  0000d769    0000000a     f2838x_defaultisr.obj (.text:FSIRXE1_ISR)
                  0000d773    0000000a     f2838x_defaultisr.obj (.text:FSIRXE2_ISR)
                  0000d77d    0000000a     f2838x_defaultisr.obj (.text:FSIRXF1_ISR)
                  0000d787    0000000a     f2838x_defaultisr.obj (.text:FSIRXF2_ISR)
                  0000d791    0000000a     f2838x_defaultisr.obj (.text:FSIRXG1_ISR)
                  0000d79b    0000000a     f2838x_defaultisr.obj (.text:FSIRXG2_ISR)
                  0000d7a5    0000000a     f2838x_defaultisr.obj (.text:FSIRXH1_ISR)
                  0000d7af    0000000a     f2838x_defaultisr.obj (.text:FSIRXH2_ISR)
                  0000d7b9    0000000a     f2838x_defaultisr.obj (.text:FSITXA1_ISR)
                  0000d7c3    0000000a     f2838x_defaultisr.obj (.text:FSITXA2_ISR)
                  0000d7cd    0000000a     f2838x_defaultisr.obj (.text:FSITXB1_ISR)
                  0000d7d7    0000000a     f2838x_defaultisr.obj (.text:FSITXB2_ISR)
                  0000d7e1    0000000a     f2838x_defaultisr.obj (.text:I2CA_FIFO_ISR)
                  0000d7eb    0000000a     f2838x_defaultisr.obj (.text:I2CA_HIGH_ISR)
                  0000d7f5    0000000a     f2838x_defaultisr.obj (.text:I2CA_ISR)
                  0000d7ff    0000000a     f2838x_defaultisr.obj (.text:I2CB_FIFO_ISR)
                  0000d809    0000000a     f2838x_defaultisr.obj (.text:I2CB_ISR)
                  0000d813    0000000a     f2838x_defaultisr.obj (.text:ILLEGAL_ISR)
                  0000d81d    0000000a     interrupt.obj (.text:Interrupt_illegalOperationHandler)
                  0000d827    0000000a     interrupt.obj (.text:Interrupt_nmiHandler)
                  0000d831    0000000a     f2838x_defaultisr.obj (.text:MCANA_0_ISR)
                  0000d83b    0000000a     f2838x_defaultisr.obj (.text:MCANA_1_ISR)
                  0000d845    0000000a     f2838x_defaultisr.obj (.text:MCANA_ECC_ISR)
                  0000d84f    0000000a     f2838x_defaultisr.obj (.text:MCANA_WAKE_ISR)
                  0000d859    0000000a     f2838x_defaultisr.obj (.text:MCBSPA_RX_ISR)
                  0000d863    0000000a     f2838x_defaultisr.obj (.text:MCBSPA_TX_ISR)
                  0000d86d    0000000a     f2838x_defaultisr.obj (.text:MCBSPB_RX_ISR)
                  0000d877    0000000a     f2838x_defaultisr.obj (.text:MCBSPB_TX_ISR)
                  0000d881    0000000a     f2838x_defaultisr.obj (.text:MPOST_ISR)
                  0000d88b    0000000a     f2838x_defaultisr.obj (.text:NMI_ISR)
                  0000d895    0000000a     f2838x_defaultisr.obj (.text:NOTUSED_ISR)
                  0000d89f    0000000a     f2838x_defaultisr.obj (.text:PIE_RESERVED_ISR)
                  0000d8a9    0000000a     f2838x_defaultisr.obj (.text:PMBUSA_ISR)
                  0000d8b3    0000000a     f2838x_defaultisr.obj (.text:RTOS_ISR)
                  0000d8bd    0000000a     f2838x_defaultisr.obj (.text:SCIA_RX_ISR)
                  0000d8c7    0000000a     f2838x_defaultisr.obj (.text:SCIA_TX_ISR)
                  0000d8d1    0000000a     f2838x_defaultisr.obj (.text:SCIB_RX_ISR)
                  0000d8db    0000000a     f2838x_defaultisr.obj (.text:SCIB_TX_ISR)
                  0000d8e5    0000000a     f2838x_defaultisr.obj (.text:SCIC_RX_ISR)
                  0000d8ef    0000000a     f2838x_defaultisr.obj (.text:SCIC_TX_ISR)
                  0000d8f9    0000000a     f2838x_defaultisr.obj (.text:SCID_RX_ISR)
                  0000d903    0000000a     f2838x_defaultisr.obj (.text:SCID_TX_ISR)
                  0000d90d    0000000a     f2838x_defaultisr.obj (.text:SDFM1DR1_ISR)
                  0000d917    0000000a     f2838x_defaultisr.obj (.text:SDFM1DR2_ISR)
                  0000d921    0000000a     f2838x_defaultisr.obj (.text:SDFM1DR3_ISR)
                  0000d92b    0000000a     f2838x_defaultisr.obj (.text:SDFM1DR4_ISR)
                  0000d935    0000000a     f2838x_defaultisr.obj (.text:SDFM1_ISR)
                  0000d93f    0000000a     f2838x_defaultisr.obj (.text:SDFM2DR1_ISR)
                  0000d949    0000000a     f2838x_defaultisr.obj (.text:SDFM2DR2_ISR)
                  0000d953    0000000a     f2838x_defaultisr.obj (.text:SDFM2DR3_ISR)
                  0000d95d    0000000a     f2838x_defaultisr.obj (.text:SDFM2DR4_ISR)
                  0000d967    0000000a     f2838x_defaultisr.obj (.text:SDFM2_ISR)
                  0000d971    0000000a     f2838x_defaultisr.obj (.text:SPIA_RX_ISR)
                  0000d97b    0000000a     f2838x_defaultisr.obj (.text:SPIA_TX_ISR)
                  0000d985    0000000a     f2838x_defaultisr.obj (.text:SPIB_RX_ISR)
                  0000d98f    0000000a     f2838x_defaultisr.obj (.text:SPIB_TX_ISR)
                  0000d999    0000000a     f2838x_defaultisr.obj (.text:SPIC_RX_ISR)
                  0000d9a3    0000000a     f2838x_defaultisr.obj (.text:SPIC_TX_ISR)
                  0000d9ad    0000000a     f2838x_defaultisr.obj (.text:SPID_RX_ISR)
                  0000d9b7    0000000a     f2838x_defaultisr.obj (.text:SPID_TX_ISR)
                  0000d9c1    0000000a     f2838x_defaultisr.obj (.text:SYS_ERR_ISR)
                  0000d9cb    0000000a     f2838x_defaultisr.obj (.text:TIMER0_ISR)
                  0000d9d5    0000000a     f2838x_defaultisr.obj (.text:TIMER1_ISR)
                  0000d9df    0000000a     f2838x_defaultisr.obj (.text:TIMER2_ISR)
                  0000d9e9    0000000a     f2838x_defaultisr.obj (.text:USBA_ISR)
                  0000d9f3    0000000a     f2838x_defaultisr.obj (.text:USER10_ISR)
                  0000d9fd    0000000a     f2838x_defaultisr.obj (.text:USER11_ISR)
                  0000da07    0000000a     f2838x_defaultisr.obj (.text:USER12_ISR)
                  0000da11    0000000a     f2838x_defaultisr.obj (.text:USER1_ISR)
                  0000da1b    0000000a     f2838x_defaultisr.obj (.text:USER2_ISR)
                  0000da25    0000000a     f2838x_defaultisr.obj (.text:USER3_ISR)
                  0000da2f    0000000a     f2838x_defaultisr.obj (.text:USER4_ISR)
                  0000da39    0000000a     f2838x_defaultisr.obj (.text:USER5_ISR)
                  0000da43    0000000a     f2838x_defaultisr.obj (.text:USER6_ISR)
                  0000da4d    0000000a     f2838x_defaultisr.obj (.text:USER7_ISR)
                  0000da57    0000000a     f2838x_defaultisr.obj (.text:USER8_ISR)
                  0000da61    0000000a     f2838x_defaultisr.obj (.text:USER9_ISR)
                  0000da6b    0000000a     f2838x_defaultisr.obj (.text:WAKE_ISR)
                  0000da75    0000000a     f2838x_defaultisr.obj (.text:XINT1_ISR)
                  0000da7f    0000000a     f2838x_defaultisr.obj (.text:XINT2_ISR)
                  0000da89    0000000a     f2838x_defaultisr.obj (.text:XINT3_ISR)
                  0000da93    0000000a     f2838x_defaultisr.obj (.text:XINT4_ISR)
                  0000da9d    0000000a     f2838x_defaultisr.obj (.text:XINT5_ISR)
                  0000daa7    00000009     csu_Control.obj (.text:Bit_RunCBIT)
                  0000dab0    00000009     hal_Led.obj (.text:Led_TogglePin)
                  0000dab9    00000009     hal_DspInit.obj (.text:initSystemCommunications)
                  0000dac2    00000009     rts2800_fpu64_eabi.lib : _lock.c.obj (.text)
                  0000dacb    00000009     socket.obj (.text:sendto_W5x00)
                  0000dad4    00000008     hal_Fram.obj (.text:Fram_WriteEnable)
                  0000dadc    00000008     rts2800_fpu64_eabi.lib : copy_decompress_none.c.obj (.text:decompress:none)
                  0000dae4    00000008     f2838x_codestartbranch.obj (.text)
                  0000daec    00000007     hal_Sci.obj (.text:Initial_SCI)
                  0000daf3    00000007     hal_Spi.obj (.text:Initial_SPI)
                  0000dafa    00000007     hal_Spi.obj (.text:Spid_CsHigh)
                  0000db01    00000007     hal_Spi.obj (.text:Spid_CsLow)
                  0000db08    00000007     hal_Sci.obj (.text:initScia_SCI_PC)
                  0000db0f    00000006     hal_Fram.obj (.text:Fram_Init)
                  0000db15    00000006     hal_Spi.obj (.text:cs_desel)
                  0000db1b    00000006     hal_Spi.obj (.text:cs_sel)
                  0000db21    00000005     csu_Encoder.obj (.text:Encoder_Init)
                  0000db26    00000005     csu_Adc.obj (.text:Initial_Adc)
                  0000db2b    00000005     hal_DspInit.obj (.text:Initial_GPIO)
                  0000db30    00000005     hal_DspInit.obj (.text:initSystemAnalogAdc)
                  0000db35    00000003     device.obj (.text:__error__)
                  0000db38    00000003     main.obj (.text:cycle_100ms)
                  0000db3b    00000003     main.obj (.text:cycle_10ms)
                  0000db3e    00000003     hal_DspInit.obj (.text:initSystemUserInterface)
                  0000db41    00000003     wizchip_conf.obj (.text:wizchip_bus_readdata)
                  0000db44    00000003     wizchip_conf.obj (.text:wizchip_bus_writedata)
                  0000db47    00000001     rts2800_fpu64_eabi.lib : startup.c.obj (.text)
                  0000db48    00000001     wizchip_conf.obj (.text:wizchip_cris_enter)
                  0000db49    00000001     wizchip_conf.obj (.text:wizchip_cris_exit)
                  0000db4a    00000001     wizchip_conf.obj (.text:wizchip_cs_deselect)
                  0000db4b    00000001     wizchip_conf.obj (.text:wizchip_cs_select)
                  0000db4c    00000001     wizchip_conf.obj (.text:wizchip_spi_writebyte)

MODULE SUMMARY

       Module                          code    ro data   rw data
       ------                          ----    -------   -------
    .\
       main.obj                        63      0         0      
    +--+-------------------------------+-------+---------+---------+
       Total:                          63      0         0      
                                                                
    .\CSU\
       csu_Adc.obj                     346     0         18     
       csu_Encoder.obj                 220     0         16     
       csu_MotorCtrl.obj               160     0         48     
       csu_SciPc.obj                   165     0         3      
       csu_PID.obj                     163     0         0      
       csu_Bit.obj                     134     0         14     
       csu_Control.obj                 103     0         8      
       csu_Led.obj                     104     0         3      
    +--+-------------------------------+-------+---------+---------+
       Total:                          1395    0         110    
                                                                
    .\HAL\
       easy28x_driverlib_v12.2.obj     1480    88        38     
       socket.obj                      995     0         19     
       hal_Sci.obj                     508     0         257    
       w6100.obj                       550     0         0      
       wizchip_conf.obj                457     0         47     
       hal_Timer.obj                   395     93        6      
       hal_DspInit.obj                 459     0         0      
       hal_Ethernet.obj                233     120       0      
       hal_Spi.obj                     325     0         0      
       hal_Adc.obj                     253     0         6      
       hal_Encoder.obj                 201     0         0      
       hal_MotorDriver.obj             176     0         0      
       hal_Epwm.obj                    131     0         0      
       hal_Fram.obj                    55      0         0      
       hal_Led.obj                     48      0         0      
    +--+-------------------------------+-------+---------+---------+
       Total:                          6266    301       373    
                                                                
    .\SDK\common\source\
       f2838x_defaultisr.obj           2063    0         0      
       device.obj                      602     0         0      
       f2838x_pievect.obj              0       448       0      
       f2838x_tempsensorconv.obj       30      0         6      
       f2838x_codestartbranch.obj      10      0         0      
       f2838x_usdelay.obj              4       0         0      
    +--+-------------------------------+-------+---------+---------+
       Total:                          2709    448       6      
                                                                
    .\SDK\driverlib\
       sysctl.obj                      1759    49        0      
       ipc.obj                         62      159       544    
       dcc.obj                         696     47        0      
       sci.obj                         633     47        0      
       interrupt.obj                   395     29        0      
       gpio.obj                        321     48        0      
       adc.obj                         241     23        0      
       spi.obj                         191     47        0      
       cputimer.obj                    32      28        0      
    +--+-------------------------------+-------+---------+---------+
       Total:                          4330    477       544    
                                                                
    .\SDK\headers\source\
       f2838x_globalvariabledefs.obj   0       0         110    
    +--+-------------------------------+-------+---------+---------+
       Total:                          0       0         110    
                                                                
    C:\ti\ccs2051\ccs\tools\compiler\ti-cgt-c2000_25.11.0.LTS\lib\rts2800_fpu64_eabi.lib
       fs_div28.asm.obj                136     0         0      
       exit.c.obj                      41      0         6      
       copy_decompress_lzss.c.obj      46      0         0      
       autoinit.c.obj                  43      0         0      
       memcpy.c.obj                    32      0         0      
       ll_cmp28.asm.obj                30      0         0      
       boot28.asm.obj                  25      0         0      
       ll_aox28.asm.obj                24      0         0      
       args_main.c.obj                 18      0         0      
       _lock.c.obj                     9       0         4      
       copy_zero_init.c.obj            13      0         0      
       copy_decompress_none.c.obj      8       0         0      
       pre_init.c.obj                  2       0         0      
       startup.c.obj                   1       0         0      
    +--+-------------------------------+-------+---------+---------+
       Total:                          428     0         10     
                                                                
       Stack:                          0       0         256    
       Linker Generated:               0       65        0      
    +--+-------------------------------+-------+---------+---------+
       Grand Total:                    15191   1291      1409   


LINKER GENERATED COPY TABLES

__TI_cinit_table @ 000001ec records: 2, size/record: 4, table size: 8
	.data: load addr=000001b2, load size=0000002f bytes, run addr=0000a800, run size=000000a2 bytes, compression=lzss
	.bss: load addr=000001e8, load size=00000004 bytes, run addr=0000ad7a, run size=00000152 bytes, compression=zero_init


LINKER GENERATED HANDLER TABLE

__TI_handler_table @ 000001e2 records: 3, size/record: 2, table size: 6
	index: 0, handler: __TI_zero_init
	index: 1, handler: __TI_decompress_lzss
	index: 2, handler: __TI_decompress_none


GLOBAL DATA SYMBOLS: SORTED BY DATA PAGE

address     data page           name
--------    ----------------    ----
00000400      10 (00000400)     __stack

00007f00     1fc (00007f00)     GpioDataRegs

0000a800     2a0 (0000a800)     ezDSP_Version_SCI
0000a801     2a0 (0000a800)     ezDSP_uRead16BPossible
0000a802     2a0 (0000a800)     ezDSP_uRead8BPossible
0000a803     2a0 (0000a800)     ezDSP_b32bitAddress
0000a804     2a0 (0000a800)     ezDSP_uCPU
0000a805     2a0 (0000a800)     ezDSP_uOnChipFlash
0000a806     2a0 (0000a800)     ezDSP_uBRKDTCount
0000a807     2a0 (0000a800)     ezDSP_uFECount
0000a808     2a0 (0000a800)     ezDSP_uOECount
0000a809     2a0 (0000a800)     ezDSP_uPECount
0000a80a     2a0 (0000a800)     ezDSP_uWrongISRCount
0000a80b     2a0 (0000a800)     ezDSP_ucRx
0000a80c     2a0 (0000a800)     ezDSP_uState
0000a80d     2a0 (0000a800)     ezDSP_uData
0000a80e     2a0 (0000a800)     ezDSP_uChksum
0000a80f     2a0 (0000a800)     ezDSP_uAddrRdCnt
0000a810     2a0 (0000a800)     ezDSP_uDataRdCnt
0000a811     2a0 (0000a800)     ezDSP_uBlockSize
0000a812     2a0 (0000a800)     ezDSP_uBlockIndex
0000a813     2a0 (0000a800)     ezDSP_uChkSumCalculated
0000a814     2a0 (0000a800)     ezDSP_uCommand
0000a815     2a0 (0000a800)     ezDSP_uISRRxCount
0000a816     2a0 (0000a800)     ezDSP_uISRTxCount
0000a817     2a0 (0000a800)     ezDSP_uRxFifoCnt
0000a818     2a0 (0000a800)     ezDSP_uMaxRxFifoCnt
0000a819     2a0 (0000a800)     ezDSP_uTxFifoCnt
0000a81a     2a0 (0000a800)     ezDSP_uMaxTxFifoCnt
0000a81b     2a0 (0000a800)     ezDSP_uTxFifoFullCnt
0000a81c     2a0 (0000a800)     SCIx_BASE
0000a81e     2a0 (0000a800)     ezDSP_ulData
0000a820     2a0 (0000a800)     ezDSP_ulAddr
0000a822     2a0 (0000a800)     ezDSP_ullData
0000a826     2a0 (0000a800)     WIZCHIP

0000a840     2a1 (0000a840)     currentTemperatureC
0000a842     2a1 (0000a840)     Isen_Mot_lpf
0000a844     2a1 (0000a840)     Isen_Brk_lpf
0000a846     2a1 (0000a840)     Vsen_28V_lpf
0000a848     2a1 (0000a840)     Vsen_5VD_lpf
0000a84a     2a1 (0000a840)     Vsen_Ref_lpf
0000a84c     2a1 (0000a840)     Tsen_Bd_lpf
0000a84e     2a1 (0000a840)     Isen_Mot_Offset
0000a850     2a1 (0000a840)     Isen_Brk_Offset
0000a852     2a1 (0000a840)     isEncError
0000a854     2a1 (0000a840)     encAngleDeg
0000a856     2a1 (0000a840)     encRawData
0000a85a     2a1 (0000a840)     encOffset
0000a85e     2a1 (0000a840)     encPosition
0000a862     2a1 (0000a840)     BitStartFlag_Set
0000a863     2a1 (0000a840)     BitFaultFlag_Set
0000a864     2a1 (0000a840)     BitFault_OvCurr_Mot
0000a865     2a1 (0000a840)     BitFault_OvCurr_Brk
0000a866     2a1 (0000a840)     BitFault_OvTemp_Bd
0000a867     2a1 (0000a840)     BitFault_OvVolt_28V
0000a868     2a1 (0000a840)     BitFault_Drv8343_nFault
0000a86e     2a1 (0000a840)     Bit_Inform_all
0000a870     2a1 (0000a840)     currentMotorMode
0000a872     2a1 (0000a840)     targetSpeedRpm
0000a874     2a1 (0000a840)     targetPosition
0000a876     2a1 (0000a840)     currentSpeedRpm
0000a878     2a1 (0000a840)     currentPosition

0000a880     2a2 (0000a880)     isOffsetCalibrated
0000a881     2a2 (0000a880)     isPbitComplete
0000a888     2a2 (0000a880)     sock_pack_info
0000a898     2a2 (0000a880)     __TI_enable_exit_profile_output
0000a89a     2a2 (0000a880)     __TI_cleanup_ptr
0000a89c     2a2 (0000a880)     __TI_dtors_ptr
0000a89e     2a2 (0000a880)     _lock
0000a8a0     2a2 (0000a880)     _unlock

0000a8c0     2a3 (0000a8c0)     PieVectTableInit

0000aa80     2aa (0000aa80)     IPC_Instance

0000ad7a     2b5 (0000ad40)     tempSensor_tempSlope
0000ad7c     2b5 (0000ad40)     tempSensor_tempOffset
0000ad7e     2b5 (0000ad40)     tempSensor_scaleFactor

0000ae82     2ba (0000ae80)     speedPid
0000ae94     2ba (0000ae80)     posPid
0000aeb6     2ba (0000ae80)     adcRawData

0000aec0     2bb (0000aec0)     xTimer
0000aec6     2bb (0000aec0)     xLed
0000aec9     2bb (0000aec0)     xRcvSciPcMsg1
0000aeca     2bb (0000aec0)     xXmtSciPcMsg1

00038000     e00 (00038000)     IPC_CPU_To_CM_GetBuffer

00039000     e40 (00039000)     IPC_CPU_To_CM_PutBuffer

0003a000     e80 (0003a000)     IPC_CPU1_To_CPU2_PutBuffer

0003b000     ec0 (0003b000)     IPC_CPU1_To_CPU2_GetBuffer

0005d700    175c (0005d700)     AnalogSubsysRegs


GLOBAL SYMBOLS: SORTED ALPHABETICALLY BY Name 

page  address   name                                     
----  -------   ----                                     
0     0000d291  ADCA1_ISR                                
0     0000d29b  ADCA2_ISR                                
0     0000d2a5  ADCA3_ISR                                
0     0000d2af  ADCA4_ISR                                
0     0000d2b9  ADCA_EVT_ISR                             
0     0000d2c3  ADCB1_ISR                                
0     0000d2cd  ADCB2_ISR                                
0     0000d2d7  ADCB3_ISR                                
0     0000d2e1  ADCB4_ISR                                
0     0000d2eb  ADCB_EVT_ISR                             
0     0000d2f5  ADCC1_ISR                                
0     0000d2ff  ADCC2_ISR                                
0     0000d309  ADCC3_ISR                                
0     0000d313  ADCC4_ISR                                
0     0000d31d  ADCC_EVT_ISR                             
0     0000d327  ADCD1_ISR                                
0     0000d331  ADCD2_ISR                                
0     0000d33b  ADCD3_ISR                                
0     0000d345  ADCD4_ISR                                
0     0000d34f  ADCD_EVT_ISR                             
0     0000912b  ADC_setINLTrim                           
0     000098f4  ADC_setMode                              
0     00009346  ADC_setOffsetTrim                        
0     0000918c  AdcaIsr                                  
1     0005d700  AnalogSubsysRegs                         
0     0000a863  BitFaultFlag_Set                         
0     0000a868  BitFault_Drv8343_nFault                  
0     0000a865  BitFault_OvCurr_Brk                      
0     0000a864  BitFault_OvCurr_Mot                      
0     0000a866  BitFault_OvTemp_Bd                       
0     0000a867  BitFault_OvVolt_28V                      
0     0000a862  BitStartFlag_Set                         
0     0000d22d  Bit_GateFault_Check                      
0     0000a86e  Bit_Inform_all                           
0     0000992f  Bit_OvCurrent_Check                      
0     00009f30  Bit_OvTemperature_Check                  
0     00009f4f  Bit_OvVoltage_Check                      
0     0000daa7  Bit_RunCBIT                              
0     0000d1d5  Bit_RunPBIT                              
0     00009dd1  C$$EXIT                                  
0     0000d359  CANA0_ISR                                
0     0000d363  CANA1_ISR                                
0     0000d36d  CANB0_ISR                                
0     0000d377  CANB1_ISR                                
0     0000d381  CIPC0_ISR                                
0     0000d38b  CIPC1_ISR                                
0     0000d395  CIPC2_ISR                                
0     0000d39f  CIPC3_ISR                                
0     0000d3a9  CLA1CRC_ISR                              
0     0000d3b3  CLA1_1_ISR                               
0     0000d3bd  CLA1_2_ISR                               
0     0000d3c7  CLA1_3_ISR                               
0     0000d3d1  CLA1_4_ISR                               
0     0000d3db  CLA1_5_ISR                               
0     0000d3e5  CLA1_6_ISR                               
0     0000d3ef  CLA1_7_ISR                               
0     0000d3f9  CLA1_8_ISR                               
0     0000d403  CLA_OVERFLOW_ISR                         
0     0000d40d  CLA_UNDERFLOW_ISR                        
0     0000d417  CLB1_ISR                                 
0     0000d421  CLB2_ISR                                 
0     0000d42b  CLB3_ISR                                 
0     0000d435  CLB4_ISR                                 
0     0000d43f  CLB5_ISR                                 
0     0000d449  CLB6_ISR                                 
0     0000d453  CLB7_ISR                                 
0     0000d45d  CLB8_ISR                                 
0     0000d467  CMTOCPUXIPC0_ISR                         
0     0000d471  CMTOCPUXIPC1_ISR                         
0     0000d47b  CMTOCPUXIPC2_ISR                         
0     0000d485  CMTOCPUXIPC3_ISR                         
0     0000d48f  CMTOCPUXIPC4_ISR                         
0     0000d499  CMTOCPUXIPC5_ISR                         
0     0000d4a3  CMTOCPUXIPC6_ISR                         
0     0000d4ad  CMTOCPUXIPC7_ISR                         
0     0000d4b7  CM_STATUS_ISR                            
0     0000d4c1  CPUCRC_ISR                               
0     00009ef0  CPUTimer_setEmulationMode                
0     0000cd6c  CalcAdcData                              
0     0000987c  Control_CalibrateCurrentOffset           
0     0000d106  Control_SystemOperation                  
0     0000d4cb  DATALOG_ISR                              
0     0000c3ab  DCC_verifyClockFrequency                 
0     0000d4d5  DMA_CH1_ISR                              
0     0000d4df  DMA_CH2_ISR                              
0     0000d4e9  DMA_CH3_ISR                              
0     0000d4f3  DMA_CH4_ISR                              
0     0000d4fd  DMA_CH5_ISR                              
0     0000d507  DMA_CH6_ISR                              
0     0000cc05  Device_enableAllPeripherals              
0     0000d286  Device_enableUnbondedGPIOPullups         
0     0000d119  Device_enableUnbondedGPIOPullupsFor176Pin
0     00008b2f  Device_init                              
0     00009e23  Device_initGPIO                          
0     00009fe4  Device_verifyXTAL                        
0     0000d511  ECAP1_ISR                                
0     0000d51b  ECAP2_ISR                                
0     0000d525  ECAP3_ISR                                
0     0000d52f  ECAP4_ISR                                
0     0000d539  ECAP5_ISR                                
0     0000d543  ECAP6_2_ISR                              
0     0000d54d  ECAP6_ISR                                
0     0000d557  ECAP7_2_ISR                              
0     0000d561  ECAP7_ISR                                
0     0000d56b  ECATRST_ISR                              
0     0000d575  ECATSYNC0_ISR                            
0     0000d57f  ECATSYNC1_ISR                            
0     0000d589  ECAT_ISR                                 
0     0000d23a  EMPTY_ISR                                
0     0000d593  EMU_ISR                                  
0     0000d59d  EPWM10_ISR                               
0     0000d5a7  EPWM10_TZ_ISR                            
0     0000d5b1  EPWM11_ISR                               
0     0000d5bb  EPWM11_TZ_ISR                            
0     0000d5c5  EPWM12_ISR                               
0     0000d5cf  EPWM12_TZ_ISR                            
0     0000d5d9  EPWM13_ISR                               
0     0000d5e3  EPWM13_TZ_ISR                            
0     0000d5ed  EPWM14_ISR                               
0     0000d5f7  EPWM14_TZ_ISR                            
0     0000d601  EPWM15_ISR                               
0     0000d60b  EPWM15_TZ_ISR                            
0     0000d615  EPWM16_ISR                               
0     0000d61f  EPWM16_TZ_ISR                            
0     0000d629  EPWM1_ISR                                
0     0000d633  EPWM1_TZ_ISR                             
0     0000d63d  EPWM2_ISR                                
0     0000d647  EPWM2_TZ_ISR                             
0     0000d651  EPWM3_ISR                                
0     0000d65b  EPWM3_TZ_ISR                             
0     0000d665  EPWM4_ISR                                
0     0000d66f  EPWM4_TZ_ISR                             
0     0000d679  EPWM5_ISR                                
0     0000d683  EPWM5_TZ_ISR                             
0     0000d68d  EPWM6_ISR                                
0     0000d697  EPWM6_TZ_ISR                             
0     0000d6a1  EPWM7_ISR                                
0     0000d6ab  EPWM7_TZ_ISR                             
0     0000d6b5  EPWM8_ISR                                
0     0000d6bf  EPWM8_TZ_ISR                             
0     0000d6c9  EPWM9_ISR                                
0     0000d6d3  EPWM9_TZ_ISR                             
0     0000d6dd  EQEP1_ISR                                
0     0000d6e7  EQEP2_ISR                                
0     0000d6f1  EQEP3_ISR                                
0     0000db21  Encoder_Init                             
0     00009067  Encoder_Init_Hardware                    
0     00009da8  Encoder_LoadOffset                       
0     00008f3d  Encoder_ReadSpiData                      
0     0000888f  Encoder_UpdatePosition                   
0     00009e8d  Epwm_SetMotorDuty_1x                     
0     0000d01b  Ethernet_Init                            
0     000091ec  Ethernet_Process                         
0     0000a000  F28x_usDelay                             
0     0000d6fb  FMC_ISR                                  
0     0000d705  FPU_OFLOW_ISR                            
0     0000d70f  FPU_UFLOW_ISR                            
0     0000d719  FSIRXA1_ISR                              
0     0000d723  FSIRXA2_ISR                              
0     0000d72d  FSIRXB1_ISR                              
0     0000d737  FSIRXB2_ISR                              
0     0000d741  FSIRXC1_ISR                              
0     0000d74b  FSIRXC2_ISR                              
0     0000d755  FSIRXD1_ISR                              
0     0000d75f  FSIRXD2_ISR                              
0     0000d769  FSIRXE1_ISR                              
0     0000d773  FSIRXE2_ISR                              
0     0000d77d  FSIRXF1_ISR                              
0     0000d787  FSIRXF2_ISR                              
0     0000d791  FSIRXG1_ISR                              
0     0000d79b  FSIRXG2_ISR                              
0     0000d7a5  FSIRXH1_ISR                              
0     0000d7af  FSIRXH2_ISR                              
0     0000d7b9  FSITXA1_ISR                              
0     0000d7c3  FSITXA2_ISR                              
0     0000d7cd  FSITXB1_ISR                              
0     0000d7d7  FSITXB2_ISR                              
0     0000db0f  Fram_Init                                
0     0000d000  Fram_ReadByte                            
0     00009bea  GPIO_setControllerCore                   
0     00009ca5  GPIO_setDirectionMode                    
0     0000996a  GPIO_setInterruptPin                     
0     0000948a  GPIO_setPadConfig                        
0     00009bba  GPIO_setPinConfig                        
0     00009c19  GPIO_setQualificationMode                
1     00007f00  GpioDataRegs                             
0     0000d7e1  I2CA_FIFO_ISR                            
0     0000d7eb  I2CA_HIGH_ISR                            
0     0000d7f5  I2CA_ISR                                 
0     0000d7ff  I2CB_FIFO_ISR                            
0     0000d809  I2CB_ISR                                 
0     0000d813  ILLEGAL_ISR                              
0     0003b000  IPC_CPU1_To_CPU2_GetBuffer               
0     0003a000  IPC_CPU1_To_CPU2_PutBuffer               
0     00038000  IPC_CPU_To_CM_GetBuffer                  
0     00039000  IPC_CPU_To_CM_PutBuffer                  
0     0000aa80  IPC_Instance                             
0     00009800  IPC_unregisterInterrupt                  
0     000086ec  InitAdcModules                           
0     00009f6e  InitTempSensor                           
0     0000d21f  InitialAdc                               
0     0000db26  Initial_Adc                              
0     000090c9  Initial_EpwmTimer                        
0     0000d247  Initial_Led                              
0     0000daec  Initial_SCI                              
0     0000daf3  Initial_SPI                              
0     00009000  Initial_TIMER                            
0     00009a4d  Initial_W6100                            
0     0000d26e  Interrupt_defaultHandler                 
0     00009244  Interrupt_disable                        
0     000095fc  Interrupt_enable                         
0     0000d81d  Interrupt_illegalOperationHandler        
0     0000963d  Interrupt_initModule                     
0     0000d035  Interrupt_initVectorTable                
0     0000d827  Interrupt_nmiHandler                     
0     0000a850  Isen_Brk_Offset                          
0     0000a844  Isen_Brk_lpf                             
0     0000a84e  Isen_Mot_Offset                          
0     0000a842  Isen_Mot_lpf                             
0     0000d099  Led_InitGpio                             
0     0000dab0  Led_TogglePin                            
0     0000d175  Led_WritePin                             
0     0000d831  MCANA_0_ISR                              
0     0000d83b  MCANA_1_ISR                              
0     0000d845  MCANA_ECC_ISR                            
0     0000d84f  MCANA_WAKE_ISR                           
0     0000d859  MCBSPA_RX_ISR                            
0     0000d863  MCBSPA_TX_ISR                            
0     0000d86d  MCBSPB_RX_ISR                            
0     0000d877  MCBSPB_TX_ISR                            
[...]
0     0000a818  ezDSP_uMaxRxFifoCnt                      
0     0000a819  ezDSP_uTxFifoCnt                         
0     0000a81a  ezDSP_uMaxTxFifoCnt                      
0     0000a81b  ezDSP_uTxFifoFullCnt                     
0     0000a81c  SCIx_BASE                                
0     0000a81e  ezDSP_ulData                             
0     0000a820  ezDSP_ulAddr                             
0     0000a822  ezDSP_ullData                            
0     0000a826  WIZCHIP                                  
0     0000a840  currentTemperatureC                      
0     0000a842  Isen_Mot_lpf                             
0     0000a844  Isen_Brk_lpf                             
0     0000a846  Vsen_28V_lpf                             
0     0000a848  Vsen_5VD_lpf                             
0     0000a84a  Vsen_Ref_lpf                             
0     0000a84c  Tsen_Bd_lpf                              
0     0000a84e  Isen_Mot_Offset                          
0     0000a850  Isen_Brk_Offset                          
0     0000a852  isEncError                               
0     0000a854  encAngleDeg                              
0     0000a856  encRawData                               
0     0000a85a  encOffset                                
0     0000a85e  encPosition                              
0     0000a862  BitStartFlag_Set                         
0     0000a863  BitFaultFlag_Set                         
0     0000a864  BitFault_OvCurr_Mot                      
0     0000a865  BitFault_OvCurr_Brk                      
0     0000a866  BitFault_OvTemp_Bd                       
0     0000a867  BitFault_OvVolt_28V                      
0     0000a868  BitFault_Drv8343_nFault                  
0     0000a86e  Bit_Inform_all                           
0     0000a870  currentMotorMode                         
0     0000a872  targetSpeedRpm                           
0     0000a874  targetPosition                           
0     0000a876  currentSpeedRpm                          
0     0000a878  currentPosition                          
0     0000a880  isOffsetCalibrated                       
0     0000a881  isPbitComplete                           
0     0000a888  sock_pack_info                           
0     0000a898  __TI_enable_exit_profile_output          
0     0000a89a  __TI_cleanup_ptr                         
0     0000a89c  __TI_dtors_ptr                           
0     0000a89e  _lock                                    
0     0000a8a0  _unlock                                  
0     0000a8c0  PieVectTableInit                         
0     0000aa80  IPC_Instance                             
0     0000ad7a  tempSensor_tempSlope                     
0     0000ad7c  tempSensor_tempOffset                    
0     0000ad7e  tempSensor_scaleFactor                   
0     0000ae82  speedPid                                 
0     0000ae94  posPid                                   
0     0000aeb6  adcRawData                               
0     0000aec0  xTimer                                   
0     0000aec6  xLed                                     
0     0000aec9  xRcvSciPcMsg1                            
0     0000aeca  xXmtSciPcMsg1                            
0     0000c000  easy_RXINT_ISR                           
0     0000c3ab  DCC_verifyClockFrequency                 
0     0000c663  recvfrom_W6x00                           
0     0000c800  SysCtl_isPLLValid                        
0     0000ca5d  easyDSP_SCI_Init                         
0     0000cc05  Device_enableAllPeripherals              
0     0000cd6c  CalcAdcData                              
0     0000cec1  SysCtl_setClock                          
0     0000cfef  setLedModeToggle                         
0     0000d000  Fram_ReadByte                            
0     0000d01b  Ethernet_Init                            
0     0000d035  Interrupt_initVectorTable                
0     0000d04f  recvSciPcMessage                         
0     0000d068  _c_int00                                 
0     0000d081  __c28xabi_andll                          
0     0000d089  __c28xabi_orll                           
0     0000d091  __c28xabi_xorll                          
0     0000d099  Led_InitGpio                             
0     0000d0b0  wizchip_spi_writeburst                   
0     0000d0c7  isr_CpuTimer1                            
0     0000d0dd  isr_CpuTimer2                            
0     0000d0f2  wizchip_spi_readburst                    
0     0000d106  Control_SystemOperation                  
0     0000d119  Device_enableUnbondedGPIOPullupsFor176Pin
0     0000d12c  MotorDriver_ReadReg                      
0     0000d13f  MotorDriver_WriteReg                     
0     0000d151  reg_wizchip_cs_cbfunc                    
0     0000d163  _args_main                               
0     0000d175  Led_WritePin                             
0     0000d185  Spid_Transmit                            
0     0000d195  System_Initialization                    
0     0000d1a5  isr_CpuTimer0                            
0     0000d1c5  xmtScia_SCI_PC                           
0     0000d1d5  Bit_RunPBIT                              
0     0000d1f3  spi_read_byte                            
0     0000d202  spi_write_byte                           
0     0000d21f  InitialAdc                               
0     0000d22d  Bit_GateFault_Check                      
0     0000d23a  EMPTY_ISR                                
0     0000d247  Initial_Led                              
0     0000d254  __TI_zero_init_nomemset                  
0     0000d261  recvfrom_W5x00                           
0     0000d26e  Interrupt_defaultHandler                 
0     0000d27a  MotorDriver_SetDir                       
0     0000d286  Device_enableUnbondedGPIOPullups         
0     0000d291  ADCA1_ISR                                
0     0000d29b  ADCA2_ISR                                
0     0000d2a5  ADCA3_ISR                                
0     0000d2af  ADCA4_ISR                                
0     0000d2b9  ADCA_EVT_ISR                             
0     0000d2c3  ADCB1_ISR                                
0     0000d2cd  ADCB2_ISR                                
0     0000d2d7  ADCB3_ISR                                
0     0000d2e1  ADCB4_ISR                                
0     0000d2eb  ADCB_EVT_ISR                             
0     0000d2f5  ADCC1_ISR                                
0     0000d2ff  ADCC2_ISR                                
0     0000d309  ADCC3_ISR                                
0     0000d313  ADCC4_ISR                                
0     0000d31d  ADCC_EVT_ISR                             
0     0000d327  ADCD1_ISR                                
0     0000d331  ADCD2_ISR                                
0     0000d33b  ADCD3_ISR                                
0     0000d345  ADCD4_ISR                                
0     0000d34f  ADCD_EVT_ISR                             
0     0000d359  CANA0_ISR                                
0     0000d363  CANA1_ISR                                
0     0000d36d  CANB0_ISR                                
0     0000d377  CANB1_ISR                                
0     0000d381  CIPC0_ISR                                
0     0000d38b  CIPC1_ISR                                
0     0000d395  CIPC2_ISR                                
0     0000d39f  CIPC3_ISR                                
0     0000d3a9  CLA1CRC_ISR                              
0     0000d3b3  CLA1_1_ISR                               
0     0000d3bd  CLA1_2_ISR                               
0     0000d3c7  CLA1_3_ISR                               
0     0000d3d1  CLA1_4_ISR                               
0     0000d3db  CLA1_5_ISR                               
0     0000d3e5  CLA1_6_ISR                               
0     0000d3ef  CLA1_7_ISR                               
0     0000d3f9  CLA1_8_ISR                               
0     0000d403  CLA_OVERFLOW_ISR                         
0     0000d40d  CLA_UNDERFLOW_ISR                        
0     0000d417  CLB1_ISR                                 
0     0000d421  CLB2_ISR                                 
0     0000d42b  CLB3_ISR                                 
0     0000d435  CLB4_ISR                                 
0     0000d43f  CLB5_ISR                                 
0     0000d449  CLB6_ISR                                 
0     0000d453  CLB7_ISR                                 
0     0000d45d  CLB8_ISR                                 
0     0000d467  CMTOCPUXIPC0_ISR                         
0     0000d471  CMTOCPUXIPC1_ISR                         
0     0000d47b  CMTOCPUXIPC2_ISR                         
0     0000d485  CMTOCPUXIPC3_ISR                         
0     0000d48f  CMTOCPUXIPC4_ISR                         
0     0000d499  CMTOCPUXIPC5_ISR                         
0     0000d4a3  CMTOCPUXIPC6_ISR                         
0     0000d4ad  CMTOCPUXIPC7_ISR                         
0     0000d4b7  CM_STATUS_ISR                            
0     0000d4c1  CPUCRC_ISR                               
0     0000d4cb  DATALOG_ISR                              
0     0000d4d5  DMA_CH1_ISR                              
0     0000d4df  DMA_CH2_ISR                              
0     0000d4e9  DMA_CH3_ISR                              
0     0000d4f3  DMA_CH4_ISR                              
0     0000d4fd  DMA_CH5_ISR                              
0     0000d507  DMA_CH6_ISR                              
0     0000d511  ECAP1_ISR                                
0     0000d51b  ECAP2_ISR                                
0     0000d525  ECAP3_ISR                                
0     0000d52f  ECAP4_ISR                                
0     0000d539  ECAP5_ISR                                
0     0000d543  ECAP6_2_ISR                              
0     0000d54d  ECAP6_ISR                                
0     0000d557  ECAP7_2_ISR                              
0     0000d561  ECAP7_ISR                                
0     0000d56b  ECATRST_ISR                              
0     0000d575  ECATSYNC0_ISR                            
0     0000d57f  ECATSYNC1_ISR                            
0     0000d589  ECAT_ISR                                 
0     0000d593  EMU_ISR                                  
0     0000d59d  EPWM10_ISR                               
0     0000d5a7  EPWM10_TZ_ISR                            
0     0000d5b1  EPWM11_ISR                               
0     0000d5bb  EPWM11_TZ_ISR                            
0     0000d5c5  EPWM12_ISR                               
0     0000d5cf  EPWM12_TZ_ISR                            
0     0000d5d9  EPWM13_ISR                               
0     0000d5e3  EPWM13_TZ_ISR                            
0     0000d5ed  EPWM14_ISR                               
0     0000d5f7  EPWM14_TZ_ISR                            
0     0000d601  EPWM15_ISR                               
0     0000d60b  EPWM15_TZ_ISR                            
0     0000d615  EPWM16_ISR                               
0     0000d61f  EPWM16_TZ_ISR                            
0     0000d629  EPWM1_ISR                                
0     0000d633  EPWM1_TZ_ISR                             
0     0000d63d  EPWM2_ISR                                
0     0000d647  EPWM2_TZ_ISR                             
0     0000d651  EPWM3_ISR                                
0     0000d65b  EPWM3_TZ_ISR                             
0     0000d665  EPWM4_ISR                                
0     0000d66f  EPWM4_TZ_ISR                             
0     0000d679  EPWM5_ISR                                
0     0000d683  EPWM5_TZ_ISR                             
0     0000d68d  EPWM6_ISR                                
0     0000d697  EPWM6_TZ_ISR                             
0     0000d6a1  EPWM7_ISR                                
0     0000d6ab  EPWM7_TZ_ISR                             
0     0000d6b5  EPWM8_ISR                                
0     0000d6bf  EPWM8_TZ_ISR                             
0     0000d6c9  EPWM9_ISR                                
0     0000d6d3  EPWM9_TZ_ISR                             
0     0000d6dd  EQEP1_ISR                                
0     0000d6e7  EQEP2_ISR                                
0     0000d6f1  EQEP3_ISR                                
0     0000d6fb  FMC_ISR                                  
0     0000d705  FPU_OFLOW_ISR                            
0     0000d70f  FPU_UFLOW_ISR                            
0     0000d719  FSIRXA1_ISR                              
0     0000d723  FSIRXA2_ISR                              
0     0000d72d  FSIRXB1_ISR                              
0     0000d737  FSIRXB2_ISR                              
0     0000d741  FSIRXC1_ISR                              
0     0000d74b  FSIRXC2_ISR                              
0     0000d755  FSIRXD1_ISR                              
0     0000d75f  FSIRXD2_ISR                              
0     0000d769  FSIRXE1_ISR                              
0     0000d773  FSIRXE2_ISR                              
0     0000d77d  FSIRXF1_ISR                              
0     0000d787  FSIRXF2_ISR                              
0     0000d791  FSIRXG1_ISR                              
0     0000d79b  FSIRXG2_ISR                              
0     0000d7a5  FSIRXH1_ISR                              
0     0000d7af  FSIRXH2_ISR                              
0     0000d7b9  FSITXA1_ISR                              
0     0000d7c3  FSITXA2_ISR                              
0     0000d7cd  FSITXB1_ISR                              
0     0000d7d7  FSITXB2_ISR                              
0     0000d7e1  I2CA_FIFO_ISR                            
0     0000d7eb  I2CA_HIGH_ISR                            
0     0000d7f5  I2CA_ISR                                 
0     0000d7ff  I2CB_FIFO_ISR                            
0     0000d809  I2CB_ISR                                 
0     0000d813  ILLEGAL_ISR                              
0     0000d81d  Interrupt_illegalOperationHandler        
0     0000d827  Interrupt_nmiHandler                     
0     0000d831  MCANA_0_ISR                              
0     0000d83b  MCANA_1_ISR                              
0     0000d845  MCANA_ECC_ISR                            
0     0000d84f  MCANA_WAKE_ISR                           
0     0000d859  MCBSPA_RX_ISR                            
0     0000d863  MCBSPA_TX_ISR                            
0     0000d86d  MCBSPB_RX_ISR                            
0     0000d877  MCBSPB_TX_ISR                            
0     0000d881  MPOST_ISR                                
0     0000d88b  NMI_ISR                                  
0     0000d895  NOTUSED_ISR                              
0     0000d89f  PIE_RESERVED_ISR                         
0     0000d8a9  PMBUSA_ISR                               
0     0000d8b3  RTOS_ISR                                 
0     0000d8bd  SCIA_RX_ISR                              
0     0000d8c7  SCIA_TX_ISR                              
0     0000d8d1  SCIB_RX_ISR                              
0     0000d8db  SCIB_TX_ISR                              
0     0000d8e5  SCIC_RX_ISR                              
0     0000d8ef  SCIC_TX_ISR                              
0     0000d8f9  SCID_RX_ISR                              
0     0000d903  SCID_TX_ISR                              
0     0000d90d  SDFM1DR1_ISR                             
0     0000d917  SDFM1DR2_ISR                             
0     0000d921  SDFM1DR3_ISR                             
0     0000d92b  SDFM1DR4_ISR                             
0     0000d935  SDFM1_ISR                                
0     0000d93f  SDFM2DR1_ISR                             
0     0000d949  SDFM2DR2_ISR                             
0     0000d953  SDFM2DR3_ISR                             
0     0000d95d  SDFM2DR4_ISR                             
0     0000d967  SDFM2_ISR                                
0     0000d971  SPIA_RX_ISR                              
0     0000d97b  SPIA_TX_ISR                              
0     0000d985  SPIB_RX_ISR                              
0     0000d98f  SPIB_TX_ISR                              
0     0000d999  SPIC_RX_ISR                              
0     0000d9a3  SPIC_TX_ISR                              
0     0000d9ad  SPID_RX_ISR                              
0     0000d9b7  SPID_TX_ISR                              
0     0000d9c1  SYS_ERR_ISR                              
0     0000d9cb  TIMER0_ISR                               
0     0000d9d5  TIMER1_ISR                               
0     0000d9df  TIMER2_ISR                               
0     0000d9e9  USBA_ISR                                 
0     0000d9f3  USER10_ISR                               
0     0000d9fd  USER11_ISR                               
0     0000da07  USER12_ISR                               
0     0000da11  USER1_ISR                                
0     0000da1b  USER2_ISR                                
0     0000da25  USER3_ISR                                
0     0000da2f  USER4_ISR                                
0     0000da39  USER5_ISR                                
0     0000da43  USER6_ISR                                
0     0000da4d  USER7_ISR                                
0     0000da57  USER8_ISR                                
0     0000da61  USER9_ISR                                
0     0000da6b  WAKE_ISR                                 
0     0000da75  XINT1_ISR                                
0     0000da7f  XINT2_ISR                                
0     0000da89  XINT3_ISR                                
0     0000da93  XINT4_ISR                                
0     0000da9d  XINT5_ISR                                
0     0000daa7  Bit_RunCBIT                              
0     0000dab0  Led_TogglePin                            
0     0000dac2  _register_unlock                         
0     0000dac6  _register_lock                           
0     0000daca  _nop                                     
0     0000dacb  sendto_W5x00                             
0     0000dadc  __TI_decompress_none                     
0     0000daec  Initial_SCI                              
0     0000daf3  Initial_SPI                              
0     0000dafa  Spid_CsHigh                              
0     0000db01  Spid_CsLow                               
0     0000db0f  Fram_Init                                
0     0000db15  cs_desel                                 
0     0000db1b  cs_sel                                   
0     0000db21  Encoder_Init                             
0     0000db26  Initial_Adc                              
0     0000db35  __error__                                
0     0000db41  wizchip_bus_readdata                     
0     0000db44  wizchip_bus_writedata                    
0     0000db47  _system_post_cinit                       
0     0000db48  wizchip_cris_enter                       
0     0000db49  wizchip_cris_exit                        
0     0000db4a  wizchip_cs_deselect                      
0     0000db4b  wizchip_cs_select                        
0     0000db4c  wizchip_spi_writebyte                    
0     00038000  IPC_CPU_To_CM_GetBuffer                  
0     00039000  IPC_CPU_To_CM_PutBuffer                  
0     0003a000  IPC_CPU1_To_CPU2_PutBuffer               
0     0003b000  IPC_CPU1_To_CPU2_GetBuffer               
1     00007f00  GpioDataRegs                             
1     0005d700  AnalogSubsysRegs                         
abs   00000100  __TI_STACK_SIZE                          
abs   ffffffff  __TI_pprof_out_hndl                      
abs   ffffffff  __TI_prof_data_size                      
abs   ffffffff  __TI_prof_data_start                     
abs   ffffffff  __c_args__                               

[467 symbols]
