******************************************************************************
             TMS320C2000 Linker PC v25.11.0                    
******************************************************************************
>> Linked Tue Jun  9 18:39:20 2026

OUTPUT FILE NAME:   <ATTLA_T_CPU1.out>
ENTRY POINT SYMBOL: "code_start"  address: 00000000


MEMORY CONFIGURATION

         name            origin    length      used     unused   attr    fill
----------------------  --------  ---------  --------  --------  ----  --------
PAGE 0:
  BEGIN                 00000000   00000002  00000002  00000000  RWIX
  BOOT_RSVD             00000002   000001af  00000000  000001af  RWIX
  RAMM0                 000001b1   0000024f  00000044  0000020b  RWIX
  RAMM1                 00000400   000003f8  00000100  000002f8  RWIX
  RAMLS0                00008000   00000800  00000800  00000000  RWIX
  RAMLS1                00008800   00000800  00000800  00000000  RWIX
  RAMLS2                00009000   00000800  00000800  00000000  RWIX
  RAMLS3                00009800   00000800  00000800  00000000  RWIX
  RAMLS4                0000a000   00000800  00000008  000007f8  RWIX
  RAMLS5                0000a800   00000800  0000067d  00000183  RWIX
  RAMLS6                0000b000   00000800  00000000  00000800  RWIX
  RAMLS7                0000b800   00000800  00000000  00000800  RWIX
  RAMD0                 0000c000   00000800  00000800  00000000  RWIX
  RAMD1                 0000c800   00000800  00000800  00000000  RWIX
  RAMGS0                0000d000   00001000  0000071e  000008e2  RWIX
  RAMGS1                0000e000   00001000  00000000  00001000  RWIX
  RAMGS2                0000f000   00001000  00000000  00001000  RWIX
  RAMGS3                00010000   00001000  00000000  00001000  RWIX
  RAMGS4                00011000   00001000  00000000  00001000  RWIX
  RAMGS5                00012000   00001000  00000000  00001000  RWIX
  RAMGS6                00013000   00001000  00000000  00001000  RWIX
  RAMGS7                00014000   00001000  00000000  00001000  RWIX
  RAMGS8                00015000   00001000  00000000  00001000  RWIX
  RAMGS9                00016000   00001000  00000000  00001000  RWIX
  RAMGS10               00017000   00001000  00000000  00001000  RWIX
  RAMGS11               00018000   00001000  00000000  00001000  RWIX
  RAMGS12               00019000   00001000  00000000  00001000  RWIX
  RAMGS13               0001a000   00001000  00000000  00001000  RWIX
  RAMGS14               0001b000   00001000  00000000  00001000  RWIX
  RAMGS15               0001c000   00000ff8  00000000  00000ff8  RWIX
  CMTOCPURAM            00038000   00000800  00000088  00000778  RWIX
  CPUTOCMRAM            00039000   00000800  00000088  00000778  RWIX
  CPU1TOCPU2RAM         0003a000   00000800  00000088  00000778  RWIX
  CPU2TOCPU1RAM         0003b000   00000800  00000088  00000778  RWIX
  CANA_MSG_RAM          00049000   00000800  00000000  00000800  RWIX
  CANB_MSG_RAM          0004b000   00000800  00000000  00000800  RWIX
  FLASH0                00080000   00002000  00000000  00002000  RWIX
  FLASH1                00082000   00002000  00000000  00002000  RWIX
  FLASH2                00084000   00002000  00000000  00002000  RWIX
  FLASH3                00086000   00002000  00000000  00002000  RWIX
  FLASH4                00088000   00008000  00000000  00008000  RWIX
  FLASH5                00090000   00008000  00000000  00008000  RWIX
  FLASH6                00098000   00008000  00000000  00008000  RWIX
  FLASH7                000a0000   00008000  00000000  00008000  RWIX
  FLASH8                000a8000   00008000  00000000  00008000  RWIX
  FLASH9                000b0000   00008000  00000000  00008000  RWIX
  FLASH10               000b8000   00002000  00000000  00002000  RWIX
  FLASH11               000ba000   00002000  00000000  00002000  RWIX
  FLASH12               000bc000   00002000  00000000  00002000  RWIX
  FLASH13               000be000   00002000  00000000  00002000  RWIX
  RESET                 003fffc0   00000002  00000000  00000002  RWIX

PAGE 1:
  ADCARESULT            00000b00   00000018  00000000  00000018  RWIX
  ADCBRESULT            00000b20   00000018  00000000  00000018  RWIX
  ADCCRESULT            00000b40   00000018  00000000  00000018  RWIX
  ADCDRESULT            00000b60   00000018  00000000  00000018  RWIX
  CPUTIMER0             00000c00   00000008  00000000  00000008  RWIX
  CPUTIMER1             00000c08   00000008  00000000  00000008  RWIX
  CPUTIMER2             00000c10   00000008  00000000  00000008  RWIX
  PIECTRL               00000ce0   0000001a  00000000  0000001a  RWIX
  PIEVECTTABLE          00000d00   00000200  00000000  00000200  RWIX
  DMA                   00001000   00000200  00000000  00000200  RWIX
  CLA1                  00001400   00000080  00000000  00000080  RWIX
  CLB1LOGICCFG          00003000   00000052  00000000  00000052  RWIX
  CLB1LOGICCTRL         00003100   00000040  00000000  00000040  RWIX
  CLB1DATAEXCH          00003180   00000080  00000000  00000080  RWIX
  CLB2LOGICCFG          00003200   00000052  00000000  00000052  RWIX
  CLB2LOGICCTRL         00003300   00000040  00000000  00000040  RWIX
  CLB2DATAEXCH          00003380   00000080  00000000  00000080  RWIX
  CLB3LOGICCFG          00003400   00000052  00000000  00000052  RWIX
  CLB3LOGICCTRL         00003500   00000040  00000000  00000040  RWIX
  CLB3DATAEXCH          00003580   00000080  00000000  00000080  RWIX
  CLB4LOGICCFG          00003600   00000052  00000000  00000052  RWIX
  CLB4LOGICCTRL         00003700   00000040  00000000  00000040  RWIX
  CLB4DATAEXCH          00003780   00000080  00000000  00000080  RWIX
  CLB5LOGICCFG          00003800   00000052  00000000  00000052  RWIX
  CLB5LOGICCTRL         00003900   00000040  00000000  00000040  RWIX
  CLB5DATAEXCH          00003980   00000080  00000000  00000080  RWIX
  CLB6LOGICCFG          00003a00   00000052  00000000  00000052  RWIX
  CLB6LOGICCTRL         00003b00   00000040  00000000  00000040  RWIX
  CLB6DATAEXCH          00003b80   00000080  00000000  00000080  RWIX
  CLB7LOGICCFG          00003c00   00000052  00000000  00000052  RWIX
  CLB7LOGICCTRL         00003d00   00000040  00000000  00000040  RWIX
  CLB7DATAEXCH          00003d80   00000080  00000000  00000080  RWIX
  CLB8LOGICCFG          00003e00   00000052  00000000  00000052  RWIX
  CLB8LOGICCTRL         00003f00   00000040  00000000  00000040  RWIX
  CLB8DATAEXCH          00003f80   00000080  00000000  00000080  RWIX
  EPWM1                 00004000   00000100  00000000  00000100  RWIX
  EPWM2                 00004100   00000100  00000000  00000100  RWIX
  EPWM3                 00004200   00000100  00000000  00000100  RWIX
  EPWM4                 00004300   00000100  00000000  00000100  RWIX
  EPWM5                 00004400   00000100  00000000  00000100  RWIX
  EPWM6                 00004500   00000100  00000000  00000100  RWIX
  EPWM7                 00004600   00000100  00000000  00000100  RWIX
  EPWM8                 00004700   00000100  00000000  00000100  RWIX
  EPWM9                 00004800   00000100  00000000  00000100  RWIX
  EPWM10                00004900   00000100  00000000  00000100  RWIX
  EPWM11                00004a00   00000100  00000000  00000100  RWIX
  EPWM12                00004b00   00000100  00000000  00000100  RWIX
  EPWM13                00004c00   00000100  00000000  00000100  RWIX
  EPWM14                00004d00   00000100  00000000  00000100  RWIX
  EPWM15                00004e00   00000100  00000000  00000100  RWIX
  EPWM16                00004f00   00000100  00000000  00000100  RWIX
  EQEP1                 00005100   00000040  00000000  00000040  RWIX
  EQEP2                 00005140   00000040  00000000  00000040  RWIX
  EQEP3                 00005180   00000040  00000000  00000040  RWIX
  ECAP1                 00005200   00000020  00000000  00000020  RWIX
  ECAP2                 00005240   00000020  00000000  00000020  RWIX
  ECAP3                 00005280   00000020  00000000  00000020  RWIX
  ECAP4                 000052c0   00000020  00000000  00000020  RWIX
  ECAP5                 00005300   00000020  00000000  00000020  RWIX
  ECAP6                 00005340   00000020  00000000  00000020  RWIX
  HRCAP6                00005360   00000020  00000000  00000020  RWIX
  ECAP7                 00005380   00000020  00000000  00000020  RWIX
  HRCAP7                000053a0   00000020  00000000  00000020  RWIX
  DACA                  00005c00   00000008  00000000  00000008  RWIX
  DACB                  00005c10   00000008  00000000  00000008  RWIX
  DACC                  00005c20   00000008  00000000  00000008  RWIX
  CMPSS1                00005c80   00000020  00000000  00000020  RWIX
  CMPSS2                00005ca0   00000020  00000000  00000020  RWIX
  CMPSS3                00005cc0   00000020  00000000  00000020  RWIX
  CMPSS4                00005ce0   00000020  00000000  00000020  RWIX
  CMPSS5                00005d00   00000020  00000000  00000020  RWIX
  CMPSS6                00005d20   00000020  00000000  00000020  RWIX
  CMPSS7                00005d40   00000020  00000000  00000020  RWIX
  CMPSS8                00005d60   00000020  00000000  00000020  RWIX
  SDFM1                 00005e00   00000080  00000000  00000080  RWIX
  SDFM2                 00005e80   00000080  00000000  00000080  RWIX
  MCBSPA                00006000   00000024  00000000  00000024  RWIX
  MCBSPB                00006040   00000024  00000000  00000024  RWIX
  SPIA                  00006100   00000010  00000000  00000010  RWIX
  SPIB                  00006110   00000010  00000000  00000010  RWIX
  SPIC                  00006120   00000010  00000000  00000010  RWIX
  SPID                  00006130   00000010  00000000  00000010  RWIX
  BGCRCCPU              00006340   00000040  00000000  00000040  RWIX
  BGCRCCLA1             00006380   00000040  00000000  00000040  RWIX
  PMBUSA                00006400   00000020  00000000  00000020  RWIX
  FSITXA                00006600   00000050  00000000  00000050  RWIX
  FSIRXA                00006680   00000050  00000000  00000050  RWIX
  FSITXB                00006700   00000050  00000000  00000050  RWIX
  FSIRXB                00006780   00000050  00000000  00000050  RWIX
  FSIRXC                00006880   00000050  00000000  00000050  RWIX
  FSIRXD                00006980   00000050  00000000  00000050  RWIX
  FSIRXE                00006a80   00000050  00000000  00000050  RWIX
  FSIRXF                00006b80   00000050  00000000  00000050  RWIX
  FSIRXG                00006c80   00000050  00000000  00000050  RWIX
  FSIRXH                00006d80   00000050  00000000  00000050  RWIX
  WD                    00007000   0000002c  00000000  0000002c  RWIX
  NMIINTRUPT            00007060   00000010  00000000  00000010  RWIX
  XINT                  00007070   0000000c  00000000  0000000c  RWIX
  SCIA                  00007200   00000010  00000000  00000010  RWIX
  SCIB                  00007210   00000010  00000000  00000010  RWIX
  SCIC                  00007220   00000010  00000000  00000010  RWIX
  SCID                  00007230   00000010  00000000  00000010  RWIX
  I2CA                  00007300   00000022  00000000  00000022  RWIX
  I2CB                  00007340   00000022  00000000  00000022  RWIX
  ADCA                  00007400   00000080  00000000  00000080  RWIX
  ADCB                  00007480   00000080  00000000  00000080  RWIX
  ADCC                  00007500   00000080  00000000  00000080  RWIX
  ADCD                  00007580   00000080  00000000  00000080  RWIX
  INPUTXBAR             00007900   00000020  00000000  00000020  RWIX
  XBAR                  00007920   00000020  00000000  00000020  RWIX
  SYNCSOC               00007940   00000006  00000000  00000006  RWIX
  CLBINPUTXBAR          00007960   00000020  00000000  00000020  RWIX
  DMACLASRCSEL          00007980   0000001a  00000000  0000001a  RWIX
  EPWMXBAR              00007a00   00000040  00000000  00000040  RWIX
  CLBXBAR               00007a40   00000040  00000000  00000040  RWIX
  OUTPUTXBAR            00007a80   00000040  00000000  00000040  RWIX
  CLBOUTPUTXBAR         00007bc0   00000040  00000000  00000040  RWIX
  GPIOCTRL              00007c00   00000200  00000000  00000200  RWIX
  GPIODATA              00007f00   00000040  00000000  00000040  RWIX
  GPIODATAREAD          00007f80   00000010  00000000  00000010  RWIX
  EMIF1                 00047000   00000070  00000000  00000070  RWIX
  EMIF2                 00047800   00000070  00000000  00000070  RWIX
  CANA                  00048000   00000200  00000000  00000200  RWIX
  CANB                  0004a000   00000200  00000000  00000200  RWIX
  ESCSS                 00057e00   00000024  00000000  00000024  RWIX
  ESCSSCONFIG           00057f00   00000016  00000000  00000016  RWIX
  MCANASS               0005c400   0000002c  00000000  0000002c  RWIX
  MCANA                 0005c600   00000100  00000000  00000100  RWIX
  MCANAERR              0005c800   00000210  00000000  00000210  RWIX
  CPU1TOCPU2IPC         0005ce00   00000026  00000000  00000026  RWIX
  CPU1TOCMIPC           0005ce40   00000026  00000000  00000026  RWIX
  DEVCFG                0005d000   000001a0  00000000  000001a0  RWIX
  CLKCFG                0005d200   00000100  00000000  00000100  RWIX
  CPUSYS                0005d300   000000a0  00000000  000000a0  RWIX
  SYSSTATUS             0005d400   00000100  00000000  00000100  RWIX
  SYSPERIPHAC           0005d500   00000200  00000000  00000200  RWIX
  ANALOGSUBSYS          0005d700   00000100  0000003e  000000c2  RWIX
  CMCONF                0005dc00   00000400  00000000  00000400  RWIX
  DCC0                  0005e700   00000038  00000000  00000038  RWIX
  DCC1                  0005e740   00000038  00000000  00000038  RWIX
  DCC2                  0005e780   00000038  00000000  00000038  RWIX
  ERADGLOBAL            0005e800   00000014  00000000  00000014  RWIX
  ERADHWBP1             0005e900   00000008  00000000  00000008  RWIX
  ERADHWBP2             0005e908   00000008  00000000  00000008  RWIX
  ERADHWBP3             0005e910   00000008  00000000  00000008  RWIX
  ERADHWBP4             0005e918   00000008  00000000  00000008  RWIX
  ERADHWBP5             0005e920   00000008  00000000  00000008  RWIX
  ERADHWBP6             0005e928   00000008  00000000  00000008  RWIX
  ERADHWBP7             0005e930   00000008  00000000  00000008  RWIX
  ERADHWBP8             0005e938   00000008  00000000  00000008  RWIX
  ERADCOUNTER1          0005e980   00000010  00000000  00000010  RWIX
  ERADCOUNTER2          0005e990   00000010  00000000  00000010  RWIX
  ERADCOUNTER3          0005e9a0   00000010  00000000  00000010  RWIX
  ERADCOUNTER4          0005e9b0   00000010  00000000  00000010  RWIX
  ERADCRCGLOBAL         0005ea00   00000010  00000000  00000010  RWIX
  ERADCRC1              0005ea10   00000010  00000000  00000010  RWIX
  ERADCRC2              0005ea20   00000010  00000000  00000010  RWIX
  ERADCRC3              0005ea30   00000010  00000000  00000010  RWIX
  ERADCRC4              0005ea40   00000010  00000000  00000010  RWIX
  ERADCRC5              0005ea50   00000010  00000000  00000010  RWIX
  ERADCRC6              0005ea60   00000010  00000000  00000010  RWIX
  ERADCRC7              0005ea70   00000010  00000000  00000010  RWIX
  ERADCRC8              0005ea80   00000010  00000000  00000010  RWIX
  DCSMZ1                0005f000   0000003e  00000000  0000003e  RWIX
  DCSMZ2                0005f080   0000003e  00000000  0000003e  RWIX
  DCSMCOMMON            0005f0c0   00000020  00000000  00000020  RWIX
  MEMCFG                0005f400   000000c0  00000000  000000c0  RWIX
  EMIF1CONFIG           0005f4c0   00000020  00000000  00000020  RWIX
  EMIF2CONFIG           0005f4e0   00000020  00000000  00000020  RWIX
  ACCESSPROTECTION      0005f500   00000040  00000000  00000040  RWIX
  MEMORYERROR           0005f540   00000040  00000000  00000040  RWIX
  ROMWAITSTATE          0005f580   00000008  00000000  00000008  RWIX
  ROMPREFETCH           0005f588   00000008  00000000  00000008  RWIX
  TESTERROR             0005f590   00000010  00000000  00000010  RWIX
  FLASH0CTRL            0005f800   00000182  00000000  00000182  RWIX
  FLASH0ECC             0005fb00   00000028  00000000  00000028  RWIX
  UID                   00070200   00000010  00000000  00000010  RWIX
  DCSMZ1OTP             00078000   00000020  00000000  00000020  RWIX
  DCSMZ2OTP             00078200   00000020  00000000  00000020  RWIX


SECTION ALLOCATION MAP

 output                                  attributes/
section   page    origin      length       input sections
--------  ----  ----------  ----------   ----------------
codestart 
*          0    00000000    00000002     
                  00000000    00000002     f2838x_codestartbranch.obj (codestart)

.cinit     0    000001b2    00000044     
                  000001b2    00000029     (.cinit..data.load) [load image, compression = lzss]
                  000001db    00000001     --HOLE-- [fill = 0]
                  000001dc    00000006     (__TI_handler_table)
                  000001e2    00000004     (.cinit..bss.1.load) [load image, compression = zero_init]
                  000001e6    00000004     (.cinit..bss.2.load) [load image, compression = zero_init]
                  000001ea    0000000c     (__TI_cinit_table)

.reset     0    003fffc0    00000000     DSECT

.stack     0    00000400    00000100     UNINITIALIZED
                  00000400    00000100     --HOLE--

.init_array 
*          0    000001b1    00000000     UNINITIALIZED

.data      0    0000a800    00000072     UNINITIALIZED
                  0000a800    00000026     easy28x_driverlib_v12.2.obj (.data)
                  0000a826    0000001a     wizchip_conf.obj (.data)
                  0000a840    0000000e     csu_Adc.obj (.data)
                  0000a84e    00000008     socket.obj (.data:sock_pack_info)
                  0000a856    00000008     socket.obj (.data:sock_remained_size)
                  0000a85e    00000006     rts2800_fpu64_eabi.lib : exit.c.obj (.data)
                  0000a864    00000003     socket.obj (.data)
                  0000a867    00000001     csu_Ethernet.obj (.data)
                  0000a868    00000002     rts2800_fpu64_eabi.lib : _lock.c.obj (.data:_lock)
                  0000a86a    00000002                            : _lock.c.obj (.data:_unlock)
                  0000a86c    00000002     csu_Encoder.obj (.data)
                  0000a86e    00000002     hal_Encoder.obj (.data)
                  0000a870    00000001     hal_Adc.obj (.data)
                  0000a871    00000001     hal_EpwmTimer.obj (.data)

.const     0    0000a872    000004dd     
                  0000a872    00000008     hal_W6100.obj (.const:$P$T0$1)
                  0000a87a    00000004     csu_Ethernet.obj (.const:$P$T0$1)
                  0000a87e    00000002     --HOLE-- [fill = 0]
                  0000a880    000001c0     f2838x_pievect.obj (.const)
                  0000aa40    00000088     ipc.obj (.const:IPC_Instance)
                  0000aac8    00000031     sysctl.obj (.const:.string)
                  0000aaf9    00000007     --HOLE-- [fill = 0]
                  0000ab00    00000068     hal_W6100.obj (.const)
                  0000ab68    0000005d     hal_Timer.obj (.const:.string)
                  0000abc5    00000001     --HOLE-- [fill = 0]
                  0000abc6    00000058     easy28x_driverlib_v12.2.obj (.const:.string)
                  0000ac1e    00000030     gpio.obj (.const:.string)
                  0000ac4e    0000002f     dcc.obj (.const:.string)
                  0000ac7d    00000001     --HOLE-- [fill = 0]
                  0000ac7e    0000002f     sci.obj (.const:.string)
                  0000acad    00000001     --HOLE-- [fill = 0]
                  0000acae    0000002f     spi.obj (.const:.string)
                  0000acdd    00000001     --HOLE-- [fill = 0]
                  0000acde    0000001d     interrupt.obj (.const:.string)
                  0000acfb    00000001     --HOLE-- [fill = 0]
                  0000acfc    0000001c     cputimer.obj (.const:.string)
                  0000ad18    00000017     adc.obj (.const:.string)
                  0000ad2f    00000001     --HOLE-- [fill = 0]
                  0000ad30    00000017     ipc.obj (.const:.string)
                  0000ad47    00000008     hal_W6100.obj (.const:$P$T1$2)

MSGRAM_CM_TO_CPU 
*          0    00038000    00000088     UNINITIALIZED
                  00038000    00000088     ipc.obj (MSGRAM_CM_TO_CPU)

MSGRAM_CPU_TO_CM 
*          0    00039000    00000088     UNINITIALIZED
                  00039000    00000088     ipc.obj (MSGRAM_CPU_TO_CM)

MSGRAM_CPU1_TO_CPU2 
*          0    0003a000    00000088     UNINITIALIZED
                  0003a000    00000088     ipc.obj (MSGRAM_CPU1_TO_CPU2)

MSGRAM_CPU2_TO_CPU1 
*          0    0003b000    00000088     UNINITIALIZED
                  0003b000    00000088     ipc.obj (MSGRAM_CPU2_TO_CPU1)

AnalogSubsysRegsFile 
*          1    0005d700    0000003e     UNINITIALIZED
                  0005d700    0000003e     f2838x_globalvariabledefs.obj (AnalogSubsysRegsFile)

dcsm_z1otp_link_pointer 
*          0    00000000    00000000     

dcsm_z1otp_jlm_enable 
*          0    00000000    00000000     

dcsm_z1otp_gpreg 
*          0    00000000    00000000     

dcsm_z1otp_pswd_lock 
*          0    00000000    00000000     

dcsm_z1otp_crc_lock 
*          0    00000000    00000000     

dcsm_z1otp_jtag_pswdh 
*          0    00000000    00000000     

dcsm_z1otp_cmac_key 
*          0    00000000    00000000     

dcsm_zsel_z1 
*          0    00000000    00000000     

dcsm_z2otp_link_pointer 
*          0    00000000    00000000     

dcsm_rsvd_z2 
*          0    00000000    00000000     

dcsm_z2otp_gpreg 
*          0    00000000    00000000     

dcsm_z2otp_pswd_lock 
*          0    00000000    00000000     

dcsm_z2otp_crc_lock 
*          0    00000000    00000000     

dcsm_rsvd1_z2 
*          0    00000000    00000000     

dcsm_zsel_z2 
*          0    00000000    00000000     

.text.1    0    00008000    00000800     
                  00008000    0000011d     socket.obj (.text:socket)
                  0000811d    0000010e     sysctl.obj (.text:SysCtl_setAuxClock)
                  0000822b    000000ed     socket.obj (.text:sendto_IO_6)
                  00008318    000000be     hal_DspInit.obj (.text:Init_GpioDin)
                  000083d6    000000ae     wizchip_conf.obj (.text:wizchip_sw_reset)
                  00008484    000000a7     hal_Sci.obj (.text:isrScia_SCI_PC)
                  0000852b    0000009e     hal_Timer.obj (.text:configCPUTimer)
                  000085c9    00000093     sci.obj (.text:SCI_setConfig)
                  0000865c    00000090     sci.obj (.text:SCI_writeCharArray)
                  000086ec    0000008f     hal_Adc.obj (.text:InitAdcModules)
                  0000877b    00000083     spi.obj (.text:SPI_setConfig)
                  000087fe    00000002     rts2800_fpu64_eabi.lib : pre_init.c.obj (.text)

.text.2    0    00008800    00000800     
                  00008800    0000008f     sci.obj (.text:SCI_readCharArray)
                  0000888f    0000008c     csu_SciPc.obj (.text:sendSciPcMessage1)
                  0000891b    00000088     rts2800_fpu64_eabi.lib : fs_div28.asm.obj (.text)
                  000089a3    00000081     sysctl.obj (.text:SysCtl_getAuxClock)
                  00008a24    00000079     device.obj (.text:Device_init)
                  00008a9d    00000079     interrupt.obj (.text:Interrupt_clearIFR)
                  00008b16    00000075     easy28x_driverlib_v12.2.obj (.text:easy_addRing)
                  00008b8b    00000074     hal_Spi.obj (.text:InitSpid)
                  00008bff    00000073     sysctl.obj (.text:SysCtl_getClock)
                  00008c72    00000071     hal_Sci.obj (.text:setupSciaPC_HW)
                  00008ce3    0000006e     hal_DspInit.obj (.text:initW6100GpioPins)
                  00008d51    00000067     hal_Timer.obj (.text:Initial_TIMER)
                  00008db8    00000061     adc.obj (.text:ADC_setINLTrim)
                  00008e19    00000061     csu_Ethernet.obj (.text:Ethernet_Process)
                  00008e7a    0000005e     hal_Adc.obj (.text:AdcaIsr)
                  00008ed8    0000005d     hal_Encoder.obj (.text:Encoder_Init_Hardware)
                  00008f35    0000005a     hal_DspInit.obj (.text:Init_GpioDout)
                  00008f8f    0000005a     wizchip_conf.obj (.text:wizchip_setnetinfo)
                  00008fe9    00000017     hal_Led.obj (.text:hal_Led_InitGpio)

.text.3    0    00009000    00000800     
                  00009000    00000059     hal_EpwmTimer.obj (.text:Initial_EpwmTimer)
                  00009059    00000056     interrupt.obj (.text:Interrupt_disable)
                  000090af    00000056     sci.obj (.text:SCI_clearInterruptStatus)
                  00009105    00000056     wizchip_conf.obj (.text:wizchip_init)
                  0000915b    00000055     adc.obj (.text:ADC_setOffsetTrim)
                  000091b0    00000050     sysctl.obj (.text:SysCtl_selectOscSourceAuxPLL)
                  00009200    00000050     w6100.obj (.text:WIZCHIP_WRITE_BUF)
                  00009250    0000004f     hal_Spi.obj (.text:InitSpic)
                  0000929f    0000004e     gpio.obj (.text:GPIO_setPadConfig)
                  000092ed    0000004d     w6100.obj (.text:WIZCHIP_READ_BUF)
                  0000933a    0000004b     hal_Timer.obj (.text:initCPUTimers)
                  00009385    0000004a     csu_Led.obj (.text:updateLedStatus)
                  000093cf    00000042     w6100.obj (.text:wiz_send_data)
                  00009411    00000041     interrupt.obj (.text:Interrupt_enable)
                  00009452    00000041     interrupt.obj (.text:Interrupt_initModule)
                  00009493    00000041     sysctl.obj (.text:SysCtl_selectOscSource)
                  000094d4    00000040     w6100.obj (.text:WIZCHIP_READ)
                  00009514    0000003f     sysctl.obj (.text:SysCtl_selectXTAL)
                  00009553    0000003f     socket.obj (.text:close)
                  00009592    0000003f     csu_Adc.obj (.text:updateDspTempSensor)
                  000095d1    0000003f     w6100.obj (.text:wiz_recv_data)
                  00009610    0000003e     ipc.obj (.text:IPC_unregisterInterrupt)
                  0000964e    0000003e     w6100.obj (.text:WIZCHIP_WRITE)
                  0000968c    0000003c     spi.obj (.text:SPI_clearInterruptStatus)
                  000096c8    0000003b     adc.obj (.text:ADC_setMode)
                  00009703    0000003b     hal_Epwm.obj (.text:Initial_Epwm7a)
                  0000973e    00000039     sci.obj (.text:SCI_disableInterrupt)
                  00009777    00000039     sysctl.obj (.text:SysCtl_pollX1Counter)
                  000097b0    00000038     sci.obj (.text:SCI_enableInterrupt)
                  000097e8    00000018     rts2800_fpu64_eabi.lib : ll_aox28.asm.obj (.text)

.text.4    0    00009800    00000800     
                  00009800    00000037     hal_W6100.obj (.text:Initial_W6100)
                  00009837    00000036     w6100.obj (.text:wiz_recv_ignore)
                  0000986d    00000033     hal_Spi.obj (.text:InitSpia)
                  000098a0    00000032     hal_Sci.obj (.text:dequeueSci)
                  000098d2    00000030     gpio.obj (.text:GPIO_setPinConfig)
                  00009902    0000002f     gpio.obj (.text:GPIO_setControllerCore)
                  00009931    0000002f     gpio.obj (.text:GPIO_setQualificationMode)
                  00009960    0000002f     hal_Sci.obj (.text:setupSciaPC_GPIO)
                  0000998f    0000002e     rts2800_fpu64_eabi.lib : copy_decompress_lzss.c.obj (.text:decompress:lzss)
                  000099bd    0000002c     gpio.obj (.text:GPIO_setDirectionMode)
                  000099e9    0000002c     hal_Sci.obj (.text:enqueueSci)
                  00009a15    0000002c     main.obj (.text:main)
                  00009a41    0000002b     rts2800_fpu64_eabi.lib : autoinit.c.obj (.text:__TI_auto_init_nobinit_nopinit)
                  00009a6c    0000002a     w6100.obj (.text:getSn_RX_RSR)
                  00009a96    0000002a     w6100.obj (.text:getSn_TX_FSR)
                  00009ac0    00000029     rts2800_fpu64_eabi.lib : exit.c.obj (.text)
                  00009ae9    00000029     hal_Sci.obj (.text:sendScia_SCI_PC)
                  00009b12    00000024     device.obj (.text:Device_initGPIO)
                  00009b36    00000024     sysctl.obj (.text:SysCtl_getLowSpeedClock)
                  00009b5a    00000023     hal_Encoder.obj (.text:Encoder_ReadSpiData)
                  00009b7d    00000021     sysctl.obj (.text:SysCtl_selectXTALSingleEnded)
                  00009b9e    00000021     wizchip_conf.obj (.text:reg_wizchip_spi_cbfunc)
                  00009bbf    00000020     cputimer.obj (.text:CPUTimer_setEmulationMode)
                  00009bdf    00000020     hal_EpwmTimer.obj (.text:isr_Epwm1Timer2ms)
                  00009bff    00000020     rts2800_fpu64_eabi.lib : memcpy.c.obj (.text)
                  00009c1f    0000001e     f2838x_tempsensorconv.obj (.text:InitTempSensor)
                  00009c3d    0000001e     rts2800_fpu64_eabi.lib : ll_cmp28.asm.obj (.text)
                  00009c5b    0000001c     device.obj (.text:Device_verifyXTAL)
                  00009c77    0000001a     interrupt.obj (.text:Interrupt_initVectorTable)
                  00009c91    00000019     csu_SciPc.obj (.text:recvSciPcMessage)
                  00009caa    00000019     rts2800_fpu64_eabi.lib : boot28.asm.obj (.text)
                  00009cc3    00000017     wizchip_conf.obj (.text:wizchip_spi_writeburst)
                  00009cda    00000016     hal_Timer.obj (.text:isr_CpuTimer1)
                  00009cf0    00000015     hal_Timer.obj (.text:isr_CpuTimer2)
                  00009d05    00000014     wizchip_conf.obj (.text:wizchip_spi_readburst)
                  00009d19    00000013     hal_Epwm.obj (.text:initEpwm7aGpio)
                  00009d2c    00000012     wizchip_conf.obj (.text:reg_wizchip_cs_cbfunc)
                  00009d3e    00000012     rts2800_fpu64_eabi.lib : args_main.c.obj (.text)
                  00009d50    00000011     csu_Led.obj (.text:setLedModeToggle)
                  00009d61    00000010     hal_DspInit.obj (.text:DSP_Initialization)
                  00009d71    00000010     hal_Spi.obj (.text:Spid_Transmit)
                  00009d81    00000010     hal_Led.obj (.text:hal_Led_WritePin)
                  00009d91    00000010     hal_Timer.obj (.text:isr_CpuTimer0)
                  00009da1    00000010     hal_Sci.obj (.text:setupSciaPC_Interrupt)
                  00009db1    00000010     hal_Sci.obj (.text:xmtScia_SCI_PC)
                  00009dc1    0000000f     hal_Spi.obj (.text:spi_read_byte)
                  00009dd0    0000000f     hal_Spi.obj (.text:spi_write_byte)
                  00009ddf    0000000e     hal_Fram.obj (.text:Fram_WriteStatusRegister)
                  00009ded    0000000e     hal_Adc.obj (.text:InitialAdc)
                  00009dfb    0000000d     f2838x_defaultisr.obj (.text:EMPTY_ISR)
                  00009e08    0000000d     csu_Led.obj (.text:Initial_Led)
                  00009e15    0000000d     rts2800_fpu64_eabi.lib : copy_zero_init.c.obj (.text:decompress:ZI:__TI_zero_init_nomemset)
                  00009e22    0000000d     socket.obj (.text:recvfrom_W5x00)
                  00009e2f    0000000c     interrupt.obj (.text:Interrupt_defaultHandler)
                  00009e3b    0000000b     device.obj (.text:Device_enableUnbondedGPIOPullups)
                  00009e46    0000000a     f2838x_defaultisr.obj (.text:ADCA1_ISR)
                  00009e50    0000000a     f2838x_defaultisr.obj (.text:ADCA2_ISR)
                  00009e5a    0000000a     f2838x_defaultisr.obj (.text:ADCA3_ISR)
                  00009e64    0000000a     f2838x_defaultisr.obj (.text:ADCA4_ISR)
                  00009e6e    0000000a     f2838x_defaultisr.obj (.text:ADCA_EVT_ISR)
                  00009e78    0000000a     f2838x_defaultisr.obj (.text:ADCB1_ISR)
                  00009e82    0000000a     f2838x_defaultisr.obj (.text:ADCB2_ISR)
                  00009e8c    0000000a     f2838x_defaultisr.obj (.text:ADCB3_ISR)
                  00009e96    0000000a     f2838x_defaultisr.obj (.text:ADCB4_ISR)
                  00009ea0    0000000a     f2838x_defaultisr.obj (.text:ADCB_EVT_ISR)
                  00009eaa    0000000a     f2838x_defaultisr.obj (.text:ADCC1_ISR)
                  00009eb4    0000000a     f2838x_defaultisr.obj (.text:ADCC2_ISR)
                  00009ebe    0000000a     f2838x_defaultisr.obj (.text:ADCC3_ISR)
                  00009ec8    0000000a     f2838x_defaultisr.obj (.text:ADCC4_ISR)
                  00009ed2    0000000a     f2838x_defaultisr.obj (.text:ADCC_EVT_ISR)
                  00009edc    0000000a     f2838x_defaultisr.obj (.text:ADCD1_ISR)
                  00009ee6    0000000a     f2838x_defaultisr.obj (.text:ADCD2_ISR)
                  00009ef0    0000000a     f2838x_defaultisr.obj (.text:ADCD3_ISR)
                  00009efa    0000000a     f2838x_defaultisr.obj (.text:ADCD4_ISR)
                  00009f04    0000000a     f2838x_defaultisr.obj (.text:ADCD_EVT_ISR)
                  00009f0e    0000000a     f2838x_defaultisr.obj (.text:CANA0_ISR)
                  00009f18    0000000a     f2838x_defaultisr.obj (.text:CANA1_ISR)
                  00009f22    0000000a     f2838x_defaultisr.obj (.text:CANB0_ISR)
                  00009f2c    0000000a     f2838x_defaultisr.obj (.text:CANB1_ISR)
                  00009f36    0000000a     f2838x_defaultisr.obj (.text:CIPC0_ISR)
                  00009f40    0000000a     f2838x_defaultisr.obj (.text:CIPC1_ISR)
                  00009f4a    0000000a     f2838x_defaultisr.obj (.text:CIPC2_ISR)
                  00009f54    0000000a     f2838x_defaultisr.obj (.text:CIPC3_ISR)
                  00009f5e    0000000a     f2838x_defaultisr.obj (.text:CLA1CRC_ISR)
                  00009f68    0000000a     f2838x_defaultisr.obj (.text:CLA1_1_ISR)
                  00009f72    0000000a     f2838x_defaultisr.obj (.text:CLA1_2_ISR)
                  00009f7c    0000000a     f2838x_defaultisr.obj (.text:CLA1_3_ISR)
                  00009f86    0000000a     f2838x_defaultisr.obj (.text:CLA1_4_ISR)
                  00009f90    0000000a     f2838x_defaultisr.obj (.text:CLA1_5_ISR)
                  00009f9a    0000000a     f2838x_defaultisr.obj (.text:CLA1_6_ISR)
                  00009fa4    0000000a     f2838x_defaultisr.obj (.text:CLA1_7_ISR)
                  00009fae    0000000a     f2838x_defaultisr.obj (.text:CLA1_8_ISR)
                  00009fb8    0000000a     f2838x_defaultisr.obj (.text:CLA_OVERFLOW_ISR)
                  00009fc2    0000000a     f2838x_defaultisr.obj (.text:CLA_UNDERFLOW_ISR)
                  00009fcc    0000000a     f2838x_defaultisr.obj (.text:CLB1_ISR)
                  00009fd6    0000000a     f2838x_defaultisr.obj (.text:CLB2_ISR)
                  00009fe0    0000000a     f2838x_defaultisr.obj (.text:CLB3_ISR)
                  00009fea    0000000a     f2838x_defaultisr.obj (.text:CLB4_ISR)
                  00009ff4    0000000a     f2838x_defaultisr.obj (.text:CLB5_ISR)
                  00009ffe    00000002     wizchip_conf.obj (.text:wizchip_spi_readbyte)

.TI.ramfunc 
*          0    0000a000    00000008     
                  0000a000    00000004     f2838x_usdelay.obj (.TI.ramfunc)
                  0000a004    00000004     sysctl.obj (.TI.ramfunc)

.bss.1     0    0000ad50    0000002d     UNINITIALIZED
                  0000ad50    00000010     wizchip_conf.obj (.bss:_DNS6_)
                  0000ad60    00000006     f2838x_tempsensorconv.obj (.bss)
                  0000ad66    00000006     hal_Adc.obj (.bss)
                  0000ad6c    00000006     hal_Timer.obj (.bss)
                  0000ad72    00000004     wizchip_conf.obj (.bss:_DNS_)
                  0000ad76    00000003     csu_Led.obj (.bss)
                  0000ad79    00000003     csu_SciPc.obj (.bss)
                  0000ad7c    00000001     wizchip_conf.obj (.bss)

.bss.2     0    0000ad80    00000101     UNINITIALIZED
                  0000ad80    00000101     hal_Sci.obj (.bss)

.text.5    0    0000c000    00000800     
                  0000c000    000003ab     easy28x_driverlib_v12.2.obj (.text:easy_RXINT_ISR)
                  0000c3ab    000002b8     dcc.obj (.text:DCC_verifyClockFrequency)
                  0000c663    00000184     socket.obj (.text:recvfrom_IO_6)
                  0000c7e7    00000019     device.obj (.text:SysCtl_enablePeripheral)

.text.6    0    0000c800    00000800     
                  0000c800    0000025d     sysctl.obj (.text:SysCtl_isPLLValid)
                  0000ca5d    000001a8     easy28x_driverlib_v12.2.obj (.text:easyDSP_SCI_Init)
                  0000cc05    00000167     device.obj (.text:Device_enableAllPeripherals)
                  0000cd6c    00000153     csu_Adc.obj (.text:CalcAdcData)
                  0000cebf    0000012e     sysctl.obj (.text:SysCtl_setClock)
                  0000cfed    00000013     device.obj (.text:Device_enableUnbondedGPIOPullupsFor176Pin)

.text.7    0    0000d000    0000071e     
                  0000d000    0000000a     f2838x_defaultisr.obj (.text:CLB6_ISR)
                  0000d00a    0000000a     f2838x_defaultisr.obj (.text:CLB7_ISR)
                  0000d014    0000000a     f2838x_defaultisr.obj (.text:CLB8_ISR)
                  0000d01e    0000000a     f2838x_defaultisr.obj (.text:CMTOCPUXIPC0_ISR)
                  0000d028    0000000a     f2838x_defaultisr.obj (.text:CMTOCPUXIPC1_ISR)
                  0000d032    0000000a     f2838x_defaultisr.obj (.text:CMTOCPUXIPC2_ISR)
                  0000d03c    0000000a     f2838x_defaultisr.obj (.text:CMTOCPUXIPC3_ISR)
                  0000d046    0000000a     f2838x_defaultisr.obj (.text:CMTOCPUXIPC4_ISR)
                  0000d050    0000000a     f2838x_defaultisr.obj (.text:CMTOCPUXIPC5_ISR)
                  0000d05a    0000000a     f2838x_defaultisr.obj (.text:CMTOCPUXIPC6_ISR)
                  0000d064    0000000a     f2838x_defaultisr.obj (.text:CMTOCPUXIPC7_ISR)
                  0000d06e    0000000a     f2838x_defaultisr.obj (.text:CM_STATUS_ISR)
                  0000d078    0000000a     f2838x_defaultisr.obj (.text:CPUCRC_ISR)
                  0000d082    0000000a     f2838x_defaultisr.obj (.text:DATALOG_ISR)
                  0000d08c    0000000a     f2838x_defaultisr.obj (.text:DMA_CH1_ISR)
                  0000d096    0000000a     f2838x_defaultisr.obj (.text:DMA_CH2_ISR)
                  0000d0a0    0000000a     f2838x_defaultisr.obj (.text:DMA_CH3_ISR)
                  0000d0aa    0000000a     f2838x_defaultisr.obj (.text:DMA_CH4_ISR)
                  0000d0b4    0000000a     f2838x_defaultisr.obj (.text:DMA_CH5_ISR)
                  0000d0be    0000000a     f2838x_defaultisr.obj (.text:DMA_CH6_ISR)
                  0000d0c8    0000000a     f2838x_defaultisr.obj (.text:ECAP1_ISR)
                  0000d0d2    0000000a     f2838x_defaultisr.obj (.text:ECAP2_ISR)
                  0000d0dc    0000000a     f2838x_defaultisr.obj (.text:ECAP3_ISR)
                  0000d0e6    0000000a     f2838x_defaultisr.obj (.text:ECAP4_ISR)
                  0000d0f0    0000000a     f2838x_defaultisr.obj (.text:ECAP5_ISR)
                  0000d0fa    0000000a     f2838x_defaultisr.obj (.text:ECAP6_2_ISR)
                  0000d104    0000000a     f2838x_defaultisr.obj (.text:ECAP6_ISR)
                  0000d10e    0000000a     f2838x_defaultisr.obj (.text:ECAP7_2_ISR)
                  0000d118    0000000a     f2838x_defaultisr.obj (.text:ECAP7_ISR)
                  0000d122    0000000a     f2838x_defaultisr.obj (.text:ECATRST_ISR)
                  0000d12c    0000000a     f2838x_defaultisr.obj (.text:ECATSYNC0_ISR)
                  0000d136    0000000a     f2838x_defaultisr.obj (.text:ECATSYNC1_ISR)
                  0000d140    0000000a     f2838x_defaultisr.obj (.text:ECAT_ISR)
                  0000d14a    0000000a     f2838x_defaultisr.obj (.text:EMU_ISR)
                  0000d154    0000000a     f2838x_defaultisr.obj (.text:EPWM10_ISR)
                  0000d15e    0000000a     f2838x_defaultisr.obj (.text:EPWM10_TZ_ISR)
                  0000d168    0000000a     f2838x_defaultisr.obj (.text:EPWM11_ISR)
                  0000d172    0000000a     f2838x_defaultisr.obj (.text:EPWM11_TZ_ISR)
                  0000d17c    0000000a     f2838x_defaultisr.obj (.text:EPWM12_ISR)
                  0000d186    0000000a     f2838x_defaultisr.obj (.text:EPWM12_TZ_ISR)
                  0000d190    0000000a     f2838x_defaultisr.obj (.text:EPWM13_ISR)
                  0000d19a    0000000a     f2838x_defaultisr.obj (.text:EPWM13_TZ_ISR)
                  0000d1a4    0000000a     f2838x_defaultisr.obj (.text:EPWM14_ISR)
                  0000d1ae    0000000a     f2838x_defaultisr.obj (.text:EPWM14_TZ_ISR)
                  0000d1b8    0000000a     f2838x_defaultisr.obj (.text:EPWM15_ISR)
                  0000d1c2    0000000a     f2838x_defaultisr.obj (.text:EPWM15_TZ_ISR)
                  0000d1cc    0000000a     f2838x_defaultisr.obj (.text:EPWM16_ISR)
                  0000d1d6    0000000a     f2838x_defaultisr.obj (.text:EPWM16_TZ_ISR)
                  0000d1e0    0000000a     f2838x_defaultisr.obj (.text:EPWM1_ISR)
                  0000d1ea    0000000a     f2838x_defaultisr.obj (.text:EPWM1_TZ_ISR)
                  0000d1f4    0000000a     f2838x_defaultisr.obj (.text:EPWM2_ISR)
                  0000d1fe    0000000a     f2838x_defaultisr.obj (.text:EPWM2_TZ_ISR)
                  0000d208    0000000a     f2838x_defaultisr.obj (.text:EPWM3_ISR)
                  0000d212    0000000a     f2838x_defaultisr.obj (.text:EPWM3_TZ_ISR)
                  0000d21c    0000000a     f2838x_defaultisr.obj (.text:EPWM4_ISR)
                  0000d226    0000000a     f2838x_defaultisr.obj (.text:EPWM4_TZ_ISR)
                  0000d230    0000000a     f2838x_defaultisr.obj (.text:EPWM5_ISR)
                  0000d23a    0000000a     f2838x_defaultisr.obj (.text:EPWM5_TZ_ISR)
                  0000d244    0000000a     f2838x_defaultisr.obj (.text:EPWM6_ISR)
                  0000d24e    0000000a     f2838x_defaultisr.obj (.text:EPWM6_TZ_ISR)
                  0000d258    0000000a     f2838x_defaultisr.obj (.text:EPWM7_ISR)
                  0000d262    0000000a     f2838x_defaultisr.obj (.text:EPWM7_TZ_ISR)
                  0000d26c    0000000a     f2838x_defaultisr.obj (.text:EPWM8_ISR)
                  0000d276    0000000a     f2838x_defaultisr.obj (.text:EPWM8_TZ_ISR)
                  0000d280    0000000a     f2838x_defaultisr.obj (.text:EPWM9_ISR)
                  0000d28a    0000000a     f2838x_defaultisr.obj (.text:EPWM9_TZ_ISR)
                  0000d294    0000000a     f2838x_defaultisr.obj (.text:EQEP1_ISR)
                  0000d29e    0000000a     f2838x_defaultisr.obj (.text:EQEP2_ISR)
                  0000d2a8    0000000a     f2838x_defaultisr.obj (.text:EQEP3_ISR)
                  0000d2b2    0000000a     csu_Ethernet.obj (.text:Ethernet_Init)
                  0000d2bc    0000000a     f2838x_defaultisr.obj (.text:FMC_ISR)
                  0000d2c6    0000000a     f2838x_defaultisr.obj (.text:FPU_OFLOW_ISR)
                  0000d2d0    0000000a     f2838x_defaultisr.obj (.text:FPU_UFLOW_ISR)
                  0000d2da    0000000a     f2838x_defaultisr.obj (.text:FSIRXA1_ISR)
                  0000d2e4    0000000a     f2838x_defaultisr.obj (.text:FSIRXA2_ISR)
                  0000d2ee    0000000a     f2838x_defaultisr.obj (.text:FSIRXB1_ISR)
                  0000d2f8    0000000a     f2838x_defaultisr.obj (.text:FSIRXB2_ISR)
                  0000d302    0000000a     f2838x_defaultisr.obj (.text:FSIRXC1_ISR)
                  0000d30c    0000000a     f2838x_defaultisr.obj (.text:FSIRXC2_ISR)
                  0000d316    0000000a     f2838x_defaultisr.obj (.text:FSIRXD1_ISR)
                  0000d320    0000000a     f2838x_defaultisr.obj (.text:FSIRXD2_ISR)
                  0000d32a    0000000a     f2838x_defaultisr.obj (.text:FSIRXE1_ISR)
                  0000d334    0000000a     f2838x_defaultisr.obj (.text:FSIRXE2_ISR)
                  0000d33e    0000000a     f2838x_defaultisr.obj (.text:FSIRXF1_ISR)
                  0000d348    0000000a     f2838x_defaultisr.obj (.text:FSIRXF2_ISR)
                  0000d352    0000000a     f2838x_defaultisr.obj (.text:FSIRXG1_ISR)
                  0000d35c    0000000a     f2838x_defaultisr.obj (.text:FSIRXG2_ISR)
                  0000d366    0000000a     f2838x_defaultisr.obj (.text:FSIRXH1_ISR)
                  0000d370    0000000a     f2838x_defaultisr.obj (.text:FSIRXH2_ISR)
                  0000d37a    0000000a     f2838x_defaultisr.obj (.text:FSITXA1_ISR)
                  0000d384    0000000a     f2838x_defaultisr.obj (.text:FSITXA2_ISR)
                  0000d38e    0000000a     f2838x_defaultisr.obj (.text:FSITXB1_ISR)
                  0000d398    0000000a     f2838x_defaultisr.obj (.text:FSITXB2_ISR)
                  0000d3a2    0000000a     f2838x_defaultisr.obj (.text:I2CA_FIFO_ISR)
                  0000d3ac    0000000a     f2838x_defaultisr.obj (.text:I2CA_HIGH_ISR)
                  0000d3b6    0000000a     f2838x_defaultisr.obj (.text:I2CA_ISR)
                  0000d3c0    0000000a     f2838x_defaultisr.obj (.text:I2CB_FIFO_ISR)
                  0000d3ca    0000000a     f2838x_defaultisr.obj (.text:I2CB_ISR)
                  0000d3d4    0000000a     f2838x_defaultisr.obj (.text:ILLEGAL_ISR)
                  0000d3de    0000000a     interrupt.obj (.text:Interrupt_illegalOperationHandler)
                  0000d3e8    0000000a     interrupt.obj (.text:Interrupt_nmiHandler)
                  0000d3f2    0000000a     f2838x_defaultisr.obj (.text:MCANA_0_ISR)
                  0000d3fc    0000000a     f2838x_defaultisr.obj (.text:MCANA_1_ISR)
                  0000d406    0000000a     f2838x_defaultisr.obj (.text:MCANA_ECC_ISR)
                  0000d410    0000000a     f2838x_defaultisr.obj (.text:MCANA_WAKE_ISR)
                  0000d41a    0000000a     f2838x_defaultisr.obj (.text:MCBSPA_RX_ISR)
                  0000d424    0000000a     f2838x_defaultisr.obj (.text:MCBSPA_TX_ISR)
                  0000d42e    0000000a     f2838x_defaultisr.obj (.text:MCBSPB_RX_ISR)
                  0000d438    0000000a     f2838x_defaultisr.obj (.text:MCBSPB_TX_ISR)
                  0000d442    0000000a     f2838x_defaultisr.obj (.text:MPOST_ISR)
                  0000d44c    0000000a     f2838x_defaultisr.obj (.text:NMI_ISR)
                  0000d456    0000000a     f2838x_defaultisr.obj (.text:NOTUSED_ISR)
                  0000d460    0000000a     f2838x_defaultisr.obj (.text:PIE_RESERVED_ISR)
                  0000d46a    0000000a     f2838x_defaultisr.obj (.text:PMBUSA_ISR)
                  0000d474    0000000a     f2838x_defaultisr.obj (.text:RTOS_ISR)
                  0000d47e    0000000a     f2838x_defaultisr.obj (.text:SCIA_RX_ISR)
                  0000d488    0000000a     f2838x_defaultisr.obj (.text:SCIA_TX_ISR)
                  0000d492    0000000a     f2838x_defaultisr.obj (.text:SCIB_RX_ISR)
                  0000d49c    0000000a     f2838x_defaultisr.obj (.text:SCIB_TX_ISR)
                  0000d4a6    0000000a     f2838x_defaultisr.obj (.text:SCIC_RX_ISR)
                  0000d4b0    0000000a     f2838x_defaultisr.obj (.text:SCIC_TX_ISR)
                  0000d4ba    0000000a     f2838x_defaultisr.obj (.text:SCID_RX_ISR)
                  0000d4c4    0000000a     f2838x_defaultisr.obj (.text:SCID_TX_ISR)
                  0000d4ce    0000000a     f2838x_defaultisr.obj (.text:SDFM1DR1_ISR)
                  0000d4d8    0000000a     f2838x_defaultisr.obj (.text:SDFM1DR2_ISR)
                  0000d4e2    0000000a     f2838x_defaultisr.obj (.text:SDFM1DR3_ISR)
                  0000d4ec    0000000a     f2838x_defaultisr.obj (.text:SDFM1DR4_ISR)
                  0000d4f6    0000000a     f2838x_defaultisr.obj (.text:SDFM1_ISR)
                  0000d500    0000000a     f2838x_defaultisr.obj (.text:SDFM2DR1_ISR)
                  0000d50a    0000000a     f2838x_defaultisr.obj (.text:SDFM2DR2_ISR)
                  0000d514    0000000a     f2838x_defaultisr.obj (.text:SDFM2DR3_ISR)
                  0000d51e    0000000a     f2838x_defaultisr.obj (.text:SDFM2DR4_ISR)
                  0000d528    0000000a     f2838x_defaultisr.obj (.text:SDFM2_ISR)
                  0000d532    0000000a     f2838x_defaultisr.obj (.text:SPIA_RX_ISR)
                  0000d53c    0000000a     f2838x_defaultisr.obj (.text:SPIA_TX_ISR)
                  0000d546    0000000a     f2838x_defaultisr.obj (.text:SPIB_RX_ISR)
                  0000d550    0000000a     f2838x_defaultisr.obj (.text:SPIB_TX_ISR)
                  0000d55a    0000000a     f2838x_defaultisr.obj (.text:SPIC_RX_ISR)
                  0000d564    0000000a     f2838x_defaultisr.obj (.text:SPIC_TX_ISR)
                  0000d56e    0000000a     f2838x_defaultisr.obj (.text:SPID_RX_ISR)
                  0000d578    0000000a     f2838x_defaultisr.obj (.text:SPID_TX_ISR)
                  0000d582    0000000a     f2838x_defaultisr.obj (.text:SYS_ERR_ISR)
                  0000d58c    0000000a     f2838x_defaultisr.obj (.text:TIMER0_ISR)
                  0000d596    0000000a     f2838x_defaultisr.obj (.text:TIMER1_ISR)
                  0000d5a0    0000000a     f2838x_defaultisr.obj (.text:TIMER2_ISR)
                  0000d5aa    0000000a     f2838x_defaultisr.obj (.text:USBA_ISR)
                  0000d5b4    0000000a     f2838x_defaultisr.obj (.text:USER10_ISR)
                  0000d5be    0000000a     f2838x_defaultisr.obj (.text:USER11_ISR)
                  0000d5c8    0000000a     f2838x_defaultisr.obj (.text:USER12_ISR)
                  0000d5d2    0000000a     f2838x_defaultisr.obj (.text:USER1_ISR)
                  0000d5dc    0000000a     f2838x_defaultisr.obj (.text:USER2_ISR)
                  0000d5e6    0000000a     f2838x_defaultisr.obj (.text:USER3_ISR)
                  0000d5f0    0000000a     f2838x_defaultisr.obj (.text:USER4_ISR)
                  0000d5fa    0000000a     f2838x_defaultisr.obj (.text:USER5_ISR)
                  0000d604    0000000a     f2838x_defaultisr.obj (.text:USER6_ISR)
                  0000d60e    0000000a     f2838x_defaultisr.obj (.text:USER7_ISR)
                  0000d618    0000000a     f2838x_defaultisr.obj (.text:USER8_ISR)
                  0000d622    0000000a     f2838x_defaultisr.obj (.text:USER9_ISR)
                  0000d62c    0000000a     f2838x_defaultisr.obj (.text:WAKE_ISR)
                  0000d636    0000000a     f2838x_defaultisr.obj (.text:XINT1_ISR)
                  0000d640    0000000a     f2838x_defaultisr.obj (.text:XINT2_ISR)
                  0000d64a    0000000a     f2838x_defaultisr.obj (.text:XINT3_ISR)
                  0000d654    0000000a     f2838x_defaultisr.obj (.text:XINT4_ISR)
                  0000d65e    0000000a     f2838x_defaultisr.obj (.text:XINT5_ISR)
                  0000d668    00000009     hal_DspInit.obj (.text:InitialPeripherals)
                  0000d671    00000009     hal_Led.obj (.text:hal_Led_TogglePin)
                  0000d67a    00000009     hal_DspInit.obj (.text:initSystemCommunications)
                  0000d683    00000009     rts2800_fpu64_eabi.lib : _lock.c.obj (.text)
                  0000d68c    00000009     socket.obj (.text:sendto_W5x00)
                  0000d695    00000008     hal_Fram.obj (.text:Fram_WriteEnable)
                  0000d69d    00000008     main.obj (.text:cycle_1ms)
                  0000d6a5    00000008     rts2800_fpu64_eabi.lib : copy_decompress_none.c.obj (.text:decompress:none)
                  0000d6ad    00000008     f2838x_codestartbranch.obj (.text)
                  0000d6b5    00000007     csu_Adc.obj (.text:Initial_Adc)
                  0000d6bc    00000007     hal_Sci.obj (.text:Initial_SCI)
                  0000d6c3    00000007     hal_Spi.obj (.text:Initial_SPI)
                  0000d6ca    00000007     hal_Spi.obj (.text:Spid_CsHigh)
                  0000d6d1    00000007     hal_Spi.obj (.text:Spid_CsLow)
                  0000d6d8    00000007     hal_Sci.obj (.text:initScia_SCI_PC)
                  0000d6df    00000006     csu_Encoder.obj (.text:Encoder_UpdatePosition)
                  0000d6e5    00000006     hal_Fram.obj (.text:Fram_Init)
                  0000d6eb    00000006     hal_Spi.obj (.text:cs_desel)
                  0000d6f1    00000006     hal_Spi.obj (.text:cs_sel)
                  0000d6f7    00000005     hal_DspInit.obj (.text:Initial_GPIO)
                  0000d6fc    00000005     main.obj (.text:cycle_10ms)
                  0000d701    00000005     hal_DspInit.obj (.text:initSystemAnalogAdc)
                  0000d706    00000003     device.obj (.text:__error__)
                  0000d709    00000003     main.obj (.text:cycle_100ms)
                  0000d70c    00000003     hal_DspInit.obj (.text:initSystemPwm)
                  0000d70f    00000003     hal_DspInit.obj (.text:initSystemUserInterface)
                  0000d712    00000003     wizchip_conf.obj (.text:wizchip_bus_readdata)
                  0000d715    00000003     wizchip_conf.obj (.text:wizchip_bus_writedata)
                  0000d718    00000001     rts2800_fpu64_eabi.lib : startup.c.obj (.text)
                  0000d719    00000001     wizchip_conf.obj (.text:wizchip_cris_enter)
                  0000d71a    00000001     wizchip_conf.obj (.text:wizchip_cris_exit)
                  0000d71b    00000001     wizchip_conf.obj (.text:wizchip_cs_deselect)
                  0000d71c    00000001     wizchip_conf.obj (.text:wizchip_cs_select)
                  0000d71d    00000001     wizchip_conf.obj (.text:wizchip_spi_writebyte)

MODULE SUMMARY

       Module                          code    ro data   rw data
       ------                          ----    -------   -------
    .\
       main.obj                        60      0         0      
    +--+-------------------------------+-------+---------+---------+
       Total:                          60      0         0      
                                                                
    .\CSU\
       csu_Adc.obj                     409     0         14     
       csu_SciPc.obj                   165     0         3      
       csu_Ethernet.obj                107     4         1      
       csu_Led.obj                     104     0         3      
       csu_Encoder.obj                 6       0         2      
    +--+-------------------------------+-------+---------+---------+
       Total:                          791     4         23     
                                                                
    .\HAL\
       easy28x_driverlib_v12.2.obj     1480    88        38     
       socket.obj                      995     0         19     
       hal_Sci.obj                     508     0         257    
       w6100.obj                       550     0         0      
       wizchip_conf.obj                457     0         47     
       hal_Timer.obj                   395     93        6      
       hal_DspInit.obj                 440     0         0      
       hal_Spi.obj                     325     0         0      
       hal_Adc.obj                     251     0         7      
       hal_W6100.obj                   55      120       0      
       hal_Encoder.obj                 128     0         2      
       hal_EpwmTimer.obj               121     0         1      
       hal_Epwm.obj                    78      0         0      
       hal_Led.obj                     48      0         0      
       hal_Fram.obj                    28      0         0      
    +--+-------------------------------+-------+---------+---------+
       Total:                          5859    301       377    
                                                                
    .\SDK\common\source\
       f2838x_defaultisr.obj           2063    0         0      
       device.obj                      602     0         0      
       f2838x_pievect.obj              0       448       0      
       f2838x_tempsensorconv.obj       30      0         6      
       f2838x_codestartbranch.obj      10      0         0      
       f2838x_usdelay.obj              4       0         0      
    +--+-------------------------------+-------+---------+---------+
       Total:                          2709    448       6      
                                                                
    .\SDK\driverlib\
       sysctl.obj                      1759    49        0      
       ipc.obj                         62      159       544    
       dcc.obj                         696     47        0      
       sci.obj                         633     47        0      
       interrupt.obj                   395     29        0      
       gpio.obj                        264     48        0      
       adc.obj                         241     23        0      
       spi.obj                         191     47        0      
       cputimer.obj                    32      28        0      
    +--+-------------------------------+-------+---------+---------+
       Total:                          4273    477       544    
                                                                
    .\SDK\headers\source\
       f2838x_globalvariabledefs.obj   0       0         62     
    +--+-------------------------------+-------+---------+---------+
       Total:                          0       0         62     
                                                                
    C:\ti\ccs2051\ccs\tools\compiler\ti-cgt-c2000_25.11.0.LTS\lib\rts2800_fpu64_eabi.lib
       fs_div28.asm.obj                136     0         0      
       exit.c.obj                      41      0         6      
       copy_decompress_lzss.c.obj      46      0         0      
       autoinit.c.obj                  43      0         0      
       memcpy.c.obj                    32      0         0      
       ll_cmp28.asm.obj                30      0         0      
       boot28.asm.obj                  25      0         0      
       ll_aox28.asm.obj                24      0         0      
       args_main.c.obj                 18      0         0      
       _lock.c.obj                     9       0         4      
       copy_zero_init.c.obj            13      0         0      
       copy_decompress_none.c.obj      8       0         0      
       pre_init.c.obj                  2       0         0      
       startup.c.obj                   1       0         0      
    +--+-------------------------------+-------+---------+---------+
       Total:                          428     0         10     
                                                                
       Stack:                          0       0         256    
       Linker Generated:               0       67        0      
    +--+-------------------------------+-------+---------+---------+
       Grand Total:                    14120   1297      1278   


LINKER GENERATED COPY TABLES

__TI_cinit_table @ 000001ea records: 3, size/record: 4, table size: 12
	.data: load addr=000001b2, load size=00000029 bytes, run addr=0000a800, run size=00000072 bytes, compression=lzss
	.bss.1: load addr=000001e2, load size=00000004 bytes, run addr=0000ad50, run size=0000002d bytes, compression=zero_init
	.bss.2: load addr=000001e6, load size=00000004 bytes, run addr=0000ad80, run size=00000101 bytes, compression=zero_init


LINKER GENERATED HANDLER TABLE

__TI_handler_table @ 000001dc records: 3, size/record: 2, table size: 6
	index: 0, handler: __TI_zero_init
	index: 1, handler: __TI_decompress_lzss
	index: 2, handler: __TI_decompress_none


GLOBAL DATA SYMBOLS: SORTED BY DATA PAGE

address     data page           name
--------    ----------------    ----
00000400      10 (00000400)     __stack

0000a800     2a0 (0000a800)     ezDSP_Version_SCI
0000a801     2a0 (0000a800)     ezDSP_uRead16BPossible
0000a802     2a0 (0000a800)     ezDSP_uRead8BPossible
0000a803     2a0 (0000a800)     ezDSP_b32bitAddress
0000a804     2a0 (0000a800)     ezDSP_uCPU
0000a805     2a0 (0000a800)     ezDSP_uOnChipFlash
0000a806     2a0 (0000a800)     ezDSP_uBRKDTCount
0000a807     2a0 (0000a800)     ezDSP_uFECount
0000a808     2a0 (0000a800)     ezDSP_uOECount
0000a809     2a0 (0000a800)     ezDSP_uPECount
0000a80a     2a0 (0000a800)     ezDSP_uWrongISRCount
0000a80b     2a0 (0000a800)     ezDSP_ucRx
0000a80c     2a0 (0000a800)     ezDSP_uState
0000a80d     2a0 (0000a800)     ezDSP_uData
0000a80e     2a0 (0000a800)     ezDSP_uChksum
0000a80f     2a0 (0000a800)     ezDSP_uAddrRdCnt
0000a810     2a0 (0000a800)     ezDSP_uDataRdCnt
0000a811     2a0 (0000a800)     ezDSP_uBlockSize
0000a812     2a0 (0000a800)     ezDSP_uBlockIndex
0000a813     2a0 (0000a800)     ezDSP_uChkSumCalculated
0000a814     2a0 (0000a800)     ezDSP_uCommand
0000a815     2a0 (0000a800)     ezDSP_uISRRxCount
0000a816     2a0 (0000a800)     ezDSP_uISRTxCount
0000a817     2a0 (0000a800)     ezDSP_uRxFifoCnt
0000a818     2a0 (0000a800)     ezDSP_uMaxRxFifoCnt
0000a819     2a0 (0000a800)     ezDSP_uTxFifoCnt
0000a81a     2a0 (0000a800)     ezDSP_uMaxTxFifoCnt
0000a81b     2a0 (0000a800)     ezDSP_uTxFifoFullCnt
0000a81c     2a0 (0000a800)     SCIx_BASE
0000a81e     2a0 (0000a800)     ezDSP_ulData
0000a820     2a0 (0000a800)     ezDSP_ulAddr
0000a822     2a0 (0000a800)     ezDSP_ullData
0000a826     2a0 (0000a800)     WIZCHIP

0000a840     2a1 (0000a840)     currentTemperatureC
0000a842     2a1 (0000a840)     Isen_Mot_lpf
0000a844     2a1 (0000a840)     Isen_Brk_lpf
0000a846     2a1 (0000a840)     Vsen_28V_lpf
0000a848     2a1 (0000a840)     Vsen_5VD_lpf
0000a84a     2a1 (0000a840)     Vsen_Ref_lpf
0000a84c     2a1 (0000a840)     Tsen_Bd_lpf
0000a84e     2a1 (0000a840)     sock_pack_info
0000a85e     2a1 (0000a840)     __TI_enable_exit_profile_output
0000a860     2a1 (0000a840)     __TI_cleanup_ptr
0000a862     2a1 (0000a840)     __TI_dtors_ptr
0000a867     2a1 (0000a840)     flag_2ms_tx
0000a868     2a1 (0000a840)     _lock
0000a86a     2a1 (0000a840)     _unlock
0000a86c     2a1 (0000a840)     encPosition
0000a86e     2a1 (0000a840)     encRawData
0000a870     2a1 (0000a840)     adcResult

0000a880     2a2 (0000a880)     PieVectTableInit

0000aa40     2a9 (0000aa40)     IPC_Instance

0000ad60     2b5 (0000ad40)     tempSensor_tempSlope
0000ad62     2b5 (0000ad40)     tempSensor_tempOffset
0000ad64     2b5 (0000ad40)     tempSensor_scaleFactor
0000ad66     2b5 (0000ad40)     adcRawData
0000ad6c     2b5 (0000ad40)     xTimer
0000ad76     2b5 (0000ad40)     xLed
0000ad79     2b5 (0000ad40)     xRcvSciPcMsg1
0000ad7a     2b5 (0000ad40)     xXmtSciPcMsg1

00038000     e00 (00038000)     IPC_CPU_To_CM_GetBuffer

00039000     e40 (00039000)     IPC_CPU_To_CM_PutBuffer

0003a000     e80 (0003a000)     IPC_CPU1_To_CPU2_PutBuffer

0003b000     ec0 (0003b000)     IPC_CPU1_To_CPU2_GetBuffer

0005d700    175c (0005d700)     AnalogSubsysRegs


GLOBAL SYMBOLS: SORTED ALPHABETICALLY BY Name 

page  address   name                                     
----  -------   ----                                     
0     00009e46  ADCA1_ISR                                
0     00009e50  ADCA2_ISR                                
0     00009e5a  ADCA3_ISR                                
0     00009e64  ADCA4_ISR                                
0     00009e6e  ADCA_EVT_ISR                             
0     00009e78  ADCB1_ISR                                
0     00009e82  ADCB2_ISR                                
0     00009e8c  ADCB3_ISR                                
0     00009e96  ADCB4_ISR                                
0     00009ea0  ADCB_EVT_ISR                             
0     00009eaa  ADCC1_ISR                                
0     00009eb4  ADCC2_ISR                                
0     00009ebe  ADCC3_ISR                                
0     00009ec8  ADCC4_ISR                                
0     00009ed2  ADCC_EVT_ISR                             
0     00009edc  ADCD1_ISR                                
0     00009ee6  ADCD2_ISR                                
0     00009ef0  ADCD3_ISR                                
0     00009efa  ADCD4_ISR                                
0     00009f04  ADCD_EVT_ISR                             
0     00008db8  ADC_setINLTrim                           
0     000096c8  ADC_setMode                              
0     0000915b  ADC_setOffsetTrim                        
0     00008e7a  AdcaIsr                                  
1     0005d700  AnalogSubsysRegs                         
0     00009ac0  C$$EXIT                                  
0     00009f0e  CANA0_ISR                                
0     00009f18  CANA1_ISR                                
0     00009f22  CANB0_ISR                                
0     00009f2c  CANB1_ISR                                
0     00009f36  CIPC0_ISR                                
0     00009f40  CIPC1_ISR                                
0     00009f4a  CIPC2_ISR                                
0     00009f54  CIPC3_ISR                                
0     00009f5e  CLA1CRC_ISR                              
0     00009f68  CLA1_1_ISR                               
0     00009f72  CLA1_2_ISR                               
0     00009f7c  CLA1_3_ISR                               
0     00009f86  CLA1_4_ISR                               
0     00009f90  CLA1_5_ISR                               
0     00009f9a  CLA1_6_ISR                               
0     00009fa4  CLA1_7_ISR                               
0     00009fae  CLA1_8_ISR                               
0     00009fb8  CLA_OVERFLOW_ISR                         
0     00009fc2  CLA_UNDERFLOW_ISR                        
0     00009fcc  CLB1_ISR                                 
0     00009fd6  CLB2_ISR                                 
0     00009fe0  CLB3_ISR                                 
0     00009fea  CLB4_ISR                                 
0     00009ff4  CLB5_ISR                                 
0     0000d000  CLB6_ISR                                 
0     0000d00a  CLB7_ISR                                 
0     0000d014  CLB8_ISR                                 
0     0000d01e  CMTOCPUXIPC0_ISR                         
0     0000d028  CMTOCPUXIPC1_ISR                         
0     0000d032  CMTOCPUXIPC2_ISR                         
0     0000d03c  CMTOCPUXIPC3_ISR                         
0     0000d046  CMTOCPUXIPC4_ISR                         
0     0000d050  CMTOCPUXIPC5_ISR                         
0     0000d05a  CMTOCPUXIPC6_ISR                         
0     0000d064  CMTOCPUXIPC7_ISR                         
0     0000d06e  CM_STATUS_ISR                            
0     0000d078  CPUCRC_ISR                               
0     00009bbf  CPUTimer_setEmulationMode                
0     0000cd6c  CalcAdcData                              
0     0000d082  DATALOG_ISR                              
0     0000c3ab  DCC_verifyClockFrequency                 
0     0000d08c  DMA_CH1_ISR                              
0     0000d096  DMA_CH2_ISR                              
0     0000d0a0  DMA_CH3_ISR                              
0     0000d0aa  DMA_CH4_ISR                              
0     0000d0b4  DMA_CH5_ISR                              
0     0000d0be  DMA_CH6_ISR                              
0     00009d61  DSP_Initialization                       
0     0000cc05  Device_enableAllPeripherals              
0     00009e3b  Device_enableUnbondedGPIOPullups         
0     0000cfed  Device_enableUnbondedGPIOPullupsFor176Pin
0     00008a24  Device_init                              
0     00009b12  Device_initGPIO                          
0     00009c5b  Device_verifyXTAL                        
0     0000d0c8  ECAP1_ISR                                
0     0000d0d2  ECAP2_ISR                                
0     0000d0dc  ECAP3_ISR                                
0     0000d0e6  ECAP4_ISR                                
0     0000d0f0  ECAP5_ISR                                
0     0000d0fa  ECAP6_2_ISR                              
0     0000d104  ECAP6_ISR                                
0     0000d10e  ECAP7_2_ISR                              
0     0000d118  ECAP7_ISR                                
0     0000d122  ECATRST_ISR                              
0     0000d12c  ECATSYNC0_ISR                            
0     0000d136  ECATSYNC1_ISR                            
0     0000d140  ECAT_ISR                                 
0     00009dfb  EMPTY_ISR                                
0     0000d14a  EMU_ISR                                  
0     0000d154  EPWM10_ISR                               
0     0000d15e  EPWM10_TZ_ISR                            
0     0000d168  EPWM11_ISR                               
0     0000d172  EPWM11_TZ_ISR                            
0     0000d17c  EPWM12_ISR                               
0     0000d186  EPWM12_TZ_ISR                            
0     0000d190  EPWM13_ISR                               
0     0000d19a  EPWM13_TZ_ISR                            
0     0000d1a4  EPWM14_ISR                               
0     0000d1ae  EPWM14_TZ_ISR                            
0     0000d1b8  EPWM15_ISR                               
0     0000d1c2  EPWM15_TZ_ISR                            
0     0000d1cc  EPWM16_ISR                               
0     0000d1d6  EPWM16_TZ_ISR                            
0     0000d1e0  EPWM1_ISR                                
0     0000d1ea  EPWM1_TZ_ISR                             
0     0000d1f4  EPWM2_ISR                                
0     0000d1fe  EPWM2_TZ_ISR                             
0     0000d208  EPWM3_ISR                                
0     0000d212  EPWM3_TZ_ISR                             
0     0000d21c  EPWM4_ISR                                
0     0000d226  EPWM4_TZ_ISR                             
0     0000d230  EPWM5_ISR                                
0     0000d23a  EPWM5_TZ_ISR                             
0     0000d244  EPWM6_ISR                                
0     0000d24e  EPWM6_TZ_ISR                             
0     0000d258  EPWM7_ISR                                
0     0000d262  EPWM7_TZ_ISR                             
0     0000d26c  EPWM8_ISR                                
0     0000d276  EPWM8_TZ_ISR                             
0     0000d280  EPWM9_ISR                                
0     0000d28a  EPWM9_TZ_ISR                             
0     0000d294  EQEP1_ISR                                
0     0000d29e  EQEP2_ISR                                
0     0000d2a8  EQEP3_ISR                                
0     00008ed8  Encoder_Init                             
0     00008ed8  Encoder_Init_Hardware                    
0     00009b5a  Encoder_ReadSpiData                      
0     0000d6df  Encoder_UpdatePosition                   
0     0000d2b2  Ethernet_Init                            
0     00008e19  Ethernet_Process                         
0     0000a000  F28x_usDelay                             
0     0000d2bc  FMC_ISR                                  
0     0000d2c6  FPU_OFLOW_ISR                            
0     0000d2d0  FPU_UFLOW_ISR                            
0     0000d2da  FSIRXA1_ISR                              
0     0000d2e4  FSIRXA2_ISR                              
0     0000d2ee  FSIRXB1_ISR                              
0     0000d2f8  FSIRXB2_ISR                              
0     0000d302  FSIRXC1_ISR                              
0     0000d30c  FSIRXC2_ISR                              
0     0000d316  FSIRXD1_ISR                              
0     0000d320  FSIRXD2_ISR                              
0     0000d32a  FSIRXE1_ISR                              
0     0000d334  FSIRXE2_ISR                              
0     0000d33e  FSIRXF1_ISR                              
0     0000d348  FSIRXF2_ISR                              
0     0000d352  FSIRXG1_ISR                              
0     0000d35c  FSIRXG2_ISR                              
0     0000d366  FSIRXH1_ISR                              
0     0000d370  FSIRXH2_ISR                              
0     0000d37a  FSITXA1_ISR                              
0     0000d384  FSITXA2_ISR                              
0     0000d38e  FSITXB1_ISR                              
0     0000d398  FSITXB2_ISR                              
0     0000d6e5  Fram_Init                                
0     00009902  GPIO_setControllerCore                   
0     000099bd  GPIO_setDirectionMode                    
0     0000929f  GPIO_setPadConfig                        
0     000098d2  GPIO_setPinConfig                        
0     00009931  GPIO_setQualificationMode                
0     0000d3a2  I2CA_FIFO_ISR                            
0     0000d3ac  I2CA_HIGH_ISR                            
0     0000d3b6  I2CA_ISR                                 
0     0000d3c0  I2CB_FIFO_ISR                            
0     0000d3ca  I2CB_ISR                                 
0     0000d3d4  ILLEGAL_ISR                              
0     0003b000  IPC_CPU1_To_CPU2_GetBuffer               
0     0003a000  IPC_CPU1_To_CPU2_PutBuffer               
0     00038000  IPC_CPU_To_CM_GetBuffer                  
0     00039000  IPC_CPU_To_CM_PutBuffer                  
0     0000aa40  IPC_Instance                             
0     00009610  IPC_unregisterInterrupt                  
0     000086ec  InitAdcModules                           
0     00009c1f  InitTempSensor                           
0     00009ded  InitialAdc                               
0     0000d6b5  Initial_Adc                              
0     00009703  Initial_Epwm7a                           
0     00009000  Initial_EpwmTimer                        
0     00009e08  Initial_Led                              
0     0000d6bc  Initial_SCI                              
0     0000d6c3  Initial_SPI                              
0     00008d51  Initial_TIMER                            
0     00009800  Initial_W6100                            
0     00009e2f  Interrupt_defaultHandler                 
0     00009059  Interrupt_disable                        
0     00009411  Interrupt_enable                         
0     0000d3de  Interrupt_illegalOperationHandler        
0     00009452  Interrupt_initModule                     
0     00009c77  Interrupt_initVectorTable                
0     0000d3e8  Interrupt_nmiHandler                     
0     0000a844  Isen_Brk_lpf                             
0     0000a842  Isen_Mot_lpf                             
0     0000d3f2  MCANA_0_ISR                              
0     0000d3fc  MCANA_1_ISR                              
0     0000d406  MCANA_ECC_ISR                            
0     0000d410  MCANA_WAKE_ISR                           
0     0000d41a  MCBSPA_RX_ISR                            
0     0000d424  MCBSPA_TX_ISR                            
0     0000d42e  MCBSPB_RX_ISR                            
0     0000d438  MCBSPB_TX_ISR                            
0     0000d442  MPOST_ISR                                
0     0000d44c  NMI_ISR                                  
0     0000d456  NOTUSED_ISR                              
0     0000d460  PIE_RESERVED_ISR                         
0     0000d46a  PMBUSA_ISR                               
0     0000a880  PieVectTableInit                         
0     0000d474  RTOS_ISR                                 
0     0000d47e  SCIA_RX_ISR                              
0     0000d488  SCIA_TX_ISR                              
0     0000d492  SCIB_RX_ISR                              
0     0000d49c  SCIB_TX_ISR                              
0     0000d4a6  SCIC_RX_ISR                              
0     0000d4b0  SCIC_TX_ISR                              
0     0000d4ba  SCID_RX_ISR                              
0     0000d4c4  SCID_TX_ISR                              
0     000090af  SCI_clearInterruptStatus                 
0     0000973e  SCI_disableInterrupt                     
0     000097b0  SCI_enableInterrupt                      
0     00008800  SCI_readCharArray                        
0     000085c9  SCI_setConfig                            
0     0000865c  SCI_writeCharArray                       
0     0000a81c  SCIx_BASE                                
0     0000d4ce  SDFM1DR1_ISR                             
0     0000d4d8  SDFM1DR2_ISR                             
0     0000d4e2  SDFM1DR3_ISR                             
0     0000d4ec  SDFM1DR4_ISR                             
0     0000d4f6  SDFM1_ISR                                
0     0000d500  SDFM2DR1_ISR                             
0     0000d50a  SDFM2DR2_ISR                             
0     0000d514  SDFM2DR3_ISR                             
0     0000d51e  SDFM2DR4_ISR                             
0     0000d528  SDFM2_ISR                                
0     0000d532  SPIA_RX_ISR                              
0     0000d53c  SPIA_TX_ISR                              
0     0000d546  SPIB_RX_ISR                              
0     0000d550  SPIB_TX_ISR                              
0     0000d55a  SPIC_RX_ISR                              
0     0000d564  SPIC_TX_ISR                              
0     0000d56e  SPID_RX_ISR                              
0     0000d578  SPID_TX_ISR                              
0     0000968c  SPI_clearInterruptStatus                 
0     0000877b  SPI_setConfig                            
0     0000d582  SYS_ERR_ISR                              
0     0000d6ca  Spid_CsHigh                              
0     0000d6d1  Spid_CsLow                               
0     00009d71  Spid_Transmit                            
0     0000a004  SysCtl_delay                             
0     000089a3  SysCtl_getAuxClock                       
0     00008bff  SysCtl_getClock                          
0     00009b36  SysCtl_getLowSpeedClock                  
0     0000c800  SysCtl_isPLLValid                        
0     00009493  SysCtl_selectOscSource                   
0     000091b0  SysCtl_selectOscSourceAuxPLL             
0     00009514  SysCtl_selectXTAL                        
0     00009b7d  SysCtl_selectXTALSingleEnded             
0     0000811d  SysCtl_setAuxClock                       
0     0000cebf  SysCtl_setClock                          
0     0000d58c  TIMER0_ISR                               
0     0000d596  TIMER1_ISR                               
0     0000d5a0  TIMER2_ISR                               
0     0000a84c  Tsen_Bd_lpf                              
0     0000d5aa  USBA_ISR                                 
0     0000d5b4  USER10_ISR                               
0     0000d5be  USER11_ISR                               
0     0000d5c8  USER12_ISR                               
0     0000d5d2  USER1_ISR                                
0     0000d5dc  USER2_ISR                                
0     0000d5e6  USER3_ISR                                
0     0000d5f0  USER4_ISR                                
0     0000d5fa  USER5_ISR                                
0     0000d604  USER6_ISR                                
[...]
0     00009bbf  CPUTimer_setEmulationMode                
0     00009bff  memcpy                                   
0     00009c1f  InitTempSensor                           
0     00009c3d  __c28xabi_cmpll                          
0     00009c4f  __c28xabi_cmpull                         
0     00009c5b  Device_verifyXTAL                        
0     00009c77  Interrupt_initVectorTable                
0     00009c91  recvSciPcMessage                         
0     00009caa  _c_int00                                 
0     00009cc3  wizchip_spi_writeburst                   
0     00009cda  isr_CpuTimer1                            
0     00009cf0  isr_CpuTimer2                            
0     00009d05  wizchip_spi_readburst                    
0     00009d2c  reg_wizchip_cs_cbfunc                    
0     00009d3e  _args_main                               
0     00009d50  setLedModeToggle                         
0     00009d61  DSP_Initialization                       
0     00009d71  Spid_Transmit                            
0     00009d81  hal_Led_WritePin                         
0     00009d91  isr_CpuTimer0                            
0     00009db1  xmtScia_SCI_PC                           
0     00009dc1  spi_read_byte                            
0     00009dd0  spi_write_byte                           
0     00009ded  InitialAdc                               
0     00009dfb  EMPTY_ISR                                
0     00009e08  Initial_Led                              
0     00009e15  __TI_zero_init_nomemset                  
0     00009e22  recvfrom_W5x00                           
0     00009e2f  Interrupt_defaultHandler                 
0     00009e3b  Device_enableUnbondedGPIOPullups         
0     00009e46  ADCA1_ISR                                
0     00009e50  ADCA2_ISR                                
0     00009e5a  ADCA3_ISR                                
0     00009e64  ADCA4_ISR                                
0     00009e6e  ADCA_EVT_ISR                             
0     00009e78  ADCB1_ISR                                
0     00009e82  ADCB2_ISR                                
0     00009e8c  ADCB3_ISR                                
0     00009e96  ADCB4_ISR                                
0     00009ea0  ADCB_EVT_ISR                             
0     00009eaa  ADCC1_ISR                                
0     00009eb4  ADCC2_ISR                                
0     00009ebe  ADCC3_ISR                                
0     00009ec8  ADCC4_ISR                                
0     00009ed2  ADCC_EVT_ISR                             
0     00009edc  ADCD1_ISR                                
0     00009ee6  ADCD2_ISR                                
0     00009ef0  ADCD3_ISR                                
0     00009efa  ADCD4_ISR                                
0     00009f04  ADCD_EVT_ISR                             
0     00009f0e  CANA0_ISR                                
0     00009f18  CANA1_ISR                                
0     00009f22  CANB0_ISR                                
0     00009f2c  CANB1_ISR                                
0     00009f36  CIPC0_ISR                                
0     00009f40  CIPC1_ISR                                
0     00009f4a  CIPC2_ISR                                
0     00009f54  CIPC3_ISR                                
0     00009f5e  CLA1CRC_ISR                              
0     00009f68  CLA1_1_ISR                               
0     00009f72  CLA1_2_ISR                               
0     00009f7c  CLA1_3_ISR                               
0     00009f86  CLA1_4_ISR                               
0     00009f90  CLA1_5_ISR                               
0     00009f9a  CLA1_6_ISR                               
0     00009fa4  CLA1_7_ISR                               
0     00009fae  CLA1_8_ISR                               
0     00009fb8  CLA_OVERFLOW_ISR                         
0     00009fc2  CLA_UNDERFLOW_ISR                        
0     00009fcc  CLB1_ISR                                 
0     00009fd6  CLB2_ISR                                 
0     00009fe0  CLB3_ISR                                 
0     00009fea  CLB4_ISR                                 
0     00009ff4  CLB5_ISR                                 
0     00009ffe  wizchip_spi_readbyte                     
0     0000a000  F28x_usDelay                             
0     0000a004  SysCtl_delay                             
0     0000a800  ezDSP_Version_SCI                        
0     0000a801  ezDSP_uRead16BPossible                   
0     0000a802  ezDSP_uRead8BPossible                    
0     0000a803  ezDSP_b32bitAddress                      
0     0000a804  ezDSP_uCPU                               
0     0000a805  ezDSP_uOnChipFlash                       
0     0000a806  ezDSP_uBRKDTCount                        
0     0000a807  ezDSP_uFECount                           
0     0000a808  ezDSP_uOECount                           
0     0000a809  ezDSP_uPECount                           
0     0000a80a  ezDSP_uWrongISRCount                     
0     0000a80b  ezDSP_ucRx                               
0     0000a80c  ezDSP_uState                             
0     0000a80d  ezDSP_uData                              
0     0000a80e  ezDSP_uChksum                            
0     0000a80f  ezDSP_uAddrRdCnt                         
0     0000a810  ezDSP_uDataRdCnt                         
0     0000a811  ezDSP_uBlockSize                         
0     0000a812  ezDSP_uBlockIndex                        
0     0000a813  ezDSP_uChkSumCalculated                  
0     0000a814  ezDSP_uCommand                           
0     0000a815  ezDSP_uISRRxCount                        
0     0000a816  ezDSP_uISRTxCount                        
0     0000a817  ezDSP_uRxFifoCnt                         
0     0000a818  ezDSP_uMaxRxFifoCnt                      
0     0000a819  ezDSP_uTxFifoCnt                         
0     0000a81a  ezDSP_uMaxTxFifoCnt                      
0     0000a81b  ezDSP_uTxFifoFullCnt                     
0     0000a81c  SCIx_BASE                                
0     0000a81e  ezDSP_ulData                             
0     0000a820  ezDSP_ulAddr                             
0     0000a822  ezDSP_ullData                            
0     0000a826  WIZCHIP                                  
0     0000a840  currentTemperatureC                      
0     0000a842  Isen_Mot_lpf                             
0     0000a844  Isen_Brk_lpf                             
0     0000a846  Vsen_28V_lpf                             
0     0000a848  Vsen_5VD_lpf                             
0     0000a84a  Vsen_Ref_lpf                             
0     0000a84c  Tsen_Bd_lpf                              
0     0000a84e  sock_pack_info                           
0     0000a85e  __TI_enable_exit_profile_output          
0     0000a860  __TI_cleanup_ptr                         
0     0000a862  __TI_dtors_ptr                           
0     0000a867  flag_2ms_tx                              
0     0000a868  _lock                                    
0     0000a86a  _unlock                                  
0     0000a86c  encPosition                              
0     0000a86e  encRawData                               
0     0000a870  adcResult                                
0     0000a880  PieVectTableInit                         
0     0000aa40  IPC_Instance                             
0     0000ad60  tempSensor_tempSlope                     
0     0000ad62  tempSensor_tempOffset                    
0     0000ad64  tempSensor_scaleFactor                   
0     0000ad66  adcRawData                               
0     0000ad6c  xTimer                                   
0     0000ad76  xLed                                     
0     0000ad79  xRcvSciPcMsg1                            
0     0000ad7a  xXmtSciPcMsg1                            
0     0000c000  easy_RXINT_ISR                           
0     0000c3ab  DCC_verifyClockFrequency                 
0     0000c663  recvfrom_W6x00                           
0     0000c800  SysCtl_isPLLValid                        
0     0000ca5d  easyDSP_SCI_Init                         
0     0000cc05  Device_enableAllPeripherals              
0     0000cd6c  CalcAdcData                              
0     0000cebf  SysCtl_setClock                          
0     0000cfed  Device_enableUnbondedGPIOPullupsFor176Pin
0     0000d000  CLB6_ISR                                 
0     0000d00a  CLB7_ISR                                 
0     0000d014  CLB8_ISR                                 
0     0000d01e  CMTOCPUXIPC0_ISR                         
0     0000d028  CMTOCPUXIPC1_ISR                         
0     0000d032  CMTOCPUXIPC2_ISR                         
0     0000d03c  CMTOCPUXIPC3_ISR                         
0     0000d046  CMTOCPUXIPC4_ISR                         
0     0000d050  CMTOCPUXIPC5_ISR                         
0     0000d05a  CMTOCPUXIPC6_ISR                         
0     0000d064  CMTOCPUXIPC7_ISR                         
0     0000d06e  CM_STATUS_ISR                            
0     0000d078  CPUCRC_ISR                               
0     0000d082  DATALOG_ISR                              
0     0000d08c  DMA_CH1_ISR                              
0     0000d096  DMA_CH2_ISR                              
0     0000d0a0  DMA_CH3_ISR                              
0     0000d0aa  DMA_CH4_ISR                              
0     0000d0b4  DMA_CH5_ISR                              
0     0000d0be  DMA_CH6_ISR                              
0     0000d0c8  ECAP1_ISR                                
0     0000d0d2  ECAP2_ISR                                
0     0000d0dc  ECAP3_ISR                                
0     0000d0e6  ECAP4_ISR                                
0     0000d0f0  ECAP5_ISR                                
0     0000d0fa  ECAP6_2_ISR                              
0     0000d104  ECAP6_ISR                                
0     0000d10e  ECAP7_2_ISR                              
0     0000d118  ECAP7_ISR                                
0     0000d122  ECATRST_ISR                              
0     0000d12c  ECATSYNC0_ISR                            
0     0000d136  ECATSYNC1_ISR                            
0     0000d140  ECAT_ISR                                 
0     0000d14a  EMU_ISR                                  
0     0000d154  EPWM10_ISR                               
0     0000d15e  EPWM10_TZ_ISR                            
0     0000d168  EPWM11_ISR                               
0     0000d172  EPWM11_TZ_ISR                            
0     0000d17c  EPWM12_ISR                               
0     0000d186  EPWM12_TZ_ISR                            
0     0000d190  EPWM13_ISR                               
0     0000d19a  EPWM13_TZ_ISR                            
0     0000d1a4  EPWM14_ISR                               
0     0000d1ae  EPWM14_TZ_ISR                            
0     0000d1b8  EPWM15_ISR                               
0     0000d1c2  EPWM15_TZ_ISR                            
0     0000d1cc  EPWM16_ISR                               
0     0000d1d6  EPWM16_TZ_ISR                            
0     0000d1e0  EPWM1_ISR                                
0     0000d1ea  EPWM1_TZ_ISR                             
0     0000d1f4  EPWM2_ISR                                
0     0000d1fe  EPWM2_TZ_ISR                             
0     0000d208  EPWM3_ISR                                
0     0000d212  EPWM3_TZ_ISR                             
0     0000d21c  EPWM4_ISR                                
0     0000d226  EPWM4_TZ_ISR                             
0     0000d230  EPWM5_ISR                                
0     0000d23a  EPWM5_TZ_ISR                             
0     0000d244  EPWM6_ISR                                
0     0000d24e  EPWM6_TZ_ISR                             
0     0000d258  EPWM7_ISR                                
0     0000d262  EPWM7_TZ_ISR                             
0     0000d26c  EPWM8_ISR                                
0     0000d276  EPWM8_TZ_ISR                             
0     0000d280  EPWM9_ISR                                
0     0000d28a  EPWM9_TZ_ISR                             
0     0000d294  EQEP1_ISR                                
0     0000d29e  EQEP2_ISR                                
0     0000d2a8  EQEP3_ISR                                
0     0000d2b2  Ethernet_Init                            
0     0000d2bc  FMC_ISR                                  
0     0000d2c6  FPU_OFLOW_ISR                            
0     0000d2d0  FPU_UFLOW_ISR                            
0     0000d2da  FSIRXA1_ISR                              
0     0000d2e4  FSIRXA2_ISR                              
0     0000d2ee  FSIRXB1_ISR                              
0     0000d2f8  FSIRXB2_ISR                              
0     0000d302  FSIRXC1_ISR                              
0     0000d30c  FSIRXC2_ISR                              
0     0000d316  FSIRXD1_ISR                              
0     0000d320  FSIRXD2_ISR                              
0     0000d32a  FSIRXE1_ISR                              
0     0000d334  FSIRXE2_ISR                              
0     0000d33e  FSIRXF1_ISR                              
0     0000d348  FSIRXF2_ISR                              
0     0000d352  FSIRXG1_ISR                              
0     0000d35c  FSIRXG2_ISR                              
0     0000d366  FSIRXH1_ISR                              
0     0000d370  FSIRXH2_ISR                              
0     0000d37a  FSITXA1_ISR                              
0     0000d384  FSITXA2_ISR                              
0     0000d38e  FSITXB1_ISR                              
0     0000d398  FSITXB2_ISR                              
0     0000d3a2  I2CA_FIFO_ISR                            
0     0000d3ac  I2CA_HIGH_ISR                            
0     0000d3b6  I2CA_ISR                                 
0     0000d3c0  I2CB_FIFO_ISR                            
0     0000d3ca  I2CB_ISR                                 
0     0000d3d4  ILLEGAL_ISR                              
0     0000d3de  Interrupt_illegalOperationHandler        
0     0000d3e8  Interrupt_nmiHandler                     
0     0000d3f2  MCANA_0_ISR                              
0     0000d3fc  MCANA_1_ISR                              
0     0000d406  MCANA_ECC_ISR                            
0     0000d410  MCANA_WAKE_ISR                           
0     0000d41a  MCBSPA_RX_ISR                            
0     0000d424  MCBSPA_TX_ISR                            
0     0000d42e  MCBSPB_RX_ISR                            
0     0000d438  MCBSPB_TX_ISR                            
0     0000d442  MPOST_ISR                                
0     0000d44c  NMI_ISR                                  
0     0000d456  NOTUSED_ISR                              
0     0000d460  PIE_RESERVED_ISR                         
0     0000d46a  PMBUSA_ISR                               
0     0000d474  RTOS_ISR                                 
0     0000d47e  SCIA_RX_ISR                              
0     0000d488  SCIA_TX_ISR                              
0     0000d492  SCIB_RX_ISR                              
0     0000d49c  SCIB_TX_ISR                              
0     0000d4a6  SCIC_RX_ISR                              
0     0000d4b0  SCIC_TX_ISR                              
0     0000d4ba  SCID_RX_ISR                              
0     0000d4c4  SCID_TX_ISR                              
0     0000d4ce  SDFM1DR1_ISR                             
0     0000d4d8  SDFM1DR2_ISR                             
0     0000d4e2  SDFM1DR3_ISR                             
0     0000d4ec  SDFM1DR4_ISR                             
0     0000d4f6  SDFM1_ISR                                
0     0000d500  SDFM2DR1_ISR                             
0     0000d50a  SDFM2DR2_ISR                             
0     0000d514  SDFM2DR3_ISR                             
0     0000d51e  SDFM2DR4_ISR                             
0     0000d528  SDFM2_ISR                                
0     0000d532  SPIA_RX_ISR                              
0     0000d53c  SPIA_TX_ISR                              
0     0000d546  SPIB_RX_ISR                              
0     0000d550  SPIB_TX_ISR                              
0     0000d55a  SPIC_RX_ISR                              
0     0000d564  SPIC_TX_ISR                              
0     0000d56e  SPID_RX_ISR                              
0     0000d578  SPID_TX_ISR                              
0     0000d582  SYS_ERR_ISR                              
0     0000d58c  TIMER0_ISR                               
0     0000d596  TIMER1_ISR                               
0     0000d5a0  TIMER2_ISR                               
0     0000d5aa  USBA_ISR                                 
0     0000d5b4  USER10_ISR                               
0     0000d5be  USER11_ISR                               
0     0000d5c8  USER12_ISR                               
0     0000d5d2  USER1_ISR                                
0     0000d5dc  USER2_ISR                                
0     0000d5e6  USER3_ISR                                
0     0000d5f0  USER4_ISR                                
0     0000d5fa  USER5_ISR                                
0     0000d604  USER6_ISR                                
0     0000d60e  USER7_ISR                                
0     0000d618  USER8_ISR                                
0     0000d622  USER9_ISR                                
0     0000d62c  WAKE_ISR                                 
0     0000d636  XINT1_ISR                                
0     0000d640  XINT2_ISR                                
0     0000d64a  XINT3_ISR                                
0     0000d654  XINT4_ISR                                
0     0000d65e  XINT5_ISR                                
0     0000d671  hal_Led_TogglePin                        
0     0000d683  _register_unlock                         
0     0000d687  _register_lock                           
0     0000d68b  _nop                                     
0     0000d68c  sendto_W5x00                             
0     0000d6a5  __TI_decompress_none                     
0     0000d6b5  Initial_Adc                              
0     0000d6bc  Initial_SCI                              
0     0000d6c3  Initial_SPI                              
0     0000d6ca  Spid_CsHigh                              
0     0000d6d1  Spid_CsLow                               
0     0000d6df  Encoder_UpdatePosition                   
0     0000d6e5  Fram_Init                                
0     0000d6eb  cs_desel                                 
0     0000d6f1  cs_sel                                   
0     0000d706  __error__                                
0     0000d712  wizchip_bus_readdata                     
0     0000d715  wizchip_bus_writedata                    
0     0000d718  _system_post_cinit                       
0     0000d719  wizchip_cris_enter                       
0     0000d71a  wizchip_cris_exit                        
0     0000d71b  wizchip_cs_deselect                      
0     0000d71c  wizchip_cs_select                        
0     0000d71d  wizchip_spi_writebyte                    
0     00038000  IPC_CPU_To_CM_GetBuffer                  
0     00039000  IPC_CPU_To_CM_PutBuffer                  
0     0003a000  IPC_CPU1_To_CPU2_PutBuffer               
0     0003b000  IPC_CPU1_To_CPU2_GetBuffer               
1     0005d700  AnalogSubsysRegs                         
abs   00000100  __TI_STACK_SIZE                          
abs   ffffffff  __TI_pprof_out_hndl                      
abs   ffffffff  __TI_prof_data_size                      
abs   ffffffff  __TI_prof_data_start                     
abs   ffffffff  __c_args__                               

[425 symbols]
