******************************************************************************
                  TI ARM Linker PC v20.2.7                     
******************************************************************************
>> Linked Wed Jul  1 15:25:02 2026

OUTPUT FILE NAME:   <ATTLA_T_CM.out>
ENTRY POINT SYMBOL: "_c_int00_noargs"  address: 002030d9


MEMORY CONFIGURATION

         name            origin    length      used     unused   attr    fill
----------------------  --------  ---------  --------  --------  ----  --------
  CMBANK0_RESETISR      00200000   00000008  00000006  00000002  RWIX
  CMBANK0_SECTOR0       00200008   00003ff8  000035ec  00000a0c  RWIX
  CMBANK0_SECTOR1       00204000   00004000  00000000  00004000  RWIX
  CMBANK0_SECTOR2       00208000   00004000  00000000  00004000  RWIX
  CMBANK0_SECTOR3       0020c000   00004000  00000000  00004000  RWIX
  CMBANK0_SECTOR4       00210000   00010000  00000000  00010000  RWIX
  CMBANK0_SECTOR5       00220000   00010000  00000000  00010000  RWIX
  CMBANK0_SECTOR6       00230000   00010000  00000000  00010000  RWIX
  CMBANK0_SECTOR7       00240000   00010000  00000000  00010000  RWIX
  CMBANK0_SECTOR8       00250000   00010000  00000000  00010000  RWIX
  CMBANK0_SECTOR9       00260000   00010000  00000000  00010000  RWIX
  CMBANK0_SECTOR10      00270000   00004000  00000000  00004000  RWIX
  CMBANK0_SECTOR11      00274000   00004000  00000000  00004000  RWIX
  CMBANK0_SECTOR12      00278000   00004000  00000000  00004000  RWIX
  CMBANK0_SECTOR13      0027c000   00004000  00000000  00004000  RWIX
  C1RAM                 1fffc000   00002000  00000200  00001e00  RWIX
  C0RAM                 1fffe000   00002000  000001aa  00001e56  RWIX
  BOOT_RSVD             20000000   00000800  00000000  00000800  RWIX
  S0RAM                 20000800   00003800  00000140  000036c0  RWIX
  S1RAM                 20004000   00004000  00000000  00004000  RWIX
  S2RAM                 20008000   00004000  00000000  00004000  RWIX
  S3RAM                 2000c000   00004000  00001e36  000021ca  RWIX
  E0RAM                 20010000   00004000  00000000  00004000  RWIX
  CPU1TOCMMSGRAM0       20080000   00000800  00000110  000006f0  RWIX
  CPU1TOCMMSGRAM1       20080800   00000800  00000000  00000800  RWIX
  CMTOCPU1MSGRAM0       20082000   00000800  00000110  000006f0  RWIX
  CMTOCPU1MSGRAM1       20082800   00000800  00000000  00000800  RWIX
  CPU2TOCMMSGRAM0       20084000   00000800  00000110  000006f0  RWIX
  CPU2TOCMMSGRAM1       20084800   00000800  00000000  00000800  RWIX
  CMTOCPU2MSGRAM0       20086000   00000800  00000110  000006f0  RWIX
  CMTOCPU2MSGRAM1       20086800   00000800  00000000  00000800  RWIX


SEGMENT ALLOCATION MAP

run origin  load origin   length   init length attrs members
----------  ----------- ---------- ----------- ----- -------
00200000    00200000    00000006   00000006    r-x
  00200000    00200000    00000006   00000006    r-x .resetisr
002001c0    002001c0    00000240   00000240    r-x
  002001c0    002001c0    00000240   00000240    r-x .text.1
00200400    00200400    00000140   00000000    rw-
  00200400    00200400    00000140   00000000    rw- .vftable
00200540    00200540    00003048   00003048    r-x
  00200540    00200540    00002fba   00002fba    r-x .text.2
  00203500    00203500    00000088   00000088    r-- .const
00203590    00203590    00000080   00000080    r--
  00203590    00203590    00000080   00000080    r-- .cinit
1fffc000    1fffc000    00000200   00000000    rw-
  1fffc000    1fffc000    00000200   00000000    rw- .stack
1fffe000    00200010    000001aa   000001aa    r-x
  1fffe000    00200010    000001aa   000001aa    r-x .TI.ramfunc
20000800    20000800    00000140   00000000    rw-
  20000800    20000800    00000140   00000000    rw- .vtable
2000c000    2000c000    00001e38   00000000    rw-
  2000c000    2000c000    000019a6   00000000    rw- .bss
  2000d9a8    2000d9a8    00000490   00000000    rw- .data
20080000    20080000    00000110   00000000    rw-
  20080000    20080000    00000110   00000000    rw- MSGRAM_CPU1_TO_CM
20082000    20082000    00000110   00000000    rw-
  20082000    20082000    00000110   00000000    rw- MSGRAM_CM_TO_CPU1
20084000    20084000    00000110   00000000    rw-
  20084000    20084000    00000110   00000000    rw- MSGRAM_CPU2_TO_CM
20086000    20086000    00000110   00000000    rw-
  20086000    20086000    00000110   00000000    rw- MSGRAM_CM_TO_CPU2


SECTION ALLOCATION MAP

 output                                  attributes/
section   page    origin      length       input sections
--------  ----  ----------  ----------   ----------------
.resetisr 
*          0    00200000    00000006     
                  00200000    00000006     startup_cm.obj (.resetisr:resetISR)

.TI.ramfunc 
*          0    00200010    000001aa     RUN ADDR = 1fffe000
                  00200010    0000019c     flash.obj (.TI.ramfunc:Flash_initModule)
                  002001ac    00000008     cm.obj (.tramp.__error__.1)
                  002001b4    00000006     sysctl.obj (.TI.ramfunc)

.vftable   0    00200400    00000140     UNINITIALIZED
                  00200400    00000140     startup_cm.obj (.vftable:retain)

.cinit     0    00203590    00000080     
                  00203590    00000023     (.cinit..vftable.load) [load image, compression = lzss]
                  002035b3    00000021     (.cinit..data.load) [load image, compression = lzss]
                  002035d4    0000000c     (__TI_handler_table)
                  002035e0    00000008     (.cinit..bss.load) [load image, compression = zero_init]
                  002035e8    00000008     (.cinit..vtable.load) [load image, compression = zero_init]
                  002035f0    00000020     (__TI_cinit_table)

.vtable    0    20000800    00000140     UNINITIALIZED
                  20000800    00000140     interrupt.obj (.vtable)

.stack     0    1fffc000    00000200     UNINITIALIZED
                  1fffc000    00000004     rtsv7M4_T_le_eabi.lib : boot_cortex_m.c.obj (.stack)
                  1fffc004    000001fc     --HOLE--

.bss       0    2000c000    000019a6     UNINITIALIZED
                  2000c000    00001200     hal_Ethernet_cm.obj (.bss:s_ucRxBuf)
                  2000d200    00000264     (.common:Ethernet_device_struct)
                  2000d464    00000200     (.common:Ethernet_descArray)
                  2000d664    00000130     csu_Ethernet_cm.obj (.bss:s_xTxPktDesc)
                  2000d794    00000120     (.common:xEthCtrl)
                  2000d8b4    000000e4     hal_Ethernet_cm.obj (.bss:s_xRxPktDesc)
                  2000d998    0000000e     (.common:xTimer)

.data      0    2000d9a8    00000490     UNINITIALIZED
                  2000d9a8    00000408     hal_Ethernet_cm.obj (.data:xEthDriver)
                  2000ddb0    0000005c     ethernet.obj (.data)
                  2000de0c    00000018     csu_Ethernet_cm.obj (.data:xEthApp)
                  2000de24    00000008     csu_Ipc_cm.obj (.data)
                  2000de2c    00000008     hal_Ethernet_cm.obj (.data)
                  2000de34    00000004     csu_Ethernet_cm.obj (.data)

MSGRAM_CPU1_TO_CM 
*          0    20080000    00000110     UNINITIALIZED
                  20080000    00000110     ipc.obj (MSGRAM_CPU1_TO_CM)

MSGRAM_CM_TO_CPU1 
*          0    20082000    00000110     UNINITIALIZED
                  20082000    00000110     ipc.obj (MSGRAM_CM_TO_CPU1)

MSGRAM_CPU2_TO_CM 
*          0    20084000    00000110     UNINITIALIZED
                  20084000    00000110     ipc.obj (MSGRAM_CPU2_TO_CM)

MSGRAM_CM_TO_CPU2 
*          0    20086000    00000110     UNINITIALIZED
                  20086000    00000110     ipc.obj (MSGRAM_CM_TO_CPU2)

__llvm_prf_cnts 
*          0    2000c000    00000000     UNINITIALIZED

.text.1    0    002001c0    00000240     
                  002001c0    00000226     hal_Ethernet_cm.obj (.text:Initial_Ethernet)
                  002003e6    00000002     --HOLE-- [fill = 0]
                  002003e8    00000018     hal_Ethernet_cm.obj (.text:Ethernet_getTxBuffer)

.text.2    0    00200540    00002fba     
                  00200540    0000043e     ethernet.obj (.text:Ethernet_genericISR)
                  0020097e    00000002     --HOLE-- [fill = 0]
                  00200980    000003c0     csu_Ethernet_cm.obj (.text:processReceivedEthernetPacket)
                  00200d40    000002ba     hal_Timer_cm.obj (.text:Initial_TIMER)
                  00200ffa    00000004     rtsv7M4_T_le_eabi.lib : pre_init.c.obj (.text:_system_pre_init)
                  00200ffe    00000002     --HOLE-- [fill = 0]
                  00201000    000002b8     ethernet.obj (.text:Ethernet_addPacketsIntoTxQueue)
                  002012b8    000001ce     csu_Ethernet_cm.obj (.text:Ethernet_StateMachine)
                  00201486    00000002     --HOLE-- [fill = 0]
                  00201488    000001b3     ethernet.obj (.text:Ethernet_retrieveRxPacket)
                  0020163b    00000001     --HOLE-- [fill = 0]
                  0020163c    00000004     rtsv7M4_T_le_eabi.lib : exit.c.obj (.text:abort:abort)
                  00201640    0000017c     csu_Ethernet_cm.obj (.text:buildAndSendUdpPacket)
                  002017bc    00000004     --HOLE-- [fill = 0]
                  002017c0    00000164     ethernet.obj (.text:Ethernet_getHandle)
                  00201924    00000004     --HOLE-- [fill = 0]
                  00201928    00000142     ethernet.obj (.text:Ethernet_removePacketsFromTxQueue)
                  00201a6a    00000006     --HOLE-- [fill = 0]
                  00201a70    000000fe     main_cm.obj (.text:main)
                  00201b6e    00000002     --HOLE-- [fill = 0]
                  00201b70    00000008     sysctl.obj (.tramp.SysCtl_delay.1)
                  00201b78    000000f6     ethernet.obj (.text:Ethernet_initTxChannel)
                  00201c6e    00000002     --HOLE-- [fill = 0]
                  00201c70    000000f3     ethernet.obj (.text:Ethernet_sendPacket)
                  00201d63    00000005     --HOLE-- [fill = 0]
                  00201d68    000000e4     ethernet.obj (.text:Ethernet_getInitConfig)
                  00201e4c    00000004     --HOLE-- [fill = 0]
                  00201e50    000000e2     ethernet.obj (.text:Ethernet_initRxChannel)
                  00201f32    00000006     --HOLE-- [fill = 0]
                  00201f38    000000c6     ethernet.obj (.text:Ethernet_initInterface)
                  00201ffe    00000002     --HOLE-- [fill = 0]
                  00202000    000000c2     ethernet.obj (.text:Ethernet_removePacketsFromRxQueue)
                  002020c2    00000006     --HOLE-- [fill = 0]
                  002020c8    000000b4     csu_Ethernet_cm.obj (.text:sendAckResponse)
                  0020217c    00000004     --HOLE-- [fill = 0]
                  00202180    000000b2     hal_Timer_cm.obj (.text:CPUTimer_startTimer)
                  00202232    00000006     --HOLE-- [fill = 0]
                  00202238    000000ac     interrupt.obj (.text:Interrupt_disable)
                  002022e4    00000004     --HOLE-- [fill = 0]
                  002022e8    000000ac     interrupt.obj (.text:Interrupt_enable)
                  00202394    0000009c     rtsv7M4_T_le_eabi.lib : memcpy_t2.asm.obj (.text)
                  00202430    00000092     ethernet.obj (.text:Ethernet_writeTxDMAControl)
                  002024c2    00000006     --HOLE-- [fill = 0]
                  002024c8    0000008c     ethernet.obj (.text:Ethernet_addPacketsIntoRxQueue)
                  00202554    00000004     --HOLE-- [fill = 0]
                  00202558    00000088     interrupt.obj (.text:Interrupt_registerHandler)
                  002025e0    0000007a     rtsv7M4_T_le_eabi.lib : memset_t2.asm.obj (.text)
                  0020265a    00000006     --HOLE-- [fill = 0]
                  00202660    00000076     cm.obj (.text:CM_enableAllPeripherals)
                  002026d6    00000002     --HOLE-- [fill = 0]
                  002026d8    00000072     ethernet.obj (.text:Ethernet_writePHYRegister)
                  0020274a    00000006     --HOLE-- [fill = 0]
                  00202750    00000070     interrupt.obj (.text:Interrupt_initRAMVectorTable)
                  002027c0    0000006f     ethernet.obj (.text:Ethernet_getOneStepTransmitTimestampPTP)
                  0020282f    00000001     --HOLE-- [fill = 0]
                  00202830    0000006c     startup_cm.obj (.text:nmiISR)
                  0020289c    00000068     rtsv7M4_T_le_eabi.lib : copy_decompress_lzss.c.obj (.text:decompress:lzss:__TI_decompress_lzss)
                  00202904    00000004     --HOLE-- [fill = 0]
                  00202908    00000064     csu_Ethernet_cm.obj (.text:sendEthernetFrame)
                  0020296c    00000004     --HOLE-- [fill = 0]
                  00202970    00000062     ethernet.obj (.text:Ethernet_receiveISR)
                  002029d2    00000006     --HOLE-- [fill = 0]
                  002029d8    00000062     ethernet.obj (.text:Ethernet_transmitISR)
                  00202a3a    00000006     --HOLE-- [fill = 0]
                  00202a40    00000062     ethernet.obj (.text:Ethernet_writeRxDMAControl)
                  00202aa2    00000006     --HOLE-- [fill = 0]
                  00202aa8    0000005a     cm.obj (.text:CM_init)
                  00202b02    00000002     --HOLE-- [fill = 0]
                  00202b04    00000008     flash.obj (.tramp.Flash_initModule.1)
                  00202b0c    00000004     --HOLE-- [fill = 0]
                  00202b10    0000005a     ethernet.obj (.text:Ethernet_submitRxPacket)
                  00202b6a    00000006     --HOLE-- [fill = 0]
                  00202b70    0000005a     ipc.obj (.text:IPC_sendCommand)
                  00202bca    00000006     --HOLE-- [fill = 0]
                  00202bd0    00000058     ethernet.obj (.text:Ethernet_readPHYRegister)
                  00202c28    00000058     csu_Ethernet_cm.obj (.text:buildIPHeader)
                  00202c80    00000052     hal_Ethernet_cm.obj (.text:App_ethGetPacketBuffer)
                  00202cd2    00000006     --HOLE-- [fill = 0]
                  00202cd8    00000052     ipc.obj (.text:IPC_registerInterrupt)
                  00202d2a    00000006     --HOLE-- [fill = 0]
                  00202d30    00000050     ipc.obj (.text:IPC_readCommand)
                  00202d80    0000004a     hal_Ipc_cm.obj (.text:Initial_IPC)
                  00202dca    00000002     --HOLE-- [fill = 0]
                  00202dcc    00000044     rtsv7M4_T_le_eabi.lib : autoinit.c.obj (.text:__TI_auto_init_nobinit_nopinit:__TI_auto_init_nobinit_nopinit)
                  00202e10    00000042     csu_Ethernet_cm.obj (.text:buildEthernetHeader)
                  00202e52    00000006     --HOLE-- [fill = 0]
                  00202e58    00000042     csu_Ethernet_cm.obj (.text:buildUDPHeader)
                  00202e9a    00000006     --HOLE-- [fill = 0]
                  00202ea0    00000042     hal_Ethernet_cm.obj (.text:initRxDescriptors)
                  00202ee2    00000006     --HOLE-- [fill = 0]
                  00202ee8    00000038     csu_Ethernet_cm.obj (.text:calcIPChecksum)
                  00202f20    00000036     sysctl.obj (.text:SysCtl_resetPeripheral)
                  00202f56    00000002     --HOLE-- [fill = 0]
                  00202f58    00000034     hal_Timer_cm.obj (.text:isr_CpuTimer1)
                  00202f8c    00000004     --HOLE-- [fill = 0]
                  00202f90    00000032     main_cm.obj (.text:Cycle_1ms)
                  00202fc2    00000006     --HOLE-- [fill = 0]
                  00202fc8    0000002e     hal_Ipc_cm.obj (.text:isrIpcFromCPU1)
                  00202ff6    00000002     --HOLE-- [fill = 0]
                  00202ff8    0000002c     hal_Timer_cm.obj (.text:CPUTimer_isBaseValid)
                  00203024    00000004     --HOLE-- [fill = 0]
                  00203028    0000002a     sysctl.obj (.text:SysCtl_enablePeripheral)
                  00203052    00000006     --HOLE-- [fill = 0]
                  00203058    0000002a     hal_Ipc_cm.obj (.text:sendIpcMessageToCPU1)
                  00203082    00000006     --HOLE-- [fill = 0]
                  00203088    00000026     ethernet.obj (.text:Ethernet_configureEEEClockGatingControl)
                  002030ae    00000002     --HOLE-- [fill = 0]
                  002030b0    00000026     ethernet.obj (.text:Ethernet_enableMACRxQ)
                  002030d6    00000002     --HOLE-- [fill = 0]
                  002030d8    00000024     rtsv7M4_T_le_eabi.lib : boot_cortex_m.c.obj (.text:_c_int00_noargs:_c_int00_noargs)
                  002030fc    00000004     --HOLE-- [fill = 0]
                  00203100    00000024     hal_Ethernet_cm.obj (.text:isr_EmacRx0)
                  00203124    00000004     --HOLE-- [fill = 0]
                  00203128    00000022     hal_Timer_cm.obj (.text:isr_CpuTimer2)
                  0020314a    00000006     --HOLE-- [fill = 0]
                  00203150    00000022     hal_Ethernet_cm.obj (.text:updateEthernetTask)
                  00203172    00000006     --HOLE-- [fill = 0]
                  00203178    00000020     ethernet.obj (.text:Ethernet_resetModule)
                  00203198    00000020     csu_Ethernet_cm.obj (.text:calcUdpMsgChecksum)
                  002031b8    00000020     hal_Timer_cm.obj (.text:isr_CpuTimer0)
                  002031d8    0000001e     ethernet.obj (.text:Ethernet_performPushPacketQueueChain)
                  002031f6    00000002     --HOLE-- [fill = 0]
                  002031f8    0000001c     ethernet.obj (.text:Ethernet_performPushOnPacketQueue)
                  00203214    00000004     --HOLE-- [fill = 0]
                  00203218    0000001c     ethernet.obj (.text:Ethernet_setMACAddr)
                  00203234    00000004     --HOLE-- [fill = 0]
                  00203238    0000001c     ethernet.obj (.text:Ethernet_setMTLTxQueueOpMode)
                  00203254    00000004     --HOLE-- [fill = 0]
                  00203258    0000001a     ethernet.obj (.text:Ethernet_isTimestampIntActive)
                  00203272    00000006     --HOLE-- [fill = 0]
                  00203278    0000001a     ethernet.obj (.text:Ethernet_isTransmitTimestampStatusSet)
                  00203292    00000006     --HOLE-- [fill = 0]
                  00203298    0000001a     hal_Ethernet_cm.obj (.text:Platform_enableCoreInterrupt)
                  002032b2    00000006     --HOLE-- [fill = 0]
                  002032b8    00000016     hal_Ethernet_cm.obj (.text:App_ethTxCallback)
                  002032ce    00000002     --HOLE-- [fill = 0]
                  002032d0    00000016     ethernet.obj (.text:Ethernet_setMTLRxQueueOpMode)
                  002032e6    00000002     --HOLE-- [fill = 0]
                  002032e8    00000014     hal_Ethernet_cm.obj (.text:App_ethRxCallback)
                  002032fc    00000004     --HOLE-- [fill = 0]
                  00203300    00000014     hal_Ethernet_cm.obj (.text:Ethernet_consumeTxBuffer)
                  00203314    00000004     --HOLE-- [fill = 0]
                  00203318    00000014     ethernet.obj (.text:Ethernet_nextDescAvailable)
                  0020332c    00000004     --HOLE-- [fill = 0]
                  00203330    00000012     ethernet.obj (.text:Ethernet_enableRxDMAReception)
                  00203342    00000006     --HOLE-- [fill = 0]
                  00203348    00000012     ethernet.obj (.text:Ethernet_getRxERICount)
                  0020335a    00000006     --HOLE-- [fill = 0]
                  00203360    00000012     hal_Ethernet_cm.obj (.text:Ethernet_isTxAvailable)
                  00203372    00000006     --HOLE-- [fill = 0]
                  00203378    00000012     ethernet.obj (.text:Ethernet_performPopOnPacketQueue)
                  0020338a    00000006     --HOLE-- [fill = 0]
                  00203390    00000012     ethernet.obj (.text:Ethernet_setRxDescRingLength)
                  002033a2    00000006     --HOLE-- [fill = 0]
                  002033a8    00000012     ethernet.obj (.text:Ethernet_setTxDescRingLength)
                  002033ba    00000006     --HOLE-- [fill = 0]
                  002033c0    00000012     hal_Ethernet_cm.obj (.text:Platform_disableCoreInterrupt)
                  002033d2    00000006     --HOLE-- [fill = 0]
                  002033d8    00000010     ethernet.obj (.text:Ethernet_configureMDIO)
                  002033e8    00000010     ethernet.obj (.text:Ethernet_enableDmaInterrupt)
                  002033f8    0000000e     ethernet.obj (.text:Ethernet_disableTxEEEMode)
                  00203406    0000000e     rtsv7M4_T_le_eabi.lib : copy_decompress_none.c.obj (.text:decompress:none:__TI_decompress_none)
                  00203414    00000004     --HOLE-- [fill = 0]
                  00203418    0000000c     ethernet.obj (.text:Ethernet_clearDMAChannelInterrupt)
                  00203424    00000004     --HOLE-- [fill = 0]
                  00203428    0000000c     ethernet.obj (.text:Ethernet_configureRevMIIAddress)
                  00203434    00000004     --HOLE-- [fill = 0]
                  00203438    0000000c     ethernet.obj (.text:Ethernet_setMTLOpmode)
                  00203444    00000004     --HOLE-- [fill = 0]
                  00203448    0000000c     ethernet.obj (.text:Ethernet_writeRxDescListAddress)
                  00203454    00000004     --HOLE-- [fill = 0]
                  00203458    0000000c     ethernet.obj (.text:Ethernet_writeRxDescTailPointer)
                  00203464    00000004     --HOLE-- [fill = 0]
                  00203468    0000000c     ethernet.obj (.text:Ethernet_writeTxDescListAddress)
                  00203474    00000004     --HOLE-- [fill = 0]
                  00203478    0000000c     ethernet.obj (.text:Ethernet_writeTxDescTailPointer)
                  00203484    0000000c     rtsv7M4_T_le_eabi.lib : copy_zero_init.c.obj (.text:decompress:ZI:__TI_zero_init)
                  00203490    0000000a     ethernet.obj (.text:Ethernet_getPHYMode)
                  0020349a    00000006     --HOLE-- [fill = 0]
                  002034a0    00000008     ethernet.obj (.text:Ethernet_configurePHYAddress)
                  002034a8    00000008     ethernet.obj (.text:Ethernet_setDMAMode)
                  002034b0    00000008     ethernet.obj (.text:Ethernet_setMACConfiguration)
                  002034b8    00000008     ethernet.obj (.text:Ethernet_setMACPacketFilter)
                  002034c0    00000006     platform_port.obj (.text:Platform_enablePeripheral)
                  002034c6    00000002     --HOLE-- [fill = 0]
                  002034c8    00000006     platform_port.obj (.text:Platform_resetPeripheral)
                  002034ce    00000002     --HOLE-- [fill = 0]
                  002034d0    00000004     main_cm.obj (.text:Cycle_100ms)
                  002034d4    00000004     --HOLE-- [fill = 0]
                  002034d8    00000004     ethernet.obj (.text:Ethernet_HW_descQueueGetCount)
                  002034dc    00000004     --HOLE-- [fill = 0]
                  002034e0    00000004     ethernet.obj (.text:Ethernet_returnTopOfPacketQueue)
                  002034e4    00000004     --HOLE-- [fill = 0]
                  002034e8    00000004     cm.obj (.text:__error__)
                  002034ec    00000004     --HOLE-- [fill = 0]
                  002034f0    00000002     startup_cm.obj (.text:defaultISR)
                  002034f2    00000006     --HOLE-- [fill = 0]
                  002034f8    00000002     startup_cm.obj (.text:faultISR)

.const     0    00203500    00000088     
                  00203500    00000088     ipc.obj (.const:IPC_Instance)

MODULE SUMMARY

       Module                       code    ro data   rw data
       ------                       ----    -------   -------
    .\
       main_cm.obj                  308     0         0      
    +--+----------------------------+-------+---------+---------+
       Total:                       308     0         0      
                                                             
    .\CSU\
       csu_Ethernet_cm.obj          2390    0         620    
       csu_Ipc_cm.obj               0       0         8      
    +--+----------------------------+-------+---------+---------+
       Total:                       2390    0         628    
                                                             
    .\HAL\
       hal_Ethernet_cm.obj          916     0         5876   
       hal_Timer_cm.obj             1038    0         14     
       hal_Ipc_cm.obj               162     0         0      
    +--+----------------------------+-------+---------+---------+
       Total:                       2116    0         5890   
                                                             
    .\SDK\common\source\
       startup_cm.obj               118     0         320    
       cm.obj                       228     0         0      
    +--+----------------------------+-------+---------+---------+
       Total:                       346     0         320    
                                                             
    .\SDK\driverlib_cm\
       ethernet.obj                 5799    0         1216   
       ipc.obj                      252     136       1088   
       interrupt.obj                592     0         320    
       flash.obj                    832     0         0      
       sysctl.obj                   116     0         0      
       platform_port.obj            12      0         0      
    +--+----------------------------+-------+---------+---------+
       Total:                       7603    136       2624   
                                                             
    C:\ti\ti-cgt-arm_20.2.7.LTS\lib\rtsv7M4_T_le_eabi.lib
       memcpy_t2.asm.obj            156     0         0      
       memset_t2.asm.obj            122     0         0      
       copy_decompress_lzss.c.obj   104     0         0      
       autoinit.c.obj               68      0         0      
       boot_cortex_m.c.obj          36      0         0      
       copy_decompress_none.c.obj   14      0         0      
       copy_zero_init.c.obj         12      0         0      
       exit.c.obj                   4       0         0      
       pre_init.c.obj               4       0         0      
    +--+----------------------------+-------+---------+---------+
       Total:                       520     0         0      
                                                             
       Stack:                       0       0         512    
       Linker Generated:            0       128       0      
    +--+----------------------------+-------+---------+---------+
       Grand Total:                 13283   264       9974   


LINKER GENERATED COPY TABLES

__TI_cinit_table @ 002035f0 records: 4, size/record: 8, table size: 32
	.vftable: load addr=00203590, load size=00000023 bytes, run addr=00200400, run size=00000140 bytes, compression=lzss
	.data: load addr=002035b3, load size=00000021 bytes, run addr=2000d9a8, run size=00000490 bytes, compression=lzss
	.bss: load addr=002035e0, load size=00000008 bytes, run addr=2000c000, run size=000019a6 bytes, compression=zero_init
	.vtable: load addr=002035e8, load size=00000008 bytes, run addr=20000800, run size=00000140 bytes, compression=zero_init


LINKER GENERATED HANDLER TABLE

__TI_handler_table @ 002035d4 records: 3, size/record: 4, table size: 12
	index: 0, handler: __TI_decompress_lzss
	index: 1, handler: __TI_decompress_none
	index: 2, handler: __TI_zero_init


FAR CALL TRAMPOLINES

callee name               trampoline name
   callee addr  tramp addr   call addr  call info
--------------  -----------  ---------  ----------------
SysCtl_delay              $Tramp$TT$L$PI$$SysCtl_delay
   1fffe1a5     00201b70     00201a98   main_cm.obj (.text:main)
Flash_initModule          $Tramp$TT$L$PI$$Flash_initModule
   1fffe001     00202b04     00202ae6   cm.obj (.text:CM_init)
__error__                 $Tramp$TT$L$PI$$__error__
   002034e9     1fffe19c     1fffe022   flash.obj (.TI.ramfunc:Flash_initModule)
                             1fffe036   flash.obj (.TI.ramfunc:Flash_initModule)
                             1fffe042   flash.obj (.TI.ramfunc:Flash_initModule)
                             1fffe054   flash.obj (.TI.ramfunc:Flash_initModule)
                             1fffe06a   flash.obj (.TI.ramfunc:Flash_initModule)
                             1fffe07c   flash.obj (.TI.ramfunc:Flash_initModule)
                             1fffe094   flash.obj (.TI.ramfunc:Flash_initModule)
                             1fffe0ae   flash.obj (.TI.ramfunc:Flash_initModule)
                             1fffe0c8   flash.obj (.TI.ramfunc:Flash_initModule)
                             1fffe0e2   flash.obj (.TI.ramfunc:Flash_initModule)
                             1fffe0f0   flash.obj (.TI.ramfunc:Flash_initModule)
                             1fffe0fe   flash.obj (.TI.ramfunc:Flash_initModule)
                             1fffe11a   flash.obj (.TI.ramfunc:Flash_initModule)
                             1fffe134   flash.obj (.TI.ramfunc:Flash_initModule)

[3 trampolines]
[16 trampoline calls]


GLOBAL SYMBOLS: SORTED ALPHABETICALLY BY Name 

address   name                                      
-------   ----                                      
00202c81  App_ethGetPacketBuffer                    
002032e9  App_ethRxCallback                         
002032b9  App_ethTxCallback                         
0020163d  C$$EXIT                                   
00202661  CM_enableAllPeripherals                   
00202aa9  CM_init                                   
002034d9  Ethernet_HW_descQueueGetCount             
002012b9  Ethernet_StateMachine                     
002024c9  Ethernet_addPacketsIntoRxQueue            
00201001  Ethernet_addPacketsIntoTxQueue            
00203419  Ethernet_clearDMAChannelInterrupt         
00203089  Ethernet_configureEEEClockGatingControl   
002033d9  Ethernet_configureMDIO                    
002034a1  Ethernet_configurePHYAddress              
00203429  Ethernet_configureRevMIIAddress           
00203301  Ethernet_consumeTxBuffer                  
2000d464  Ethernet_descArray                        
2000d200  Ethernet_device_struct                    
002033f9  Ethernet_disableTxEEEMode                 
2000ddcc  Ethernet_earlyRxInterruptCount            
2000ddd0  Ethernet_earlyTxInterruptCount            
2000dde8  Ethernet_eeeRxLPIEntryCount               
2000ddec  Ethernet_eeeRxLPIExitCount                
2000dde0  Ethernet_eeeTxLPIEntryCount               
2000dde4  Ethernet_eeeTxLPIExitCount                
002033e9  Ethernet_enableDmaInterrupt               
002030b1  Ethernet_enableMACRxQ                     
00203331  Ethernet_enableRxDMAReception             
00200541  Ethernet_genericISR                       
2000ddc8  Ethernet_genericInterruptCount            
2000ddd4  Ethernet_genericRxCompletionInterruptCount
002017c1  Ethernet_getHandle                        
00201d69  Ethernet_getInitConfig                    
002027c1  Ethernet_getOneStepTransmitTimestampPTP   
00203491  Ethernet_getPHYMode                       
00203349  Ethernet_getRxERICount                    
002003e9  Ethernet_getTxBuffer                      
00201f39  Ethernet_initInterface                    
00201e51  Ethernet_initRxChannel                    
00203259  Ethernet_isTimestampIntActive             
00203279  Ethernet_isTransmitTimestampStatusSet     
00203361  Ethernet_isTxAvailable                    
2000ddf4  Ethernet_magicPktReceivedCount            
00203319  Ethernet_nextDescAvailable                
2000ddb8  Ethernet_numGetPacketBufferCallback       
2000ddb4  Ethernet_numRxCallback                    
2000ddb0  Ethernet_numTxPktFreeCallback             
00203379  Ethernet_performPopOnPacketQueue          
002031f9  Ethernet_performPushOnPacketQueue         
2000ddd8  Ethernet_phyLinkStatusChangeInterruptCount
2000ddf0  Ethernet_pmtInterruptCount                
00202bd1  Ethernet_readPHYRegister                  
00202971  Ethernet_receiveISR                       
00202001  Ethernet_removePacketsFromRxQueue         
00201929  Ethernet_removePacketsFromTxQueue         
00203179  Ethernet_resetModule                      
00201489  Ethernet_retrieveRxPacket                 
2000ddf8  Ethernet_rwakeupPktReceivedCount          
2000de00  Ethernet_rxChan0BufUnavail                
2000de08  Ethernet_rxChan1BufUnavail                
2000ddc4  Ethernet_rxContextTimeStamp               
2000ddc0  Ethernet_rxInterruptCount                 
2000dddc  Ethernet_rxReplacementFailedCount         
00201c71  Ethernet_sendPacket                       
002034a9  Ethernet_setDMAMode                       
00203219  Ethernet_setMACAddr                       
002034b1  Ethernet_setMACConfiguration              
002034b9  Ethernet_setMACPacketFilter               
00203439  Ethernet_setMTLOpmode                     
002032d1  Ethernet_setMTLRxQueueOpMode              
00203239  Ethernet_setMTLTxQueueOpMode              
00203391  Ethernet_setRxDescRingLength              
002033a9  Ethernet_setTxDescRingLength              
00202b11  Ethernet_submitRxPacket                   
002029d9  Ethernet_transmitISR                      
2000ddfc  Ethernet_txChan0BufUnavail                
2000de04  Ethernet_txChan1BufUnavail                
2000ddbc  Ethernet_txInterruptCount                 
002026d9  Ethernet_writePHYRegister                 
00202a41  Ethernet_writeRxDMAControl                
00203449  Ethernet_writeRxDescListAddress           
00203459  Ethernet_writeRxDescTailPointer           
00202431  Ethernet_writeTxDMAControl                
00203469  Ethernet_writeTxDescListAddress           
00203479  Ethernet_writeTxDescTailPointer           
1fffe001  Flash_initModule                          
20080000  IPC_CM_To_CPU1_GetBuffer                  
20082000  IPC_CM_To_CPU1_PutBuffer                  
20084000  IPC_CM_To_CPU2_GetBuffer                  
20086000  IPC_CM_To_CPU2_PutBuffer                  
00203500  IPC_Instance                              
00202d31  IPC_readCommand                           
00202cd9  IPC_registerInterrupt                     
00202b71  IPC_sendCommand                           
002001c1  Initial_Ethernet                          
00202d81  Initial_IPC                               
00200d41  Initial_TIMER                             
00202239  Interrupt_disable                         
002022e9  Interrupt_enable                          
00202751  Interrupt_initRAMVectorTable              
00202559  Interrupt_registerHandler                 
002033c1  Platform_disableCoreInterrupt             
00202239  Platform_disableInterrupt                 
00203299  Platform_enableCoreInterrupt              
002022e9  Platform_enableInterrupt                  
002034c1  Platform_enablePeripheral                 
002034c9  Platform_resetPeripheral                  
002001ba  RamfuncsLoadEnd                           
000001aa  RamfuncsLoadSize                          
00200010  RamfuncsLoadStart                         
1fffe1aa  RamfuncsRunEnd                            
000001aa  RamfuncsRunSize                           
1fffe000  RamfuncsRunStart                          
1fffe1a5  SysCtl_delay                              
00203029  SysCtl_enablePeripheral                   
00202f21  SysCtl_resetPeripheral                    
1fffc200  __STACK_END                               
00000200  __STACK_SIZE                              
002035f0  __TI_CINIT_Base                           
00203610  __TI_CINIT_Limit                          
002035d4  __TI_Handler_Table_Base                   
002035e0  __TI_Handler_Table_Limit                  
00202dcd  __TI_auto_init_nobinit_nopinit            
0020289d  __TI_decompress_lzss                      
00203407  __TI_decompress_none                      
ffffffff  __TI_pprof_out_hndl                       
ffffffff  __TI_prof_data_size                       
ffffffff  __TI_prof_data_start                      
00203590  __TI_static_base__                        
00203485  __TI_zero_init                            
002025e1  __aeabi_memclr                            
002025e1  __aeabi_memclr4                           
002025e1  __aeabi_memclr8                           
00202395  __aeabi_memcpy                            
00202395  __aeabi_memcpy4                           
00202395  __aeabi_memcpy8                           
002025e3  __aeabi_memset                            
002025e3  __aeabi_memset4                           
002025e3  __aeabi_memset8                           
ffffffff  __binit__                                 
ffffffff  __c_args__                                
002034e9  __error__                                 
UNDEFED   __mpu_init                                
1fffc000  __stack                                   
2000c000  __start___llvm_prf_cnts                   
2000c000  __stop___llvm_prf_cnts                    
002030d9  _c_int00_noargs                           
UNDEFED   _system_post_cinit                        
00200ffb  _system_pre_init                          
0020163d  abort                                     
ffffffff  binit                                     
00201641  buildAndSendUdpPacket                     
2000de36  ethActivityTimer                          
002031b9  isr_CpuTimer0                             
00202f59  isr_CpuTimer1                             
00203129  isr_CpuTimer2                             
00201a71  main                                      
00202395  memcpy                                    
002025e9  memset                                    
00200981  processReceivedEthernetPacket             
2000de28  pxDataCmToCpu1                            
2000de24  pxDataCpu1ToCm                            
002020c9  sendAckResponse                           
00203059  sendIpcMessageToCPU1                      
00203151  updateEthernetTask                        
00200400  vectorTableFlash                          
20000800  vectorTableRAM                            
2000de0c  xEthApp                                   
2000d794  xEthCtrl                                  
2000d9a8  xEthDriver                                
2000d998  xTimer                                    


GLOBAL SYMBOLS: SORTED BY Symbol Address 

address   name                                      
-------   ----                                      
000001aa  RamfuncsLoadSize                          
000001aa  RamfuncsRunSize                           
00000200  __STACK_SIZE                              
00200010  RamfuncsLoadStart                         
002001ba  RamfuncsLoadEnd                           
002001c1  Initial_Ethernet                          
002003e9  Ethernet_getTxBuffer                      
00200400  vectorTableFlash                          
00200541  Ethernet_genericISR                       
00200981  processReceivedEthernetPacket             
00200d41  Initial_TIMER                             
00200ffb  _system_pre_init                          
00201001  Ethernet_addPacketsIntoTxQueue            
002012b9  Ethernet_StateMachine                     
00201489  Ethernet_retrieveRxPacket                 
0020163d  C$$EXIT                                   
0020163d  abort                                     
00201641  buildAndSendUdpPacket                     
002017c1  Ethernet_getHandle                        
00201929  Ethernet_removePacketsFromTxQueue         
00201a71  main                                      
00201c71  Ethernet_sendPacket                       
00201d69  Ethernet_getInitConfig                    
00201e51  Ethernet_initRxChannel                    
00201f39  Ethernet_initInterface                    
00202001  Ethernet_removePacketsFromRxQueue         
002020c9  sendAckResponse                           
00202239  Interrupt_disable                         
00202239  Platform_disableInterrupt                 
002022e9  Interrupt_enable                          
002022e9  Platform_enableInterrupt                  
00202395  __aeabi_memcpy                            
00202395  __aeabi_memcpy4                           
00202395  __aeabi_memcpy8                           
00202395  memcpy                                    
00202431  Ethernet_writeTxDMAControl                
002024c9  Ethernet_addPacketsIntoRxQueue            
00202559  Interrupt_registerHandler                 
002025e1  __aeabi_memclr                            
002025e1  __aeabi_memclr4                           
002025e1  __aeabi_memclr8                           
002025e3  __aeabi_memset                            
002025e3  __aeabi_memset4                           
002025e3  __aeabi_memset8                           
002025e9  memset                                    
00202661  CM_enableAllPeripherals                   
002026d9  Ethernet_writePHYRegister                 
00202751  Interrupt_initRAMVectorTable              
002027c1  Ethernet_getOneStepTransmitTimestampPTP   
0020289d  __TI_decompress_lzss                      
00202971  Ethernet_receiveISR                       
002029d9  Ethernet_transmitISR                      
00202a41  Ethernet_writeRxDMAControl                
00202aa9  CM_init                                   
00202b11  Ethernet_submitRxPacket                   
00202b71  IPC_sendCommand                           
00202bd1  Ethernet_readPHYRegister                  
00202c81  App_ethGetPacketBuffer                    
00202cd9  IPC_registerInterrupt                     
00202d31  IPC_readCommand                           
00202d81  Initial_IPC                               
00202dcd  __TI_auto_init_nobinit_nopinit            
00202f21  SysCtl_resetPeripheral                    
00202f59  isr_CpuTimer1                             
00203029  SysCtl_enablePeripheral                   
00203059  sendIpcMessageToCPU1                      
00203089  Ethernet_configureEEEClockGatingControl   
002030b1  Ethernet_enableMACRxQ                     
002030d9  _c_int00_noargs                           
00203129  isr_CpuTimer2                             
00203151  updateEthernetTask                        
00203179  Ethernet_resetModule                      
002031b9  isr_CpuTimer0                             
002031f9  Ethernet_performPushOnPacketQueue         
00203219  Ethernet_setMACAddr                       
00203239  Ethernet_setMTLTxQueueOpMode              
00203259  Ethernet_isTimestampIntActive             
00203279  Ethernet_isTransmitTimestampStatusSet     
00203299  Platform_enableCoreInterrupt              
002032b9  App_ethTxCallback                         
002032d1  Ethernet_setMTLRxQueueOpMode              
002032e9  App_ethRxCallback                         
00203301  Ethernet_consumeTxBuffer                  
00203319  Ethernet_nextDescAvailable                
00203331  Ethernet_enableRxDMAReception             
00203349  Ethernet_getRxERICount                    
00203361  Ethernet_isTxAvailable                    
00203379  Ethernet_performPopOnPacketQueue          
00203391  Ethernet_setRxDescRingLength              
002033a9  Ethernet_setTxDescRingLength              
002033c1  Platform_disableCoreInterrupt             
002033d9  Ethernet_configureMDIO                    
002033e9  Ethernet_enableDmaInterrupt               
002033f9  Ethernet_disableTxEEEMode                 
00203407  __TI_decompress_none                      
00203419  Ethernet_clearDMAChannelInterrupt         
00203429  Ethernet_configureRevMIIAddress           
00203439  Ethernet_setMTLOpmode                     
00203449  Ethernet_writeRxDescListAddress           
00203459  Ethernet_writeRxDescTailPointer           
00203469  Ethernet_writeTxDescListAddress           
00203479  Ethernet_writeTxDescTailPointer           
00203485  __TI_zero_init                            
00203491  Ethernet_getPHYMode                       
002034a1  Ethernet_configurePHYAddress              
002034a9  Ethernet_setDMAMode                       
002034b1  Ethernet_setMACConfiguration              
002034b9  Ethernet_setMACPacketFilter               
002034c1  Platform_enablePeripheral                 
002034c9  Platform_resetPeripheral                  
002034d9  Ethernet_HW_descQueueGetCount             
002034e9  __error__                                 
00203500  IPC_Instance                              
00203590  __TI_static_base__                        
002035d4  __TI_Handler_Table_Base                   
002035e0  __TI_Handler_Table_Limit                  
002035f0  __TI_CINIT_Base                           
00203610  __TI_CINIT_Limit                          
1fffc000  __stack                                   
1fffc200  __STACK_END                               
1fffe000  RamfuncsRunStart                          
1fffe001  Flash_initModule                          
1fffe1a5  SysCtl_delay                              
1fffe1aa  RamfuncsRunEnd                            
20000800  vectorTableRAM                            
2000c000  __start___llvm_prf_cnts                   
2000c000  __stop___llvm_prf_cnts                    
2000d200  Ethernet_device_struct                    
2000d464  Ethernet_descArray                        
2000d794  xEthCtrl                                  
2000d998  xTimer                                    
2000d9a8  xEthDriver                                
2000ddb0  Ethernet_numTxPktFreeCallback             
2000ddb4  Ethernet_numRxCallback                    
2000ddb8  Ethernet_numGetPacketBufferCallback       
2000ddbc  Ethernet_txInterruptCount                 
2000ddc0  Ethernet_rxInterruptCount                 
2000ddc4  Ethernet_rxContextTimeStamp               
2000ddc8  Ethernet_genericInterruptCount            
2000ddcc  Ethernet_earlyRxInterruptCount            
2000ddd0  Ethernet_earlyTxInterruptCount            
2000ddd4  Ethernet_genericRxCompletionInterruptCount
2000ddd8  Ethernet_phyLinkStatusChangeInterruptCount
2000dddc  Ethernet_rxReplacementFailedCount         
2000dde0  Ethernet_eeeTxLPIEntryCount               
2000dde4  Ethernet_eeeTxLPIExitCount                
2000dde8  Ethernet_eeeRxLPIEntryCount               
2000ddec  Ethernet_eeeRxLPIExitCount                
2000ddf0  Ethernet_pmtInterruptCount                
2000ddf4  Ethernet_magicPktReceivedCount            
2000ddf8  Ethernet_rwakeupPktReceivedCount          
2000ddfc  Ethernet_txChan0BufUnavail                
2000de00  Ethernet_rxChan0BufUnavail                
2000de04  Ethernet_txChan1BufUnavail                
2000de08  Ethernet_rxChan1BufUnavail                
2000de0c  xEthApp                                   
2000de24  pxDataCpu1ToCm                            
2000de28  pxDataCmToCpu1                            
2000de36  ethActivityTimer                          
20080000  IPC_CM_To_CPU1_GetBuffer                  
20082000  IPC_CM_To_CPU1_PutBuffer                  
20084000  IPC_CM_To_CPU2_GetBuffer                  
20086000  IPC_CM_To_CPU2_PutBuffer                  
ffffffff  __TI_pprof_out_hndl                       
ffffffff  __TI_prof_data_size                       
ffffffff  __TI_prof_data_start                      
ffffffff  __binit__                                 
ffffffff  __c_args__                                
ffffffff  binit                                     
UNDEFED   __mpu_init                                
UNDEFED   _system_post_cinit                        

[171 symbols]
