******************************************************************************
             TMS320C2000 Linker PC v22.6.1                     
******************************************************************************
>> Linked Thu Jul  2 08:42:13 2026

OUTPUT FILE NAME:   <ATTLA_T_CPU1.out>
ENTRY POINT SYMBOL: "code_start"  address: 00080000


MEMORY CONFIGURATION

         name            origin    length      used     unused   attr    fill
----------------------  --------  ---------  --------  --------  ----  --------
PAGE 0:
  BOOT_RSVD             00000002   000001af  00000000  000001af  RWIX
  RAMM0                 000001b1   0000024f  00000000  0000024f  RWIX
  RAMM1                 00000400   000003f8  00000100  000002f8  RWIX
  RAMLS0                00008000   00000800  00000677  00000189  RWIX
  RAMLS1                00008800   00000800  00000000  00000800  RWIX
  RAMLS2                00009000   00000800  00000000  00000800  RWIX
  RAMLS3                00009800   00000800  00000000  00000800  RWIX
  RAMLS4                0000a000   00000800  00000000  00000800  RWIX
  RAMLS5                0000a800   00000800  00000594  0000026c  RWIX
  RAMLS6                0000b000   00000800  00000000  00000800  RWIX
  RAMLS7                0000b800   00000800  00000000  00000800  RWIX
  RAMD0                 0000c000   00000800  00000000  00000800  RWIX
  RAMD1                 0000c800   00000800  00000000  00000800  RWIX
  RAMGS0                0000d000   00001000  00000000  00001000  RWIX
  RAMGS1                0000e000   00001000  00000000  00001000  RWIX
  RAMGS2                0000f000   00001000  00000000  00001000  RWIX
  RAMGS3                00010000   00001000  00000000  00001000  RWIX
  RAMGS4                00011000   00001000  00000000  00001000  RWIX
  RAMGS5                00012000   00001000  00000000  00001000  RWIX
  RAMGS6                00013000   00001000  00000000  00001000  RWIX
  RAMGS7                00014000   00001000  00000000  00001000  RWIX
  RAMGS8                00015000   00001000  00000000  00001000  RWIX
  RAMGS9                00016000   00001000  00000000  00001000  RWIX
  RAMGS10               00017000   00001000  00000000  00001000  RWIX
  RAMGS11               00018000   00001000  00000000  00001000  RWIX
  RAMGS12               00019000   00001000  00000000  00001000  RWIX
  RAMGS13               0001a000   00001000  00000000  00001000  RWIX
  RAMGS14               0001b000   00001000  00000000  00001000  RWIX
  RAMGS15               0001c000   00000ff8  00000000  00000ff8  RWIX
  CMTOCPURAM            00038000   00000800  00000088  00000778  RWIX
  CPUTOCMRAM            00039000   00000800  00000088  00000778  RWIX
  CPU1TOCPU2RAM         0003a000   00000800  00000088  00000778  RWIX
  CPU2TOCPU1RAM         0003b000   00000800  00000088  00000778  RWIX
  CANA_MSG_RAM          00049000   00000800  00000000  00000800  RWIX
  CANB_MSG_RAM          0004b000   00000800  00000000  00000800  RWIX
  BEGIN                 00080000   00000002  00000002  00000000  RWIX
  FLASH0                00080002   00001ffe  00000000  00001ffe  RWIX
  FLASH1                00082000   00002000  00002000  00000000  RWIX
  FLASH2                00084000   00002000  00001a6b  00000595  RWIX
  FLASH3                00086000   00002000  00000677  00001989  RWIX
  FLASH4                00088000   00008000  0000005c  00007fa4  RWIX
  FLASH5                00090000   00008000  0000053f  00007ac1  RWIX
  FLASH6                00098000   00008000  00000000  00008000  RWIX
  FLASH7                000a0000   00008000  00000000  00008000  RWIX
  FLASH8                000a8000   00008000  00000000  00008000  RWIX
  FLASH9                000b0000   00008000  00000000  00008000  RWIX
  FLASH10               000b8000   00002000  00000000  00002000  RWIX
  FLASH11               000ba000   00002000  00000000  00002000  RWIX
  FLASH12               000bc000   00002000  00000000  00002000  RWIX
  FLASH13               000be000   00001ff0  00000000  00001ff0  RWIX
  RESET                 003fffc0   00000002  00000000  00000002  RWIX

PAGE 1:
  ADCARESULT            00000b00   00000018  00000000  00000018  RWIX
  ADCBRESULT            00000b20   00000018  00000000  00000018  RWIX
  ADCCRESULT            00000b40   00000018  00000000  00000018  RWIX
  ADCDRESULT            00000b60   00000018  00000000  00000018  RWIX
  CPUTIMER0             00000c00   00000008  00000000  00000008  RWIX
  CPUTIMER1             00000c08   00000008  00000000  00000008  RWIX
  CPUTIMER2             00000c10   00000008  00000000  00000008  RWIX
  PIECTRL               00000ce0   0000001a  00000000  0000001a  RWIX
  PIEVECTTABLE          00000d00   00000200  000001c0  00000040  RWIX
  DMA                   00001000   00000200  00000000  00000200  RWIX
  CLA1                  00001400   00000080  00000000  00000080  RWIX
  CLB1LOGICCFG          00003000   00000052  00000000  00000052  RWIX
  CLB1LOGICCTRL         00003100   00000040  00000000  00000040  RWIX
  CLB1DATAEXCH          00003180   00000080  00000000  00000080  RWIX
  CLB2LOGICCFG          00003200   00000052  00000000  00000052  RWIX
  CLB2LOGICCTRL         00003300   00000040  00000000  00000040  RWIX
  CLB2DATAEXCH          00003380   00000080  00000000  00000080  RWIX
  CLB3LOGICCFG          00003400   00000052  00000000  00000052  RWIX
  CLB3LOGICCTRL         00003500   00000040  00000000  00000040  RWIX
  CLB3DATAEXCH          00003580   00000080  00000000  00000080  RWIX
  CLB4LOGICCFG          00003600   00000052  00000000  00000052  RWIX
  CLB4LOGICCTRL         00003700   00000040  00000000  00000040  RWIX
  CLB4DATAEXCH          00003780   00000080  00000000  00000080  RWIX
  CLB5LOGICCFG          00003800   00000052  00000000  00000052  RWIX
  CLB5LOGICCTRL         00003900   00000040  00000000  00000040  RWIX
  CLB5DATAEXCH          00003980   00000080  00000000  00000080  RWIX
  CLB6LOGICCFG          00003a00   00000052  00000000  00000052  RWIX
  CLB6LOGICCTRL         00003b00   00000040  00000000  00000040  RWIX
  CLB6DATAEXCH          00003b80   00000080  00000000  00000080  RWIX
  CLB7LOGICCFG          00003c00   00000052  00000000  00000052  RWIX
  CLB7LOGICCTRL         00003d00   00000040  00000000  00000040  RWIX
  CLB7DATAEXCH          00003d80   00000080  00000000  00000080  RWIX
  CLB8LOGICCFG          00003e00   00000052  00000000  00000052  RWIX
  CLB8LOGICCTRL         00003f00   00000040  00000000  00000040  RWIX
  CLB8DATAEXCH          00003f80   00000080  00000000  00000080  RWIX
  EPWM1                 00004000   00000100  00000000  00000100  RWIX
  EPWM2                 00004100   00000100  00000000  00000100  RWIX
  EPWM3                 00004200   00000100  00000000  00000100  RWIX
  EPWM4                 00004300   00000100  00000000  00000100  RWIX
  EPWM5                 00004400   00000100  00000000  00000100  RWIX
  EPWM6                 00004500   00000100  00000000  00000100  RWIX
  EPWM7                 00004600   00000100  00000000  00000100  RWIX
  EPWM8                 00004700   00000100  00000000  00000100  RWIX
  EPWM9                 00004800   00000100  00000000  00000100  RWIX
  EPWM10                00004900   00000100  00000000  00000100  RWIX
  EPWM11                00004a00   00000100  00000000  00000100  RWIX
  EPWM12                00004b00   00000100  00000000  00000100  RWIX
  EPWM13                00004c00   00000100  00000000  00000100  RWIX
  EPWM14                00004d00   00000100  00000000  00000100  RWIX
  EPWM15                00004e00   00000100  00000000  00000100  RWIX
  EPWM16                00004f00   00000100  00000000  00000100  RWIX
  EQEP1                 00005100   00000040  00000000  00000040  RWIX
  EQEP2                 00005140   00000040  00000000  00000040  RWIX
  EQEP3                 00005180   00000040  00000000  00000040  RWIX
  ECAP1                 00005200   00000020  00000000  00000020  RWIX
  ECAP2                 00005240   00000020  00000000  00000020  RWIX
  ECAP3                 00005280   00000020  00000000  00000020  RWIX
  ECAP4                 000052c0   00000020  00000000  00000020  RWIX
  ECAP5                 00005300   00000020  00000000  00000020  RWIX
  ECAP6                 00005340   00000020  00000000  00000020  RWIX
  HRCAP6                00005360   00000020  00000000  00000020  RWIX
  ECAP7                 00005380   00000020  00000000  00000020  RWIX
  HRCAP7                000053a0   00000020  00000000  00000020  RWIX
  DACA                  00005c00   00000008  00000000  00000008  RWIX
  DACB                  00005c10   00000008  00000000  00000008  RWIX
  DACC                  00005c20   00000008  00000000  00000008  RWIX
  CMPSS1                00005c80   00000020  00000000  00000020  RWIX
  CMPSS2                00005ca0   00000020  00000000  00000020  RWIX
  CMPSS3                00005cc0   00000020  00000000  00000020  RWIX
  CMPSS4                00005ce0   00000020  00000000  00000020  RWIX
  CMPSS5                00005d00   00000020  00000000  00000020  RWIX
  CMPSS6                00005d20   00000020  00000000  00000020  RWIX
  CMPSS7                00005d40   00000020  00000000  00000020  RWIX
  CMPSS8                00005d60   00000020  00000000  00000020  RWIX
  SDFM1                 00005e00   00000080  00000000  00000080  RWIX
  SDFM2                 00005e80   00000080  00000000  00000080  RWIX
  MCBSPA                00006000   00000024  00000000  00000024  RWIX
  MCBSPB                00006040   00000024  00000000  00000024  RWIX
  SPIA                  00006100   00000010  00000000  00000010  RWIX
  SPIB                  00006110   00000010  00000000  00000010  RWIX
  SPIC                  00006120   00000010  00000000  00000010  RWIX
  SPID                  00006130   00000010  00000000  00000010  RWIX
  BGCRCCPU              00006340   00000040  00000000  00000040  RWIX
  BGCRCCLA1             00006380   00000040  00000000  00000040  RWIX
  PMBUSA                00006400   00000020  00000000  00000020  RWIX
  FSITXA                00006600   00000050  00000000  00000050  RWIX
  FSIRXA                00006680   00000050  00000000  00000050  RWIX
  FSITXB                00006700   00000050  00000000  00000050  RWIX
  FSIRXB                00006780   00000050  00000000  00000050  RWIX
  FSIRXC                00006880   00000050  00000000  00000050  RWIX
  FSIRXD                00006980   00000050  00000000  00000050  RWIX
  FSIRXE                00006a80   00000050  00000000  00000050  RWIX
  FSIRXF                00006b80   00000050  00000000  00000050  RWIX
  FSIRXG                00006c80   00000050  00000000  00000050  RWIX
  FSIRXH                00006d80   00000050  00000000  00000050  RWIX
  WD                    00007000   0000002c  00000000  0000002c  RWIX
  NMIINTRUPT            00007060   00000010  00000000  00000010  RWIX
  XINT                  00007070   0000000c  00000000  0000000c  RWIX
  SCIA                  00007200   00000010  00000000  00000010  RWIX
  SCIB                  00007210   00000010  00000000  00000010  RWIX
  SCIC                  00007220   00000010  00000000  00000010  RWIX
  SCID                  00007230   00000010  00000000  00000010  RWIX
  I2CA                  00007300   00000022  00000000  00000022  RWIX
  I2CB                  00007340   00000022  00000000  00000022  RWIX
  ADCA                  00007400   00000080  00000000  00000080  RWIX
  ADCB                  00007480   00000080  00000000  00000080  RWIX
  ADCC                  00007500   00000080  00000000  00000080  RWIX
  ADCD                  00007580   00000080  00000000  00000080  RWIX
  INPUTXBAR             00007900   00000020  00000000  00000020  RWIX
  XBAR                  00007920   00000020  00000000  00000020  RWIX
  SYNCSOC               00007940   00000006  00000000  00000006  RWIX
  CLBINPUTXBAR          00007960   00000020  00000000  00000020  RWIX
  DMACLASRCSEL          00007980   0000001a  00000000  0000001a  RWIX
  EPWMXBAR              00007a00   00000040  00000000  00000040  RWIX
  CLBXBAR               00007a40   00000040  00000000  00000040  RWIX
  OUTPUTXBAR            00007a80   00000040  00000000  00000040  RWIX
  CLBOUTPUTXBAR         00007bc0   00000040  00000000  00000040  RWIX
  GPIOCTRL              00007c00   00000200  00000000  00000200  RWIX
  GPIODATA              00007f00   00000040  00000000  00000040  RWIX
  GPIODATAREAD          00007f80   00000010  00000000  00000010  RWIX
  EMIF1                 00047000   00000070  00000000  00000070  RWIX
  EMIF2                 00047800   00000070  00000000  00000070  RWIX
  CANA                  00048000   00000200  00000000  00000200  RWIX
  CANB                  0004a000   00000200  00000000  00000200  RWIX
  ESCSS                 00057e00   00000024  00000000  00000024  RWIX
  ESCSSCONFIG           00057f00   00000016  00000000  00000016  RWIX
  MCANASS               0005c400   0000002c  00000000  0000002c  RWIX
  MCANA                 0005c600   00000100  00000000  00000100  RWIX
  MCANAERR              0005c800   00000210  00000000  00000210  RWIX
  CPU1TOCPU2IPC         0005ce00   00000026  00000000  00000026  RWIX
  CPU1TOCMIPC           0005ce40   00000026  00000000  00000026  RWIX
  DEVCFG                0005d000   000001a0  00000000  000001a0  RWIX
  CLKCFG                0005d200   00000100  00000000  00000100  RWIX
  CPUSYS                0005d300   000000a0  00000000  000000a0  RWIX
  SYSSTATUS             0005d400   00000100  00000000  00000100  RWIX
  SYSPERIPHAC           0005d500   00000200  00000000  00000200  RWIX
  ANALOGSUBSYS          0005d700   00000100  00000000  00000100  RWIX
  CMCONF                0005dc00   00000400  00000000  00000400  RWIX
  DCC0                  0005e700   00000038  00000000  00000038  RWIX
  DCC1                  0005e740   00000038  00000000  00000038  RWIX
  DCC2                  0005e780   00000038  00000000  00000038  RWIX
  ERADGLOBAL            0005e800   00000014  00000000  00000014  RWIX
  ERADHWBP1             0005e900   00000008  00000000  00000008  RWIX
  ERADHWBP2             0005e908   00000008  00000000  00000008  RWIX
  ERADHWBP3             0005e910   00000008  00000000  00000008  RWIX
  ERADHWBP4             0005e918   00000008  00000000  00000008  RWIX
  ERADHWBP5             0005e920   00000008  00000000  00000008  RWIX
  ERADHWBP6             0005e928   00000008  00000000  00000008  RWIX
  ERADHWBP7             0005e930   00000008  00000000  00000008  RWIX
  ERADHWBP8             0005e938   00000008  00000000  00000008  RWIX
  ERADCOUNTER1          0005e980   00000010  00000000  00000010  RWIX
  ERADCOUNTER2          0005e990   00000010  00000000  00000010  RWIX
  ERADCOUNTER3          0005e9a0   00000010  00000000  00000010  RWIX
  ERADCOUNTER4          0005e9b0   00000010  00000000  00000010  RWIX
  ERADCRCGLOBAL         0005ea00   00000010  00000000  00000010  RWIX
  ERADCRC1              0005ea10   00000010  00000000  00000010  RWIX
  ERADCRC2              0005ea20   00000010  00000000  00000010  RWIX
  ERADCRC3              0005ea30   00000010  00000000  00000010  RWIX
  ERADCRC4              0005ea40   00000010  00000000  00000010  RWIX
  ERADCRC5              0005ea50   00000010  00000000  00000010  RWIX
  ERADCRC6              0005ea60   00000010  00000000  00000010  RWIX
  ERADCRC7              0005ea70   00000010  00000000  00000010  RWIX
  ERADCRC8              0005ea80   00000010  00000000  00000010  RWIX
  DCSMZ1                0005f000   0000003e  00000000  0000003e  RWIX
  DCSMZ2                0005f080   0000003e  00000000  0000003e  RWIX
  DCSMCOMMON            0005f0c0   00000020  00000000  00000020  RWIX
  MEMCFG                0005f400   000000c0  00000000  000000c0  RWIX
  EMIF1CONFIG           0005f4c0   00000020  00000000  00000020  RWIX
  EMIF2CONFIG           0005f4e0   00000020  00000000  00000020  RWIX
  ACCESSPROTECTION      0005f500   00000040  00000000  00000040  RWIX
  MEMORYERROR           0005f540   00000040  00000000  00000040  RWIX
  ROMWAITSTATE          0005f580   00000008  00000000  00000008  RWIX
  ROMPREFETCH           0005f588   00000008  00000000  00000008  RWIX
  TESTERROR             0005f590   00000010  00000000  00000010  RWIX
  FLASH0CTRL            0005f800   00000182  00000000  00000182  RWIX
  FLASH0ECC             0005fb00   00000028  00000000  00000028  RWIX
  UID                   00070200   00000010  00000000  00000010  RWIX
  DCSMZ1OTP             00078000   00000020  00000000  00000020  RWIX
  DCSMZ2OTP             00078200   00000020  00000000  00000020  RWIX


SECTION ALLOCATION MAP

 output                                  attributes/
section   page    origin      length       input sections
--------  ----  ----------  ----------   ----------------
codestart 
*          0    00080000    00000002     
                  00080000    00000002     f2838x_codestartbranch.obj (codestart)

.cinit     0    00088000    0000005c     
                  00088000    00000041     (.cinit..data.load) [load image, compression = lzss]
                  00088041    00000001     --HOLE-- [fill = 0]
                  00088042    00000006     (__TI_handler_table)
                  00088048    00000004     (.cinit..bss.load) [load image, compression = zero_init]
                  0008804c    00000004     (.cinit.PieVectTableFile.load) [load image, compression = zero_init]
                  00088050    0000000c     (__TI_cinit_table)

.reset     0    003fffc0    00000000     DSECT

.stack     0    00000400    00000100     UNINITIALIZED
                  00000400    00000100     --HOLE--

.init_array 
*          0    00082000    00000000     UNINITIALIZED

.bss       0    0000a89e    000004f7     UNINITIALIZED
                  0000a89e    00000018     csu_Encoder.obj (.bss)
                  0000a8b6    0000000a     csu_Dio.obj (.bss)
                  0000a8c0    00000408     csu_Debug.obj (.bss)
                  0000acc8    00000026     csu_Bit.obj (.bss)
                  0000acee    00000010     csu_Adc.obj (.bss)
                  0000acfe    00000001     csu_MotorDriver.obj (.bss)
                  0000acff    00000001     wizchip_conf.obj (.bss)
                  0000ad00    00000068     csu_MotorCtrl.obj (.bss)
                  0000ad68    0000000e     csu_LimitSwitch.obj (.bss)
                  0000ad76    00000008     csu_Control.obj (.bss)
                  0000ad7e    00000002     --HOLE--
                  0000ad80    00000006     hal_Adc.obj (.bss)
                  0000ad86    00000006     hal_Timer.obj (.bss)
                  0000ad8c    00000005     csu_Led.obj (.bss)
                  0000ad91    00000004     wizchip_conf.obj (.bss:_DNS_)

.data      0    0000a800    0000009d     UNINITIALIZED
                  0000a800    00000026     easy28x_driverlib_v12.2.obj (.data)
                  0000a826    0000001a     wizchip_conf.obj (.data)
                  0000a840    00000022     csu_MotorCtrl.obj (.data)
                  0000a862    0000000a     csu_Dio.obj (.data)
                  0000a86c    00000008     socket.obj (.data:sock_pack_info)
                  0000a874    00000008     socket.obj (.data:sock_remained_size)
                  0000a87c    00000004     main_cpu1.obj (.data)
                  0000a880    00000006     csu_Bit.obj (.data)
                  0000a886    00000006     csu_Ipc_cpu1.obj (.data)
                  0000a88c    00000006     rts2800_fpu64_eabi.lib : exit.c.obj (.data)
                  0000a892    00000003     socket.obj (.data)
                  0000a895    00000001     csu_Control.obj (.data)
                  0000a896    00000002     rts2800_fpu64_eabi.lib : _lock.c.obj (.data:_lock)
                  0000a898    00000002                            : _lock.c.obj (.data:_unlock)
                  0000a89a    00000001     csu_LimitSwitch.obj (.data)
                  0000a89b    00000001     hal_Debug.obj (.data)
                  0000a89c    00000001     hal_Ipc_cpu1.obj (.data)

MSGRAM_CM_TO_CPU 
*          0    00038000    00000088     UNINITIALIZED
                  00038000    00000088     ipc.obj (MSGRAM_CM_TO_CPU)

MSGRAM_CPU_TO_CM 
*          0    00039000    00000088     UNINITIALIZED
                  00039000    00000088     ipc.obj (MSGRAM_CPU_TO_CM)

.const     0    00090000    0000053f     
                  00090000    000001c0     f2838x_pievect.obj (.const)
                  000901c0    00000088     ipc.obj (.const:IPC_Instance)
                  00090248    0000005d     hal_Timer.obj (.const:.string)
                  000902a5    00000001     --HOLE-- [fill = 0]
                  000902a6    00000059     csu_Led.obj (.const:.string)
                  000902ff    00000001     --HOLE-- [fill = 0]
                  00090300    00000058     easy28x_driverlib_v12.2.obj (.const:.string)
                  00090358    00000033     flash.obj (.const:.string)
                  0009038b    00000001     --HOLE-- [fill = 0]
                  0009038c    00000031     sysctl.obj (.const:.string)
                  000903bd    00000001     --HOLE-- [fill = 0]
                  000903be    00000030     epwm.obj (.const:.string)
                  000903ee    00000030     gpio.obj (.const:.string)
                  0009041e    0000002f     dcc.obj (.const:.string)
                  0009044d    00000001     --HOLE-- [fill = 0]
                  0009044e    0000002f     sci.obj (.const:.string)
                  0009047d    00000001     --HOLE-- [fill = 0]
                  0009047e    0000002f     spi.obj (.const:.string)
                  000904ad    00000001     --HOLE-- [fill = 0]
                  000904ae    0000001d     interrupt.obj (.const:.string)
                  000904cb    00000001     --HOLE-- [fill = 0]
                  000904cc    0000001c     cputimer.obj (.const:.string)
                  000904e8    00000018     hal_Debug.obj (.const)
                  00090500    00000017     adc.obj (.const:.string)
                  00090517    00000001     --HOLE-- [fill = 0]
                  00090518    00000017     ipc.obj (.const:.string)
                  0009052f    00000008     hal_Debug.obj (.const:$P$T0$1)
                  00090537    00000008     hal_Debug.obj (.const:$P$T1$2)

MSGRAM_CPU1_TO_CPU2 
*          0    0003a000    00000088     UNINITIALIZED
                  0003a000    00000088     ipc.obj (MSGRAM_CPU1_TO_CPU2)

MSGRAM_CPU2_TO_CPU1 
*          0    0003b000    00000088     UNINITIALIZED
                  0003b000    00000088     ipc.obj (MSGRAM_CPU2_TO_CPU1)

.TI.ramfunc 
*          0    00086000    00000677     RUN ADDR = 00008000
                  00086000    000003ab     easy28x_driverlib_v12.2.obj (.TI.ramfunc:easy_RXINT_ISR)
                  000863ab    000000d1     flash.obj (.TI.ramfunc:Flash_initModule)
                  0008647c    000000a6     csu_Control.obj (.TI.ramfunc:Offset_Isr)
                  00086522    00000076     csu_Control.obj (.TI.ramfunc:Pbit_Isr)
                  00086598    0000006e     csu_Control.obj (.TI.ramfunc:MainControl_Isr)
                  00086606    00000069     csu_Dio.obj (.TI.ramfunc:Dio_UpdateInput)
                  0008666f    00000004     f2838x_usdelay.obj (.TI.ramfunc)
                  00086673    00000004     sysctl.obj (.TI.ramfunc)

PieVectTableFile 
*          1    00000d00    000001c0     UNINITIALIZED
                  00000d00    000001c0     f2838x_globalvariabledefs.obj (PieVectTableFile)

EmuKeyVar 
*          1    00000d00    00000000     UNINITIALIZED

EmuBModeVar 
*          1    00000d00    00000000     UNINITIALIZED

EmuBootPinsVar 
*          1    00000d00    00000000     UNINITIALIZED

FlashCallbackVar 
*          1    00000d00    00000000     UNINITIALIZED

FlashScalingVar 
*          1    00000d00    00000000     UNINITIALIZED

dcsm_z1otp_link_pointer 
*          0    00000002    00000000     

dcsm_z1otp_jlm_enable 
*          0    00000002    00000000     

dcsm_z1otp_gpreg 
*          0    00000002    00000000     

dcsm_z1otp_pswd_lock 
*          0    00000002    00000000     

dcsm_z1otp_crc_lock 
*          0    00000002    00000000     

dcsm_z1otp_jtag_pswdh 
*          0    00000002    00000000     

dcsm_z1otp_cmac_key 
*          0    00000002    00000000     

dcsm_zsel_z1 
*          0    00000002    00000000     

dcsm_z2otp_link_pointer 
*          0    00000002    00000000     

dcsm_rsvd_z2 
*          0    00000002    00000000     

dcsm_z2otp_gpreg 
*          0    00000002    00000000     

dcsm_z2otp_pswd_lock 
*          0    00000002    00000000     

dcsm_z2otp_crc_lock 
*          0    00000002    00000000     

dcsm_rsvd1_z2 
*          0    00000002    00000000     

dcsm_zsel_z2 
*          0    00000002    00000000     

.text.1    0    00082000    00002000     
                  00082000    000002af     dcc.obj (.text:DCC_verifyClockFrequency)
                  000822af    00000253     sysctl.obj (.text:SysCtl_isPLLValid)
                  00082502    000001ac     easy28x_driverlib_v12.2.obj (.text:easyDSP_SCI_Init)
                  000826ae    00000167     device.obj (.text:Device_enableAllPeripherals)
                  00082815    00000158     csu_MotorCtrl.obj (.text:MotorCtrl_Run)
                  0008296d    00000131     sysctl.obj (.text:SysCtl_setClock)
                  00082a9e    0000010e     sysctl.obj (.text:SysCtl_setAuxClock)
                  00082bac    00000106     socket.obj (.text:sendto_W6x00)
                  00082cb2    000000e8     hal_DspInit.obj (.text:initEmacGpioPins)
                  00082d9a    000000dc     socket.obj (.text:recvfrom_W6x00)
                  00082e76    000000b9     csu_Adc.obj (.text:CalcAdcData)
                  00082f2f    000000b1     hal_DspInit.obj (.text:Init_GpioDin)
                  00082fe0    000000aa     csu_Encoder.obj (.text:Encoder_UpdatePosition)
                  0008308a    000000a0     csu_LimitSwitch.obj (.text:LimitSwitch_CheckFaults)
                  0008312a    00000096     hal_Timer.obj (.text:configCPUTimer)
                  000831c0    00000095     csu_MotorCtrl.obj (.text:MotorCtrl_Init)
                  00083255    00000095     socket.obj (.text:socket)
                  000832ea    00000093     sci.obj (.text:SCI_setConfig)
                  0008337d    00000091     csu_Pid.obj (.text:PID_Calculate)
                  0008340e    00000091     sysctl.obj (.text:SysCtl_getAuxClock)
                  0008349f    00000090     hal_Adc.obj (.text:InitAdcModules)
                  0008352f    00000087     hal_Epwm.obj (.text:Initial_EpwmTimer)
                  000835b6    00000083     spi.obj (.text:SPI_setConfig)
                  00083639    0000007b     device.obj (.text:Device_init)
                  000836b4    00000079     interrupt.obj (.text:Interrupt_clearIFR)
                  0008372d    00000077     csu_Led.obj (.text:updateLedStatus)
                  000837a4    00000075     hal_Spi.obj (.text:InitSpia)
                  00083819    00000075     easy28x_driverlib_v12.2.obj (.text:easy_addRing)
                  0008388e    00000074     hal_Spi.obj (.text:InitSpid)
                  00083902    00000073     sysctl.obj (.text:SysCtl_getClock)
                  00083975    00000072     csu_Debug.obj (.text:Debug_SendMessage)
                  000839e7    00000070     hal_Encoder.obj (.text:Encoder_ReadSpiData)
                  00083a57    0000006e     hal_Spi.obj (.text:InitSpib)
                  00083ac5    0000006e     wizchip_conf.obj (.text:wizchip_sw_reset)
                  00083b33    0000006b     hal_DspInit.obj (.text:Init_GpioDout)
                  00083b9e    00000067     hal_Timer.obj (.text:Initial_TIMER)
                  00083c05    00000066     hal_Ipc_cpu1.obj (.text:isrIpcFromCM)
                  00083c6b    00000062     hal_Encoder.obj (.text:Encoder_Init_Hardware)
                  00083ccd    00000061     adc.obj (.text:ADC_setINLTrim)
                  00083d2e    00000060     csu_Debug.obj (.text:Debug_ParsePacket)
                  00083d8e    0000005f     csu_Debug.obj (.text:Debug_StateMachine)
                  00083ded    00000057     epwm.obj (.text:EPWM_setEmulationMode)
                  00083e44    00000056     sci.obj (.text:SCI_clearInterruptStatus)
                  00083e9a    00000055     adc.obj (.text:ADC_setOffsetTrim)
                  00083eef    00000052     w6100.obj (.text:WIZCHIP_READ_BUF)
                  00083f41    00000052     w6100.obj (.text:WIZCHIP_WRITE_BUF)
                  00083f93    00000051     csu_Bit.obj (.text:Bit_OvCurrent_Check)
                  00083fe4    0000001c     device.obj (.text:Device_verifyXTAL)

.text.2    0    00084000    00001a6b     
                  00084000    00000050     sysctl.obj (.text:SysCtl_selectOscSourceAuxPLL)
                  00084050    0000004f     hal_Spi.obj (.text:InitSpic)
                  0008409f    0000004e     gpio.obj (.text:GPIO_setPadConfig)
                  000840ed    0000004e     interrupt.obj (.text:Interrupt_disable)
                  0008413b    0000004d     hal_Debug.obj (.text:Debug_Process)
                  00084188    0000004b     hal_Timer.obj (.text:initCPUTimers)
                  000841d3    00000049     csu_Bit.obj (.text:Bit_OvVoltage_Check)
                  0008421c    00000048     csu_Encoder.obj (.text:Encoder_LoadOffset)
                  00084264    00000046     main_cpu1.obj (.text:main)
                  000842aa    00000045     wizchip_conf.obj (.text:wizchip_init)
                  000842ef    00000043     hal_Debug.obj (.text:Initial_W6100)
                  00084332    00000042     socket.obj (.text:close)
                  00084374    00000042     w6100.obj (.text:wiz_send_data)
                  000843b6    00000041     interrupt.obj (.text:Interrupt_initModule)
                  000843f7    00000041     sysctl.obj (.text:SysCtl_selectOscSource)
                  00084438    00000040     w6100.obj (.text:WIZCHIP_READ)
                  00084478    00000040     hal_Debug.obj (.text:isr_DebugExtInt)
                  000844b8    0000003f     ipc.obj (.text:IPC_registerInterrupt)
                  000844f7    0000003f     sysctl.obj (.text:SysCtl_selectXTAL)
                  00084536    0000003f     w6100.obj (.text:wiz_recv_data)
                  00084575    0000003e     ipc.obj (.text:IPC_unregisterInterrupt)
                  000845b3    0000003e     w6100.obj (.text:WIZCHIP_WRITE)
                  000845f1    0000003c     spi.obj (.text:SPI_clearInterruptStatus)
                  0008462d    0000003b     adc.obj (.text:ADC_setMode)
                  00084668    0000003b     sysctl.obj (.text:SysCtl_pollX1Counter)
                  000846a3    00000039     gpio.obj (.text:GPIO_setInterruptPin)
                  000846dc    00000039     sci.obj (.text:SCI_disableInterrupt)
                  00084715    00000038     sci.obj (.text:SCI_enableInterrupt)
                  0008474d    00000037     csu_Pid.obj (.text:PID_Init)
                  00084784    00000036     interrupt.obj (.text:Interrupt_enable)
                  000847ba    00000036     w6100.obj (.text:wiz_recv_ignore)
                  000847f0    00000033     csu_Bit.obj (.text:Bit_MotorStall_Check)
                  00084823    00000033     hal_DspInit.obj (.text:initW6100GpioPins)
                  00084856    00000032     csu_Bit.obj (.text:Bit_Init)
                  00084888    00000032     csu_Control.obj (.text:Control_SaveOffsetToFram)
                  000848ba    00000031     wizchip_conf.obj (.text:wizchip_getnetinfo)
                  000848eb    00000031     wizchip_conf.obj (.text:wizchip_setnetinfo)
                  0008491c    00000030     gpio.obj (.text:GPIO_setControllerCore)
                  0008494c    00000030     gpio.obj (.text:GPIO_setPinConfig)
                  0008497c    00000030     gpio.obj (.text:GPIO_setQualificationMode)
                  000849ac    00000030     rts2800_fpu64_eabi.lib : copy_decompress_lzss.c.obj (.text:decompress:lzss)
                  000849dc    0000002f     csu_MotorCtrl.obj (.text:MotorCtrl_UpdateFeedback)
                  00084a0b    0000002d     csu_Bit.obj (.text:Bit_MotorOverSpeed_Check)
                  00084a38    0000002d     main_cpu1.obj (.text:cycle_100ms)
                  00084a65    0000002c     gpio.obj (.text:GPIO_setDirectionMode)
                  00084a91    0000002b     csu_Debug.obj (.text:Deserialize_Uint32)
                  00084abc    0000002b     rts2800_fpu64_eabi.lib : autoinit.c.obj (.text:__TI_auto_init_nobinit_nopinit)
                  00084ae7    0000002a     w6100.obj (.text:getSn_RX_RSR)
                  00084b11    0000002a     w6100.obj (.text:getSn_TX_FSR)
                  00084b3b    00000029     csu_Bit.obj (.text:Bit_OvTemperature_Check)
                  00084b64    00000029     ipc.obj (.text:IPC_readCommand)
                  00084b8d    00000029     rts2800_fpu64_eabi.lib : exit.c.obj (.text)
                  00084bb6    00000027     csu_Adc.obj (.text:Initial_Adc)
                  00084bdd    00000026     hal_Fram.obj (.text:Fram_WriteByte)
                  00084c03    00000025     hal_Common.obj (.text:hal_Common_InitTempGpio)
                  00084c28    00000024     hal_Debug.obj (.text:Debug_Init)
                  00084c4c    00000024     device.obj (.text:Device_initGPIO)
                  00084c70    00000024     sysctl.obj (.text:SysCtl_getLowSpeedClock)
                  00084c94    00000023     hal_MotorDriver.obj (.text:MotorDriver_Init_Hardware)
                  00084cb7    00000023     csu_Debug.obj (.text:Serialize_Uint32)
                  00084cda    00000022     csu_Encoder.obj (.text:Encoder_CalcCrc16)
                  00084cfc    00000022     csu_Encoder.obj (.text:Encoder_CalcCrc6)
                  00084d1e    00000022     hal_Ipc_cpu1.obj (.text:Initial_IPC)
                  00084d40    00000021     hal_Epwm.obj (.text:Epwm_SetMotorDuty_1x)
                  00084d61    00000021     sysctl.obj (.text:SysCtl_selectXTALSingleEnded)
                  00084d82    00000021     wizchip_conf.obj (.text:reg_wizchip_spi_cbfunc)
                  00084da3    00000020     cputimer.obj (.text:CPUTimer_setEmulationMode)
                  00084dc3    00000020     hal_Spi.obj (.text:spia_write_byte)
                  00084de3    0000001e     rts2800_fpu64_eabi.lib : ll_cmp28.asm.obj (.text)
                  00084e01    0000001e     hal_Spi.obj (.text:spia_read_byte)
                  00084e1f    0000001d     csu_MotorCtrl.obj (.text:MotorCtrl_SetOutput)
                  00084e3c    0000001d     hal_Spi.obj (.text:Spid_Transmit)
                  00084e59    0000001d     rts2800_fpu64_eabi.lib : memcpy.c.obj (.text)
                  00084e76    0000001c     csu_Encoder.obj (.text:Encoder_Init)
                  00084e92    0000001b     hal_Fram.obj (.text:Fram_ReadByte)
                  00084ead    0000001b     csu_LimitSwitch.obj (.text:LimitSwitch_Init)
                  00084ec8    0000001a     csu_Dio.obj (.text:Dio_UpdateOutput)
                  00084ee2    0000001a     interrupt.obj (.text:Interrupt_initVectorTable)
                  00084efc    0000001a     sysctl.obj (.text:SysCtl_controlCMReset)
                  00084f16    00000019     device.obj (.text:Device_bootCM)
                  00084f2f    00000019     device.obj (.text:SysCtl_enablePeripheral)
                  00084f48    00000019     rts2800_fpu64_eabi.lib : boot28.asm.obj (.text)
                  00084f61    00000018                            : ll_aox28.asm.obj (.text)
                  00084f79    00000018     wizchip_conf.obj (.text:wizchip_spi_writeburst)
                  00084f91    00000017     csu_Bit.obj (.text:Bit_Encoder_Check)
                  00084fa8    00000017     csu_Dio.obj (.text:Dio_Init)
                  00084fbf    00000016     hal_DspInit.obj (.text:System_Initialization)
                  00084fd5    00000016     hal_Timer.obj (.text:isr_CpuTimer1)
                  00084feb    00000015     hal_Timer.obj (.text:isr_CpuTimer2)
                  00085000    00000015     wizchip_conf.obj (.text:wizchip_spi_readburst)
                  00085015    00000014     csu_Bit.obj (.text:Bit_FaultReset)
                  00085029    00000013     csu_Debug.obj (.text:Debug_CalculateChecksum)
                  0008503c    00000013     device.obj (.text:Device_enableUnbondedGPIOPullupsFor176Pin)
                  0008504f    00000013     hal_DspInit.obj (.text:InitialPeripherals)
                  00085062    00000013     hal_MotorDriver.obj (.text:MotorDriver_ReadReg)
                  00085075    00000012     csu_Control.obj (.text:Control_Init)
                  00085087    00000012     csu_Debug.obj (.text:Debug_ProtocolInit)
                  00085099    00000012     hal_MotorDriver.obj (.text:MotorDriver_WriteReg)
                  000850ab    00000012     wizchip_conf.obj (.text:reg_wizchip_cs_cbfunc)
                  000850bd    00000011     csu_Debug.obj (.text:Serialize_Uint16)
                  000850ce    00000010     hal_Timer.obj (.text:isr_CpuTimer0)
                  000850de    0000000f     csu_Control.obj (.text:Bit_RunCBIT)
                  000850ed    0000000f     csu_Control.obj (.text:Bit_RunPBIT)
                  000850fc    0000000f     csu_Control.obj (.text:Control_SystemOperation)
                  0008510b    0000000f     csu_Dio.obj (.text:Dio_Debounce)
                  0008511a    0000000f     hal_DspInit.obj (.text:Initial_CmCore)
                  00085129    0000000e     hal_Fram.obj (.text:Fram_WriteStatusRegister)
                  00085137    0000000d     csu_Bit.obj (.text:Bit_GateFault_Check)
                  00085144    0000000d     f2838x_defaultisr.obj (.text:EMPTY_ISR)
                  00085151    0000000c     csu_Debug.obj (.text:Deserialize_Uint16)
                  0008515d    0000000c     interrupt.obj (.text:Interrupt_defaultHandler)
                  00085169    0000000c     hal_MotorDriver.obj (.text:MotorDriver_Enable)
                  00085175    0000000c     hal_MotorDriver.obj (.text:MotorDriver_SetDir)
                  00085181    0000000c     rts2800_fpu64_eabi.lib : args_main.c.obj (.text)
                  0008518d    0000000b     device.obj (.text:Device_enableUnbondedGPIOPullups)
                  00085198    0000000b     csu_Led.obj (.text:Initial_Led)
                  000851a3    0000000b     csu_MotorDriver.obj (.text:MotorDriver_Init)
                  000851ae    0000000a     f2838x_defaultisr.obj (.text:ADCA1_ISR)
                  000851b8    0000000a     f2838x_defaultisr.obj (.text:ADCA2_ISR)
                  000851c2    0000000a     f2838x_defaultisr.obj (.text:ADCA3_ISR)
                  000851cc    0000000a     f2838x_defaultisr.obj (.text:ADCA4_ISR)
                  000851d6    0000000a     f2838x_defaultisr.obj (.text:ADCA_EVT_ISR)
                  000851e0    0000000a     f2838x_defaultisr.obj (.text:ADCB1_ISR)
                  000851ea    0000000a     f2838x_defaultisr.obj (.text:ADCB2_ISR)
                  000851f4    0000000a     f2838x_defaultisr.obj (.text:ADCB3_ISR)
                  000851fe    0000000a     f2838x_defaultisr.obj (.text:ADCB4_ISR)
                  00085208    0000000a     f2838x_defaultisr.obj (.text:ADCB_EVT_ISR)
                  00085212    0000000a     f2838x_defaultisr.obj (.text:ADCC1_ISR)
                  0008521c    0000000a     f2838x_defaultisr.obj (.text:ADCC2_ISR)
                  00085226    0000000a     f2838x_defaultisr.obj (.text:ADCC3_ISR)
                  00085230    0000000a     f2838x_defaultisr.obj (.text:ADCC4_ISR)
                  0008523a    0000000a     f2838x_defaultisr.obj (.text:ADCC_EVT_ISR)
                  00085244    0000000a     f2838x_defaultisr.obj (.text:ADCD1_ISR)
                  0008524e    0000000a     f2838x_defaultisr.obj (.text:ADCD2_ISR)
                  00085258    0000000a     f2838x_defaultisr.obj (.text:ADCD3_ISR)
                  00085262    0000000a     f2838x_defaultisr.obj (.text:ADCD4_ISR)
                  0008526c    0000000a     f2838x_defaultisr.obj (.text:ADCD_EVT_ISR)
                  00085276    0000000a     f2838x_defaultisr.obj (.text:CANA0_ISR)
                  00085280    0000000a     f2838x_defaultisr.obj (.text:CANA1_ISR)
                  0008528a    0000000a     f2838x_defaultisr.obj (.text:CANB0_ISR)
                  00085294    0000000a     f2838x_defaultisr.obj (.text:CANB1_ISR)
                  0008529e    0000000a     f2838x_defaultisr.obj (.text:CIPC0_ISR)
                  000852a8    0000000a     f2838x_defaultisr.obj (.text:CIPC1_ISR)
                  000852b2    0000000a     f2838x_defaultisr.obj (.text:CIPC2_ISR)
                  000852bc    0000000a     f2838x_defaultisr.obj (.text:CIPC3_ISR)
                  000852c6    0000000a     f2838x_defaultisr.obj (.text:CLA1CRC_ISR)
                  000852d0    0000000a     f2838x_defaultisr.obj (.text:CLA1_1_ISR)
                  000852da    0000000a     f2838x_defaultisr.obj (.text:CLA1_2_ISR)
                  000852e4    0000000a     f2838x_defaultisr.obj (.text:CLA1_3_ISR)
                  000852ee    0000000a     f2838x_defaultisr.obj (.text:CLA1_4_ISR)
                  000852f8    0000000a     f2838x_defaultisr.obj (.text:CLA1_5_ISR)
                  00085302    0000000a     f2838x_defaultisr.obj (.text:CLA1_6_ISR)
                  0008530c    0000000a     f2838x_defaultisr.obj (.text:CLA1_7_ISR)
                  00085316    0000000a     f2838x_defaultisr.obj (.text:CLA1_8_ISR)
                  00085320    0000000a     f2838x_defaultisr.obj (.text:CLA_OVERFLOW_ISR)
                  0008532a    0000000a     f2838x_defaultisr.obj (.text:CLA_UNDERFLOW_ISR)
                  00085334    0000000a     f2838x_defaultisr.obj (.text:CLB1_ISR)
                  0008533e    0000000a     f2838x_defaultisr.obj (.text:CLB2_ISR)
                  00085348    0000000a     f2838x_defaultisr.obj (.text:CLB3_ISR)
                  00085352    0000000a     f2838x_defaultisr.obj (.text:CLB4_ISR)
                  0008535c    0000000a     f2838x_defaultisr.obj (.text:CLB5_ISR)
                  00085366    0000000a     f2838x_defaultisr.obj (.text:CLB6_ISR)
                  00085370    0000000a     f2838x_defaultisr.obj (.text:CLB7_ISR)
                  0008537a    0000000a     f2838x_defaultisr.obj (.text:CLB8_ISR)
                  00085384    0000000a     f2838x_defaultisr.obj (.text:CMTOCPUXIPC0_ISR)
                  0008538e    0000000a     f2838x_defaultisr.obj (.text:CMTOCPUXIPC1_ISR)
                  00085398    0000000a     f2838x_defaultisr.obj (.text:CMTOCPUXIPC2_ISR)
                  000853a2    0000000a     f2838x_defaultisr.obj (.text:CMTOCPUXIPC3_ISR)
                  000853ac    0000000a     f2838x_defaultisr.obj (.text:CMTOCPUXIPC4_ISR)
                  000853b6    0000000a     f2838x_defaultisr.obj (.text:CMTOCPUXIPC5_ISR)
                  000853c0    0000000a     f2838x_defaultisr.obj (.text:CMTOCPUXIPC6_ISR)
                  000853ca    0000000a     f2838x_defaultisr.obj (.text:CMTOCPUXIPC7_ISR)
                  000853d4    0000000a     f2838x_defaultisr.obj (.text:CM_STATUS_ISR)
                  000853de    0000000a     f2838x_defaultisr.obj (.text:CPUCRC_ISR)
                  000853e8    0000000a     f2838x_defaultisr.obj (.text:DATALOG_ISR)
                  000853f2    0000000a     f2838x_defaultisr.obj (.text:DMA_CH1_ISR)
                  000853fc    0000000a     f2838x_defaultisr.obj (.text:DMA_CH2_ISR)
                  00085406    0000000a     f2838x_defaultisr.obj (.text:DMA_CH3_ISR)
                  00085410    0000000a     f2838x_defaultisr.obj (.text:DMA_CH4_ISR)
                  0008541a    0000000a     f2838x_defaultisr.obj (.text:DMA_CH5_ISR)
                  00085424    0000000a     f2838x_defaultisr.obj (.text:DMA_CH6_ISR)
                  0008542e    0000000a     f2838x_defaultisr.obj (.text:ECAP1_ISR)
                  00085438    0000000a     f2838x_defaultisr.obj (.text:ECAP2_ISR)
                  00085442    0000000a     f2838x_defaultisr.obj (.text:ECAP3_ISR)
                  0008544c    0000000a     f2838x_defaultisr.obj (.text:ECAP4_ISR)
                  00085456    0000000a     f2838x_defaultisr.obj (.text:ECAP5_ISR)
                  00085460    0000000a     f2838x_defaultisr.obj (.text:ECAP6_2_ISR)
                  0008546a    0000000a     f2838x_defaultisr.obj (.text:ECAP6_ISR)
                  00085474    0000000a     f2838x_defaultisr.obj (.text:ECAP7_2_ISR)
                  0008547e    0000000a     f2838x_defaultisr.obj (.text:ECAP7_ISR)
                  00085488    0000000a     f2838x_defaultisr.obj (.text:ECATRST_ISR)
                  00085492    0000000a     f2838x_defaultisr.obj (.text:ECATSYNC0_ISR)
                  0008549c    0000000a     f2838x_defaultisr.obj (.text:ECATSYNC1_ISR)
                  000854a6    0000000a     f2838x_defaultisr.obj (.text:ECAT_ISR)
                  000854b0    0000000a     f2838x_defaultisr.obj (.text:EMU_ISR)
                  000854ba    0000000a     f2838x_defaultisr.obj (.text:EPWM10_ISR)
                  000854c4    0000000a     f2838x_defaultisr.obj (.text:EPWM10_TZ_ISR)
                  000854ce    0000000a     f2838x_defaultisr.obj (.text:EPWM11_ISR)
                  000854d8    0000000a     f2838x_defaultisr.obj (.text:EPWM11_TZ_ISR)
                  000854e2    0000000a     f2838x_defaultisr.obj (.text:EPWM12_ISR)
                  000854ec    0000000a     f2838x_defaultisr.obj (.text:EPWM12_TZ_ISR)
                  000854f6    0000000a     f2838x_defaultisr.obj (.text:EPWM13_ISR)
                  00085500    0000000a     f2838x_defaultisr.obj (.text:EPWM13_TZ_ISR)
                  0008550a    0000000a     f2838x_defaultisr.obj (.text:EPWM14_ISR)
                  00085514    0000000a     f2838x_defaultisr.obj (.text:EPWM14_TZ_ISR)
                  0008551e    0000000a     f2838x_defaultisr.obj (.text:EPWM15_ISR)
                  00085528    0000000a     f2838x_defaultisr.obj (.text:EPWM15_TZ_ISR)
                  00085532    0000000a     f2838x_defaultisr.obj (.text:EPWM16_ISR)
                  0008553c    0000000a     f2838x_defaultisr.obj (.text:EPWM16_TZ_ISR)
                  00085546    0000000a     f2838x_defaultisr.obj (.text:EPWM1_ISR)
                  00085550    0000000a     f2838x_defaultisr.obj (.text:EPWM1_TZ_ISR)
                  0008555a    0000000a     f2838x_defaultisr.obj (.text:EPWM2_ISR)
                  00085564    0000000a     f2838x_defaultisr.obj (.text:EPWM2_TZ_ISR)
                  0008556e    0000000a     f2838x_defaultisr.obj (.text:EPWM3_ISR)
                  00085578    0000000a     f2838x_defaultisr.obj (.text:EPWM3_TZ_ISR)
                  00085582    0000000a     f2838x_defaultisr.obj (.text:EPWM4_ISR)
                  0008558c    0000000a     f2838x_defaultisr.obj (.text:EPWM4_TZ_ISR)
                  00085596    0000000a     f2838x_defaultisr.obj (.text:EPWM5_ISR)
                  000855a0    0000000a     f2838x_defaultisr.obj (.text:EPWM5_TZ_ISR)
                  000855aa    0000000a     f2838x_defaultisr.obj (.text:EPWM6_ISR)
                  000855b4    0000000a     f2838x_defaultisr.obj (.text:EPWM6_TZ_ISR)
                  000855be    0000000a     f2838x_defaultisr.obj (.text:EPWM7_ISR)
                  000855c8    0000000a     f2838x_defaultisr.obj (.text:EPWM7_TZ_ISR)
                  000855d2    0000000a     f2838x_defaultisr.obj (.text:EPWM8_ISR)
                  000855dc    0000000a     f2838x_defaultisr.obj (.text:EPWM8_TZ_ISR)
                  000855e6    0000000a     f2838x_defaultisr.obj (.text:EPWM9_ISR)
                  000855f0    0000000a     f2838x_defaultisr.obj (.text:EPWM9_TZ_ISR)
                  000855fa    0000000a     f2838x_defaultisr.obj (.text:EQEP1_ISR)
                  00085604    0000000a     f2838x_defaultisr.obj (.text:EQEP2_ISR)
                  0008560e    0000000a     f2838x_defaultisr.obj (.text:EQEP3_ISR)
                  00085618    0000000a     f2838x_defaultisr.obj (.text:FMC_ISR)
                  00085622    0000000a     f2838x_defaultisr.obj (.text:FPU_OFLOW_ISR)
                  0008562c    0000000a     f2838x_defaultisr.obj (.text:FPU_UFLOW_ISR)
                  00085636    0000000a     f2838x_defaultisr.obj (.text:FSIRXA1_ISR)
                  00085640    0000000a     f2838x_defaultisr.obj (.text:FSIRXA2_ISR)
                  0008564a    0000000a     f2838x_defaultisr.obj (.text:FSIRXB1_ISR)
                  00085654    0000000a     f2838x_defaultisr.obj (.text:FSIRXB2_ISR)
                  0008565e    0000000a     f2838x_defaultisr.obj (.text:FSIRXC1_ISR)
                  00085668    0000000a     f2838x_defaultisr.obj (.text:FSIRXC2_ISR)
                  00085672    0000000a     f2838x_defaultisr.obj (.text:FSIRXD1_ISR)
                  0008567c    0000000a     f2838x_defaultisr.obj (.text:FSIRXD2_ISR)
                  00085686    0000000a     f2838x_defaultisr.obj (.text:FSIRXE1_ISR)
                  00085690    0000000a     f2838x_defaultisr.obj (.text:FSIRXE2_ISR)
                  0008569a    0000000a     f2838x_defaultisr.obj (.text:FSIRXF1_ISR)
                  000856a4    0000000a     f2838x_defaultisr.obj (.text:FSIRXF2_ISR)
                  000856ae    0000000a     f2838x_defaultisr.obj (.text:FSIRXG1_ISR)
                  000856b8    0000000a     f2838x_defaultisr.obj (.text:FSIRXG2_ISR)
                  000856c2    0000000a     f2838x_defaultisr.obj (.text:FSIRXH1_ISR)
                  000856cc    0000000a     f2838x_defaultisr.obj (.text:FSIRXH2_ISR)
                  000856d6    0000000a     f2838x_defaultisr.obj (.text:FSITXA1_ISR)
                  000856e0    0000000a     f2838x_defaultisr.obj (.text:FSITXA2_ISR)
                  000856ea    0000000a     f2838x_defaultisr.obj (.text:FSITXB1_ISR)
                  000856f4    0000000a     f2838x_defaultisr.obj (.text:FSITXB2_ISR)
                  000856fe    0000000a     f2838x_defaultisr.obj (.text:I2CA_FIFO_ISR)
                  00085708    0000000a     f2838x_defaultisr.obj (.text:I2CA_HIGH_ISR)
                  00085712    0000000a     f2838x_defaultisr.obj (.text:I2CA_ISR)
                  0008571c    0000000a     f2838x_defaultisr.obj (.text:I2CB_FIFO_ISR)
                  00085726    0000000a     f2838x_defaultisr.obj (.text:I2CB_ISR)
                  00085730    0000000a     f2838x_defaultisr.obj (.text:ILLEGAL_ISR)
                  0008573a    0000000a     interrupt.obj (.text:Interrupt_illegalOperationHandler)
                  00085744    0000000a     interrupt.obj (.text:Interrupt_nmiHandler)
                  0008574e    0000000a     f2838x_defaultisr.obj (.text:MCANA_0_ISR)
                  00085758    0000000a     f2838x_defaultisr.obj (.text:MCANA_1_ISR)
                  00085762    0000000a     f2838x_defaultisr.obj (.text:MCANA_ECC_ISR)
                  0008576c    0000000a     f2838x_defaultisr.obj (.text:MCANA_WAKE_ISR)
                  00085776    0000000a     f2838x_defaultisr.obj (.text:MCBSPA_RX_ISR)
                  00085780    0000000a     f2838x_defaultisr.obj (.text:MCBSPA_TX_ISR)
                  0008578a    0000000a     f2838x_defaultisr.obj (.text:MCBSPB_RX_ISR)
                  00085794    0000000a     f2838x_defaultisr.obj (.text:MCBSPB_TX_ISR)
                  0008579e    0000000a     f2838x_defaultisr.obj (.text:MPOST_ISR)
                  000857a8    0000000a     f2838x_defaultisr.obj (.text:NMI_ISR)
                  000857b2    0000000a     f2838x_defaultisr.obj (.text:NOTUSED_ISR)
                  000857bc    0000000a     f2838x_defaultisr.obj (.text:PIE_RESERVED_ISR)
                  000857c6    0000000a     f2838x_defaultisr.obj (.text:PMBUSA_ISR)
                  000857d0    0000000a     f2838x_defaultisr.obj (.text:RTOS_ISR)
                  000857da    0000000a     f2838x_defaultisr.obj (.text:SCIA_RX_ISR)
                  000857e4    0000000a     f2838x_defaultisr.obj (.text:SCIA_TX_ISR)
                  000857ee    0000000a     f2838x_defaultisr.obj (.text:SCIB_RX_ISR)
                  000857f8    0000000a     f2838x_defaultisr.obj (.text:SCIB_TX_ISR)
                  00085802    0000000a     f2838x_defaultisr.obj (.text:SCIC_RX_ISR)
                  0008580c    0000000a     f2838x_defaultisr.obj (.text:SCIC_TX_ISR)
                  00085816    0000000a     f2838x_defaultisr.obj (.text:SCID_RX_ISR)
                  00085820    0000000a     f2838x_defaultisr.obj (.text:SCID_TX_ISR)
                  0008582a    0000000a     f2838x_defaultisr.obj (.text:SDFM1DR1_ISR)
                  00085834    0000000a     f2838x_defaultisr.obj (.text:SDFM1DR2_ISR)
                  0008583e    0000000a     f2838x_defaultisr.obj (.text:SDFM1DR3_ISR)
                  00085848    0000000a     f2838x_defaultisr.obj (.text:SDFM1DR4_ISR)
                  00085852    0000000a     f2838x_defaultisr.obj (.text:SDFM1_ISR)
                  0008585c    0000000a     f2838x_defaultisr.obj (.text:SDFM2DR1_ISR)
                  00085866    0000000a     f2838x_defaultisr.obj (.text:SDFM2DR2_ISR)
                  00085870    0000000a     f2838x_defaultisr.obj (.text:SDFM2DR3_ISR)
                  0008587a    0000000a     f2838x_defaultisr.obj (.text:SDFM2DR4_ISR)
                  00085884    0000000a     f2838x_defaultisr.obj (.text:SDFM2_ISR)
                  0008588e    0000000a     f2838x_defaultisr.obj (.text:SPIA_RX_ISR)
                  00085898    0000000a     f2838x_defaultisr.obj (.text:SPIA_TX_ISR)
                  000858a2    0000000a     f2838x_defaultisr.obj (.text:SPIB_RX_ISR)
                  000858ac    0000000a     f2838x_defaultisr.obj (.text:SPIB_TX_ISR)
                  000858b6    0000000a     f2838x_defaultisr.obj (.text:SPIC_RX_ISR)
                  000858c0    0000000a     f2838x_defaultisr.obj (.text:SPIC_TX_ISR)
                  000858ca    0000000a     f2838x_defaultisr.obj (.text:SPID_RX_ISR)
                  000858d4    0000000a     f2838x_defaultisr.obj (.text:SPID_TX_ISR)
                  000858de    0000000a     f2838x_defaultisr.obj (.text:SYS_ERR_ISR)
                  000858e8    0000000a     f2838x_defaultisr.obj (.text:TIMER0_ISR)
                  000858f2    0000000a     f2838x_defaultisr.obj (.text:TIMER1_ISR)
                  000858fc    0000000a     f2838x_defaultisr.obj (.text:TIMER2_ISR)
                  00085906    0000000a     f2838x_defaultisr.obj (.text:USBA_ISR)
                  00085910    0000000a     f2838x_defaultisr.obj (.text:USER10_ISR)
                  0008591a    0000000a     f2838x_defaultisr.obj (.text:USER11_ISR)
                  00085924    0000000a     f2838x_defaultisr.obj (.text:USER12_ISR)
                  0008592e    0000000a     f2838x_defaultisr.obj (.text:USER1_ISR)
                  00085938    0000000a     f2838x_defaultisr.obj (.text:USER2_ISR)
                  00085942    0000000a     f2838x_defaultisr.obj (.text:USER3_ISR)
                  0008594c    0000000a     f2838x_defaultisr.obj (.text:USER4_ISR)
                  00085956    0000000a     f2838x_defaultisr.obj (.text:USER5_ISR)
                  00085960    0000000a     f2838x_defaultisr.obj (.text:USER6_ISR)
                  0008596a    0000000a     f2838x_defaultisr.obj (.text:USER7_ISR)
                  00085974    0000000a     f2838x_defaultisr.obj (.text:USER8_ISR)
                  0008597e    0000000a     f2838x_defaultisr.obj (.text:USER9_ISR)
                  00085988    0000000a     f2838x_defaultisr.obj (.text:WAKE_ISR)
                  00085992    0000000a     f2838x_defaultisr.obj (.text:XINT1_ISR)
                  0008599c    0000000a     f2838x_defaultisr.obj (.text:XINT2_ISR)
                  000859a6    0000000a     f2838x_defaultisr.obj (.text:XINT3_ISR)
                  000859b0    0000000a     f2838x_defaultisr.obj (.text:XINT4_ISR)
                  000859ba    0000000a     f2838x_defaultisr.obj (.text:XINT5_ISR)
                  000859c4    00000009     hal_Spi.obj (.text:Initial_SPI)
                  000859cd    00000009     csu_MotorDriver.obj (.text:MotorDriver_ClearFaults)
                  000859d6    00000009     rts2800_fpu64_eabi.lib : _lock.c.obj (.text)
                  000859df    00000008     hal_Fram.obj (.text:Fram_WriteEnable)
                  000859e7    00000008     rts2800_fpu64_eabi.lib : copy_decompress_none.c.obj (.text:decompress:none)
                  000859ef    00000008     f2838x_codestartbranch.obj (.text)
                  000859f7    00000008     csu_Led.obj (.text:setLedModeToggle)
                  000859ff    00000007     hal_Ipc_cpu1.obj (.text:Initial_IPC_Clear)
                  00085a06    00000007     csu_MotorDriver.obj (.text:MotorDriver_UpdateStatus)
                  00085a0d    00000007     csu_Debug.obj (.text:Serialize_Uint8)
                  00085a14    00000007     hal_Spi.obj (.text:Spid_CsHigh)
                  00085a1b    00000007     hal_Spi.obj (.text:Spid_CsLow)
                  00085a22    00000007     hal_DspInit.obj (.text:initSystemCommunications)
                  00085a29    00000007     rts2800_fpu64_eabi.lib : memset.c.obj (.text)
                  00085a30    00000006     hal_Fram.obj (.text:Fram_Init)
                  00085a36    00000006     rts2800_fpu64_eabi.lib : copy_zero_init.c.obj (.text:decompress:ZI)
                  00085a3c    00000006     hal_Spi.obj (.text:spia_cs_desel)
                  00085a42    00000006     hal_Spi.obj (.text:spia_cs_sel)
                  00085a48    00000005     csu_Debug.obj (.text:Deserialize_Uint8)
                  00085a4d    00000005     hal_DspInit.obj (.text:Initial_GPIO)
                  00085a52    00000005     hal_DspInit.obj (.text:initSystemAnalogAdc)
                  00085a57    00000004     main_cpu1.obj (.text:cycle_1ms)
                  00085a5b    00000003     device.obj (.text:__error__)
                  00085a5e    00000003     hal_DspInit.obj (.text:initSystemUserInterface)
                  00085a61    00000002     rts2800_fpu64_eabi.lib : pre_init.c.obj (.text)
                  00085a63    00000002     wizchip_conf.obj (.text:wizchip_spi_readbyte)
                  00085a65    00000001     rts2800_fpu64_eabi.lib : startup.c.obj (.text)
                  00085a66    00000001     wizchip_conf.obj (.text:wizchip_cris_enter)
                  00085a67    00000001     wizchip_conf.obj (.text:wizchip_cris_exit)
                  00085a68    00000001     wizchip_conf.obj (.text:wizchip_cs_deselect)
                  00085a69    00000001     wizchip_conf.obj (.text:wizchip_cs_select)
                  00085a6a    00000001     wizchip_conf.obj (.text:wizchip_spi_writebyte)

MODULE SUMMARY

       Module                          code    ro data   rw data
       ------                          ----    -------   -------
    .\
       main_cpu1.obj                   119     0         4      
    +--+-------------------------------+-------+---------+---------+
       Total:                          119     0         4      
                                                                
    .\CSU\
       csu_Debug.obj                   461     0         1032   
       csu_Control.obj                 901     0         9      
       csu_MotorCtrl.obj               569     0         138    
       csu_Bit.obj                     397     0         44     
       csu_Encoder.obj                 338     0         24     
       csu_Dio.obj                     274     0         20     
       csu_Adc.obj                     224     0         16     
       csu_Led.obj                     138     89        5      
       csu_LimitSwitch.obj             187     0         15     
       csu_Pid.obj                     200     0         0      
       csu_MotorDriver.obj             27      0         1      
       csu_Ipc_cpu1.obj                0       0         6      
    +--+-------------------------------+-------+---------+---------+
       Total:                          3716    89        1310   
                                                                
    .\HAL\
       hal_DspInit.obj                 643     0         0      
       hal_Spi.obj                     548     0         0      
       hal_Timer.obj                   387     93        6      
       hal_Debug.obj                   244     40        1      
       hal_Encoder.obj                 210     0         0      
       hal_Epwm.obj                    168     0         0      
       hal_Adc.obj                     144     0         6      
       hal_Ipc_cpu1.obj                143     0         1      
       hal_MotorDriver.obj             96      0         0      
       hal_Fram.obj                    93      0         0      
       hal_Common.obj                  37      0         0      
    +--+-------------------------------+-------+---------+---------+
       Total:                          2713    133       14     
                                                                
    .\HAL\W6100\
       socket.obj                      697     0         19     
       w6100.obj                       557     0         0      
       wizchip_conf.obj                380     0         31     
    +--+-------------------------------+-------+---------+---------+
       Total:                          1634    0         50     
                                                                
    .\SDK\common\source\
       f2838x_defaultisr.obj           2063    0         0      
       device.obj                      629     0         0      
       f2838x_pievect.obj              0       448       0      
       f2838x_codestartbranch.obj      10      0         0      
       f2838x_usdelay.obj              8       0         0      
    +--+-------------------------------+-------+---------+---------+
       Total:                          2710    448       0      
                                                                
    .\SDK\driverlib\
       sysctl.obj                      1800    49        0      
       ipc.obj                         166     159       544    
       dcc.obj                         687     47        0      
       flash.obj                       418     51        0      
       interrupt.obj                   376     29        0      
       sci.obj                         346     47        0      
       gpio.obj                        323     48        0      
       adc.obj                         241     23        0      
       spi.obj                         191     47        0      
       epwm.obj                        87      48        0      
       cputimer.obj                    32      28        0      
    +--+-------------------------------+-------+---------+---------+
       Total:                          4667    576       544    
                                                                
    .\SDK\easydsp\
       easy28x_driverlib_v12.2.obj     2423    88        38     
    +--+-------------------------------+-------+---------+---------+
       Total:                          2423    88        38     
                                                                
    .\SDK\headers\source\
       f2838x_globalvariabledefs.obj   0       0         448    
    +--+-------------------------------+-------+---------+---------+
       Total:                          0       0         448    
                                                                
    C:\ti\ccs2040\ti-cgt-c2000_22.6.1.LTS\lib\rts2800_fpu64_eabi.lib
       copy_decompress_lzss.c.obj      48      0         0      
       exit.c.obj                      41      0         6      
       autoinit.c.obj                  43      0         0      
       ll_cmp28.asm.obj                30      0         0      
       memcpy.c.obj                    29      0         0      
       boot28.asm.obj                  25      0         0      
       ll_aox28.asm.obj                24      0         0      
       _lock.c.obj                     9       0         4      
       args_main.c.obj                 12      0         0      
       copy_decompress_none.c.obj      8       0         0      
       memset.c.obj                    7       0         0      
       copy_zero_init.c.obj            6       0         0      
       pre_init.c.obj                  2       0         0      
       startup.c.obj                   1       0         0      
    +--+-------------------------------+-------+---------+---------+
       Total:                          285     0         10     
                                                                
       Stack:                          0       0         256    
       Linker Generated:               0       91        0      
    +--+-------------------------------+-------+---------+---------+
       Grand Total:                    18267   1425      2674   


LINKER GENERATED COPY TABLES

__TI_cinit_table @ 00088050 records: 3, size/record: 4, table size: 12
	.data: load addr=00088000, load size=00000041 bytes, run addr=0000a800, run size=0000009d bytes, compression=lzss
	.bss: load addr=00088048, load size=00000004 bytes, run addr=0000a89e, run size=000004f7 bytes, compression=zero_init
	PieVectTableFile: load addr=0008804c, load size=00000004 bytes, run addr=00000d00, run size=000001c0 bytes, compression=zero_init


LINKER GENERATED HANDLER TABLE

__TI_handler_table @ 00088042 records: 3, size/record: 2, table size: 6
	index: 0, handler: __TI_zero_init
	index: 1, handler: __TI_decompress_lzss
	index: 2, handler: __TI_decompress_none


GLOBAL DATA SYMBOLS: SORTED BY DATA PAGE

address     data page           name
--------    ----------------    ----
00000400      10 (00000400)     __stack

00000d00      34 (00000d00)     PieVectTable

0000a800     2a0 (0000a800)     ezDSP_Version_SCI
0000a801     2a0 (0000a800)     ezDSP_uRead16BPossible
0000a802     2a0 (0000a800)     ezDSP_uRead8BPossible
0000a803     2a0 (0000a800)     ezDSP_b32bitAddress
0000a804     2a0 (0000a800)     ezDSP_uCPU
0000a805     2a0 (0000a800)     ezDSP_uOnChipFlash
0000a806     2a0 (0000a800)     ezDSP_uBRKDTCount
0000a807     2a0 (0000a800)     ezDSP_uFECount
0000a808     2a0 (0000a800)     ezDSP_uOECount
0000a809     2a0 (0000a800)     ezDSP_uPECount
0000a80a     2a0 (0000a800)     ezDSP_uWrongISRCount
0000a80b     2a0 (0000a800)     ezDSP_ucRx
0000a80c     2a0 (0000a800)     ezDSP_uState
0000a80d     2a0 (0000a800)     ezDSP_uData
0000a80e     2a0 (0000a800)     ezDSP_uChksum
0000a80f     2a0 (0000a800)     ezDSP_uAddrRdCnt
0000a810     2a0 (0000a800)     ezDSP_uDataRdCnt
0000a811     2a0 (0000a800)     ezDSP_uBlockSize
0000a812     2a0 (0000a800)     ezDSP_uBlockIndex
0000a813     2a0 (0000a800)     ezDSP_uChkSumCalculated
0000a814     2a0 (0000a800)     ezDSP_uCommand
0000a815     2a0 (0000a800)     ezDSP_uISRRxCount
0000a816     2a0 (0000a800)     ezDSP_uISRTxCount
0000a817     2a0 (0000a800)     ezDSP_uRxFifoCnt
0000a818     2a0 (0000a800)     ezDSP_uMaxRxFifoCnt
0000a819     2a0 (0000a800)     ezDSP_uTxFifoCnt
0000a81a     2a0 (0000a800)     ezDSP_uMaxTxFifoCnt
0000a81b     2a0 (0000a800)     ezDSP_uTxFifoFullCnt
0000a81c     2a0 (0000a800)     SCIx_BASE
0000a81e     2a0 (0000a800)     ezDSP_ulData
0000a820     2a0 (0000a800)     ezDSP_ulAddr
0000a822     2a0 (0000a800)     ezDSP_ullData
0000a826     2a0 (0000a800)     WIZCHIP

0000a84a     2a1 (0000a840)     xPidGain
0000a86c     2a1 (0000a840)     sock_pack_info
0000a87c     2a1 (0000a840)     FramTest

0000a886     2a2 (0000a880)     pxDataCpu1ToCm
0000a888     2a2 (0000a880)     pxDataCmToCpu1
0000a88a     2a2 (0000a880)     xEthRxData
0000a88c     2a2 (0000a880)     __TI_enable_exit_profile_output
0000a88e     2a2 (0000a880)     __TI_cleanup_ptr
0000a890     2a2 (0000a880)     __TI_dtors_ptr
0000a896     2a2 (0000a880)     _lock
0000a898     2a2 (0000a880)     _unlock
0000a89b     2a2 (0000a880)     isW6100Connected
0000a89c     2a2 (0000a880)     xIpcState
0000a89e     2a2 (0000a880)     xEncoder
0000a8b6     2a2 (0000a880)     xDio

0000a8c0     2a3 (0000a8c0)     xDbgCtrl

0000acc8     2b3 (0000acc0)     xBit
0000acd8     2b3 (0000acc0)     xBitLimit
0000acee     2b3 (0000acc0)     xAdc
0000acfe     2b3 (0000acc0)     xMotorDriver

0000ad00     2b4 (0000ad00)     xMotorCtrl
0000ad0e     2b4 (0000ad00)     xMotorCtrlLimit
0000ad22     2b4 (0000ad00)     currPid

0000ad40     2b5 (0000ad40)     speedPid
0000ad54     2b5 (0000ad40)     posPid
0000ad68     2b5 (0000ad40)     xLimitSwitchConfig
0000ad6a     2b5 (0000ad40)     xLimitSwitch
0000ad70     2b5 (0000ad40)     xLimitSwitchLimit
0000ad76     2b5 (0000ad40)     xSysCtrl

0000ad80     2b6 (0000ad80)     adcRawData
0000ad86     2b6 (0000ad80)     xTimer
0000ad8c     2b6 (0000ad80)     xLed

00038000     e00 (00038000)     IPC_CPU_To_CM_GetBuffer

00039000     e40 (00039000)     IPC_CPU_To_CM_PutBuffer

0003a000     e80 (0003a000)     IPC_CPU1_To_CPU2_PutBuffer

0003b000     ec0 (0003b000)     IPC_CPU1_To_CPU2_GetBuffer

00090000    2400 (00090000)     PieVectTableInit

000901c0    2407 (000901c0)     IPC_Instance


GLOBAL SYMBOLS: SORTED ALPHABETICALLY BY Name 

page  address   name                                     
----  -------   ----                                     
0     000851ae  ADCA1_ISR                                
0     000851b8  ADCA2_ISR                                
0     000851c2  ADCA3_ISR                                
0     000851cc  ADCA4_ISR                                
0     000851d6  ADCA_EVT_ISR                             
0     000851e0  ADCB1_ISR                                
0     000851ea  ADCB2_ISR                                
0     000851f4  ADCB3_ISR                                
0     000851fe  ADCB4_ISR                                
0     00085208  ADCB_EVT_ISR                             
0     00085212  ADCC1_ISR                                
0     0008521c  ADCC2_ISR                                
0     00085226  ADCC3_ISR                                
0     00085230  ADCC4_ISR                                
0     0008523a  ADCC_EVT_ISR                             
0     00085244  ADCD1_ISR                                
0     0008524e  ADCD2_ISR                                
0     00085258  ADCD3_ISR                                
0     00085262  ADCD4_ISR                                
0     0008526c  ADCD_EVT_ISR                             
0     00083ccd  ADC_setINLTrim                           
0     0008462d  ADC_setMode                              
0     00083e9a  ADC_setOffsetTrim                        
0     00084f91  Bit_Encoder_Check                        
0     00085015  Bit_FaultReset                           
0     00085137  Bit_GateFault_Check                      
0     00084856  Bit_Init                                 
0     00084a0b  Bit_MotorOverSpeed_Check                 
0     000847f0  Bit_MotorStall_Check                     
0     00083f93  Bit_OvCurrent_Check                      
0     00084b3b  Bit_OvTemperature_Check                  
0     000841d3  Bit_OvVoltage_Check                      
0     000850de  Bit_RunCBIT                              
0     000850ed  Bit_RunPBIT                              
0     00084b8d  C$$EXIT                                  
0     00085276  CANA0_ISR                                
0     00085280  CANA1_ISR                                
0     0008528a  CANB0_ISR                                
0     00085294  CANB1_ISR                                
0     0008529e  CIPC0_ISR                                
0     000852a8  CIPC1_ISR                                
0     000852b2  CIPC2_ISR                                
0     000852bc  CIPC3_ISR                                
0     000852c6  CLA1CRC_ISR                              
0     000852d0  CLA1_1_ISR                               
0     000852da  CLA1_2_ISR                               
0     000852e4  CLA1_3_ISR                               
0     000852ee  CLA1_4_ISR                               
0     000852f8  CLA1_5_ISR                               
0     00085302  CLA1_6_ISR                               
0     0008530c  CLA1_7_ISR                               
0     00085316  CLA1_8_ISR                               
0     00085320  CLA_OVERFLOW_ISR                         
0     0008532a  CLA_UNDERFLOW_ISR                        
0     00085334  CLB1_ISR                                 
0     0008533e  CLB2_ISR                                 
0     00085348  CLB3_ISR                                 
0     00085352  CLB4_ISR                                 
0     0008535c  CLB5_ISR                                 
0     00085366  CLB6_ISR                                 
0     00085370  CLB7_ISR                                 
0     0008537a  CLB8_ISR                                 
0     00085384  CMTOCPUXIPC0_ISR                         
0     0008538e  CMTOCPUXIPC1_ISR                         
0     00085398  CMTOCPUXIPC2_ISR                         
0     000853a2  CMTOCPUXIPC3_ISR                         
0     000853ac  CMTOCPUXIPC4_ISR                         
0     000853b6  CMTOCPUXIPC5_ISR                         
0     000853c0  CMTOCPUXIPC6_ISR                         
0     000853ca  CMTOCPUXIPC7_ISR                         
0     000853d4  CM_STATUS_ISR                            
0     000853de  CPUCRC_ISR                               
0     00084da3  CPUTimer_setEmulationMode                
0     00082e76  CalcAdcData                              
0     00085075  Control_Init                             
0     00084888  Control_SaveOffsetToFram                 
0     000850fc  Control_SystemOperation                  
0     000853e8  DATALOG_ISR                              
0     00082000  DCC_verifyClockFrequency                 
0     000853f2  DMA_CH1_ISR                              
0     000853fc  DMA_CH2_ISR                              
0     00085406  DMA_CH3_ISR                              
0     00085410  DMA_CH4_ISR                              
0     0008541a  DMA_CH5_ISR                              
0     00085424  DMA_CH6_ISR                              
0     00085029  Debug_CalculateChecksum                  
0     00084c28  Debug_Init                               
0     00083d2e  Debug_ParsePacket                        
0     0008413b  Debug_Process                            
0     00085087  Debug_ProtocolInit                       
0     00083975  Debug_SendMessage                        
0     00083d8e  Debug_StateMachine                       
0     00084f16  Device_bootCM                            
0     000826ae  Device_enableAllPeripherals              
0     0008518d  Device_enableUnbondedGPIOPullups         
0     0008503c  Device_enableUnbondedGPIOPullupsFor176Pin
0     00083639  Device_init                              
0     00084c4c  Device_initGPIO                          
0     00083fe4  Device_verifyXTAL                        
0     00084fa8  Dio_Init                                 
0     00008606  Dio_UpdateInput                          
0     00084ec8  Dio_UpdateOutput                         
0     0008542e  ECAP1_ISR                                
0     00085438  ECAP2_ISR                                
0     00085442  ECAP3_ISR                                
0     0008544c  ECAP4_ISR                                
0     00085456  ECAP5_ISR                                
0     00085460  ECAP6_2_ISR                              
0     0008546a  ECAP6_ISR                                
0     00085474  ECAP7_2_ISR                              
0     0008547e  ECAP7_ISR                                
0     00085488  ECATRST_ISR                              
0     00085492  ECATSYNC0_ISR                            
0     0008549c  ECATSYNC1_ISR                            
0     000854a6  ECAT_ISR                                 
0     00085144  EMPTY_ISR                                
0     000854b0  EMU_ISR                                  
0     000854ba  EPWM10_ISR                               
0     000854c4  EPWM10_TZ_ISR                            
0     000854ce  EPWM11_ISR                               
0     000854d8  EPWM11_TZ_ISR                            
0     000854e2  EPWM12_ISR                               
0     000854ec  EPWM12_TZ_ISR                            
0     000854f6  EPWM13_ISR                               
0     00085500  EPWM13_TZ_ISR                            
0     0008550a  EPWM14_ISR                               
0     00085514  EPWM14_TZ_ISR                            
0     0008551e  EPWM15_ISR                               
0     00085528  EPWM15_TZ_ISR                            
0     00085532  EPWM16_ISR                               
0     0008553c  EPWM16_TZ_ISR                            
0     00085546  EPWM1_ISR                                
0     00085550  EPWM1_TZ_ISR                             
0     0008555a  EPWM2_ISR                                
0     00085564  EPWM2_TZ_ISR                             
0     0008556e  EPWM3_ISR                                
0     00085578  EPWM3_TZ_ISR                             
0     00085582  EPWM4_ISR                                
0     0008558c  EPWM4_TZ_ISR                             
0     00085596  EPWM5_ISR                                
0     000855a0  EPWM5_TZ_ISR                             
0     000855aa  EPWM6_ISR                                
0     000855b4  EPWM6_TZ_ISR                             
0     000855be  EPWM7_ISR                                
0     000855c8  EPWM7_TZ_ISR                             
0     000855d2  EPWM8_ISR                                
0     000855dc  EPWM8_TZ_ISR                             
0     000855e6  EPWM9_ISR                                
0     000855f0  EPWM9_TZ_ISR                             
0     00083ded  EPWM_setEmulationMode                    
0     000855fa  EQEP1_ISR                                
0     00085604  EQEP2_ISR                                
0     0008560e  EQEP3_ISR                                
0     00084e76  Encoder_Init                             
0     00083c6b  Encoder_Init_Hardware                    
0     0008421c  Encoder_LoadOffset                       
0     000839e7  Encoder_ReadSpiData                      
0     00082fe0  Encoder_UpdatePosition                   
0     00084d40  Epwm_SetMotorDuty_1x                     
0     0000866f  F28x_usDelay                             
0     00085618  FMC_ISR                                  
0     00085622  FPU_OFLOW_ISR                            
0     0008562c  FPU_UFLOW_ISR                            
0     00085636  FSIRXA1_ISR                              
0     00085640  FSIRXA2_ISR                              
0     0008564a  FSIRXB1_ISR                              
0     00085654  FSIRXB2_ISR                              
0     0008565e  FSIRXC1_ISR                              
0     00085668  FSIRXC2_ISR                              
0     00085672  FSIRXD1_ISR                              
0     0008567c  FSIRXD2_ISR                              
0     00085686  FSIRXE1_ISR                              
0     00085690  FSIRXE2_ISR                              
0     0008569a  FSIRXF1_ISR                              
0     000856a4  FSIRXF2_ISR                              
0     000856ae  FSIRXG1_ISR                              
0     000856b8  FSIRXG2_ISR                              
0     000856c2  FSIRXH1_ISR                              
0     000856cc  FSIRXH2_ISR                              
0     000856d6  FSITXA1_ISR                              
0     000856e0  FSITXA2_ISR                              
[...]
0     000843b6  Interrupt_initModule                     
0     000843f7  SysCtl_selectOscSource                   
0     00084438  WIZCHIP_READ                             
0     00084478  isr_DebugExtInt                          
0     000844b8  IPC_registerInterrupt                    
0     000844f7  SysCtl_selectXTAL                        
0     00084536  wiz_recv_data                            
0     00084575  IPC_unregisterInterrupt                  
0     000845b3  WIZCHIP_WRITE                            
0     000845f1  SPI_clearInterruptStatus                 
0     0008462d  ADC_setMode                              
0     000846a3  GPIO_setInterruptPin                     
0     000846dc  SCI_disableInterrupt                     
0     00084715  SCI_enableInterrupt                      
0     0008474d  PID_Init                                 
0     00084784  Interrupt_enable                         
0     000847ba  wiz_recv_ignore                          
0     000847f0  Bit_MotorStall_Check                     
0     00084856  Bit_Init                                 
0     00084888  Control_SaveOffsetToFram                 
0     000848ba  wizchip_getnetinfo                       
0     000848eb  wizchip_setnetinfo                       
0     0008491c  GPIO_setControllerCore                   
0     0008494c  GPIO_setPinConfig                        
0     0008497c  GPIO_setQualificationMode                
0     000849ac  __TI_decompress_lzss                     
0     000849dc  MotorCtrl_UpdateFeedback                 
0     00084a0b  Bit_MotorOverSpeed_Check                 
0     00084a65  GPIO_setDirectionMode                    
0     00084abc  __TI_auto_init_nobinit_nopinit           
0     00084ae7  getSn_RX_RSR                             
0     00084b11  getSn_TX_FSR                             
0     00084b3b  Bit_OvTemperature_Check                  
0     00084b64  IPC_readCommand                          
0     00084b8d  C$$EXIT                                  
0     00084b8d  abort                                    
0     00084b8f  exit                                     
0     00084bb6  Initial_Adc                              
0     00084bdd  Fram_WriteByte                           
0     00084c03  hal_Common_InitTempGpio                  
0     00084c28  Debug_Init                               
0     00084c4c  Device_initGPIO                          
0     00084c70  SysCtl_getLowSpeedClock                  
0     00084c94  MotorDriver_Init_Hardware                
0     00084d1e  Initial_IPC                              
0     00084d40  Epwm_SetMotorDuty_1x                     
0     00084d61  SysCtl_selectXTALSingleEnded             
0     00084d82  reg_wizchip_spi_cbfunc                   
0     00084da3  CPUTimer_setEmulationMode                
0     00084dc3  spia_write_byte                          
0     00084de3  __c28xabi_cmpll                          
0     00084df5  __c28xabi_cmpull                         
0     00084e01  spia_read_byte                           
0     00084e1f  MotorCtrl_SetOutput                      
0     00084e3c  Spid_Transmit                            
0     00084e59  memcpy                                   
0     00084e76  Encoder_Init                             
0     00084e92  Fram_ReadByte                            
0     00084ead  LimitSwitch_Init                         
0     00084ec8  Dio_UpdateOutput                         
0     00084ee2  Interrupt_initVectorTable                
0     00084efc  SysCtl_controlCMReset                    
0     00084f16  Device_bootCM                            
0     00084f48  _c_int00                                 
0     00084f61  __c28xabi_andll                          
0     00084f69  __c28xabi_orll                           
0     00084f71  __c28xabi_xorll                          
0     00084f79  wizchip_spi_writeburst                   
0     00084f91  Bit_Encoder_Check                        
0     00084fa8  Dio_Init                                 
0     00084fbf  System_Initialization                    
0     00084fd5  isr_CpuTimer1                            
0     00084feb  isr_CpuTimer2                            
0     00085000  wizchip_spi_readburst                    
0     00085015  Bit_FaultReset                           
0     00085029  Debug_CalculateChecksum                  
0     0008503c  Device_enableUnbondedGPIOPullupsFor176Pin
0     00085062  MotorDriver_ReadReg                      
0     00085075  Control_Init                             
0     00085087  Debug_ProtocolInit                       
0     00085099  MotorDriver_WriteReg                     
0     000850ab  reg_wizchip_cs_cbfunc                    
0     000850ce  isr_CpuTimer0                            
0     000850de  Bit_RunCBIT                              
0     000850ed  Bit_RunPBIT                              
0     000850fc  Control_SystemOperation                  
0     00085137  Bit_GateFault_Check                      
0     00085144  EMPTY_ISR                                
0     0008515d  Interrupt_defaultHandler                 
0     00085169  MotorDriver_Enable                       
0     00085175  MotorDriver_SetDir                       
0     00085181  _args_main                               
0     0008518d  Device_enableUnbondedGPIOPullups         
0     00085198  Initial_Led                              
0     000851a3  MotorDriver_Init                         
0     000851ae  ADCA1_ISR                                
0     000851b8  ADCA2_ISR                                
0     000851c2  ADCA3_ISR                                
0     000851cc  ADCA4_ISR                                
0     000851d6  ADCA_EVT_ISR                             
0     000851e0  ADCB1_ISR                                
0     000851ea  ADCB2_ISR                                
0     000851f4  ADCB3_ISR                                
0     000851fe  ADCB4_ISR                                
0     00085208  ADCB_EVT_ISR                             
0     00085212  ADCC1_ISR                                
0     0008521c  ADCC2_ISR                                
0     00085226  ADCC3_ISR                                
0     00085230  ADCC4_ISR                                
0     0008523a  ADCC_EVT_ISR                             
0     00085244  ADCD1_ISR                                
0     0008524e  ADCD2_ISR                                
0     00085258  ADCD3_ISR                                
0     00085262  ADCD4_ISR                                
0     0008526c  ADCD_EVT_ISR                             
0     00085276  CANA0_ISR                                
0     00085280  CANA1_ISR                                
0     0008528a  CANB0_ISR                                
0     00085294  CANB1_ISR                                
0     0008529e  CIPC0_ISR                                
0     000852a8  CIPC1_ISR                                
0     000852b2  CIPC2_ISR                                
0     000852bc  CIPC3_ISR                                
0     000852c6  CLA1CRC_ISR                              
0     000852d0  CLA1_1_ISR                               
0     000852da  CLA1_2_ISR                               
0     000852e4  CLA1_3_ISR                               
0     000852ee  CLA1_4_ISR                               
0     000852f8  CLA1_5_ISR                               
0     00085302  CLA1_6_ISR                               
0     0008530c  CLA1_7_ISR                               
0     00085316  CLA1_8_ISR                               
0     00085320  CLA_OVERFLOW_ISR                         
0     0008532a  CLA_UNDERFLOW_ISR                        
0     00085334  CLB1_ISR                                 
0     0008533e  CLB2_ISR                                 
0     00085348  CLB3_ISR                                 
0     00085352  CLB4_ISR                                 
0     0008535c  CLB5_ISR                                 
0     00085366  CLB6_ISR                                 
0     00085370  CLB7_ISR                                 
0     0008537a  CLB8_ISR                                 
0     00085384  CMTOCPUXIPC0_ISR                         
0     0008538e  CMTOCPUXIPC1_ISR                         
0     00085398  CMTOCPUXIPC2_ISR                         
0     000853a2  CMTOCPUXIPC3_ISR                         
0     000853ac  CMTOCPUXIPC4_ISR                         
0     000853b6  CMTOCPUXIPC5_ISR                         
0     000853c0  CMTOCPUXIPC6_ISR                         
0     000853ca  CMTOCPUXIPC7_ISR                         
0     000853d4  CM_STATUS_ISR                            
0     000853de  CPUCRC_ISR                               
0     000853e8  DATALOG_ISR                              
0     000853f2  DMA_CH1_ISR                              
0     000853fc  DMA_CH2_ISR                              
0     00085406  DMA_CH3_ISR                              
0     00085410  DMA_CH4_ISR                              
0     0008541a  DMA_CH5_ISR                              
0     00085424  DMA_CH6_ISR                              
0     0008542e  ECAP1_ISR                                
0     00085438  ECAP2_ISR                                
0     00085442  ECAP3_ISR                                
0     0008544c  ECAP4_ISR                                
0     00085456  ECAP5_ISR                                
0     00085460  ECAP6_2_ISR                              
0     0008546a  ECAP6_ISR                                
0     00085474  ECAP7_2_ISR                              
0     0008547e  ECAP7_ISR                                
0     00085488  ECATRST_ISR                              
0     00085492  ECATSYNC0_ISR                            
0     0008549c  ECATSYNC1_ISR                            
0     000854a6  ECAT_ISR                                 
0     000854b0  EMU_ISR                                  
0     000854ba  EPWM10_ISR                               
0     000854c4  EPWM10_TZ_ISR                            
0     000854ce  EPWM11_ISR                               
0     000854d8  EPWM11_TZ_ISR                            
0     000854e2  EPWM12_ISR                               
0     000854ec  EPWM12_TZ_ISR                            
0     000854f6  EPWM13_ISR                               
0     00085500  EPWM13_TZ_ISR                            
0     0008550a  EPWM14_ISR                               
0     00085514  EPWM14_TZ_ISR                            
0     0008551e  EPWM15_ISR                               
0     00085528  EPWM15_TZ_ISR                            
0     00085532  EPWM16_ISR                               
0     0008553c  EPWM16_TZ_ISR                            
0     00085546  EPWM1_ISR                                
0     00085550  EPWM1_TZ_ISR                             
0     0008555a  EPWM2_ISR                                
0     00085564  EPWM2_TZ_ISR                             
0     0008556e  EPWM3_ISR                                
0     00085578  EPWM3_TZ_ISR                             
0     00085582  EPWM4_ISR                                
0     0008558c  EPWM4_TZ_ISR                             
0     00085596  EPWM5_ISR                                
0     000855a0  EPWM5_TZ_ISR                             
0     000855aa  EPWM6_ISR                                
0     000855b4  EPWM6_TZ_ISR                             
0     000855be  EPWM7_ISR                                
0     000855c8  EPWM7_TZ_ISR                             
0     000855d2  EPWM8_ISR                                
0     000855dc  EPWM8_TZ_ISR                             
0     000855e6  EPWM9_ISR                                
0     000855f0  EPWM9_TZ_ISR                             
0     000855fa  EQEP1_ISR                                
0     00085604  EQEP2_ISR                                
0     0008560e  EQEP3_ISR                                
0     00085618  FMC_ISR                                  
0     00085622  FPU_OFLOW_ISR                            
0     0008562c  FPU_UFLOW_ISR                            
0     00085636  FSIRXA1_ISR                              
0     00085640  FSIRXA2_ISR                              
0     0008564a  FSIRXB1_ISR                              
0     00085654  FSIRXB2_ISR                              
0     0008565e  FSIRXC1_ISR                              
0     00085668  FSIRXC2_ISR                              
0     00085672  FSIRXD1_ISR                              
0     0008567c  FSIRXD2_ISR                              
0     00085686  FSIRXE1_ISR                              
0     00085690  FSIRXE2_ISR                              
0     0008569a  FSIRXF1_ISR                              
0     000856a4  FSIRXF2_ISR                              
0     000856ae  FSIRXG1_ISR                              
0     000856b8  FSIRXG2_ISR                              
0     000856c2  FSIRXH1_ISR                              
0     000856cc  FSIRXH2_ISR                              
0     000856d6  FSITXA1_ISR                              
0     000856e0  FSITXA2_ISR                              
0     000856ea  FSITXB1_ISR                              
0     000856f4  FSITXB2_ISR                              
0     000856fe  I2CA_FIFO_ISR                            
0     00085708  I2CA_HIGH_ISR                            
0     00085712  I2CA_ISR                                 
0     0008571c  I2CB_FIFO_ISR                            
0     00085726  I2CB_ISR                                 
0     00085730  ILLEGAL_ISR                              
0     0008573a  Interrupt_illegalOperationHandler        
0     00085744  Interrupt_nmiHandler                     
0     0008574e  MCANA_0_ISR                              
0     00085758  MCANA_1_ISR                              
0     00085762  MCANA_ECC_ISR                            
0     0008576c  MCANA_WAKE_ISR                           
0     00085776  MCBSPA_RX_ISR                            
0     00085780  MCBSPA_TX_ISR                            
0     0008578a  MCBSPB_RX_ISR                            
0     00085794  MCBSPB_TX_ISR                            
0     0008579e  MPOST_ISR                                
0     000857a8  NMI_ISR                                  
0     000857b2  NOTUSED_ISR                              
0     000857bc  PIE_RESERVED_ISR                         
0     000857c6  PMBUSA_ISR                               
0     000857d0  RTOS_ISR                                 
0     000857da  SCIA_RX_ISR                              
0     000857e4  SCIA_TX_ISR                              
0     000857ee  SCIB_RX_ISR                              
0     000857f8  SCIB_TX_ISR                              
0     00085802  SCIC_RX_ISR                              
0     0008580c  SCIC_TX_ISR                              
0     00085816  SCID_RX_ISR                              
0     00085820  SCID_TX_ISR                              
0     0008582a  SDFM1DR1_ISR                             
0     00085834  SDFM1DR2_ISR                             
0     0008583e  SDFM1DR3_ISR                             
0     00085848  SDFM1DR4_ISR                             
0     00085852  SDFM1_ISR                                
0     0008585c  SDFM2DR1_ISR                             
0     00085866  SDFM2DR2_ISR                             
0     00085870  SDFM2DR3_ISR                             
0     0008587a  SDFM2DR4_ISR                             
0     00085884  SDFM2_ISR                                
0     0008588e  SPIA_RX_ISR                              
0     00085898  SPIA_TX_ISR                              
0     000858a2  SPIB_RX_ISR                              
0     000858ac  SPIB_TX_ISR                              
0     000858b6  SPIC_RX_ISR                              
0     000858c0  SPIC_TX_ISR                              
0     000858ca  SPID_RX_ISR                              
0     000858d4  SPID_TX_ISR                              
0     000858de  SYS_ERR_ISR                              
0     000858e8  TIMER0_ISR                               
0     000858f2  TIMER1_ISR                               
0     000858fc  TIMER2_ISR                               
0     00085906  USBA_ISR                                 
0     00085910  USER10_ISR                               
0     0008591a  USER11_ISR                               
0     00085924  USER12_ISR                               
0     0008592e  USER1_ISR                                
0     00085938  USER2_ISR                                
0     00085942  USER3_ISR                                
0     0008594c  USER4_ISR                                
0     00085956  USER5_ISR                                
0     00085960  USER6_ISR                                
0     0008596a  USER7_ISR                                
0     00085974  USER8_ISR                                
0     0008597e  USER9_ISR                                
0     00085988  WAKE_ISR                                 
0     00085992  XINT1_ISR                                
0     0008599c  XINT2_ISR                                
0     000859a6  XINT3_ISR                                
0     000859b0  XINT4_ISR                                
0     000859ba  XINT5_ISR                                
0     000859c4  Initial_SPI                              
0     000859cd  MotorDriver_ClearFaults                  
0     000859d6  _register_unlock                         
0     000859da  _register_lock                           
0     000859de  _nop                                     
0     000859e7  __TI_decompress_none                     
0     000859f7  setLedModeToggle                         
0     000859ff  Initial_IPC_Clear                        
0     00085a06  MotorDriver_UpdateStatus                 
0     00085a14  Spid_CsHigh                              
0     00085a1b  Spid_CsLow                               
0     00085a29  memset                                   
0     00085a30  Fram_Init                                
0     00085a36  __TI_zero_init                           
0     00085a3c  spia_cs_desel                            
0     00085a42  spia_cs_sel                              
0     00085a5b  __error__                                
0     00085a61  _system_pre_init                         
0     00085a63  wizchip_spi_readbyte                     
0     00085a65  _system_post_cinit                       
0     00085a66  wizchip_cris_enter                       
0     00085a67  wizchip_cris_exit                        
0     00085a68  wizchip_cs_deselect                      
0     00085a69  wizchip_cs_select                        
0     00085a6a  wizchip_spi_writebyte                    
0     00086000  RamfuncsLoadStart                        
0     00086677  RamfuncsLoadEnd                          
0     00088042  __TI_Handler_Table_Base                  
0     00088048  __TI_Handler_Table_Limit                 
0     00088050  __TI_CINIT_Base                          
0     0008805c  __TI_CINIT_Limit                         
0     0008805c  __TI_CINIT_Warm                          
0     00090000  PieVectTableInit                         
0     000901c0  IPC_Instance                             
1     00000d00  PieVectTable                             
abs   00000100  __TI_STACK_SIZE                          
abs   00000677  RamfuncsLoadSize                         
abs   00000677  RamfuncsRunSize                          
abs   ffffffff  __TI_pprof_out_hndl                      
abs   ffffffff  __TI_prof_data_size                      
abs   ffffffff  __TI_prof_data_start                     
n/a   UNDEFED   __c_args__                               

[476 symbols]
