******************************************************************************
                  TI ARM Linker PC v20.2.7                     
******************************************************************************
>> Linked Thu Jul  2 08:55:08 2026

OUTPUT FILE NAME:   <ATTLA_T_CM.out>
ENTRY POINT SYMBOL: "_c_int00_noargs"  address: 20003639


MEMORY CONFIGURATION

         name            origin    length      used     unused   attr    fill
----------------------  --------  ---------  --------  --------  ----  --------
  CMBANK0_SECTOR0       00200000   00004000  00000000  00004000  RWIX
  CMBANK0_SECTOR1       00204000   00004000  00000000  00004000  RWIX
  CMBANK0_SECTOR2       00208000   00004000  00000000  00004000  RWIX
  CMBANK0_SECTOR3       0020c000   00004000  00000000  00004000  RWIX
  CMBANK0_SECTOR4       00210000   00010000  00000000  00010000  RWIX
  CMBANK0_SECTOR5       00220000   00010000  00000000  00010000  RWIX
  CMBANK0_SECTOR6       00230000   00010000  00000000  00010000  RWIX
  CMBANK0_SECTOR7       00240000   00010000  00000000  00010000  RWIX
  CMBANK0_SECTOR8       00250000   00010000  00000000  00010000  RWIX
  CMBANK0_SECTOR9       00260000   00010000  00000000  00010000  RWIX
  CMBANK0_SECTOR10      00270000   00004000  00000000  00004000  RWIX
  CMBANK0_SECTOR11      00274000   00004000  00000000  00004000  RWIX
  CMBANK0_SECTOR12      00278000   00004000  00000000  00004000  RWIX
  CMBANK0_SECTOR13      0027c000   00004000  00000000  00004000  RWIX
  C1RAM                 1fffc000   00002000  00000288  00001d78  RWIX
  C0RAM                 1fffe000   00002000  0000007e  00001f82  RWIX
  BOOT_RSVD             20000000   00000800  00000000  00000800  RWIX
  S0RAM_RESETISR        20000800   00000008  00000006  00000002  RWIX
  S0RAM                 20000808   000037f8  0000326a  0000058e  RWIX
  S1RAM                 20004000   00004000  00000000  00004000  RWIX
  S2RAM                 20008000   00004000  00000000  00004000  RWIX
  S3RAM                 2000c000   00004000  00001e36  000021ca  RWIX
  E0RAM                 20010000   00004000  00000000  00004000  RWIX
  CPU1TOCMMSGRAM0       20080000   00000800  00000110  000006f0  RWIX
  CPU1TOCMMSGRAM1       20080800   00000800  00000000  00000800  RWIX
  CMTOCPU1MSGRAM0       20082000   00000800  00000110  000006f0  RWIX
  CMTOCPU1MSGRAM1       20082800   00000800  00000000  00000800  RWIX
  CPU2TOCMMSGRAM0       20084000   00000800  00000110  000006f0  RWIX
  CPU2TOCMMSGRAM1       20084800   00000800  00000000  00000800  RWIX
  CMTOCPU2MSGRAM0       20086000   00000800  00000110  000006f0  RWIX
  CMTOCPU2MSGRAM1       20086800   00000800  00000000  00000800  RWIX


SEGMENT ALLOCATION MAP

run origin  load origin   length   init length attrs members
----------  ----------- ---------- ----------- ----- -------
1fffc000    1fffc000    00000200   00000000    rw-
  1fffc000    1fffc000    00000200   00000000    rw- .stack
1fffc200    1fffc200    00000088   00000088    r--
  1fffc200    1fffc200    00000088   00000088    r-- .const
1fffe000    1fffe000    00000080   00000080    r-x
  1fffe000    1fffe000    00000006   00000006    r-x .TI.ramfunc
  1fffe008    1fffe008    00000078   00000078    r-- .cinit
20000800    20000800    00000400   00000400    r-x
  20000800    20000800    00000006   00000006    r-x .resetisr
  20000808    20000808    000003f8   000003f8    r-x .text.1
20000c00    20000c00    00000140   00000000    rw-
  20000c00    20000c00    00000140   00000000    rw- .vtable
20000d40    20000d40    00002d32   00002d32    r-x
  20000d40    20000d40    00002d32   00002d32    r-x .text.2
2000c000    2000c000    00001e38   00000000    rw-
  2000c000    2000c000    000019a6   00000000    rw- .bss
  2000d9a8    2000d9a8    00000490   00000000    rw- .data
20080000    20080000    00000110   00000000    rw-
  20080000    20080000    00000110   00000000    rw- MSGRAM_CPU1_TO_CM
20082000    20082000    00000110   00000000    rw-
  20082000    20082000    00000110   00000000    rw- MSGRAM_CM_TO_CPU1
20084000    20084000    00000110   00000000    rw-
  20084000    20084000    00000110   00000000    rw- MSGRAM_CPU2_TO_CM
20086000    20086000    00000110   00000000    rw-
  20086000    20086000    00000110   00000000    rw- MSGRAM_CM_TO_CPU2


SECTION ALLOCATION MAP

 output                                  attributes/
section   page    origin      length       input sections
--------  ----  ----------  ----------   ----------------
.TI.ramfunc 
*          0    1fffe000    00000006     
                  1fffe000    00000006     sysctl.obj (.TI.ramfunc)

.cinit     0    1fffe008    00000078     
                  1fffe008    00000024     (.cinit..vtable.load) [load image, compression = lzss]
                  1fffe02c    00000021     (.cinit..data.load) [load image, compression = lzss]
                  1fffe04d    00000003     --HOLE-- [fill = 0]
                  1fffe050    0000000c     (__TI_handler_table)
                  1fffe05c    00000004     --HOLE-- [fill = 0]
                  1fffe060    00000008     (.cinit..bss.load) [load image, compression = zero_init]
                  1fffe068    00000018     (__TI_cinit_table)

.resetisr 
*          0    20000800    00000006     
                  20000800    00000006     startup_cm.obj (.resetisr:resetISR)

.vtable    0    20000c00    00000140     UNINITIALIZED
                  20000c00    00000140     startup_cm.obj (.vtable:retain)

.stack     0    1fffc000    00000200     UNINITIALIZED
                  1fffc000    00000004     rtsv7M4_T_le_eabi.lib : boot_cortex_m.c.obj (.stack)
                  1fffc004    000001fc     --HOLE--

.const     0    1fffc200    00000088     
                  1fffc200    00000088     ipc.obj (.const:IPC_Instance)

.bss       0    2000c000    000019a6     UNINITIALIZED
                  2000c000    00001200     hal_Ethernet_cm.obj (.bss:s_ucRxBuf)
                  2000d200    00000264     (.common:Ethernet_device_struct)
                  2000d464    00000200     (.common:Ethernet_descArray)
                  2000d664    00000130     csu_Ethernet_cm.obj (.bss:s_xTxPktDesc)
                  2000d794    00000120     (.common:xEthCtrl)
                  2000d8b4    000000e4     hal_Ethernet_cm.obj (.bss:s_xRxPktDesc)
                  2000d998    0000000e     (.common:xTimer)

.data      0    2000d9a8    00000490     UNINITIALIZED
                  2000d9a8    00000408     hal_Ethernet_cm.obj (.data:xEthDriver)
                  2000ddb0    0000005c     ethernet.obj (.data)
                  2000de0c    00000018     csu_Ethernet_cm.obj (.data:xEthApp)
                  2000de24    00000008     csu_Ipc_cm.obj (.data)
                  2000de2c    00000008     hal_Ethernet_cm.obj (.data)
                  2000de34    00000004     csu_Ethernet_cm.obj (.data)

MSGRAM_CPU1_TO_CM 
*          0    20080000    00000110     UNINITIALIZED
                  20080000    00000110     ipc.obj (MSGRAM_CPU1_TO_CM)

MSGRAM_CM_TO_CPU1 
*          0    20082000    00000110     UNINITIALIZED
                  20082000    00000110     ipc.obj (MSGRAM_CM_TO_CPU1)

MSGRAM_CPU2_TO_CM 
*          0    20084000    00000110     UNINITIALIZED
                  20084000    00000110     ipc.obj (MSGRAM_CPU2_TO_CM)

MSGRAM_CM_TO_CPU2 
*          0    20086000    00000110     UNINITIALIZED
                  20086000    00000110     ipc.obj (MSGRAM_CM_TO_CPU2)

__llvm_prf_cnts 
*          0    2000c000    00000000     UNINITIALIZED

.text.1    0    20000808    000003f8     
                  20000808    000003c0     csu_Ethernet_cm.obj (.text:processReceivedEthernetPacket)
                  20000bc8    00000038     csu_Ethernet_cm.obj (.text:calcIPChecksum)

.text.2    0    20000d40    00002d32     
                  20000d40    0000043e     ethernet.obj (.text:Ethernet_genericISR)
                  2000117e    00000002     --HOLE-- [fill = 0]
                  20001180    000002ba     hal_Timer_cm.obj (.text:Initial_TIMER)
                  2000143a    00000004     rtsv7M4_T_le_eabi.lib : pre_init.c.obj (.text:_system_pre_init)
                  2000143e    00000002     --HOLE-- [fill = 0]
                  20001440    000002b8     ethernet.obj (.text:Ethernet_addPacketsIntoTxQueue)
                  200016f8    00000226     hal_Ethernet_cm.obj (.text:Initial_Ethernet)
                  2000191e    00000002     --HOLE-- [fill = 0]
                  20001920    000001ce     csu_Ethernet_cm.obj (.text:Ethernet_StateMachine)
                  20001aee    00000002     --HOLE-- [fill = 0]
                  20001af0    000001b3     ethernet.obj (.text:Ethernet_retrieveRxPacket)
                  20001ca3    00000001     --HOLE-- [fill = 0]
                  20001ca4    00000004     rtsv7M4_T_le_eabi.lib : exit.c.obj (.text:abort:abort)
                  20001ca8    0000017c     csu_Ethernet_cm.obj (.text:buildAndSendUdpPacket)
                  20001e24    00000004     --HOLE-- [fill = 0]
                  20001e28    00000164     ethernet.obj (.text:Ethernet_getHandle)
                  20001f8c    00000004     --HOLE-- [fill = 0]
                  20001f90    00000142     ethernet.obj (.text:Ethernet_removePacketsFromTxQueue)
                  200020d2    00000006     --HOLE-- [fill = 0]
                  200020d8    000000f6     ethernet.obj (.text:Ethernet_initTxChannel)
                  200021ce    00000002     --HOLE-- [fill = 0]
                  200021d0    000000f3     ethernet.obj (.text:Ethernet_sendPacket)
                  200022c3    00000005     --HOLE-- [fill = 0]
                  200022c8    000000e6     main_cm.obj (.text:main)
                  200023ae    00000002     --HOLE-- [fill = 0]
                  200023b0    000000e4     ethernet.obj (.text:Ethernet_getInitConfig)
                  20002494    00000004     --HOLE-- [fill = 0]
                  20002498    000000e2     ethernet.obj (.text:Ethernet_initRxChannel)
                  2000257a    00000006     --HOLE-- [fill = 0]
                  20002580    000000c6     ethernet.obj (.text:Ethernet_initInterface)
                  20002646    00000002     --HOLE-- [fill = 0]
                  20002648    000000c2     ethernet.obj (.text:Ethernet_removePacketsFromRxQueue)
                  2000270a    00000006     --HOLE-- [fill = 0]
                  20002710    000000b4     csu_Ethernet_cm.obj (.text:sendAckResponse)
                  200027c4    00000004     --HOLE-- [fill = 0]
                  200027c8    000000b2     hal_Timer_cm.obj (.text:CPUTimer_startTimer)
                  2000287a    00000006     --HOLE-- [fill = 0]
                  20002880    000000ac     interrupt.obj (.text:Interrupt_disable)
                  2000292c    00000004     --HOLE-- [fill = 0]
                  20002930    000000ac     interrupt.obj (.text:Interrupt_enable)
                  200029dc    0000009c     rtsv7M4_T_le_eabi.lib : memcpy_t2.asm.obj (.text)
                  20002a78    00000092     ethernet.obj (.text:Ethernet_writeTxDMAControl)
                  20002b0a    00000006     --HOLE-- [fill = 0]
                  20002b10    0000008c     ethernet.obj (.text:Ethernet_addPacketsIntoRxQueue)
                  20002b9c    00000004     --HOLE-- [fill = 0]
                  20002ba0    00000088     interrupt.obj (.text:Interrupt_registerHandler)
                  20002c28    0000007a     rtsv7M4_T_le_eabi.lib : memset_t2.asm.obj (.text)
                  20002ca2    00000006     --HOLE-- [fill = 0]
                  20002ca8    00000076     cm.obj (.text:CM_enableAllPeripherals)
                  20002d1e    00000002     --HOLE-- [fill = 0]
                  20002d20    00000072     ethernet.obj (.text:Ethernet_writePHYRegister)
                  20002d92    00000006     --HOLE-- [fill = 0]
                  20002d98    0000006f     ethernet.obj (.text:Ethernet_getOneStepTransmitTimestampPTP)
                  20002e07    00000001     --HOLE-- [fill = 0]
                  20002e08    0000006c     startup_cm.obj (.text:nmiISR)
                  20002e74    00000068     rtsv7M4_T_le_eabi.lib : copy_decompress_lzss.c.obj (.text:decompress:lzss:__TI_decompress_lzss)
                  20002edc    00000004     --HOLE-- [fill = 0]
                  20002ee0    00000064     csu_Ethernet_cm.obj (.text:sendEthernetFrame)
                  20002f44    00000004     --HOLE-- [fill = 0]
                  20002f48    00000062     ethernet.obj (.text:Ethernet_receiveISR)
                  20002faa    00000006     --HOLE-- [fill = 0]
                  20002fb0    00000062     ethernet.obj (.text:Ethernet_transmitISR)
                  20003012    00000006     --HOLE-- [fill = 0]
                  20003018    00000062     ethernet.obj (.text:Ethernet_writeRxDMAControl)
                  2000307a    00000006     --HOLE-- [fill = 0]
                  20003080    0000005a     ethernet.obj (.text:Ethernet_submitRxPacket)
                  200030da    00000006     --HOLE-- [fill = 0]
                  200030e0    0000005a     ipc.obj (.text:IPC_sendCommand)
                  2000313a    00000006     --HOLE-- [fill = 0]
                  20003140    00000058     ethernet.obj (.text:Ethernet_readPHYRegister)
                  20003198    00000058     csu_Ethernet_cm.obj (.text:buildIPHeader)
                  200031f0    00000052     hal_Ethernet_cm.obj (.text:App_ethGetPacketBuffer)
                  20003242    00000006     --HOLE-- [fill = 0]
                  20003248    00000052     ipc.obj (.text:IPC_registerInterrupt)
                  2000329a    00000006     --HOLE-- [fill = 0]
                  200032a0    00000050     ipc.obj (.text:IPC_readCommand)
                  200032f0    0000004a     hal_Ipc_cm.obj (.text:Initial_IPC)
                  2000333a    00000002     --HOLE-- [fill = 0]
                  2000333c    00000044     rtsv7M4_T_le_eabi.lib : autoinit.c.obj (.text:__TI_auto_init_nobinit_nopinit:__TI_auto_init_nobinit_nopinit)
                  20003380    00000042     csu_Ethernet_cm.obj (.text:buildEthernetHeader)
                  200033c2    00000006     --HOLE-- [fill = 0]
                  200033c8    00000042     csu_Ethernet_cm.obj (.text:buildUDPHeader)
                  2000340a    00000006     --HOLE-- [fill = 0]
                  20003410    00000042     hal_Ethernet_cm.obj (.text:initRxDescriptors)
                  20003452    00000006     --HOLE-- [fill = 0]
                  20003458    00000036     sysctl.obj (.text:SysCtl_resetPeripheral)
                  2000348e    00000002     --HOLE-- [fill = 0]
                  20003490    00000034     hal_Timer_cm.obj (.text:isr_CpuTimer1)
                  200034c4    00000004     --HOLE-- [fill = 0]
                  200034c8    00000032     main_cm.obj (.text:Cycle_1ms)
                  200034fa    00000006     --HOLE-- [fill = 0]
                  20003500    0000002e     hal_Ipc_cm.obj (.text:isrIpcFromCPU1)
                  2000352e    00000002     --HOLE-- [fill = 0]
                  20003530    0000002c     hal_Timer_cm.obj (.text:CPUTimer_isBaseValid)
                  2000355c    00000004     --HOLE-- [fill = 0]
                  20003560    0000002a     sysctl.obj (.text:SysCtl_enablePeripheral)
                  2000358a    00000006     --HOLE-- [fill = 0]
                  20003590    0000002a     hal_Ipc_cm.obj (.text:sendIpcMessageToCPU1)
                  200035ba    00000006     --HOLE-- [fill = 0]
                  200035c0    00000028     cm.obj (.text:CM_init)
                  200035e8    00000026     ethernet.obj (.text:Ethernet_configureEEEClockGatingControl)
                  2000360e    00000002     --HOLE-- [fill = 0]
                  20003610    00000026     ethernet.obj (.text:Ethernet_enableMACRxQ)
                  20003636    00000002     --HOLE-- [fill = 0]
                  20003638    00000024     rtsv7M4_T_le_eabi.lib : boot_cortex_m.c.obj (.text:_c_int00_noargs:_c_int00_noargs)
                  2000365c    00000004     --HOLE-- [fill = 0]
                  20003660    00000024     hal_Ethernet_cm.obj (.text:isr_EmacRx0)
                  20003684    00000004     --HOLE-- [fill = 0]
                  20003688    00000022     hal_Timer_cm.obj (.text:isr_CpuTimer2)
                  200036aa    00000006     --HOLE-- [fill = 0]
                  200036b0    00000022     hal_Ethernet_cm.obj (.text:updateEthernetTask)
                  200036d2    00000006     --HOLE-- [fill = 0]
                  200036d8    00000020     ethernet.obj (.text:Ethernet_resetModule)
                  200036f8    00000020     csu_Ethernet_cm.obj (.text:calcUdpMsgChecksum)
                  20003718    00000020     hal_Timer_cm.obj (.text:isr_CpuTimer0)
                  20003738    0000001e     ethernet.obj (.text:Ethernet_performPushPacketQueueChain)
                  20003756    00000002     --HOLE-- [fill = 0]
                  20003758    0000001c     ethernet.obj (.text:Ethernet_performPushOnPacketQueue)
                  20003774    00000004     --HOLE-- [fill = 0]
                  20003778    0000001c     ethernet.obj (.text:Ethernet_setMACAddr)
                  20003794    00000004     --HOLE-- [fill = 0]
                  20003798    0000001c     ethernet.obj (.text:Ethernet_setMTLTxQueueOpMode)
                  200037b4    00000004     --HOLE-- [fill = 0]
                  200037b8    0000001a     ethernet.obj (.text:Ethernet_isTimestampIntActive)
                  200037d2    00000006     --HOLE-- [fill = 0]
                  200037d8    0000001a     ethernet.obj (.text:Ethernet_isTransmitTimestampStatusSet)
                  200037f2    00000006     --HOLE-- [fill = 0]
                  200037f8    0000001a     hal_Ethernet_cm.obj (.text:Platform_enableCoreInterrupt)
                  20003812    00000006     --HOLE-- [fill = 0]
                  20003818    00000018     hal_Ethernet_cm.obj (.text:Ethernet_getTxBuffer)
                  20003830    00000016     hal_Ethernet_cm.obj (.text:App_ethTxCallback)
                  20003846    00000002     --HOLE-- [fill = 0]
                  20003848    00000016     ethernet.obj (.text:Ethernet_setMTLRxQueueOpMode)
                  2000385e    00000002     --HOLE-- [fill = 0]
                  20003860    00000014     hal_Ethernet_cm.obj (.text:App_ethRxCallback)
                  20003874    00000004     --HOLE-- [fill = 0]
                  20003878    00000014     hal_Ethernet_cm.obj (.text:Ethernet_consumeTxBuffer)
                  2000388c    00000004     --HOLE-- [fill = 0]
                  20003890    00000014     ethernet.obj (.text:Ethernet_nextDescAvailable)
                  200038a4    00000004     --HOLE-- [fill = 0]
                  200038a8    00000012     ethernet.obj (.text:Ethernet_enableRxDMAReception)
                  200038ba    00000006     --HOLE-- [fill = 0]
                  200038c0    00000012     ethernet.obj (.text:Ethernet_getRxERICount)
                  200038d2    00000006     --HOLE-- [fill = 0]
                  200038d8    00000012     hal_Ethernet_cm.obj (.text:Ethernet_isTxAvailable)
                  200038ea    00000006     --HOLE-- [fill = 0]
                  200038f0    00000012     ethernet.obj (.text:Ethernet_performPopOnPacketQueue)
                  20003902    00000006     --HOLE-- [fill = 0]
                  20003908    00000012     ethernet.obj (.text:Ethernet_setRxDescRingLength)
                  2000391a    00000006     --HOLE-- [fill = 0]
                  20003920    00000012     ethernet.obj (.text:Ethernet_setTxDescRingLength)
                  20003932    00000006     --HOLE-- [fill = 0]
                  20003938    00000012     hal_Ethernet_cm.obj (.text:Platform_disableCoreInterrupt)
                  2000394a    00000006     --HOLE-- [fill = 0]
                  20003950    00000010     ethernet.obj (.text:Ethernet_configureMDIO)
                  20003960    00000010     ethernet.obj (.text:Ethernet_enableDmaInterrupt)
                  20003970    0000000e     ethernet.obj (.text:Ethernet_disableTxEEEMode)
                  2000397e    0000000e     rtsv7M4_T_le_eabi.lib : copy_decompress_none.c.obj (.text:decompress:none:__TI_decompress_none)
                  2000398c    00000004     --HOLE-- [fill = 0]
                  20003990    0000000c     ethernet.obj (.text:Ethernet_clearDMAChannelInterrupt)
                  2000399c    00000004     --HOLE-- [fill = 0]
                  200039a0    0000000c     ethernet.obj (.text:Ethernet_configureRevMIIAddress)
                  200039ac    00000004     --HOLE-- [fill = 0]
                  200039b0    0000000c     ethernet.obj (.text:Ethernet_setMTLOpmode)
                  200039bc    00000004     --HOLE-- [fill = 0]
                  200039c0    0000000c     ethernet.obj (.text:Ethernet_writeRxDescListAddress)
                  200039cc    00000004     --HOLE-- [fill = 0]
                  200039d0    0000000c     ethernet.obj (.text:Ethernet_writeRxDescTailPointer)
                  200039dc    00000004     --HOLE-- [fill = 0]
                  200039e0    0000000c     ethernet.obj (.text:Ethernet_writeTxDescListAddress)
                  200039ec    00000004     --HOLE-- [fill = 0]
                  200039f0    0000000c     ethernet.obj (.text:Ethernet_writeTxDescTailPointer)
                  200039fc    0000000c     rtsv7M4_T_le_eabi.lib : copy_zero_init.c.obj (.text:decompress:ZI:__TI_zero_init)
                  20003a08    0000000a     ethernet.obj (.text:Ethernet_getPHYMode)
                  20003a12    00000006     --HOLE-- [fill = 0]
                  20003a18    00000008     ethernet.obj (.text:Ethernet_configurePHYAddress)
                  20003a20    00000008     ethernet.obj (.text:Ethernet_setDMAMode)
                  20003a28    00000008     ethernet.obj (.text:Ethernet_setMACConfiguration)
                  20003a30    00000008     ethernet.obj (.text:Ethernet_setMACPacketFilter)
                  20003a38    00000006     platform_port.obj (.text:Platform_enablePeripheral)
                  20003a3e    00000002     --HOLE-- [fill = 0]
                  20003a40    00000006     platform_port.obj (.text:Platform_resetPeripheral)
                  20003a46    00000002     --HOLE-- [fill = 0]
                  20003a48    00000004     main_cm.obj (.text:Cycle_100ms)
                  20003a4c    00000004     --HOLE-- [fill = 0]
                  20003a50    00000004     ethernet.obj (.text:Ethernet_HW_descQueueGetCount)
                  20003a54    00000004     --HOLE-- [fill = 0]
                  20003a58    00000004     ethernet.obj (.text:Ethernet_returnTopOfPacketQueue)
                  20003a5c    00000004     --HOLE-- [fill = 0]
                  20003a60    00000004     cm.obj (.text:__error__)
                  20003a64    00000004     --HOLE-- [fill = 0]
                  20003a68    00000002     startup_cm.obj (.text:defaultISR)
                  20003a6a    00000006     --HOLE-- [fill = 0]
                  20003a70    00000002     startup_cm.obj (.text:faultISR)

MODULE SUMMARY

       Module                       code    ro data   rw data
       ------                       ----    -------   -------
    .\
       main_cm.obj                  284     0         0      
    +--+----------------------------+-------+---------+---------+
       Total:                       284     0         0      
                                                             
    .\CSU\
       csu_Ethernet_cm.obj          2390    0         620    
       csu_Ipc_cm.obj               0       0         8      
    +--+----------------------------+-------+---------+---------+
       Total:                       2390    0         628    
                                                             
    .\HAL\
       hal_Ethernet_cm.obj          916     0         5876   
       hal_Timer_cm.obj             1038    0         14     
       hal_Ipc_cm.obj               162     0         0      
    +--+----------------------------+-------+---------+---------+
       Total:                       2116    0         5890   
                                                             
    .\SDK\common\source\
       startup_cm.obj               118     0         320    
       cm.obj                       162     0         0      
    +--+----------------------------+-------+---------+---------+
       Total:                       280     0         320    
                                                             
    .\SDK\driverlib_cm\
       ethernet.obj                 5799    0         1216   
       ipc.obj                      252     136       1088   
       interrupt.obj                480     0         0      
       sysctl.obj                   102     0         0      
       platform_port.obj            12      0         0      
    +--+----------------------------+-------+---------+---------+
       Total:                       6645    136       2304   
                                                             
    C:\ti\ti-cgt-arm_20.2.7.LTS\lib\rtsv7M4_T_le_eabi.lib
       memcpy_t2.asm.obj            156     0         0      
       memset_t2.asm.obj            122     0         0      
       copy_decompress_lzss.c.obj   104     0         0      
       autoinit.c.obj               68      0         0      
       boot_cortex_m.c.obj          36      0         0      
       copy_decompress_none.c.obj   14      0         0      
       copy_zero_init.c.obj         12      0         0      
       exit.c.obj                   4       0         0      
       pre_init.c.obj               4       0         0      
    +--+----------------------------+-------+---------+---------+
       Total:                       520     0         0      
                                                             
       Stack:                       0       0         512    
       Linker Generated:            0       113       0      
    +--+----------------------------+-------+---------+---------+
       Grand Total:                 12235   249       9654   


LINKER GENERATED COPY TABLES

__TI_cinit_table @ 1fffe068 records: 3, size/record: 8, table size: 24
	.vtable: load addr=1fffe008, load size=00000024 bytes, run addr=20000c00, run size=00000140 bytes, compression=lzss
	.data: load addr=1fffe02c, load size=00000021 bytes, run addr=2000d9a8, run size=00000490 bytes, compression=lzss
	.bss: load addr=1fffe060, load size=00000008 bytes, run addr=2000c000, run size=000019a6 bytes, compression=zero_init


LINKER GENERATED HANDLER TABLE

__TI_handler_table @ 1fffe050 records: 3, size/record: 4, table size: 12
	index: 0, handler: __TI_decompress_lzss
	index: 1, handler: __TI_decompress_none
	index: 2, handler: __TI_zero_init


GLOBAL SYMBOLS: SORTED ALPHABETICALLY BY Name 

address   name                                      
-------   ----                                      
200031f1  App_ethGetPacketBuffer                    
20003861  App_ethRxCallback                         
20003831  App_ethTxCallback                         
20001ca5  C$$EXIT                                   
20002ca9  CM_enableAllPeripherals                   
200035c1  CM_init                                   
20003a51  Ethernet_HW_descQueueGetCount             
20001921  Ethernet_StateMachine                     
20002b11  Ethernet_addPacketsIntoRxQueue            
20001441  Ethernet_addPacketsIntoTxQueue            
20003991  Ethernet_clearDMAChannelInterrupt         
200035e9  Ethernet_configureEEEClockGatingControl   
20003951  Ethernet_configureMDIO                    
20003a19  Ethernet_configurePHYAddress              
200039a1  Ethernet_configureRevMIIAddress           
20003879  Ethernet_consumeTxBuffer                  
2000d464  Ethernet_descArray                        
2000d200  Ethernet_device_struct                    
20003971  Ethernet_disableTxEEEMode                 
2000ddcc  Ethernet_earlyRxInterruptCount            
2000ddd0  Ethernet_earlyTxInterruptCount            
2000dde8  Ethernet_eeeRxLPIEntryCount               
2000ddec  Ethernet_eeeRxLPIExitCount                
2000dde0  Ethernet_eeeTxLPIEntryCount               
2000dde4  Ethernet_eeeTxLPIExitCount                
20003961  Ethernet_enableDmaInterrupt               
20003611  Ethernet_enableMACRxQ                     
200038a9  Ethernet_enableRxDMAReception             
20000d41  Ethernet_genericISR                       
2000ddc8  Ethernet_genericInterruptCount            
2000ddd4  Ethernet_genericRxCompletionInterruptCount
20001e29  Ethernet_getHandle                        
200023b1  Ethernet_getInitConfig                    
20002d99  Ethernet_getOneStepTransmitTimestampPTP   
20003a09  Ethernet_getPHYMode                       
200038c1  Ethernet_getRxERICount                    
20003819  Ethernet_getTxBuffer                      
20002581  Ethernet_initInterface                    
20002499  Ethernet_initRxChannel                    
200037b9  Ethernet_isTimestampIntActive             
200037d9  Ethernet_isTransmitTimestampStatusSet     
200038d9  Ethernet_isTxAvailable                    
2000ddf4  Ethernet_magicPktReceivedCount            
20003891  Ethernet_nextDescAvailable                
2000ddb8  Ethernet_numGetPacketBufferCallback       
2000ddb4  Ethernet_numRxCallback                    
2000ddb0  Ethernet_numTxPktFreeCallback             
200038f1  Ethernet_performPopOnPacketQueue          
20003759  Ethernet_performPushOnPacketQueue         
2000ddd8  Ethernet_phyLinkStatusChangeInterruptCount
2000ddf0  Ethernet_pmtInterruptCount                
20003141  Ethernet_readPHYRegister                  
20002f49  Ethernet_receiveISR                       
20002649  Ethernet_removePacketsFromRxQueue         
20001f91  Ethernet_removePacketsFromTxQueue         
200036d9  Ethernet_resetModule                      
20001af1  Ethernet_retrieveRxPacket                 
2000ddf8  Ethernet_rwakeupPktReceivedCount          
2000de00  Ethernet_rxChan0BufUnavail                
2000de08  Ethernet_rxChan1BufUnavail                
2000ddc4  Ethernet_rxContextTimeStamp               
2000ddc0  Ethernet_rxInterruptCount                 
2000dddc  Ethernet_rxReplacementFailedCount         
200021d1  Ethernet_sendPacket                       
20003a21  Ethernet_setDMAMode                       
20003779  Ethernet_setMACAddr                       
20003a29  Ethernet_setMACConfiguration              
20003a31  Ethernet_setMACPacketFilter               
200039b1  Ethernet_setMTLOpmode                     
20003849  Ethernet_setMTLRxQueueOpMode              
20003799  Ethernet_setMTLTxQueueOpMode              
20003909  Ethernet_setRxDescRingLength              
20003921  Ethernet_setTxDescRingLength              
20003081  Ethernet_submitRxPacket                   
20002fb1  Ethernet_transmitISR                      
2000ddfc  Ethernet_txChan0BufUnavail                
2000de04  Ethernet_txChan1BufUnavail                
2000ddbc  Ethernet_txInterruptCount                 
20002d21  Ethernet_writePHYRegister                 
20003019  Ethernet_writeRxDMAControl                
200039c1  Ethernet_writeRxDescListAddress           
200039d1  Ethernet_writeRxDescTailPointer           
20002a79  Ethernet_writeTxDMAControl                
200039e1  Ethernet_writeTxDescListAddress           
200039f1  Ethernet_writeTxDescTailPointer           
20080000  IPC_CM_To_CPU1_GetBuffer                  
20082000  IPC_CM_To_CPU1_PutBuffer                  
20084000  IPC_CM_To_CPU2_GetBuffer                  
20086000  IPC_CM_To_CPU2_PutBuffer                  
1fffc200  IPC_Instance                              
200032a1  IPC_readCommand                           
20003249  IPC_registerInterrupt                     
200030e1  IPC_sendCommand                           
200016f9  Initial_Ethernet                          
200032f1  Initial_IPC                               
20001181  Initial_TIMER                             
20002881  Interrupt_disable                         
20002931  Interrupt_enable                          
20002ba1  Interrupt_registerHandler                 
20003939  Platform_disableCoreInterrupt             
20002881  Platform_disableInterrupt                 
200037f9  Platform_enableCoreInterrupt              
20002931  Platform_enableInterrupt                  
20003a39  Platform_enablePeripheral                 
20003a41  Platform_resetPeripheral                  
1fffe001  SysCtl_delay                              
20003561  SysCtl_enablePeripheral                   
20003459  SysCtl_resetPeripheral                    
1fffc200  __STACK_END                               
00000200  __STACK_SIZE                              
1fffe068  __TI_CINIT_Base                           
1fffe080  __TI_CINIT_Limit                          
1fffe050  __TI_Handler_Table_Base                   
1fffe05c  __TI_Handler_Table_Limit                  
2000333d  __TI_auto_init_nobinit_nopinit            
20002e75  __TI_decompress_lzss                      
2000397f  __TI_decompress_none                      
ffffffff  __TI_pprof_out_hndl                       
ffffffff  __TI_prof_data_size                       
ffffffff  __TI_prof_data_start                      
1fffe008  __TI_static_base__                        
200039fd  __TI_zero_init                            
20002c29  __aeabi_memclr                            
20002c29  __aeabi_memclr4                           
20002c29  __aeabi_memclr8                           
200029dd  __aeabi_memcpy                            
200029dd  __aeabi_memcpy4                           
200029dd  __aeabi_memcpy8                           
20002c2b  __aeabi_memset                            
20002c2b  __aeabi_memset4                           
20002c2b  __aeabi_memset8                           
ffffffff  __binit__                                 
ffffffff  __c_args__                                
20003a61  __error__                                 
UNDEFED   __mpu_init                                
1fffc000  __stack                                   
2000c000  __start___llvm_prf_cnts                   
2000c000  __stop___llvm_prf_cnts                    
20003639  _c_int00_noargs                           
UNDEFED   _system_post_cinit                        
2000143b  _system_pre_init                          
20001ca5  abort                                     
ffffffff  binit                                     
20001ca9  buildAndSendUdpPacket                     
2000de36  ethActivityTimer                          
20003719  isr_CpuTimer0                             
20003491  isr_CpuTimer1                             
20003689  isr_CpuTimer2                             
200022c9  main                                      
200029dd  memcpy                                    
20002c31  memset                                    
20000809  processReceivedEthernetPacket             
2000de28  pxDataCmToCpu1                            
2000de24  pxDataCpu1ToCm                            
20002711  sendAckResponse                           
20003591  sendIpcMessageToCPU1                      
200036b1  updateEthernetTask                        
20000c00  vectorTableRAM                            
2000de0c  xEthApp                                   
2000d794  xEthCtrl                                  
2000d9a8  xEthDriver                                
2000d998  xTimer                                    


GLOBAL SYMBOLS: SORTED BY Symbol Address 

address   name                                      
-------   ----                                      
00000200  __STACK_SIZE                              
1fffc000  __stack                                   
1fffc200  IPC_Instance                              
1fffc200  __STACK_END                               
1fffe001  SysCtl_delay                              
1fffe008  __TI_static_base__                        
1fffe050  __TI_Handler_Table_Base                   
1fffe05c  __TI_Handler_Table_Limit                  
1fffe068  __TI_CINIT_Base                           
1fffe080  __TI_CINIT_Limit                          
20000809  processReceivedEthernetPacket             
20000c00  vectorTableRAM                            
20000d41  Ethernet_genericISR                       
20001181  Initial_TIMER                             
2000143b  _system_pre_init                          
20001441  Ethernet_addPacketsIntoTxQueue            
200016f9  Initial_Ethernet                          
20001921  Ethernet_StateMachine                     
20001af1  Ethernet_retrieveRxPacket                 
20001ca5  C$$EXIT                                   
20001ca5  abort                                     
20001ca9  buildAndSendUdpPacket                     
20001e29  Ethernet_getHandle                        
20001f91  Ethernet_removePacketsFromTxQueue         
200021d1  Ethernet_sendPacket                       
200022c9  main                                      
200023b1  Ethernet_getInitConfig                    
20002499  Ethernet_initRxChannel                    
20002581  Ethernet_initInterface                    
20002649  Ethernet_removePacketsFromRxQueue         
20002711  sendAckResponse                           
20002881  Interrupt_disable                         
20002881  Platform_disableInterrupt                 
20002931  Interrupt_enable                          
20002931  Platform_enableInterrupt                  
200029dd  __aeabi_memcpy                            
200029dd  __aeabi_memcpy4                           
200029dd  __aeabi_memcpy8                           
200029dd  memcpy                                    
20002a79  Ethernet_writeTxDMAControl                
20002b11  Ethernet_addPacketsIntoRxQueue            
20002ba1  Interrupt_registerHandler                 
20002c29  __aeabi_memclr                            
20002c29  __aeabi_memclr4                           
20002c29  __aeabi_memclr8                           
20002c2b  __aeabi_memset                            
20002c2b  __aeabi_memset4                           
20002c2b  __aeabi_memset8                           
20002c31  memset                                    
20002ca9  CM_enableAllPeripherals                   
20002d21  Ethernet_writePHYRegister                 
20002d99  Ethernet_getOneStepTransmitTimestampPTP   
20002e75  __TI_decompress_lzss                      
20002f49  Ethernet_receiveISR                       
20002fb1  Ethernet_transmitISR                      
20003019  Ethernet_writeRxDMAControl                
20003081  Ethernet_submitRxPacket                   
200030e1  IPC_sendCommand                           
20003141  Ethernet_readPHYRegister                  
200031f1  App_ethGetPacketBuffer                    
20003249  IPC_registerInterrupt                     
200032a1  IPC_readCommand                           
200032f1  Initial_IPC                               
2000333d  __TI_auto_init_nobinit_nopinit            
20003459  SysCtl_resetPeripheral                    
20003491  isr_CpuTimer1                             
20003561  SysCtl_enablePeripheral                   
20003591  sendIpcMessageToCPU1                      
200035c1  CM_init                                   
200035e9  Ethernet_configureEEEClockGatingControl   
20003611  Ethernet_enableMACRxQ                     
20003639  _c_int00_noargs                           
20003689  isr_CpuTimer2                             
200036b1  updateEthernetTask                        
200036d9  Ethernet_resetModule                      
20003719  isr_CpuTimer0                             
20003759  Ethernet_performPushOnPacketQueue         
20003779  Ethernet_setMACAddr                       
20003799  Ethernet_setMTLTxQueueOpMode              
200037b9  Ethernet_isTimestampIntActive             
200037d9  Ethernet_isTransmitTimestampStatusSet     
200037f9  Platform_enableCoreInterrupt              
20003819  Ethernet_getTxBuffer                      
20003831  App_ethTxCallback                         
20003849  Ethernet_setMTLRxQueueOpMode              
20003861  App_ethRxCallback                         
20003879  Ethernet_consumeTxBuffer                  
20003891  Ethernet_nextDescAvailable                
200038a9  Ethernet_enableRxDMAReception             
200038c1  Ethernet_getRxERICount                    
200038d9  Ethernet_isTxAvailable                    
200038f1  Ethernet_performPopOnPacketQueue          
20003909  Ethernet_setRxDescRingLength              
20003921  Ethernet_setTxDescRingLength              
20003939  Platform_disableCoreInterrupt             
20003951  Ethernet_configureMDIO                    
20003961  Ethernet_enableDmaInterrupt               
20003971  Ethernet_disableTxEEEMode                 
2000397f  __TI_decompress_none                      
20003991  Ethernet_clearDMAChannelInterrupt         
200039a1  Ethernet_configureRevMIIAddress           
200039b1  Ethernet_setMTLOpmode                     
200039c1  Ethernet_writeRxDescListAddress           
200039d1  Ethernet_writeRxDescTailPointer           
200039e1  Ethernet_writeTxDescListAddress           
200039f1  Ethernet_writeTxDescTailPointer           
200039fd  __TI_zero_init                            
20003a09  Ethernet_getPHYMode                       
20003a19  Ethernet_configurePHYAddress              
20003a21  Ethernet_setDMAMode                       
20003a29  Ethernet_setMACConfiguration              
20003a31  Ethernet_setMACPacketFilter               
20003a39  Platform_enablePeripheral                 
20003a41  Platform_resetPeripheral                  
20003a51  Ethernet_HW_descQueueGetCount             
20003a61  __error__                                 
2000c000  __start___llvm_prf_cnts                   
2000c000  __stop___llvm_prf_cnts                    
2000d200  Ethernet_device_struct                    
2000d464  Ethernet_descArray                        
2000d794  xEthCtrl                                  
2000d998  xTimer                                    
2000d9a8  xEthDriver                                
2000ddb0  Ethernet_numTxPktFreeCallback             
2000ddb4  Ethernet_numRxCallback                    
2000ddb8  Ethernet_numGetPacketBufferCallback       
2000ddbc  Ethernet_txInterruptCount                 
2000ddc0  Ethernet_rxInterruptCount                 
2000ddc4  Ethernet_rxContextTimeStamp               
2000ddc8  Ethernet_genericInterruptCount            
2000ddcc  Ethernet_earlyRxInterruptCount            
2000ddd0  Ethernet_earlyTxInterruptCount            
2000ddd4  Ethernet_genericRxCompletionInterruptCount
2000ddd8  Ethernet_phyLinkStatusChangeInterruptCount
2000dddc  Ethernet_rxReplacementFailedCount         
2000dde0  Ethernet_eeeTxLPIEntryCount               
2000dde4  Ethernet_eeeTxLPIExitCount                
2000dde8  Ethernet_eeeRxLPIEntryCount               
2000ddec  Ethernet_eeeRxLPIExitCount                
2000ddf0  Ethernet_pmtInterruptCount                
2000ddf4  Ethernet_magicPktReceivedCount            
2000ddf8  Ethernet_rwakeupPktReceivedCount          
2000ddfc  Ethernet_txChan0BufUnavail                
2000de00  Ethernet_rxChan0BufUnavail                
2000de04  Ethernet_txChan1BufUnavail                
2000de08  Ethernet_rxChan1BufUnavail                
2000de0c  xEthApp                                   
2000de24  pxDataCpu1ToCm                            
2000de28  pxDataCmToCpu1                            
2000de36  ethActivityTimer                          
20080000  IPC_CM_To_CPU1_GetBuffer                  
20082000  IPC_CM_To_CPU1_PutBuffer                  
20084000  IPC_CM_To_CPU2_GetBuffer                  
20086000  IPC_CM_To_CPU2_PutBuffer                  
ffffffff  __TI_pprof_out_hndl                       
ffffffff  __TI_prof_data_size                       
ffffffff  __TI_prof_data_start                      
ffffffff  __binit__                                 
ffffffff  __c_args__                                
ffffffff  binit                                     
UNDEFED   __mpu_init                                
UNDEFED   _system_post_cinit                        

[162 symbols]
