******************************************************************************
                  TI ARM Linker PC v20.2.7                     
******************************************************************************
>> Linked Tue Jun 23 18:45:19 2026

OUTPUT FILE NAME:   <ATTLA_T_CM.out>
ENTRY POINT SYMBOL: "_c_int00_noargs"  address: 20003529


MEMORY CONFIGURATION

         name            origin    length      used     unused   attr    fill
----------------------  --------  ---------  --------  --------  ----  --------
  CMBANK0_SECTOR0       00200000   00004000  00000000  00004000  RWIX
  CMBANK0_SECTOR1       00204000   00004000  00000000  00004000  RWIX
  CMBANK0_SECTOR2       00208000   00004000  00000000  00004000  RWIX
  CMBANK0_SECTOR3       0020c000   00004000  00000000  00004000  RWIX
  CMBANK0_SECTOR4       00210000   00010000  00000000  00010000  RWIX
  CMBANK0_SECTOR5       00220000   00010000  00000000  00010000  RWIX
  CMBANK0_SECTOR6       00230000   00010000  00000000  00010000  RWIX
  CMBANK0_SECTOR7       00240000   00010000  00000000  00010000  RWIX
  CMBANK0_SECTOR8       00250000   00010000  00000000  00010000  RWIX
  CMBANK0_SECTOR9       00260000   00010000  00000000  00010000  RWIX
  CMBANK0_SECTOR10      00270000   00004000  00000000  00004000  RWIX
  CMBANK0_SECTOR11      00274000   00004000  00000000  00004000  RWIX
  CMBANK0_SECTOR12      00278000   00004000  00000000  00004000  RWIX
  CMBANK0_SECTOR13      0027c000   00004000  00000000  00004000  RWIX
  C1RAM                 1fffc000   00002000  00000288  00001d78  RWIX
  C0RAM                 1fffe000   00002000  00000070  00001f90  RWIX
  BOOT_RSVD             20000000   00000800  00000000  00000800  RWIX
  S0RAM_RESETISR        20000800   00000008  00000006  00000002  RWIX
  S0RAM                 20000808   000037f8  000030c2  00000736  RWIX
  S1RAM                 20004000   00004000  00000000  00004000  RWIX
  S2RAM                 20008000   00004000  00000000  00004000  RWIX
  S3RAM                 2000c000   00004000  00001ba5  0000245b  RWIX
  E0RAM                 20010000   00004000  00000000  00004000  RWIX
  CPU1TOCMMSGRAM0       20080000   00000800  00000110  000006f0  RWIX
  CPU1TOCMMSGRAM1       20080800   00000800  00000000  00000800  RWIX
  CMTOCPU1MSGRAM0       20082000   00000800  00000110  000006f0  RWIX
  CMTOCPU1MSGRAM1       20082800   00000800  00000000  00000800  RWIX
  CPU2TOCMMSGRAM0       20084000   00000800  00000110  000006f0  RWIX
  CPU2TOCMMSGRAM1       20084800   00000800  00000000  00000800  RWIX
  CMTOCPU2MSGRAM0       20086000   00000800  00000110  000006f0  RWIX
  CMTOCPU2MSGRAM1       20086800   00000800  00000000  00000800  RWIX


SEGMENT ALLOCATION MAP

run origin  load origin   length   init length attrs members
----------  ----------- ---------- ----------- ----- -------
1fffc000    1fffc000    00000200   00000000    rw-
  1fffc000    1fffc000    00000200   00000000    rw- .stack
1fffc200    1fffc200    00000088   00000088    r--
  1fffc200    1fffc200    00000088   00000088    r-- .const
1fffe000    1fffe000    00000070   00000070    r--
  1fffe000    1fffe000    00000070   00000070    r-- .cinit
20000800    20000800    00000400   00000400    r-x
  20000800    20000800    00000006   00000006    r-x .resetisr
  20000808    20000808    000003f8   000003f8    r-x .text.1
20000c00    20000c00    00000140   00000000    rw-
  20000c00    20000c00    00000140   00000000    rw- .vtable
20000d40    20000d40    00002b8a   00002b8a    r-x
  20000d40    20000d40    00002b8a   00002b8a    r-x .text.2
2000c000    2000c000    00001ba7   00000000    rw-
  2000c000    2000c000    00001a1a   00000000    rw- .bss
  2000da1c    2000da1c    0000018b   00000000    rw- .data
20080000    20080000    00000110   00000000    rw-
  20080000    20080000    00000110   00000000    rw- MSGRAM_CPU1_TO_CM
20082000    20082000    00000110   00000000    rw-
  20082000    20082000    00000110   00000000    rw- MSGRAM_CM_TO_CPU1
20084000    20084000    00000110   00000000    rw-
  20084000    20084000    00000110   00000000    rw- MSGRAM_CPU2_TO_CM
20086000    20086000    00000110   00000000    rw-
  20086000    20086000    00000110   00000000    rw- MSGRAM_CM_TO_CPU2


SECTION ALLOCATION MAP

 output                                  attributes/
section   page    origin      length       input sections
--------  ----  ----------  ----------   ----------------
.const     0    1fffc200    00000088     
                  1fffc200    00000088     ipc.obj (.const:IPC_Instance)

.resetisr 
*          0    20000800    00000006     
                  20000800    00000006     startup_cm.obj (.resetisr:resetISR)

.vtable    0    20000c00    00000140     UNINITIALIZED
                  20000c00    00000140     startup_cm.obj (.vtable:retain)

.cinit     0    1fffe000    00000070     
                  1fffe000    00000024     (.cinit..vtable.load) [load image, compression = lzss]
                  1fffe024    0000001c     (.cinit..data.load) [load image, compression = lzss]
                  1fffe040    0000000c     (__TI_handler_table)
                  1fffe04c    00000004     --HOLE-- [fill = 0]
                  1fffe050    00000008     (.cinit..bss.load) [load image, compression = zero_init]
                  1fffe058    00000018     (__TI_cinit_table)

.stack     0    1fffc000    00000200     UNINITIALIZED
                  1fffc000    00000004     rtsv7M4_T_le_eabi.lib : boot_cortex_m.c.obj (.stack)
                  1fffc004    000001fc     --HOLE--

.bss       0    2000c000    00001a1a     UNINITIALIZED
                  2000c000    00001200     hal_Ethernet.obj (.bss:s_ucRxBuf)
                  2000d200    00000264     (.common:Ethernet_device_struct)
                  2000d464    00000200     (.common:Ethernet_descArray)
                  2000d664    00000130     csu_Ethernet.obj (.bss:s_xTxPktDesc)
                  2000d794    0000011c     (.common:xEthCtrl)
                  2000d8b0    000000e4     hal_Ethernet.obj (.bss:s_xRxPktDesc)
                  2000d994    0000003c     csu_Ethernet.obj (.bss:arpReply$1)
                  2000d9d0    0000003c     csu_Ethernet.obj (.bss:s_ucAckBuf$2)
                  2000da0c    0000000e     (.common:xTimer)

.data      0    2000da1c    0000018b     UNINITIALIZED
                  2000da1c    00000108     hal_Ethernet.obj (.data:xEthDriver)
                  2000db24    0000005c     ethernet.obj (.data)
                  2000db80    00000018     csu_Ethernet.obj (.data:xEthApp)
                  2000db98    00000008     csu_Ipc_cm.obj (.data)
                  2000dba0    00000004     csu_Ethernet.obj (.data)
                  2000dba4    00000002     main_cm.obj (.data)
                  2000dba6    00000001     hal_Ethernet.obj (.data)

MSGRAM_CPU1_TO_CM 
*          0    20080000    00000110     UNINITIALIZED
                  20080000    00000110     ipc.obj (MSGRAM_CPU1_TO_CM)

MSGRAM_CM_TO_CPU1 
*          0    20082000    00000110     UNINITIALIZED
                  20082000    00000110     ipc.obj (MSGRAM_CM_TO_CPU1)

MSGRAM_CPU2_TO_CM 
*          0    20084000    00000110     UNINITIALIZED
                  20084000    00000110     ipc.obj (MSGRAM_CPU2_TO_CM)

MSGRAM_CM_TO_CPU2 
*          0    20086000    00000110     UNINITIALIZED
                  20086000    00000110     ipc.obj (MSGRAM_CM_TO_CPU2)

__llvm_prf_cnts 
*          0    2000c000    00000000     UNINITIALIZED

.text.1    0    20000808    000003f8     
                  20000808    00000320     csu_Ethernet.obj (.text:processReceivedEthernetPacket)
                  20000b28    000000c6     ethernet.obj (.text:Ethernet_initInterface)
                  20000bee    00000002     --HOLE-- [fill = 0]
                  20000bf0    00000010     ethernet.obj (.text:Ethernet_configureMDIO)

.text.2    0    20000d40    00002b8a     
                  20000d40    0000043e     ethernet.obj (.text:Ethernet_genericISR)
                  2000117e    00000002     --HOLE-- [fill = 0]
                  20001180    000002ba     hal_Timer.obj (.text:Initial_TIMER)
                  2000143a    00000004     rtsv7M4_T_le_eabi.lib : pre_init.c.obj (.text:_system_pre_init)
                  2000143e    00000002     --HOLE-- [fill = 0]
                  20001440    000002b8     ethernet.obj (.text:Ethernet_addPacketsIntoTxQueue)
                  200016f8    00000220     hal_Ethernet.obj (.text:Initial_Ethernet)
                  20001918    000001b3     ethernet.obj (.text:Ethernet_retrieveRxPacket)
                  20001acb    00000001     --HOLE-- [fill = 0]
                  20001acc    00000004     rtsv7M4_T_le_eabi.lib : exit.c.obj (.text:abort:abort)
                  20001ad0    00000190     csu_Ethernet.obj (.text:buildAndSendUdpPacket)
                  20001c60    00000164     ethernet.obj (.text:Ethernet_getHandle)
                  20001dc4    00000004     --HOLE-- [fill = 0]
                  20001dc8    00000142     ethernet.obj (.text:Ethernet_removePacketsFromTxQueue)
                  20001f0a    00000006     --HOLE-- [fill = 0]
                  20001f10    00000136     csu_Ethernet.obj (.text:Ethernet_StateMachine)
                  20002046    00000002     --HOLE-- [fill = 0]
                  20002048    000000fe     main_cm.obj (.text:main)
                  20002146    00000002     --HOLE-- [fill = 0]
                  20002148    000000f6     ethernet.obj (.text:Ethernet_initTxChannel)
                  2000223e    00000002     --HOLE-- [fill = 0]
                  20002240    000000f3     ethernet.obj (.text:Ethernet_sendPacket)
                  20002333    00000005     --HOLE-- [fill = 0]
                  20002338    000000e4     ethernet.obj (.text:Ethernet_getInitConfig)
                  2000241c    00000004     --HOLE-- [fill = 0]
                  20002420    000000e2     ethernet.obj (.text:Ethernet_initRxChannel)
                  20002502    00000006     --HOLE-- [fill = 0]
                  20002508    000000c2     ethernet.obj (.text:Ethernet_removePacketsFromRxQueue)
                  200025ca    00000006     --HOLE-- [fill = 0]
                  200025d0    000000b2     hal_Timer.obj (.text:CPUTimer_startTimer)
                  20002682    00000006     --HOLE-- [fill = 0]
                  20002688    000000ac     interrupt.obj (.text:Interrupt_disable)
                  20002734    00000004     --HOLE-- [fill = 0]
                  20002738    000000ac     interrupt.obj (.text:Interrupt_enable)
                  200027e4    0000009c     rtsv7M4_T_le_eabi.lib : memcpy_t2.asm.obj (.text)
                  20002880    00000092     ethernet.obj (.text:Ethernet_writeTxDMAControl)
                  20002912    00000006     --HOLE-- [fill = 0]
                  20002918    0000008e     csu_Ethernet.obj (.text:sendAckResponse)
                  200029a6    00000002     --HOLE-- [fill = 0]
                  200029a8    0000008c     ethernet.obj (.text:Ethernet_addPacketsIntoRxQueue)
                  20002a34    00000004     --HOLE-- [fill = 0]
                  20002a38    00000088     interrupt.obj (.text:Interrupt_registerHandler)
                  20002ac0    0000007a     rtsv7M4_T_le_eabi.lib : memset_t2.asm.obj (.text)
                  20002b3a    00000006     --HOLE-- [fill = 0]
                  20002b40    00000076     cm.obj (.text:CM_enableAllPeripherals)
                  20002bb6    00000002     --HOLE-- [fill = 0]
                  20002bb8    00000072     ethernet.obj (.text:Ethernet_writePHYRegister)
                  20002c2a    00000006     --HOLE-- [fill = 0]
                  20002c30    0000006f     ethernet.obj (.text:Ethernet_getOneStepTransmitTimestampPTP)
                  20002c9f    00000001     --HOLE-- [fill = 0]
                  20002ca0    0000006c     startup_cm.obj (.text:nmiISR)
                  20002d0c    00000068     rtsv7M4_T_le_eabi.lib : copy_decompress_lzss.c.obj (.text:decompress:lzss:__TI_decompress_lzss)
                  20002d74    00000004     --HOLE-- [fill = 0]
                  20002d78    00000062     ethernet.obj (.text:Ethernet_receiveISR)
                  20002dda    00000006     --HOLE-- [fill = 0]
                  20002de0    00000062     ethernet.obj (.text:Ethernet_transmitISR)
                  20002e42    00000006     --HOLE-- [fill = 0]
                  20002e48    00000062     ethernet.obj (.text:Ethernet_writeRxDMAControl)
                  20002eaa    00000006     --HOLE-- [fill = 0]
                  20002eb0    0000005a     ethernet.obj (.text:Ethernet_submitRxPacket)
                  20002f0a    00000006     --HOLE-- [fill = 0]
                  20002f10    0000005a     ipc.obj (.text:IPC_sendCommand)
                  20002f6a    00000006     --HOLE-- [fill = 0]
                  20002f70    00000058     ethernet.obj (.text:Ethernet_readPHYRegister)
                  20002fc8    00000058     csu_Ethernet.obj (.text:buildIPHeader)
                  20003020    00000058     csu_Ethernet.obj (.text:sendEthernetFrame)
                  20003078    00000052     hal_Ethernet.obj (.text:App_ethGetPacketBuffer)
                  200030ca    00000006     --HOLE-- [fill = 0]
                  200030d0    00000052     ipc.obj (.text:IPC_registerInterrupt)
                  20003122    00000006     --HOLE-- [fill = 0]
                  20003128    00000050     ipc.obj (.text:IPC_readCommand)
                  20003178    0000004a     hal_Ipc_cm.obj (.text:Initial_IPC)
                  200031c2    00000002     --HOLE-- [fill = 0]
                  200031c4    00000044     rtsv7M4_T_le_eabi.lib : autoinit.c.obj (.text:__TI_auto_init_nobinit_nopinit:__TI_auto_init_nobinit_nopinit)
                  20003208    00000042     csu_Ethernet.obj (.text:buildEthernetHeader)
                  2000324a    00000006     --HOLE-- [fill = 0]
                  20003250    00000042     csu_Ethernet.obj (.text:buildUDPHeader)
                  20003292    00000006     --HOLE-- [fill = 0]
                  20003298    00000042     hal_Ethernet.obj (.text:initRxDescriptors)
                  200032da    00000006     --HOLE-- [fill = 0]
                  200032e0    00000038     csu_Ethernet.obj (.text:calcIPChecksum)
                  20003318    00000036     sysctl.obj (.text:SysCtl_resetPeripheral)
                  2000334e    00000002     --HOLE-- [fill = 0]
                  20003350    00000034     hal_Timer.obj (.text:isr_CpuTimer1)
                  20003384    00000004     --HOLE-- [fill = 0]
                  20003388    00000032     main_cm.obj (.text:Cycle_1ms)
                  200033ba    00000006     --HOLE-- [fill = 0]
                  200033c0    0000002e     hal_Ipc_cm.obj (.text:isrIpcFromCPU1)
                  200033ee    00000002     --HOLE-- [fill = 0]
                  200033f0    0000002c     hal_Timer.obj (.text:CPUTimer_isBaseValid)
                  2000341c    00000004     --HOLE-- [fill = 0]
                  20003420    0000002a     main_cm.obj (.text:Cycle_100ms)
                  2000344a    00000006     --HOLE-- [fill = 0]
                  20003450    0000002a     sysctl.obj (.text:SysCtl_enablePeripheral)
                  2000347a    00000006     --HOLE-- [fill = 0]
                  20003480    0000002a     hal_Ipc_cm.obj (.text:sendIpcMessageToCPU1)
                  200034aa    00000006     --HOLE-- [fill = 0]
                  200034b0    00000028     cm.obj (.text:CM_init)
                  200034d8    00000026     ethernet.obj (.text:Ethernet_configureEEEClockGatingControl)
                  200034fe    00000002     --HOLE-- [fill = 0]
                  20003500    00000026     ethernet.obj (.text:Ethernet_enableMACRxQ)
                  20003526    00000002     --HOLE-- [fill = 0]
                  20003528    00000024     rtsv7M4_T_le_eabi.lib : boot_cortex_m.c.obj (.text:_c_int00_noargs:_c_int00_noargs)
                  2000354c    00000004     --HOLE-- [fill = 0]
                  20003550    00000024     hal_Ethernet.obj (.text:isr_EmacRx0)
                  20003574    00000004     --HOLE-- [fill = 0]
                  20003578    00000022     hal_Timer.obj (.text:isr_CpuTimer2)
                  2000359a    00000006     --HOLE-- [fill = 0]
                  200035a0    00000022     hal_Ethernet.obj (.text:updateEthernetTask)
                  200035c2    00000006     --HOLE-- [fill = 0]
                  200035c8    00000020     ethernet.obj (.text:Ethernet_resetModule)
                  200035e8    00000020     csu_Ethernet.obj (.text:calcUdpMsgChecksum)
                  20003608    00000020     hal_Timer.obj (.text:isr_CpuTimer0)
                  20003628    0000001e     ethernet.obj (.text:Ethernet_performPushPacketQueueChain)
                  20003646    00000002     --HOLE-- [fill = 0]
                  20003648    0000001c     ethernet.obj (.text:Ethernet_performPushOnPacketQueue)
                  20003664    00000004     --HOLE-- [fill = 0]
                  20003668    0000001c     ethernet.obj (.text:Ethernet_setMACAddr)
                  20003684    00000004     --HOLE-- [fill = 0]
                  20003688    0000001c     ethernet.obj (.text:Ethernet_setMTLTxQueueOpMode)
                  200036a4    00000004     --HOLE-- [fill = 0]
                  200036a8    0000001a     ethernet.obj (.text:Ethernet_isTimestampIntActive)
                  200036c2    00000006     --HOLE-- [fill = 0]
                  200036c8    0000001a     ethernet.obj (.text:Ethernet_isTransmitTimestampStatusSet)
                  200036e2    00000006     --HOLE-- [fill = 0]
                  200036e8    00000016     ethernet.obj (.text:Ethernet_setMTLRxQueueOpMode)
                  200036fe    00000002     --HOLE-- [fill = 0]
                  20003700    00000014     hal_Ethernet.obj (.text:App_ethRxCallback)
                  20003714    00000004     --HOLE-- [fill = 0]
                  20003718    00000014     ethernet.obj (.text:Ethernet_nextDescAvailable)
                  2000372c    00000004     --HOLE-- [fill = 0]
                  20003730    00000012     ethernet.obj (.text:Ethernet_enableRxDMAReception)
                  20003742    00000006     --HOLE-- [fill = 0]
                  20003748    00000012     ethernet.obj (.text:Ethernet_getRxERICount)
                  2000375a    00000006     --HOLE-- [fill = 0]
                  20003760    00000012     ethernet.obj (.text:Ethernet_performPopOnPacketQueue)
                  20003772    00000006     --HOLE-- [fill = 0]
                  20003778    00000012     ethernet.obj (.text:Ethernet_setRxDescRingLength)
                  2000378a    00000006     --HOLE-- [fill = 0]
                  20003790    00000012     ethernet.obj (.text:Ethernet_setTxDescRingLength)
                  200037a2    00000006     --HOLE-- [fill = 0]
                  200037a8    00000010     ethernet.obj (.text:Ethernet_enableDmaInterrupt)
                  200037b8    0000000e     ethernet.obj (.text:Ethernet_disableTxEEEMode)
                  200037c6    0000000e     rtsv7M4_T_le_eabi.lib : copy_decompress_none.c.obj (.text:decompress:none:__TI_decompress_none)
                  200037d4    00000004     --HOLE-- [fill = 0]
                  200037d8    0000000c     ethernet.obj (.text:Ethernet_clearDMAChannelInterrupt)
                  200037e4    00000004     --HOLE-- [fill = 0]
                  200037e8    0000000c     ethernet.obj (.text:Ethernet_configureRevMIIAddress)
                  200037f4    00000004     --HOLE-- [fill = 0]
                  200037f8    0000000c     ethernet.obj (.text:Ethernet_setMTLOpmode)
                  20003804    00000004     --HOLE-- [fill = 0]
                  20003808    0000000c     ethernet.obj (.text:Ethernet_writeRxDescListAddress)
                  20003814    00000004     --HOLE-- [fill = 0]
                  20003818    0000000c     ethernet.obj (.text:Ethernet_writeRxDescTailPointer)
                  20003824    00000004     --HOLE-- [fill = 0]
                  20003828    0000000c     ethernet.obj (.text:Ethernet_writeTxDescListAddress)
                  20003834    00000004     --HOLE-- [fill = 0]
                  20003838    0000000c     ethernet.obj (.text:Ethernet_writeTxDescTailPointer)
                  20003844    0000000c     rtsv7M4_T_le_eabi.lib : copy_zero_init.c.obj (.text:decompress:ZI:__TI_zero_init)
                  20003850    0000000a     ethernet.obj (.text:Ethernet_getPHYMode)
                  2000385a    00000006     --HOLE-- [fill = 0]
                  20003860    00000008     ethernet.obj (.text:Ethernet_configurePHYAddress)
                  20003868    00000008     ethernet.obj (.text:Ethernet_setDMAMode)
                  20003870    00000008     ethernet.obj (.text:Ethernet_setMACConfiguration)
                  20003878    00000008     ethernet.obj (.text:Ethernet_setMACPacketFilter)
                  20003880    00000006     platform_port.obj (.text:Platform_enablePeripheral)
                  20003886    00000002     --HOLE-- [fill = 0]
                  20003888    00000006     platform_port.obj (.text:Platform_resetPeripheral)
                  2000388e    00000002     --HOLE-- [fill = 0]
                  20003890    00000004     ethernet.obj (.text:Ethernet_HW_descQueueGetCount)
                  20003894    00000004     --HOLE-- [fill = 0]
                  20003898    00000004     ethernet.obj (.text:Ethernet_returnTopOfPacketQueue)
                  2000389c    00000004     --HOLE-- [fill = 0]
                  200038a0    00000004     hal_Ethernet.obj (.text:Platform_disableCoreInterrupt)
                  200038a4    00000004     --HOLE-- [fill = 0]
                  200038a8    00000004     hal_Ethernet.obj (.text:Platform_enableCoreInterrupt)
                  200038ac    00000004     --HOLE-- [fill = 0]
                  200038b0    00000004     cm.obj (.text:__error__)
                  200038b4    00000004     --HOLE-- [fill = 0]
                  200038b8    00000002     hal_Ethernet.obj (.text:App_ethTxCallback)
                  200038ba    00000006     --HOLE-- [fill = 0]
                  200038c0    00000002     startup_cm.obj (.text:defaultISR)
                  200038c2    00000006     --HOLE-- [fill = 0]
                  200038c8    00000002     startup_cm.obj (.text:faultISR)

MODULE SUMMARY

       Module                       code    ro data   rw data
       ------                       ----    -------   -------
    .\
       main_cm.obj                  346     0         2      
    +--+----------------------------+-------+---------+---------+
       Total:                       346     0         2      
                                                             
    .\CSU\
       csu_Ethernet.obj             2048    0         736    
       csu_Ipc_cm.obj               0       0         8      
    +--+----------------------------+-------+---------+---------+
       Total:                       2048    0         744    
                                                             
    .\HAL\
       hal_Ethernet.obj             792     0         5101   
       hal_Timer.obj                1038    0         14     
       hal_Ipc_cm.obj               162     0         0      
    +--+----------------------------+-------+---------+---------+
       Total:                       1992    0         5115   
                                                             
    .\SDK\common\source\
       startup_cm.obj               118     0         320    
       cm.obj                       162     0         0      
    +--+----------------------------+-------+---------+---------+
       Total:                       280     0         320    
                                                             
    .\SDK\driverlib_cm\
       ethernet.obj                 5799    0         1216   
       ipc.obj                      252     136       1088   
       interrupt.obj                480     0         0      
       sysctl.obj                   96      0         0      
       platform_port.obj            12      0         0      
    +--+----------------------------+-------+---------+---------+
       Total:                       6639    136       2304   
                                                             
    C:\ti\ti-cgt-arm_20.2.7.LTS\lib\rtsv7M4_T_le_eabi.lib
       memcpy_t2.asm.obj            156     0         0      
       memset_t2.asm.obj            122     0         0      
       copy_decompress_lzss.c.obj   104     0         0      
       autoinit.c.obj               68      0         0      
       boot_cortex_m.c.obj          36      0         0      
       copy_decompress_none.c.obj   14      0         0      
       copy_zero_init.c.obj         12      0         0      
       exit.c.obj                   4       0         0      
       pre_init.c.obj               4       0         0      
    +--+----------------------------+-------+---------+---------+
       Total:                       520     0         0      
                                                             
       Stack:                       0       0         512    
       Linker Generated:            0       108       0      
    +--+----------------------------+-------+---------+---------+
       Grand Total:                 11825   244       8997   


LINKER GENERATED COPY TABLES

__TI_cinit_table @ 1fffe058 records: 3, size/record: 8, table size: 24
	.vtable: load addr=1fffe000, load size=00000024 bytes, run addr=20000c00, run size=00000140 bytes, compression=lzss
	.data: load addr=1fffe024, load size=0000001c bytes, run addr=2000da1c, run size=0000018b bytes, compression=lzss
	.bss: load addr=1fffe050, load size=00000008 bytes, run addr=2000c000, run size=00001a1a bytes, compression=zero_init


LINKER GENERATED HANDLER TABLE

__TI_handler_table @ 1fffe040 records: 3, size/record: 4, table size: 12
	index: 0, handler: __TI_decompress_lzss
	index: 1, handler: __TI_decompress_none
	index: 2, handler: __TI_zero_init


GLOBAL SYMBOLS: SORTED ALPHABETICALLY BY Name 

address   name                                      
-------   ----                                      
20003079  App_ethGetPacketBuffer                    
20003701  App_ethRxCallback                         
200038b9  App_ethTxCallback                         
20001acd  C$$EXIT                                   
20002b41  CM_enableAllPeripherals                   
200034b1  CM_init                                   
20003891  Ethernet_HW_descQueueGetCount             
20001f11  Ethernet_StateMachine                     
200029a9  Ethernet_addPacketsIntoRxQueue            
20001441  Ethernet_addPacketsIntoTxQueue            
200037d9  Ethernet_clearDMAChannelInterrupt         
200034d9  Ethernet_configureEEEClockGatingControl   
20000bf1  Ethernet_configureMDIO                    
20003861  Ethernet_configurePHYAddress              
200037e9  Ethernet_configureRevMIIAddress           
2000d464  Ethernet_descArray                        
2000d200  Ethernet_device_struct                    
200037b9  Ethernet_disableTxEEEMode                 
2000db40  Ethernet_earlyRxInterruptCount            
2000db44  Ethernet_earlyTxInterruptCount            
2000db5c  Ethernet_eeeRxLPIEntryCount               
2000db60  Ethernet_eeeRxLPIExitCount                
2000db54  Ethernet_eeeTxLPIEntryCount               
2000db58  Ethernet_eeeTxLPIExitCount                
200037a9  Ethernet_enableDmaInterrupt               
20003501  Ethernet_enableMACRxQ                     
20003731  Ethernet_enableRxDMAReception             
20000d41  Ethernet_genericISR                       
2000db3c  Ethernet_genericInterruptCount            
2000db48  Ethernet_genericRxCompletionInterruptCount
20001c61  Ethernet_getHandle                        
20002339  Ethernet_getInitConfig                    
20002c31  Ethernet_getOneStepTransmitTimestampPTP   
20003851  Ethernet_getPHYMode                       
20003749  Ethernet_getRxERICount                    
20000b29  Ethernet_initInterface                    
20002421  Ethernet_initRxChannel                    
200036a9  Ethernet_isTimestampIntActive             
200036c9  Ethernet_isTransmitTimestampStatusSet     
2000db68  Ethernet_magicPktReceivedCount            
20003719  Ethernet_nextDescAvailable                
2000db2c  Ethernet_numGetPacketBufferCallback       
2000db28  Ethernet_numRxCallback                    
2000db24  Ethernet_numTxPktFreeCallback             
20003761  Ethernet_performPopOnPacketQueue          
20003649  Ethernet_performPushOnPacketQueue         
2000db4c  Ethernet_phyLinkStatusChangeInterruptCount
2000db64  Ethernet_pmtInterruptCount                
20002f71  Ethernet_readPHYRegister                  
20002d79  Ethernet_receiveISR                       
20002509  Ethernet_removePacketsFromRxQueue         
20001dc9  Ethernet_removePacketsFromTxQueue         
200035c9  Ethernet_resetModule                      
20001919  Ethernet_retrieveRxPacket                 
2000db6c  Ethernet_rwakeupPktReceivedCount          
2000db74  Ethernet_rxChan0BufUnavail                
2000db7c  Ethernet_rxChan1BufUnavail                
2000db38  Ethernet_rxContextTimeStamp               
2000db34  Ethernet_rxInterruptCount                 
2000db50  Ethernet_rxReplacementFailedCount         
20002241  Ethernet_sendPacket                       
20003869  Ethernet_setDMAMode                       
20003669  Ethernet_setMACAddr                       
20003871  Ethernet_setMACConfiguration              
20003879  Ethernet_setMACPacketFilter               
200037f9  Ethernet_setMTLOpmode                     
200036e9  Ethernet_setMTLRxQueueOpMode              
20003689  Ethernet_setMTLTxQueueOpMode              
20003779  Ethernet_setRxDescRingLength              
20003791  Ethernet_setTxDescRingLength              
20002eb1  Ethernet_submitRxPacket                   
20002de1  Ethernet_transmitISR                      
2000db70  Ethernet_txChan0BufUnavail                
2000db78  Ethernet_txChan1BufUnavail                
2000db30  Ethernet_txInterruptCount                 
20002bb9  Ethernet_writePHYRegister                 
20002e49  Ethernet_writeRxDMAControl                
20003809  Ethernet_writeRxDescListAddress           
20003819  Ethernet_writeRxDescTailPointer           
20002881  Ethernet_writeTxDMAControl                
20003829  Ethernet_writeTxDescListAddress           
20003839  Ethernet_writeTxDescTailPointer           
20080000  IPC_CM_To_CPU1_GetBuffer                  
20082000  IPC_CM_To_CPU1_PutBuffer                  
20084000  IPC_CM_To_CPU2_GetBuffer                  
20086000  IPC_CM_To_CPU2_PutBuffer                  
1fffc200  IPC_Instance                              
20003129  IPC_readCommand                           
200030d1  IPC_registerInterrupt                     
20002f11  IPC_sendCommand                           
200016f9  Initial_Ethernet                          
20003179  Initial_IPC                               
20001181  Initial_TIMER                             
20002689  Interrupt_disable                         
20002739  Interrupt_enable                          
20002a39  Interrupt_registerHandler                 
200038a1  Platform_disableCoreInterrupt             
20002689  Platform_disableInterrupt                 
200038a9  Platform_enableCoreInterrupt              
20002739  Platform_enableInterrupt                  
20003881  Platform_enablePeripheral                 
20003889  Platform_resetPeripheral                  
20003451  SysCtl_enablePeripheral                   
20003319  SysCtl_resetPeripheral                    
1fffc200  __STACK_END                               
00000200  __STACK_SIZE                              
1fffe058  __TI_CINIT_Base                           
1fffe070  __TI_CINIT_Limit                          
1fffe040  __TI_Handler_Table_Base                   
1fffe04c  __TI_Handler_Table_Limit                  
200031c5  __TI_auto_init_nobinit_nopinit            
20002d0d  __TI_decompress_lzss                      
200037c7  __TI_decompress_none                      
ffffffff  __TI_pprof_out_hndl                       
ffffffff  __TI_prof_data_size                       
ffffffff  __TI_prof_data_start                      
1fffe000  __TI_static_base__                        
20003845  __TI_zero_init                            
20002ac1  __aeabi_memclr                            
20002ac1  __aeabi_memclr4                           
20002ac1  __aeabi_memclr8                           
200027e5  __aeabi_memcpy                            
200027e5  __aeabi_memcpy4                           
200027e5  __aeabi_memcpy8                           
20002ac3  __aeabi_memset                            
20002ac3  __aeabi_memset4                           
20002ac3  __aeabi_memset8                           
ffffffff  __binit__                                 
ffffffff  __c_args__                                
200038b1  __error__                                 
UNDEFED   __mpu_init                                
1fffc000  __stack                                   
2000c000  __start___llvm_prf_cnts                   
2000c000  __stop___llvm_prf_cnts                    
20003529  _c_int00_noargs                           
UNDEFED   _system_post_cinit                        
2000143b  _system_pre_init                          
20001acd  abort                                     
ffffffff  binit                                     
20001ad1  buildAndSendUdpPacket                     
2000dba2  ethActivityTimer                          
20003609  isr_CpuTimer0                             
20003351  isr_CpuTimer1                             
20003579  isr_CpuTimer2                             
20002049  main                                      
200027e5  memcpy                                    
20002ac9  memset                                    
20000809  processReceivedEthernetPacket             
2000db9c  pxDataCmToCpu1                            
2000db98  pxDataCpu1ToCm                            
20002919  sendAckResponse                           
20003481  sendIpcMessageToCPU1                      
200035a1  updateEthernetTask                        
20000c00  vectorTableRAM                            
2000db80  xEthApp                                   
2000d794  xEthCtrl                                  
2000da1c  xEthDriver                                
2000da0c  xTimer                                    


GLOBAL SYMBOLS: SORTED BY Symbol Address 

address   name                                      
-------   ----                                      
00000200  __STACK_SIZE                              
1fffc000  __stack                                   
1fffc200  IPC_Instance                              
1fffc200  __STACK_END                               
1fffe000  __TI_static_base__                        
1fffe040  __TI_Handler_Table_Base                   
1fffe04c  __TI_Handler_Table_Limit                  
1fffe058  __TI_CINIT_Base                           
1fffe070  __TI_CINIT_Limit                          
20000809  processReceivedEthernetPacket             
20000b29  Ethernet_initInterface                    
20000bf1  Ethernet_configureMDIO                    
20000c00  vectorTableRAM                            
20000d41  Ethernet_genericISR                       
20001181  Initial_TIMER                             
2000143b  _system_pre_init                          
20001441  Ethernet_addPacketsIntoTxQueue            
200016f9  Initial_Ethernet                          
20001919  Ethernet_retrieveRxPacket                 
20001acd  C$$EXIT                                   
20001acd  abort                                     
20001ad1  buildAndSendUdpPacket                     
20001c61  Ethernet_getHandle                        
20001dc9  Ethernet_removePacketsFromTxQueue         
20001f11  Ethernet_StateMachine                     
20002049  main                                      
20002241  Ethernet_sendPacket                       
20002339  Ethernet_getInitConfig                    
20002421  Ethernet_initRxChannel                    
20002509  Ethernet_removePacketsFromRxQueue         
20002689  Interrupt_disable                         
20002689  Platform_disableInterrupt                 
20002739  Interrupt_enable                          
20002739  Platform_enableInterrupt                  
200027e5  __aeabi_memcpy                            
200027e5  __aeabi_memcpy4                           
200027e5  __aeabi_memcpy8                           
200027e5  memcpy                                    
20002881  Ethernet_writeTxDMAControl                
20002919  sendAckResponse                           
200029a9  Ethernet_addPacketsIntoRxQueue            
20002a39  Interrupt_registerHandler                 
20002ac1  __aeabi_memclr                            
20002ac1  __aeabi_memclr4                           
20002ac1  __aeabi_memclr8                           
20002ac3  __aeabi_memset                            
20002ac3  __aeabi_memset4                           
20002ac3  __aeabi_memset8                           
20002ac9  memset                                    
20002b41  CM_enableAllPeripherals                   
20002bb9  Ethernet_writePHYRegister                 
20002c31  Ethernet_getOneStepTransmitTimestampPTP   
20002d0d  __TI_decompress_lzss                      
20002d79  Ethernet_receiveISR                       
20002de1  Ethernet_transmitISR                      
20002e49  Ethernet_writeRxDMAControl                
20002eb1  Ethernet_submitRxPacket                   
20002f11  IPC_sendCommand                           
20002f71  Ethernet_readPHYRegister                  
20003079  App_ethGetPacketBuffer                    
200030d1  IPC_registerInterrupt                     
20003129  IPC_readCommand                           
20003179  Initial_IPC                               
200031c5  __TI_auto_init_nobinit_nopinit            
20003319  SysCtl_resetPeripheral                    
20003351  isr_CpuTimer1                             
20003451  SysCtl_enablePeripheral                   
20003481  sendIpcMessageToCPU1                      
200034b1  CM_init                                   
200034d9  Ethernet_configureEEEClockGatingControl   
20003501  Ethernet_enableMACRxQ                     
20003529  _c_int00_noargs                           
20003579  isr_CpuTimer2                             
200035a1  updateEthernetTask                        
200035c9  Ethernet_resetModule                      
20003609  isr_CpuTimer0                             
20003649  Ethernet_performPushOnPacketQueue         
20003669  Ethernet_setMACAddr                       
20003689  Ethernet_setMTLTxQueueOpMode              
200036a9  Ethernet_isTimestampIntActive             
200036c9  Ethernet_isTransmitTimestampStatusSet     
200036e9  Ethernet_setMTLRxQueueOpMode              
20003701  App_ethRxCallback                         
20003719  Ethernet_nextDescAvailable                
20003731  Ethernet_enableRxDMAReception             
20003749  Ethernet_getRxERICount                    
20003761  Ethernet_performPopOnPacketQueue          
20003779  Ethernet_setRxDescRingLength              
20003791  Ethernet_setTxDescRingLength              
200037a9  Ethernet_enableDmaInterrupt               
200037b9  Ethernet_disableTxEEEMode                 
200037c7  __TI_decompress_none                      
200037d9  Ethernet_clearDMAChannelInterrupt         
200037e9  Ethernet_configureRevMIIAddress           
200037f9  Ethernet_setMTLOpmode                     
20003809  Ethernet_writeRxDescListAddress           
20003819  Ethernet_writeRxDescTailPointer           
20003829  Ethernet_writeTxDescListAddress           
20003839  Ethernet_writeTxDescTailPointer           
20003845  __TI_zero_init                            
20003851  Ethernet_getPHYMode                       
20003861  Ethernet_configurePHYAddress              
20003869  Ethernet_setDMAMode                       
20003871  Ethernet_setMACConfiguration              
20003879  Ethernet_setMACPacketFilter               
20003881  Platform_enablePeripheral                 
20003889  Platform_resetPeripheral                  
20003891  Ethernet_HW_descQueueGetCount             
200038a1  Platform_disableCoreInterrupt             
200038a9  Platform_enableCoreInterrupt              
200038b1  __error__                                 
200038b9  App_ethTxCallback                         
2000c000  __start___llvm_prf_cnts                   
2000c000  __stop___llvm_prf_cnts                    
2000d200  Ethernet_device_struct                    
2000d464  Ethernet_descArray                        
2000d794  xEthCtrl                                  
2000da0c  xTimer                                    
2000da1c  xEthDriver                                
2000db24  Ethernet_numTxPktFreeCallback             
2000db28  Ethernet_numRxCallback                    
2000db2c  Ethernet_numGetPacketBufferCallback       
2000db30  Ethernet_txInterruptCount                 
2000db34  Ethernet_rxInterruptCount                 
2000db38  Ethernet_rxContextTimeStamp               
2000db3c  Ethernet_genericInterruptCount            
2000db40  Ethernet_earlyRxInterruptCount            
2000db44  Ethernet_earlyTxInterruptCount            
2000db48  Ethernet_genericRxCompletionInterruptCount
2000db4c  Ethernet_phyLinkStatusChangeInterruptCount
2000db50  Ethernet_rxReplacementFailedCount         
2000db54  Ethernet_eeeTxLPIEntryCount               
2000db58  Ethernet_eeeTxLPIExitCount                
2000db5c  Ethernet_eeeRxLPIEntryCount               
2000db60  Ethernet_eeeRxLPIExitCount                
2000db64  Ethernet_pmtInterruptCount                
2000db68  Ethernet_magicPktReceivedCount            
2000db6c  Ethernet_rwakeupPktReceivedCount          
2000db70  Ethernet_txChan0BufUnavail                
2000db74  Ethernet_rxChan0BufUnavail                
2000db78  Ethernet_txChan1BufUnavail                
2000db7c  Ethernet_rxChan1BufUnavail                
2000db80  xEthApp                                   
2000db98  pxDataCpu1ToCm                            
2000db9c  pxDataCmToCpu1                            
2000dba2  ethActivityTimer                          
20080000  IPC_CM_To_CPU1_GetBuffer                  
20082000  IPC_CM_To_CPU1_PutBuffer                  
20084000  IPC_CM_To_CPU2_GetBuffer                  
20086000  IPC_CM_To_CPU2_PutBuffer                  
ffffffff  __TI_pprof_out_hndl                       
ffffffff  __TI_prof_data_size                       
ffffffff  __TI_prof_data_start                      
ffffffff  __binit__                                 
ffffffff  __c_args__                                
ffffffff  binit                                     
UNDEFED   __mpu_init                                
UNDEFED   _system_post_cinit                        

[158 symbols]
