<?xml version="1.0" encoding="ISO-8859-1" ?>
<link_info>
   <banner>TI ARM Linker PC v20.2.7.LTS</banner>
   <copyright>Copyright (c) 1996-2018 Texas Instruments Incorporated</copyright>
   <link_time>0x6a45a8dc</link_time>
   <link_errors>0x0</link_errors>
   <output_file>ATTLA_T_CM.out</output_file>
   <entry_point>
      <name>_c_int00_noargs</name>
      <address>0x20003639</address>
   </entry_point>
   <input_file_list>
      <input_file id="fl-2">
         <path>.\</path>
         <kind>object</kind>
         <file>main_cm.obj</file>
         <name>main_cm.obj</name>
      </input_file>
      <input_file id="fl-3">
         <path>.\CSU\</path>
         <kind>object</kind>
         <file>csu_Ethernet_cm.obj</file>
         <name>csu_Ethernet_cm.obj</name>
      </input_file>
      <input_file id="fl-4">
         <path>.\CSU\</path>
         <kind>object</kind>
         <file>csu_Ipc_cm.obj</file>
         <name>csu_Ipc_cm.obj</name>
      </input_file>
      <input_file id="fl-5">
         <path>.\HAL\</path>
         <kind>object</kind>
         <file>hal_Ethernet_cm.obj</file>
         <name>hal_Ethernet_cm.obj</name>
      </input_file>
      <input_file id="fl-6">
         <path>.\HAL\</path>
         <kind>object</kind>
         <file>hal_Ipc_cm.obj</file>
         <name>hal_Ipc_cm.obj</name>
      </input_file>
      <input_file id="fl-7">
         <path>.\HAL\</path>
         <kind>object</kind>
         <file>hal_Timer_cm.obj</file>
         <name>hal_Timer_cm.obj</name>
      </input_file>
      <input_file id="fl-8">
         <path>.\SDK\common\source\</path>
         <kind>object</kind>
         <file>cm.obj</file>
         <name>cm.obj</name>
      </input_file>
      <input_file id="fl-9">
         <path>.\SDK\common\source\</path>
         <kind>object</kind>
         <file>startup_cm.obj</file>
         <name>startup_cm.obj</name>
      </input_file>
      <input_file id="fl-a">
         <path>.\SDK\driverlib_cm\</path>
         <kind>object</kind>
         <file>aes.obj</file>
         <name>aes.obj</name>
      </input_file>
      <input_file id="fl-b">
         <path>.\SDK\driverlib_cm\</path>
         <kind>object</kind>
         <file>can.obj</file>
         <name>can.obj</name>
      </input_file>
      <input_file id="fl-c">
         <path>.\SDK\driverlib_cm\</path>
         <kind>object</kind>
         <file>cmmpu.obj</file>
         <name>cmmpu.obj</name>
      </input_file>
      <input_file id="fl-d">
         <path>.\SDK\driverlib_cm\</path>
         <kind>object</kind>
         <file>cputimer.obj</file>
         <name>cputimer.obj</name>
      </input_file>
      <input_file id="fl-e">
         <path>.\SDK\driverlib_cm\</path>
         <kind>object</kind>
         <file>dcsm.obj</file>
         <name>dcsm.obj</name>
      </input_file>
      <input_file id="fl-f">
         <path>.\SDK\driverlib_cm\</path>
         <kind>object</kind>
         <file>escss.obj</file>
         <name>escss.obj</name>
      </input_file>
      <input_file id="fl-10">
         <path>.\SDK\driverlib_cm\</path>
         <kind>object</kind>
         <file>ethernet.obj</file>
         <name>ethernet.obj</name>
      </input_file>
      <input_file id="fl-11">
         <path>.\SDK\driverlib_cm\</path>
         <kind>object</kind>
         <file>flash.obj</file>
         <name>flash.obj</name>
      </input_file>
      <input_file id="fl-12">
         <path>.\SDK\driverlib_cm\</path>
         <kind>object</kind>
         <file>gcrc.obj</file>
         <name>gcrc.obj</name>
      </input_file>
      <input_file id="fl-13">
         <path>.\SDK\driverlib_cm\</path>
         <kind>object</kind>
         <file>gpio.obj</file>
         <name>gpio.obj</name>
      </input_file>
      <input_file id="fl-14">
         <path>.\SDK\driverlib_cm\</path>
         <kind>object</kind>
         <file>i2c.obj</file>
         <name>i2c.obj</name>
      </input_file>
      <input_file id="fl-15">
         <path>.\SDK\driverlib_cm\</path>
         <kind>object</kind>
         <file>interrupt.obj</file>
         <name>interrupt.obj</name>
      </input_file>
      <input_file id="fl-16">
         <path>.\SDK\driverlib_cm\</path>
         <kind>object</kind>
         <file>ipc.obj</file>
         <name>ipc.obj</name>
      </input_file>
      <input_file id="fl-17">
         <path>.\SDK\driverlib_cm\</path>
         <kind>object</kind>
         <file>mcan.obj</file>
         <name>mcan.obj</name>
      </input_file>
      <input_file id="fl-18">
         <path>.\SDK\driverlib_cm\</path>
         <kind>object</kind>
         <file>memcfg.obj</file>
         <name>memcfg.obj</name>
      </input_file>
      <input_file id="fl-19">
         <path>.\SDK\driverlib_cm\</path>
         <kind>object</kind>
         <file>mpu.obj</file>
         <name>mpu.obj</name>
      </input_file>
      <input_file id="fl-1a">
         <path>.\SDK\driverlib_cm\</path>
         <kind>object</kind>
         <file>platform_port.obj</file>
         <name>platform_port.obj</name>
      </input_file>
      <input_file id="fl-1b">
         <path>.\SDK\driverlib_cm\</path>
         <kind>object</kind>
         <file>ssi.obj</file>
         <name>ssi.obj</name>
      </input_file>
      <input_file id="fl-1c">
         <path>.\SDK\driverlib_cm\</path>
         <kind>object</kind>
         <file>sysctl.obj</file>
         <name>sysctl.obj</name>
      </input_file>
      <input_file id="fl-1d">
         <path>.\SDK\driverlib_cm\</path>
         <kind>object</kind>
         <file>systick.obj</file>
         <name>systick.obj</name>
      </input_file>
      <input_file id="fl-1e">
         <path>.\SDK\driverlib_cm\</path>
         <kind>object</kind>
         <file>uart.obj</file>
         <name>uart.obj</name>
      </input_file>
      <input_file id="fl-1f">
         <path>.\SDK\driverlib_cm\</path>
         <kind>object</kind>
         <file>udma.obj</file>
         <name>udma.obj</name>
      </input_file>
      <input_file id="fl-20">
         <path>.\SDK\driverlib_cm\</path>
         <kind>object</kind>
         <file>usb.obj</file>
         <name>usb.obj</name>
      </input_file>
      <input_file id="fl-27">
         <kind>object</kind>
         <file>&lt;internal&gt;</file>
         <name>&lt;internal&gt;</name>
      </input_file>
      <input_file id="fl-dd">
         <path>C:\ti\ti-cgt-arm_20.2.7.LTS\lib\</path>
         <kind>archive</kind>
         <file>rtsv7M4_T_le_eabi.lib</file>
         <name>fs_add_t2.asm.obj</name>
      </input_file>
      <input_file id="fl-de">
         <path>C:\ti\ti-cgt-arm_20.2.7.LTS\lib\</path>
         <kind>archive</kind>
         <file>rtsv7M4_T_le_eabi.lib</file>
         <name>fs_cmp_t2.asm.obj</name>
      </input_file>
      <input_file id="fl-df">
         <path>C:\ti\ti-cgt-arm_20.2.7.LTS\lib\</path>
         <kind>archive</kind>
         <file>rtsv7M4_T_le_eabi.lib</file>
         <name>fs_mul_t2.asm.obj</name>
      </input_file>
      <input_file id="fl-e0">
         <path>C:\ti\ti-cgt-arm_20.2.7.LTS\lib\</path>
         <kind>archive</kind>
         <file>rtsv7M4_T_le_eabi.lib</file>
         <name>fs_toi_t2.asm.obj</name>
      </input_file>
      <input_file id="fl-e1">
         <path>C:\ti\ti-cgt-arm_20.2.7.LTS\lib\</path>
         <kind>archive</kind>
         <file>rtsv7M4_T_le_eabi.lib</file>
         <name>fs_tou_t2.asm.obj</name>
      </input_file>
      <input_file id="fl-e2">
         <path>C:\ti\ti-cgt-arm_20.2.7.LTS\lib\</path>
         <kind>archive</kind>
         <file>rtsv7M4_T_le_eabi.lib</file>
         <name>i_tofs_t2.asm.obj</name>
      </input_file>
      <input_file id="fl-e3">
         <path>C:\ti\ti-cgt-arm_20.2.7.LTS\lib\</path>
         <kind>archive</kind>
         <file>rtsv7M4_T_le_eabi.lib</file>
         <name>memcpy_t2.asm.obj</name>
      </input_file>
      <input_file id="fl-e4">
         <path>C:\ti\ti-cgt-arm_20.2.7.LTS\lib\</path>
         <kind>archive</kind>
         <file>rtsv7M4_T_le_eabi.lib</file>
         <name>u_tofs_t2.asm.obj</name>
      </input_file>
      <input_file id="fl-e5">
         <path>C:\ti\ti-cgt-arm_20.2.7.LTS\lib\</path>
         <kind>archive</kind>
         <file>rtsv7M4_T_le_eabi.lib</file>
         <name>memset_t2.asm.obj</name>
      </input_file>
      <input_file id="fl-e6">
         <path>C:\ti\ti-cgt-arm_20.2.7.LTS\lib\</path>
         <kind>archive</kind>
         <file>rtsv7M4_T_le_eabi.lib</file>
         <name>copy_zero_init.c.obj</name>
      </input_file>
      <input_file id="fl-e7">
         <path>C:\ti\ti-cgt-arm_20.2.7.LTS\lib\</path>
         <kind>archive</kind>
         <file>rtsv7M4_T_le_eabi.lib</file>
         <name>copy_decompress_none.c.obj</name>
      </input_file>
      <input_file id="fl-e8">
         <path>C:\ti\ti-cgt-arm_20.2.7.LTS\lib\</path>
         <kind>archive</kind>
         <file>rtsv7M4_T_le_eabi.lib</file>
         <name>copy_decompress_lzss.c.obj</name>
      </input_file>
      <input_file id="fl-e9">
         <path>C:\ti\ti-cgt-arm_20.2.7.LTS\lib\</path>
         <kind>archive</kind>
         <file>rtsv7M4_T_le_eabi.lib</file>
         <name>boot_cortex_m.c.obj</name>
      </input_file>
      <input_file id="fl-ea">
         <path>C:\ti\ti-cgt-arm_20.2.7.LTS\lib\</path>
         <kind>archive</kind>
         <file>rtsv7M4_T_le_eabi.lib</file>
         <name>autoinit.c.obj</name>
      </input_file>
      <input_file id="fl-eb">
         <path>C:\ti\ti-cgt-arm_20.2.7.LTS\lib\</path>
         <kind>archive</kind>
         <file>rtsv7M4_T_le_eabi.lib</file>
         <name>pre_init.c.obj</name>
      </input_file>
      <input_file id="fl-ec">
         <path>C:\ti\ti-cgt-arm_20.2.7.LTS\lib\</path>
         <kind>archive</kind>
         <file>rtsv7M4_T_le_eabi.lib</file>
         <name>cpy_tbl.c.obj</name>
      </input_file>
      <input_file id="fl-ed">
         <path>C:\ti\ti-cgt-arm_20.2.7.LTS\lib\</path>
         <kind>archive</kind>
         <file>rtsv7M4_T_le_eabi.lib</file>
         <name>exit.c.obj</name>
      </input_file>
      <input_file id="fl-ee">
         <path>C:\ti\ti-cgt-arm_20.2.7.LTS\lib\</path>
         <kind>archive</kind>
         <file>rtsv7M4_T_le_eabi.lib</file>
         <name>_lock.c.obj</name>
      </input_file>
      <input_file id="fl-ef">
         <path>C:\ti\ti-cgt-arm_20.2.7.LTS\lib\</path>
         <kind>archive</kind>
         <file>rtsv7M4_T_le_eabi.lib</file>
         <name>args_main.c.obj</name>
      </input_file>
   </input_file_list>
   <object_component_list>
      <object_component id="oc-2a">
         <name>.resetisr:resetISR</name>
         <load_address>0x20000800</load_address>
         <run_address>0x20000800</run_address>
         <size>0x6</size>
         <input_file_ref idref="fl-9"/>
      </object_component>
      <object_component id="oc-27">
         <name>.vtable:retain</name>
         <load_address>0x20000c00</load_address>
         <run_address>0x20000c00</run_address>
         <size>0x140</size>
         <input_file_ref idref="fl-9"/>
      </object_component>
      <object_component id="oc-35e">
         <name>.text:processReceivedEthernetPacket</name>
         <load_address>0x20000808</load_address>
         <run_address>0x20000808</run_address>
         <size>0x3c0</size>
         <input_file_ref idref="fl-3"/>
      </object_component>
      <object_component id="oc-4bb">
         <name>.text:calcIPChecksum</name>
         <load_address>0x20000bc8</load_address>
         <run_address>0x20000bc8</run_address>
         <size>0x38</size>
         <input_file_ref idref="fl-3"/>
      </object_component>
      <object_component id="oc-3c">
         <name>.text:Ethernet_genericISR</name>
         <load_address>0x20000d40</load_address>
         <run_address>0x20000d40</run_address>
         <size>0x43e</size>
         <input_file_ref idref="fl-10"/>
      </object_component>
      <object_component id="oc-1b3">
         <name>.text:Initial_TIMER</name>
         <load_address>0x20001180</load_address>
         <run_address>0x20001180</run_address>
         <size>0x2ba</size>
         <input_file_ref idref="fl-7"/>
      </object_component>
      <object_component id="oc-109">
         <name>.text:_system_pre_init</name>
         <load_address>0x2000143a</load_address>
         <run_address>0x2000143a</run_address>
         <size>0x4</size>
         <input_file_ref idref="fl-eb"/>
      </object_component>
      <object_component id="oc-152">
         <name>.text:Ethernet_addPacketsIntoTxQueue</name>
         <load_address>0x20001440</load_address>
         <run_address>0x20001440</run_address>
         <size>0x2b8</size>
         <input_file_ref idref="fl-10"/>
      </object_component>
      <object_component id="oc-1ad">
         <name>.text:Initial_Ethernet</name>
         <load_address>0x200016f8</load_address>
         <run_address>0x200016f8</run_address>
         <size>0x226</size>
         <input_file_ref idref="fl-5"/>
      </object_component>
      <object_component id="oc-2e2">
         <name>.text:Ethernet_StateMachine</name>
         <load_address>0x20001920</load_address>
         <run_address>0x20001920</run_address>
         <size>0x1ce</size>
         <input_file_ref idref="fl-3"/>
      </object_component>
      <object_component id="oc-162">
         <name>.text:Ethernet_retrieveRxPacket</name>
         <load_address>0x20001af0</load_address>
         <run_address>0x20001af0</run_address>
         <size>0x1b3</size>
         <input_file_ref idref="fl-10"/>
      </object_component>
      <object_component id="oc-1cf">
         <name>.text:abort:abort</name>
         <load_address>0x20001ca4</load_address>
         <run_address>0x20001ca4</run_address>
         <size>0x4</size>
         <input_file_ref idref="fl-ed"/>
      </object_component>
      <object_component id="oc-3bc">
         <name>.text:buildAndSendUdpPacket</name>
         <load_address>0x20001ca8</load_address>
         <run_address>0x20001ca8</run_address>
         <size>0x17c</size>
         <input_file_ref idref="fl-3"/>
      </object_component>
      <object_component id="oc-290">
         <name>.text:Ethernet_getHandle</name>
         <load_address>0x20001e28</load_address>
         <run_address>0x20001e28</run_address>
         <size>0x164</size>
         <input_file_ref idref="fl-10"/>
      </object_component>
      <object_component id="oc-99">
         <name>.text:Ethernet_removePacketsFromTxQueue</name>
         <load_address>0x20001f90</load_address>
         <run_address>0x20001f90</run_address>
         <size>0x142</size>
         <input_file_ref idref="fl-10"/>
      </object_component>
      <object_component id="oc-369">
         <name>.text:Ethernet_initTxChannel</name>
         <load_address>0x200020d8</load_address>
         <run_address>0x200020d8</run_address>
         <size>0xf6</size>
         <input_file_ref idref="fl-10"/>
      </object_component>
      <object_component id="oc-466">
         <name>.text:Ethernet_sendPacket</name>
         <load_address>0x200021d0</load_address>
         <run_address>0x200021d0</run_address>
         <size>0xf3</size>
         <input_file_ref idref="fl-10"/>
      </object_component>
      <object_component id="oc-10f">
         <name>.text:main</name>
         <load_address>0x200022c8</load_address>
         <run_address>0x200022c8</run_address>
         <size>0xe6</size>
         <input_file_ref idref="fl-2"/>
      </object_component>
      <object_component id="oc-275">
         <name>.text:Ethernet_getInitConfig</name>
         <load_address>0x200023b0</load_address>
         <run_address>0x200023b0</run_address>
         <size>0xe4</size>
         <input_file_ref idref="fl-10"/>
      </object_component>
      <object_component id="oc-36f">
         <name>.text:Ethernet_initRxChannel</name>
         <load_address>0x20002498</load_address>
         <run_address>0x20002498</run_address>
         <size>0xe2</size>
         <input_file_ref idref="fl-10"/>
      </object_component>
      <object_component id="oc-26f">
         <name>.text:Ethernet_initInterface</name>
         <load_address>0x20002580</load_address>
         <run_address>0x20002580</run_address>
         <size>0xc6</size>
         <input_file_ref idref="fl-10"/>
      </object_component>
      <object_component id="oc-a9">
         <name>.text:Ethernet_removePacketsFromRxQueue</name>
         <load_address>0x20002648</load_address>
         <run_address>0x20002648</run_address>
         <size>0xc2</size>
         <input_file_ref idref="fl-10"/>
      </object_component>
      <object_component id="oc-3ff">
         <name>.text:sendAckResponse</name>
         <load_address>0x20002710</load_address>
         <run_address>0x20002710</run_address>
         <size>0xb4</size>
         <input_file_ref idref="fl-3"/>
      </object_component>
      <object_component id="oc-2bc">
         <name>.text:CPUTimer_startTimer</name>
         <load_address>0x200027c8</load_address>
         <run_address>0x200027c8</run_address>
         <size>0xb2</size>
         <input_file_ref idref="fl-7"/>
      </object_component>
      <object_component id="oc-25d">
         <name>.text:Interrupt_disable</name>
         <load_address>0x20002880</load_address>
         <run_address>0x20002880</run_address>
         <size>0xac</size>
         <input_file_ref idref="fl-15"/>
      </object_component>
      <object_component id="oc-257">
         <name>.text:Interrupt_enable</name>
         <load_address>0x20002930</load_address>
         <run_address>0x20002930</run_address>
         <size>0xac</size>
         <input_file_ref idref="fl-15"/>
      </object_component>
      <object_component id="oc-50">
         <name>.text</name>
         <load_address>0x200029dc</load_address>
         <run_address>0x200029dc</run_address>
         <size>0x9c</size>
         <input_file_ref idref="fl-e3"/>
      </object_component>
      <object_component id="oc-418">
         <name>.text:Ethernet_writeTxDMAControl</name>
         <load_address>0x20002a78</load_address>
         <run_address>0x20002a78</run_address>
         <size>0x92</size>
         <input_file_ref idref="fl-10"/>
      </object_component>
      <object_component id="oc-da">
         <name>.text:Ethernet_addPacketsIntoRxQueue</name>
         <load_address>0x20002b10</load_address>
         <run_address>0x20002b10</run_address>
         <size>0x8c</size>
         <input_file_ref idref="fl-10"/>
      </object_component>
      <object_component id="oc-2a8">
         <name>.text:Interrupt_registerHandler</name>
         <load_address>0x20002ba0</load_address>
         <run_address>0x20002ba0</run_address>
         <size>0x88</size>
         <input_file_ref idref="fl-15"/>
      </object_component>
      <object_component id="oc-103">
         <name>.text</name>
         <load_address>0x20002c28</load_address>
         <run_address>0x20002c28</run_address>
         <size>0x7a</size>
         <input_file_ref idref="fl-e5"/>
      </object_component>
      <object_component id="oc-22b">
         <name>.text:CM_enableAllPeripherals</name>
         <load_address>0x20002ca8</load_address>
         <run_address>0x20002ca8</run_address>
         <size>0x76</size>
         <input_file_ref idref="fl-8"/>
      </object_component>
      <object_component id="oc-bc">
         <name>.text:Ethernet_writePHYRegister</name>
         <load_address>0x20002d20</load_address>
         <run_address>0x20002d20</run_address>
         <size>0x72</size>
         <input_file_ref idref="fl-10"/>
      </object_component>
      <object_component id="oc-c8">
         <name>.text:Ethernet_getOneStepTransmitTimestampPTP</name>
         <load_address>0x20002d98</load_address>
         <run_address>0x20002d98</run_address>
         <size>0x6f</size>
         <input_file_ref idref="fl-10"/>
      </object_component>
      <object_component id="oc-80">
         <name>.text:nmiISR</name>
         <load_address>0x20002e08</load_address>
         <run_address>0x20002e08</run_address>
         <size>0x6c</size>
         <input_file_ref idref="fl-9"/>
      </object_component>
      <object_component id="oc-19">
         <name>.text:decompress:lzss:__TI_decompress_lzss</name>
         <load_address>0x20002e74</load_address>
         <run_address>0x20002e74</run_address>
         <size>0x68</size>
         <input_file_ref idref="fl-e8"/>
      </object_component>
      <object_component id="oc-3b3">
         <name>.text:sendEthernetFrame</name>
         <load_address>0x20002ee0</load_address>
         <run_address>0x20002ee0</run_address>
         <size>0x64</size>
         <input_file_ref idref="fl-3"/>
      </object_component>
      <object_component id="oc-36">
         <name>.text:Ethernet_receiveISR</name>
         <load_address>0x20002f48</load_address>
         <run_address>0x20002f48</run_address>
         <size>0x62</size>
         <input_file_ref idref="fl-10"/>
      </object_component>
      <object_component id="oc-30">
         <name>.text:Ethernet_transmitISR</name>
         <load_address>0x20002fb0</load_address>
         <run_address>0x20002fb0</run_address>
         <size>0x62</size>
         <input_file_ref idref="fl-10"/>
      </object_component>
      <object_component id="oc-431">
         <name>.text:Ethernet_writeRxDMAControl</name>
         <load_address>0x20003018</load_address>
         <run_address>0x20003018</run_address>
         <size>0x62</size>
         <input_file_ref idref="fl-10"/>
      </object_component>
      <object_component id="oc-168">
         <name>.text:Ethernet_submitRxPacket</name>
         <load_address>0x20003080</load_address>
         <run_address>0x20003080</run_address>
         <size>0x5a</size>
         <input_file_ref idref="fl-10"/>
      </object_component>
      <object_component id="oc-2cf">
         <name>.text:IPC_sendCommand</name>
         <load_address>0x200030e0</load_address>
         <run_address>0x200030e0</run_address>
         <size>0x5a</size>
         <input_file_ref idref="fl-16"/>
      </object_component>
      <object_component id="oc-b6">
         <name>.text:Ethernet_readPHYRegister</name>
         <load_address>0x20003140</load_address>
         <run_address>0x20003140</run_address>
         <size>0x58</size>
         <input_file_ref idref="fl-10"/>
      </object_component>
      <object_component id="oc-47c">
         <name>.text:buildIPHeader</name>
         <load_address>0x20003198</load_address>
         <run_address>0x20003198</run_address>
         <size>0x58</size>
         <input_file_ref idref="fl-3"/>
      </object_component>
      <object_component id="oc-27b">
         <name>.text:App_ethGetPacketBuffer</name>
         <load_address>0x200031f0</load_address>
         <run_address>0x200031f0</run_address>
         <size>0x52</size>
         <input_file_ref idref="fl-5"/>
      </object_component>
      <object_component id="oc-238">
         <name>.text:IPC_registerInterrupt</name>
         <load_address>0x20003248</load_address>
         <run_address>0x20003248</run_address>
         <size>0x52</size>
         <input_file_ref idref="fl-16"/>
      </object_component>
      <object_component id="oc-31c">
         <name>.text:IPC_readCommand</name>
         <load_address>0x200032a0</load_address>
         <run_address>0x200032a0</run_address>
         <size>0x50</size>
         <input_file_ref idref="fl-16"/>
      </object_component>
      <object_component id="oc-1a6">
         <name>.text:Initial_IPC</name>
         <load_address>0x200032f0</load_address>
         <run_address>0x200032f0</run_address>
         <size>0x4a</size>
         <input_file_ref idref="fl-6"/>
      </object_component>
      <object_component id="oc-1db">
         <name>.text:__TI_auto_init_nobinit_nopinit:__TI_auto_init_nobinit_nopinit</name>
         <load_address>0x2000333c</load_address>
         <run_address>0x2000333c</run_address>
         <size>0x44</size>
         <input_file_ref idref="fl-ea"/>
      </object_component>
      <object_component id="oc-476">
         <name>.text:buildEthernetHeader</name>
         <load_address>0x20003380</load_address>
         <run_address>0x20003380</run_address>
         <size>0x42</size>
         <input_file_ref idref="fl-3"/>
      </object_component>
      <object_component id="oc-482">
         <name>.text:buildUDPHeader</name>
         <load_address>0x200033c8</load_address>
         <run_address>0x200033c8</run_address>
         <size>0x42</size>
         <input_file_ref idref="fl-3"/>
      </object_component>
      <object_component id="oc-242">
         <name>.text:initRxDescriptors</name>
         <load_address>0x20003410</load_address>
         <run_address>0x20003410</run_address>
         <size>0x42</size>
         <input_file_ref idref="fl-5"/>
      </object_component>
      <object_component id="oc-33e">
         <name>.text:SysCtl_resetPeripheral</name>
         <load_address>0x20003458</load_address>
         <run_address>0x20003458</run_address>
         <size>0x36</size>
         <input_file_ref idref="fl-1c"/>
      </object_component>
      <object_component id="oc-2c2">
         <name>.text:isr_CpuTimer1</name>
         <load_address>0x20003490</load_address>
         <run_address>0x20003490</run_address>
         <size>0x34</size>
         <input_file_ref idref="fl-7"/>
      </object_component>
      <object_component id="oc-1c2">
         <name>.text:Cycle_1ms</name>
         <load_address>0x200034c8</load_address>
         <run_address>0x200034c8</run_address>
         <size>0x32</size>
         <input_file_ref idref="fl-2"/>
      </object_component>
      <object_component id="oc-232">
         <name>.text:isrIpcFromCPU1</name>
         <load_address>0x20003500</load_address>
         <run_address>0x20003500</run_address>
         <size>0x2e</size>
         <input_file_ref idref="fl-6"/>
      </object_component>
      <object_component id="oc-2b0">
         <name>.text:CPUTimer_isBaseValid</name>
         <load_address>0x20003530</load_address>
         <run_address>0x20003530</run_address>
         <size>0x2c</size>
         <input_file_ref idref="fl-7"/>
      </object_component>
      <object_component id="oc-315">
         <name>.text:SysCtl_enablePeripheral</name>
         <load_address>0x20003560</load_address>
         <run_address>0x20003560</run_address>
         <size>0x2a</size>
         <input_file_ref idref="fl-1c"/>
      </object_component>
      <object_component id="oc-1b9">
         <name>.text:sendIpcMessageToCPU1</name>
         <load_address>0x20003590</load_address>
         <run_address>0x20003590</run_address>
         <size>0x2a</size>
         <input_file_ref idref="fl-6"/>
      </object_component>
      <object_component id="oc-1a0">
         <name>.text:CM_init</name>
         <load_address>0x200035c0</load_address>
         <run_address>0x200035c0</run_address>
         <size>0x28</size>
         <input_file_ref idref="fl-8"/>
      </object_component>
      <object_component id="oc-ce">
         <name>.text:Ethernet_configureEEEClockGatingControl</name>
         <load_address>0x200035e8</load_address>
         <run_address>0x200035e8</run_address>
         <size>0x26</size>
         <input_file_ref idref="fl-10"/>
      </object_component>
      <object_component id="oc-443">
         <name>.text:Ethernet_enableMACRxQ</name>
         <load_address>0x20003610</load_address>
         <run_address>0x20003610</run_address>
         <size>0x26</size>
         <input_file_ref idref="fl-10"/>
      </object_component>
      <object_component id="oc-6e">
         <name>.text:_c_int00_noargs:_c_int00_noargs</name>
         <load_address>0x20003638</load_address>
         <run_address>0x20003638</run_address>
         <size>0x24</size>
         <input_file_ref idref="fl-e9"/>
      </object_component>
      <object_component id="oc-2a2">
         <name>.text:isr_EmacRx0</name>
         <load_address>0x20003660</load_address>
         <run_address>0x20003660</run_address>
         <size>0x24</size>
         <input_file_ref idref="fl-5"/>
      </object_component>
      <object_component id="oc-2c8">
         <name>.text:isr_CpuTimer2</name>
         <load_address>0x20003688</load_address>
         <run_address>0x20003688</run_address>
         <size>0x22</size>
         <input_file_ref idref="fl-7"/>
      </object_component>
      <object_component id="oc-396">
         <name>.text:updateEthernetTask</name>
         <load_address>0x200036b0</load_address>
         <run_address>0x200036b0</run_address>
         <size>0x22</size>
         <input_file_ref idref="fl-5"/>
      </object_component>
      <object_component id="oc-355">
         <name>.text:Ethernet_resetModule</name>
         <load_address>0x200036d8</load_address>
         <run_address>0x200036d8</run_address>
         <size>0x20</size>
         <input_file_ref idref="fl-10"/>
      </object_component>
      <object_component id="oc-3ad">
         <name>.text:calcUdpMsgChecksum</name>
         <load_address>0x200036f8</load_address>
         <run_address>0x200036f8</run_address>
         <size>0x20</size>
         <input_file_ref idref="fl-3"/>
      </object_component>
      <object_component id="oc-2b6">
         <name>.text:isr_CpuTimer0</name>
         <load_address>0x20003718</load_address>
         <run_address>0x20003718</run_address>
         <size>0x20</size>
         <input_file_ref idref="fl-7"/>
      </object_component>
      <object_component id="oc-4b0">
         <name>.text:Ethernet_performPushPacketQueueChain</name>
         <load_address>0x20003738</load_address>
         <run_address>0x20003738</run_address>
         <size>0x1e</size>
         <input_file_ref idref="fl-10"/>
      </object_component>
      <object_component id="oc-188">
         <name>.text:Ethernet_performPushOnPacketQueue</name>
         <load_address>0x20003758</load_address>
         <run_address>0x20003758</run_address>
         <size>0x1c</size>
         <input_file_ref idref="fl-10"/>
      </object_component>
      <object_component id="oc-296">
         <name>.text:Ethernet_setMACAddr</name>
         <load_address>0x20003778</load_address>
         <run_address>0x20003778</run_address>
         <size>0x1c</size>
         <input_file_ref idref="fl-10"/>
      </object_component>
      <object_component id="oc-424">
         <name>.text:Ethernet_setMTLTxQueueOpMode</name>
         <load_address>0x20003798</load_address>
         <run_address>0x20003798</run_address>
         <size>0x1c</size>
         <input_file_ref idref="fl-10"/>
      </object_component>
      <object_component id="oc-b0">
         <name>.text:Ethernet_isTimestampIntActive</name>
         <load_address>0x200037b8</load_address>
         <run_address>0x200037b8</run_address>
         <size>0x1a</size>
         <input_file_ref idref="fl-10"/>
      </object_component>
      <object_component id="oc-c2">
         <name>.text:Ethernet_isTransmitTimestampStatusSet</name>
         <load_address>0x200037d8</load_address>
         <run_address>0x200037d8</run_address>
         <size>0x1a</size>
         <input_file_ref idref="fl-10"/>
      </object_component>
      <object_component id="oc-263">
         <name>.text:Platform_enableCoreInterrupt</name>
         <load_address>0x200037f8</load_address>
         <run_address>0x200037f8</run_address>
         <size>0x1a</size>
         <input_file_ref idref="fl-5"/>
      </object_component>
      <object_component id="oc-40b">
         <name>.text:Ethernet_getTxBuffer</name>
         <load_address>0x20003818</load_address>
         <run_address>0x20003818</run_address>
         <size>0x18</size>
         <input_file_ref idref="fl-5"/>
      </object_component>
      <object_component id="oc-287">
         <name>.text:App_ethTxCallback</name>
         <load_address>0x20003830</load_address>
         <run_address>0x20003830</run_address>
         <size>0x16</size>
         <input_file_ref idref="fl-5"/>
      </object_component>
      <object_component id="oc-43d">
         <name>.text:Ethernet_setMTLRxQueueOpMode</name>
         <load_address>0x20003848</load_address>
         <run_address>0x20003848</run_address>
         <size>0x16</size>
         <input_file_ref idref="fl-10"/>
      </object_component>
      <object_component id="oc-281">
         <name>.text:App_ethRxCallback</name>
         <load_address>0x20003860</load_address>
         <run_address>0x20003860</run_address>
         <size>0x14</size>
         <input_file_ref idref="fl-5"/>
      </object_component>
      <object_component id="oc-46c">
         <name>.text:Ethernet_consumeTxBuffer</name>
         <load_address>0x20003878</load_address>
         <run_address>0x20003878</run_address>
         <size>0x14</size>
         <input_file_ref idref="fl-5"/>
      </object_component>
      <object_component id="oc-15c">
         <name>.text:Ethernet_nextDescAvailable</name>
         <load_address>0x20003890</load_address>
         <run_address>0x20003890</run_address>
         <size>0x14</size>
         <input_file_ref idref="fl-10"/>
      </object_component>
      <object_component id="oc-449">
         <name>.text:Ethernet_enableRxDMAReception</name>
         <load_address>0x200038a8</load_address>
         <run_address>0x200038a8</run_address>
         <size>0x12</size>
         <input_file_ref idref="fl-10"/>
      </object_component>
      <object_component id="oc-21e">
         <name>.text:Ethernet_getRxERICount</name>
         <load_address>0x200038c0</load_address>
         <run_address>0x200038c0</run_address>
         <size>0x12</size>
         <input_file_ref idref="fl-10"/>
      </object_component>
      <object_component id="oc-405">
         <name>.text:Ethernet_isTxAvailable</name>
         <load_address>0x200038d8</load_address>
         <run_address>0x200038d8</run_address>
         <size>0x12</size>
         <input_file_ref idref="fl-5"/>
      </object_component>
      <object_component id="oc-14c">
         <name>.text:Ethernet_performPopOnPacketQueue</name>
         <load_address>0x200038f0</load_address>
         <run_address>0x200038f0</run_address>
         <size>0x12</size>
         <input_file_ref idref="fl-10"/>
      </object_component>
      <object_component id="oc-437">
         <name>.text:Ethernet_setRxDescRingLength</name>
         <load_address>0x20003908</load_address>
         <run_address>0x20003908</run_address>
         <size>0x12</size>
         <input_file_ref idref="fl-10"/>
      </object_component>
      <object_component id="oc-41e">
         <name>.text:Ethernet_setTxDescRingLength</name>
         <load_address>0x20003920</load_address>
         <run_address>0x20003920</run_address>
         <size>0x12</size>
         <input_file_ref idref="fl-10"/>
      </object_component>
      <object_component id="oc-269">
         <name>.text:Platform_disableCoreInterrupt</name>
         <load_address>0x20003938</load_address>
         <run_address>0x20003938</run_address>
         <size>0x12</size>
         <input_file_ref idref="fl-5"/>
      </object_component>
      <object_component id="oc-387">
         <name>.text:Ethernet_configureMDIO</name>
         <load_address>0x20003950</load_address>
         <run_address>0x20003950</run_address>
         <size>0x10</size>
         <input_file_ref idref="fl-10"/>
      </object_component>
      <object_component id="oc-16e">
         <name>.text:Ethernet_enableDmaInterrupt</name>
         <load_address>0x20003960</load_address>
         <run_address>0x20003960</run_address>
         <size>0x10</size>
         <input_file_ref idref="fl-10"/>
      </object_component>
      <object_component id="oc-d4">
         <name>.text:Ethernet_disableTxEEEMode</name>
         <load_address>0x20003970</load_address>
         <run_address>0x20003970</run_address>
         <size>0xe</size>
         <input_file_ref idref="fl-10"/>
      </object_component>
      <object_component id="oc-1f">
         <name>.text:decompress:none:__TI_decompress_none</name>
         <load_address>0x2000397e</load_address>
         <run_address>0x2000397e</run_address>
         <size>0xe</size>
         <input_file_ref idref="fl-e7"/>
      </object_component>
      <object_component id="oc-9f">
         <name>.text:Ethernet_clearDMAChannelInterrupt</name>
         <load_address>0x20003990</load_address>
         <run_address>0x20003990</run_address>
         <size>0xc</size>
         <input_file_ref idref="fl-10"/>
      </object_component>
      <object_component id="oc-34f">
         <name>.text:Ethernet_configureRevMIIAddress</name>
         <load_address>0x200039a0</load_address>
         <run_address>0x200039a0</run_address>
         <size>0xc</size>
         <input_file_ref idref="fl-10"/>
      </object_component>
      <object_component id="oc-375">
         <name>.text:Ethernet_setMTLOpmode</name>
         <load_address>0x200039b0</load_address>
         <run_address>0x200039b0</run_address>
         <size>0xc</size>
         <input_file_ref idref="fl-10"/>
      </object_component>
      <object_component id="oc-42b">
         <name>.text:Ethernet_writeRxDescListAddress</name>
         <load_address>0x200039c0</load_address>
         <run_address>0x200039c0</run_address>
         <size>0xc</size>
         <input_file_ref idref="fl-10"/>
      </object_component>
      <object_component id="oc-e0">
         <name>.text:Ethernet_writeRxDescTailPointer</name>
         <load_address>0x200039d0</load_address>
         <run_address>0x200039d0</run_address>
         <size>0xc</size>
         <input_file_ref idref="fl-10"/>
      </object_component>
      <object_component id="oc-412">
         <name>.text:Ethernet_writeTxDescListAddress</name>
         <load_address>0x200039e0</load_address>
         <run_address>0x200039e0</run_address>
         <size>0xc</size>
         <input_file_ref idref="fl-10"/>
      </object_component>
      <object_component id="oc-210">
         <name>.text:Ethernet_writeTxDescTailPointer</name>
         <load_address>0x200039f0</load_address>
         <run_address>0x200039f0</run_address>
         <size>0xc</size>
         <input_file_ref idref="fl-10"/>
      </object_component>
      <object_component id="oc-62">
         <name>.text:decompress:ZI:__TI_zero_init</name>
         <load_address>0x200039fc</load_address>
         <run_address>0x200039fc</run_address>
         <size>0xc</size>
         <input_file_ref idref="fl-e6"/>
      </object_component>
      <object_component id="oc-176">
         <name>.text:Ethernet_getPHYMode</name>
         <load_address>0x20003a08</load_address>
         <run_address>0x20003a08</run_address>
         <size>0xa</size>
         <input_file_ref idref="fl-10"/>
      </object_component>
      <object_component id="oc-38d">
         <name>.text:Ethernet_configurePHYAddress</name>
         <load_address>0x20003a18</load_address>
         <run_address>0x20003a18</run_address>
         <size>0x8</size>
         <input_file_ref idref="fl-10"/>
      </object_component>
      <object_component id="oc-37b">
         <name>.text:Ethernet_setDMAMode</name>
         <load_address>0x20003a20</load_address>
         <run_address>0x20003a20</run_address>
         <size>0x8</size>
         <input_file_ref idref="fl-10"/>
      </object_component>
      <object_component id="oc-29c">
         <name>.text:Ethernet_setMACConfiguration</name>
         <load_address>0x20003a28</load_address>
         <run_address>0x20003a28</run_address>
         <size>0x8</size>
         <input_file_ref idref="fl-10"/>
      </object_component>
      <object_component id="oc-381">
         <name>.text:Ethernet_setMACPacketFilter</name>
         <load_address>0x20003a30</load_address>
         <run_address>0x20003a30</run_address>
         <size>0x8</size>
         <input_file_ref idref="fl-10"/>
      </object_component>
      <object_component id="oc-251">
         <name>.text:Platform_enablePeripheral</name>
         <load_address>0x20003a38</load_address>
         <run_address>0x20003a38</run_address>
         <size>0x6</size>
         <input_file_ref idref="fl-1a"/>
      </object_component>
      <object_component id="oc-24b">
         <name>.text:Platform_resetPeripheral</name>
         <load_address>0x20003a40</load_address>
         <run_address>0x20003a40</run_address>
         <size>0x6</size>
         <input_file_ref idref="fl-1a"/>
      </object_component>
      <object_component id="oc-1c8">
         <name>.text:Cycle_100ms</name>
         <load_address>0x20003a48</load_address>
         <run_address>0x20003a48</run_address>
         <size>0x4</size>
         <input_file_ref idref="fl-2"/>
      </object_component>
      <object_component id="oc-146">
         <name>.text:Ethernet_HW_descQueueGetCount</name>
         <load_address>0x20003a50</load_address>
         <run_address>0x20003a50</run_address>
         <size>0x4</size>
         <input_file_ref idref="fl-10"/>
      </object_component>
      <object_component id="oc-218">
         <name>.text:Ethernet_returnTopOfPacketQueue</name>
         <load_address>0x20003a58</load_address>
         <run_address>0x20003a58</run_address>
         <size>0x4</size>
         <input_file_ref idref="fl-10"/>
      </object_component>
      <object_component id="oc-17f">
         <name>.text:__error__</name>
         <load_address>0x20003a60</load_address>
         <run_address>0x20003a60</run_address>
         <size>0x4</size>
         <input_file_ref idref="fl-8"/>
      </object_component>
      <object_component id="oc-8c">
         <name>.text:defaultISR</name>
         <load_address>0x20003a68</load_address>
         <run_address>0x20003a68</run_address>
         <size>0x2</size>
         <input_file_ref idref="fl-9"/>
      </object_component>
      <object_component id="oc-86">
         <name>.text:faultISR</name>
         <load_address>0x20003a70</load_address>
         <run_address>0x20003a70</run_address>
         <size>0x2</size>
         <input_file_ref idref="fl-9"/>
      </object_component>
      <object_component id="oc-1ac">
         <name>.TI.ramfunc</name>
         <load_address>0x1fffe000</load_address>
         <run_address>0x1fffe000</run_address>
         <size>0x6</size>
         <input_file_ref idref="fl-1c"/>
      </object_component>
      <object_component id="oc-4f8">
         <name>.cinit..vtable.load</name>
         <load_address>0x1fffe008</load_address>
         <run_address>0x1fffe008</run_address>
         <size>0x24</size>
      </object_component>
      <object_component id="oc-4f9">
         <name>.cinit..data.load</name>
         <load_address>0x1fffe02c</load_address>
         <run_address>0x1fffe02c</run_address>
         <size>0x21</size>
      </object_component>
      <object_component id="oc-4f6">
         <name>__TI_handler_table</name>
         <load_address>0x1fffe050</load_address>
         <run_address>0x1fffe050</run_address>
         <size>0xc</size>
      </object_component>
      <object_component id="oc-4fa">
         <name>.cinit..bss.load</name>
         <load_address>0x1fffe060</load_address>
         <run_address>0x1fffe060</run_address>
         <size>0x8</size>
      </object_component>
      <object_component id="oc-4f7">
         <name>__TI_cinit_table</name>
         <load_address>0x1fffe068</load_address>
         <run_address>0x1fffe068</run_address>
         <size>0x18</size>
      </object_component>
      <object_component id="oc-42">
         <name>.stack</name>
         <uninitialized>true</uninitialized>
         <run_address>0x1fffc000</run_address>
         <size>0x4</size>
         <input_file_ref idref="fl-e9"/>
      </object_component>
      <object_component id="oc-4fc">
         <name>.stack</name>
         <uninitialized>true</uninitialized>
         <run_address>0x1fffc000</run_address>
         <size>0x0</size>
      </object_component>
      <object_component id="oc-2de">
         <name>.data</name>
         <load_address>0x2000de34</load_address>
         <run_address>0x2000de34</run_address>
         <size>0x4</size>
         <input_file_ref idref="fl-3"/>
      </object_component>
      <object_component id="oc-3fc">
         <name>.data:xEthApp</name>
         <load_address>0x2000de0c</load_address>
         <run_address>0x2000de0c</run_address>
         <size>0x18</size>
         <input_file_ref idref="fl-3"/>
      </object_component>
      <object_component id="oc-3b9">
         <name>.data</name>
         <load_address>0x2000de24</load_address>
         <run_address>0x2000de24</run_address>
         <size>0x8</size>
         <input_file_ref idref="fl-4"/>
      </object_component>
      <object_component id="oc-248">
         <name>.data:xEthDriver</name>
         <load_address>0x2000d9a8</load_address>
         <run_address>0x2000d9a8</run_address>
         <size>0x408</size>
         <input_file_ref idref="fl-5"/>
      </object_component>
      <object_component id="oc-34a">
         <name>.data</name>
         <load_address>0x2000de2c</load_address>
         <run_address>0x2000de2c</run_address>
         <size>0x8</size>
         <input_file_ref idref="fl-5"/>
      </object_component>
      <object_component id="oc-a5">
         <name>.data</name>
         <load_address>0x2000ddb0</load_address>
         <run_address>0x2000ddb0</run_address>
         <size>0x5c</size>
         <input_file_ref idref="fl-10"/>
      </object_component>
      <object_component id="oc-463">
         <name>.bss:s_xTxPktDesc</name>
         <uninitialized>true</uninitialized>
         <run_address>0x2000d664</run_address>
         <size>0x130</size>
         <input_file_ref idref="fl-3"/>
      </object_component>
      <object_component id="oc-28d">
         <name>.bss:s_ucRxBuf</name>
         <uninitialized>true</uninitialized>
         <run_address>0x2000c000</run_address>
         <size>0x1200</size>
         <input_file_ref idref="fl-5"/>
      </object_component>
      <object_component id="oc-333">
         <name>.bss:s_xRxPktDesc</name>
         <uninitialized>true</uninitialized>
         <run_address>0x2000d8b4</run_address>
         <size>0xe4</size>
         <input_file_ref idref="fl-5"/>
      </object_component>
      <object_component id="oc-3aa">
         <name>.common:xEthCtrl</name>
         <uninitialized>true</uninitialized>
         <run_address>0x2000d794</run_address>
         <size>0x120</size>
      </object_component>
      <object_component id="oc-1bf">
         <name>.common:xTimer</name>
         <uninitialized>true</uninitialized>
         <run_address>0x2000d998</run_address>
         <size>0xe</size>
      </object_component>
      <object_component id="oc-96">
         <name>.common:Ethernet_device_struct</name>
         <uninitialized>true</uninitialized>
         <run_address>0x2000d200</run_address>
         <size>0x264</size>
      </object_component>
      <object_component id="oc-368">
         <name>.common:Ethernet_descArray</name>
         <uninitialized>true</uninitialized>
         <run_address>0x2000d464</run_address>
         <size>0x200</size>
      </object_component>
      <object_component id="oc-23e">
         <name>.const:IPC_Instance</name>
         <load_address>0x1fffc200</load_address>
         <run_address>0x1fffc200</run_address>
         <size>0x88</size>
         <input_file_ref idref="fl-16"/>
      </object_component>
      <object_component id="oc-325">
         <name>MSGRAM_CM_TO_CPU1</name>
         <uninitialized>true</uninitialized>
         <run_address>0x20082000</run_address>
         <size>0x110</size>
         <input_file_ref idref="fl-16"/>
      </object_component>
      <object_component id="oc-32b">
         <name>MSGRAM_CM_TO_CPU2</name>
         <uninitialized>true</uninitialized>
         <run_address>0x20086000</run_address>
         <size>0x110</size>
         <input_file_ref idref="fl-16"/>
      </object_component>
      <object_component id="oc-328">
         <name>MSGRAM_CPU1_TO_CM</name>
         <uninitialized>true</uninitialized>
         <run_address>0x20080000</run_address>
         <size>0x110</size>
         <input_file_ref idref="fl-16"/>
      </object_component>
      <object_component id="oc-32e">
         <name>MSGRAM_CPU2_TO_CM</name>
         <uninitialized>true</uninitialized>
         <run_address>0x20084000</run_address>
         <size>0x110</size>
         <input_file_ref idref="fl-16"/>
      </object_component>
      <object_component id="oc-20d">
         <name>.debug_info</name>
         <load_address>0x0</load_address>
         <run_address>0x0</run_address>
         <size>0x50d</size>
         <input_file_ref idref="fl-2"/>
      </object_component>
      <object_component id="oc-1c3">
         <name>.debug_info</name>
         <load_address>0x50d</load_address>
         <run_address>0x50d</run_address>
         <size>0x13b</size>
         <input_file_ref idref="fl-2"/>
      </object_component>
      <object_component id="oc-1c9">
         <name>.debug_info</name>
         <load_address>0x648</load_address>
         <run_address>0x648</run_address>
         <size>0x137</size>
         <input_file_ref idref="fl-2"/>
      </object_component>
      <object_component id="oc-111">
         <name>.debug_info</name>
         <load_address>0x77f</load_address>
         <run_address>0x77f</run_address>
         <size>0x1ac</size>
         <input_file_ref idref="fl-2"/>
      </object_component>
      <object_component id="oc-126">
         <name>.debug_info</name>
         <load_address>0x92b</load_address>
         <run_address>0x92b</run_address>
         <size>0x224f</size>
         <input_file_ref idref="fl-2"/>
      </object_component>
      <object_component id="oc-45d">
         <name>.debug_info</name>
         <load_address>0x2b7a</load_address>
         <run_address>0x2b7a</run_address>
         <size>0x26d</size>
         <input_file_ref idref="fl-2"/>
      </object_component>
      <object_component id="oc-310">
         <name>.debug_info</name>
         <load_address>0x2de7</load_address>
         <run_address>0x2de7</run_address>
         <size>0x297</size>
         <input_file_ref idref="fl-2"/>
      </object_component>
      <object_component id="oc-12b">
         <name>.debug_info</name>
         <load_address>0x307e</load_address>
         <run_address>0x307e</run_address>
         <size>0x4e1</size>
         <input_file_ref idref="fl-2"/>
      </object_component>
      <object_component id="oc-2d9">
         <name>.debug_info</name>
         <load_address>0x355f</load_address>
         <run_address>0x355f</run_address>
         <size>0xc2</size>
         <input_file_ref idref="fl-2"/>
      </object_component>
      <object_component id="oc-135">
         <name>.debug_info</name>
         <load_address>0x3621</load_address>
         <run_address>0x3621</run_address>
         <size>0x26b</size>
         <input_file_ref idref="fl-2"/>
      </object_component>
      <object_component id="oc-339">
         <name>.debug_info</name>
         <load_address>0x388c</load_address>
         <run_address>0x388c</run_address>
         <size>0x74</size>
         <input_file_ref idref="fl-2"/>
      </object_component>
      <object_component id="oc-458">
         <name>.debug_info</name>
         <load_address>0x3900</load_address>
         <run_address>0x3900</run_address>
         <size>0x198</size>
         <input_file_ref idref="fl-2"/>
      </object_component>
      <object_component id="oc-130">
         <name>.debug_info</name>
         <load_address>0x3a98</load_address>
         <run_address>0x3a98</run_address>
         <size>0x8b</size>
         <input_file_ref idref="fl-2"/>
      </object_component>
      <object_component id="oc-190">
         <name>.debug_info</name>
         <load_address>0x3b23</load_address>
         <run_address>0x3b23</run_address>
         <size>0x2a4</size>
         <input_file_ref idref="fl-2"/>
      </object_component>
      <object_component id="oc-e7">
         <name>.debug_info</name>
         <load_address>0x3dc7</load_address>
         <run_address>0x3dc7</run_address>
         <size>0xbb</size>
         <input_file_ref idref="fl-2"/>
      </object_component>
      <object_component id="oc-141">
         <name>.debug_info</name>
         <load_address>0x3e82</load_address>
         <run_address>0x3e82</run_address>
         <size>0x2c</size>
         <input_file_ref idref="fl-2"/>
      </object_component>
      <object_component id="oc-4a9">
         <name>.debug_info</name>
         <load_address>0x3eae</load_address>
         <run_address>0x3eae</run_address>
         <size>0x2c</size>
         <input_file_ref idref="fl-2"/>
      </object_component>
      <object_component id="oc-13c">
         <name>.debug_info</name>
         <load_address>0x3eda</load_address>
         <run_address>0x3eda</run_address>
         <size>0x35</size>
         <input_file_ref idref="fl-2"/>
      </object_component>
      <object_component id="oc-3ab">
         <name>.debug_info</name>
         <load_address>0x3f0f</load_address>
         <run_address>0x3f0f</run_address>
         <size>0x586</size>
         <input_file_ref idref="fl-3"/>
      </object_component>
      <object_component id="oc-464">
         <name>.debug_info</name>
         <load_address>0x4495</load_address>
         <run_address>0x4495</run_address>
         <size>0xfe</size>
         <input_file_ref idref="fl-3"/>
      </object_component>
      <object_component id="oc-2df">
         <name>.debug_info</name>
         <load_address>0x4593</load_address>
         <run_address>0x4593</run_address>
         <size>0x137</size>
         <input_file_ref idref="fl-3"/>
      </object_component>
      <object_component id="oc-3fd">
         <name>.debug_info</name>
         <load_address>0x46ca</load_address>
         <run_address>0x46ca</run_address>
         <size>0xf5</size>
         <input_file_ref idref="fl-3"/>
      </object_component>
      <object_component id="oc-3af">
         <name>.debug_info</name>
         <load_address>0x47bf</load_address>
         <run_address>0x47bf</run_address>
         <size>0x1d3</size>
         <input_file_ref idref="fl-3"/>
      </object_component>
      <object_component id="oc-477">
         <name>.debug_info</name>
         <load_address>0x4992</load_address>
         <run_address>0x4992</run_address>
         <size>0x17e</size>
         <input_file_ref idref="fl-3"/>
      </object_component>
      <object_component id="oc-4bd">
         <name>.debug_info</name>
         <load_address>0x4b10</load_address>
         <run_address>0x4b10</run_address>
         <size>0x1a9</size>
         <input_file_ref idref="fl-3"/>
      </object_component>
      <object_component id="oc-47e">
         <name>.debug_info</name>
         <load_address>0x4cb9</load_address>
         <run_address>0x4cb9</run_address>
         <size>0x1e6</size>
         <input_file_ref idref="fl-3"/>
      </object_component>
      <object_component id="oc-484">
         <name>.debug_info</name>
         <load_address>0x4e9f</load_address>
         <run_address>0x4e9f</run_address>
         <size>0x1f5</size>
         <input_file_ref idref="fl-3"/>
      </object_component>
      <object_component id="oc-3b5">
         <name>.debug_info</name>
         <load_address>0x5094</load_address>
         <run_address>0x5094</run_address>
         <size>0x20a</size>
         <input_file_ref idref="fl-3"/>
      </object_component>
      <object_component id="oc-401">
         <name>.debug_info</name>
         <load_address>0x529e</load_address>
         <run_address>0x529e</run_address>
         <size>0x311</size>
         <input_file_ref idref="fl-3"/>
      </object_component>
      <object_component id="oc-3be">
         <name>.debug_info</name>
         <load_address>0x55af</load_address>
         <run_address>0x55af</run_address>
         <size>0x3db</size>
         <input_file_ref idref="fl-3"/>
      </object_component>
      <object_component id="oc-35f">
         <name>.debug_info</name>
         <load_address>0x598a</load_address>
         <run_address>0x598a</run_address>
         <size>0x440</size>
         <input_file_ref idref="fl-3"/>
      </object_component>
      <object_component id="oc-2e3">
         <name>.debug_info</name>
         <load_address>0x5dca</load_address>
         <run_address>0x5dca</run_address>
         <size>0x221</size>
         <input_file_ref idref="fl-3"/>
      </object_component>
      <object_component id="oc-475">
         <name>.debug_info</name>
         <load_address>0x5feb</load_address>
         <run_address>0x5feb</run_address>
         <size>0x2f2</size>
         <input_file_ref idref="fl-4"/>
      </object_component>
      <object_component id="oc-3ba">
         <name>.debug_info</name>
         <load_address>0x62dd</load_address>
         <run_address>0x62dd</run_address>
         <size>0x12b</size>
         <input_file_ref idref="fl-4"/>
      </object_component>
      <object_component id="oc-2af">
         <name>.debug_info</name>
         <load_address>0x6408</load_address>
         <run_address>0x6408</run_address>
         <size>0x901</size>
         <input_file_ref idref="fl-5"/>
      </object_component>
      <object_component id="oc-249">
         <name>.debug_info</name>
         <load_address>0x6d09</load_address>
         <run_address>0x6d09</run_address>
         <size>0xfb</size>
         <input_file_ref idref="fl-5"/>
      </object_component>
      <object_component id="oc-28e">
         <name>.debug_info</name>
         <load_address>0x6e04</load_address>
         <run_address>0x6e04</run_address>
         <size>0xf8</size>
         <input_file_ref idref="fl-5"/>
      </object_component>
      <object_component id="oc-334">
         <name>.debug_info</name>
         <load_address>0x6efc</load_address>
         <run_address>0x6efc</run_address>
         <size>0xfe</size>
         <input_file_ref idref="fl-5"/>
      </object_component>
      <object_component id="oc-34b">
         <name>.debug_info</name>
         <load_address>0x6ffa</load_address>
         <run_address>0x6ffa</run_address>
         <size>0x172</size>
         <input_file_ref idref="fl-5"/>
      </object_component>
      <object_component id="oc-397">
         <name>.debug_info</name>
         <load_address>0x716c</load_address>
         <run_address>0x716c</run_address>
         <size>0x1a6</size>
         <input_file_ref idref="fl-5"/>
      </object_component>
      <object_component id="oc-2a3">
         <name>.debug_info</name>
         <load_address>0x7312</load_address>
         <run_address>0x7312</run_address>
         <size>0x188</size>
         <input_file_ref idref="fl-5"/>
      </object_component>
      <object_component id="oc-264">
         <name>.debug_info</name>
         <load_address>0x749a</load_address>
         <run_address>0x749a</run_address>
         <size>0x167</size>
         <input_file_ref idref="fl-5"/>
      </object_component>
      <object_component id="oc-26a">
         <name>.debug_info</name>
         <load_address>0x7601</load_address>
         <run_address>0x7601</run_address>
         <size>0x169</size>
         <input_file_ref idref="fl-5"/>
      </object_component>
      <object_component id="oc-243">
         <name>.debug_info</name>
         <load_address>0x776a</load_address>
         <run_address>0x776a</run_address>
         <size>0x15b</size>
         <input_file_ref idref="fl-5"/>
      </object_component>
      <object_component id="oc-1ae">
         <name>.debug_info</name>
         <load_address>0x78c5</load_address>
         <run_address>0x78c5</run_address>
         <size>0x4b9</size>
         <input_file_ref idref="fl-5"/>
      </object_component>
      <object_component id="oc-406">
         <name>.debug_info</name>
         <load_address>0x7d7e</load_address>
         <run_address>0x7d7e</run_address>
         <size>0x162</size>
         <input_file_ref idref="fl-5"/>
      </object_component>
      <object_component id="oc-40c">
         <name>.debug_info</name>
         <load_address>0x7ee0</load_address>
         <run_address>0x7ee0</run_address>
         <size>0x18c</size>
         <input_file_ref idref="fl-5"/>
      </object_component>
      <object_component id="oc-46d">
         <name>.debug_info</name>
         <load_address>0x806c</load_address>
         <run_address>0x806c</run_address>
         <size>0x162</size>
         <input_file_ref idref="fl-5"/>
      </object_component>
      <object_component id="oc-288">
         <name>.debug_info</name>
         <load_address>0x81ce</load_address>
         <run_address>0x81ce</run_address>
         <size>0x176</size>
         <input_file_ref idref="fl-5"/>
      </object_component>
      <object_component id="oc-27c">
         <name>.debug_info</name>
         <load_address>0x8344</load_address>
         <run_address>0x8344</run_address>
         <size>0x175</size>
         <input_file_ref idref="fl-5"/>
      </object_component>
      <object_component id="oc-282">
         <name>.debug_info</name>
         <load_address>0x84b9</load_address>
         <run_address>0x84b9</run_address>
         <size>0x1cc</size>
         <input_file_ref idref="fl-5"/>
      </object_component>
      <object_component id="oc-2d6">
         <name>.debug_info</name>
         <load_address>0x8685</load_address>
         <run_address>0x8685</run_address>
         <size>0x479</size>
         <input_file_ref idref="fl-6"/>
      </object_component>
      <object_component id="oc-1ba">
         <name>.debug_info</name>
         <load_address>0x8afe</load_address>
         <run_address>0x8afe</run_address>
         <size>0x1d0</size>
         <input_file_ref idref="fl-6"/>
      </object_component>
      <object_component id="oc-234">
         <name>.debug_info</name>
         <load_address>0x8cce</load_address>
         <run_address>0x8cce</run_address>
         <size>0x18d</size>
         <input_file_ref idref="fl-6"/>
      </object_component>
      <object_component id="oc-1a7">
         <name>.debug_info</name>
         <load_address>0x8e5b</load_address>
         <run_address>0x8e5b</run_address>
         <size>0x152</size>
         <input_file_ref idref="fl-6"/>
      </object_component>
      <object_component id="oc-1c0">
         <name>.debug_info</name>
         <load_address>0x8fad</load_address>
         <run_address>0x8fad</run_address>
         <size>0x459</size>
         <input_file_ref idref="fl-7"/>
      </object_component>
      <object_component id="oc-2b1">
         <name>.debug_info</name>
         <load_address>0x9406</load_address>
         <run_address>0x9406</run_address>
         <size>0x203</size>
         <input_file_ref idref="fl-7"/>
      </object_component>
      <object_component id="oc-2c9">
         <name>.debug_info</name>
         <load_address>0x9609</load_address>
         <run_address>0x9609</run_address>
         <size>0x140</size>
         <input_file_ref idref="fl-7"/>
      </object_component>
      <object_component id="oc-2c3">
         <name>.debug_info</name>
         <load_address>0x9749</load_address>
         <run_address>0x9749</run_address>
         <size>0x140</size>
         <input_file_ref idref="fl-7"/>
      </object_component>
      <object_component id="oc-2b7">
         <name>.debug_info</name>
         <load_address>0x9889</load_address>
         <run_address>0x9889</run_address>
         <size>0x140</size>
         <input_file_ref idref="fl-7"/>
      </object_component>
      <object_component id="oc-2bd">
         <name>.debug_info</name>
         <load_address>0x99c9</load_address>
         <run_address>0x99c9</run_address>
         <size>0x229</size>
         <input_file_ref idref="fl-7"/>
      </object_component>
      <object_component id="oc-1b4">
         <name>.debug_info</name>
         <load_address>0x9bf2</load_address>
         <run_address>0x9bf2</run_address>
         <size>0x524</size>
         <input_file_ref idref="fl-7"/>
      </object_component>
      <object_component id="oc-229">
         <name>.debug_info</name>
         <load_address>0xa116</load_address>
         <run_address>0xa116</run_address>
         <size>0x398</size>
         <input_file_ref idref="fl-8"/>
      </object_component>
      <object_component id="oc-180">
         <name>.debug_info</name>
         <load_address>0xa4ae</load_address>
         <run_address>0xa4ae</run_address>
         <size>0x16e</size>
         <input_file_ref idref="fl-8"/>
      </object_component>
      <object_component id="oc-22c">
         <name>.debug_info</name>
         <load_address>0xa61c</load_address>
         <run_address>0xa61c</run_address>
         <size>0x322</size>
         <input_file_ref idref="fl-8"/>
      </object_component>
      <object_component id="oc-1a1">
         <name>.debug_info</name>
         <load_address>0xa93e</load_address>
         <run_address>0xa93e</run_address>
         <size>0x15e</size>
         <input_file_ref idref="fl-8"/>
      </object_component>
      <object_component id="oc-94">
         <name>.debug_info</name>
         <load_address>0xaa9c</load_address>
         <run_address>0xaa9c</run_address>
         <size>0x34e</size>
         <input_file_ref idref="fl-9"/>
      </object_component>
      <object_component id="oc-28">
         <name>.debug_info</name>
         <load_address>0xadea</load_address>
         <run_address>0xadea</run_address>
         <size>0x10c</size>
         <input_file_ref idref="fl-9"/>
      </object_component>
      <object_component id="oc-2b">
         <name>.debug_info</name>
         <load_address>0xaef6</load_address>
         <run_address>0xaef6</run_address>
         <size>0x159</size>
         <input_file_ref idref="fl-9"/>
      </object_component>
      <object_component id="oc-82">
         <name>.debug_info</name>
         <load_address>0xb04f</load_address>
         <run_address>0xb04f</run_address>
         <size>0x155</size>
         <input_file_ref idref="fl-9"/>
      </object_component>
      <object_component id="oc-88">
         <name>.debug_info</name>
         <load_address>0xb1a4</load_address>
         <run_address>0xb1a4</run_address>
         <size>0x14e</size>
         <input_file_ref idref="fl-9"/>
      </object_component>
      <object_component id="oc-8e">
         <name>.debug_info</name>
         <load_address>0xb2f2</load_address>
         <run_address>0xb2f2</run_address>
         <size>0x152</size>
         <input_file_ref idref="fl-9"/>
      </object_component>
      <object_component id="oc-4b">
         <name>.debug_info</name>
         <load_address>0xb444</load_address>
         <run_address>0xb444</run_address>
         <size>0x84</size>
         <input_file_ref idref="fl-c"/>
      </object_component>
      <object_component id="oc-97">
         <name>.debug_info</name>
         <load_address>0xb4c8</load_address>
         <run_address>0xb4c8</run_address>
         <size>0x48d</size>
         <input_file_ref idref="fl-10"/>
      </object_component>
      <object_component id="oc-a6">
         <name>.debug_info</name>
         <load_address>0xb955</load_address>
         <run_address>0xb955</run_address>
         <size>0x79b</size>
         <input_file_ref idref="fl-10"/>
      </object_component>
      <object_component id="oc-211">
         <name>.debug_info</name>
         <load_address>0xc0f0</load_address>
         <run_address>0xc0f0</run_address>
         <size>0x218</size>
         <input_file_ref idref="fl-10"/>
      </object_component>
      <object_component id="oc-413">
         <name>.debug_info</name>
         <load_address>0xc308</load_address>
         <run_address>0xc308</run_address>
         <size>0x218</size>
         <input_file_ref idref="fl-10"/>
      </object_component>
      <object_component id="oc-419">
         <name>.debug_info</name>
         <load_address>0xc520</load_address>
         <run_address>0xc520</run_address>
         <size>0x2bc</size>
         <input_file_ref idref="fl-10"/>
      </object_component>
      <object_component id="oc-e1">
         <name>.debug_info</name>
         <load_address>0xc7dc</load_address>
         <run_address>0xc7dc</run_address>
         <size>0x218</size>
         <input_file_ref idref="fl-10"/>
      </object_component>
      <object_component id="oc-42c">
         <name>.debug_info</name>
         <load_address>0xc9f4</load_address>
         <run_address>0xc9f4</run_address>
         <size>0x218</size>
         <input_file_ref idref="fl-10"/>
      </object_component>
      <object_component id="oc-432">
         <name>.debug_info</name>
         <load_address>0xcc0c</load_address>
         <run_address>0xcc0c</run_address>
         <size>0x29c</size>
         <input_file_ref idref="fl-10"/>
      </object_component>
      <object_component id="oc-177">
         <name>.debug_info</name>
         <load_address>0xcea8</load_address>
         <run_address>0xcea8</run_address>
         <size>0x190</size>
         <input_file_ref idref="fl-10"/>
      </object_component>
      <object_component id="oc-bd">
         <name>.debug_info</name>
         <load_address>0xd038</load_address>
         <run_address>0xd038</run_address>
         <size>0x222</size>
         <input_file_ref idref="fl-10"/>
      </object_component>
      <object_component id="oc-147">
         <name>.debug_info</name>
         <load_address>0xd25a</load_address>
         <run_address>0xd25a</run_address>
         <size>0x1cc</size>
         <input_file_ref idref="fl-10"/>
      </object_component>
      <object_component id="oc-14d">
         <name>.debug_info</name>
         <load_address>0xd426</load_address>
         <run_address>0xd426</run_address>
         <size>0x1e9</size>
         <input_file_ref idref="fl-10"/>
      </object_component>
      <object_component id="oc-189">
         <name>.debug_info</name>
         <load_address>0xd60f</load_address>
         <run_address>0xd60f</run_address>
         <size>0x20a</size>
         <input_file_ref idref="fl-10"/>
      </object_component>
      <object_component id="oc-153">
         <name>.debug_info</name>
         <load_address>0xd819</load_address>
         <run_address>0xd819</run_address>
         <size>0x298</size>
         <input_file_ref idref="fl-10"/>
      </object_component>
      <object_component id="oc-9a">
         <name>.debug_info</name>
         <load_address>0xdab1</load_address>
         <run_address>0xdab1</run_address>
         <size>0x33e</size>
         <input_file_ref idref="fl-10"/>
      </object_component>
      <object_component id="oc-a0">
         <name>.debug_info</name>
         <load_address>0xddef</load_address>
         <run_address>0xddef</run_address>
         <size>0x208</size>
         <input_file_ref idref="fl-10"/>
      </object_component>
      <object_component id="oc-31">
         <name>.debug_info</name>
         <load_address>0xdff7</load_address>
         <run_address>0xdff7</run_address>
         <size>0x20d</size>
         <input_file_ref idref="fl-10"/>
      </object_component>
      <object_component id="oc-169">
         <name>.debug_info</name>
         <load_address>0xe204</load_address>
         <run_address>0xe204</run_address>
         <size>0x251</size>
         <input_file_ref idref="fl-10"/>
      </object_component>
      <object_component id="oc-41f">
         <name>.debug_info</name>
         <load_address>0xe455</load_address>
         <run_address>0xe455</run_address>
         <size>0x212</size>
         <input_file_ref idref="fl-10"/>
      </object_component>
      <object_component id="oc-438">
         <name>.debug_info</name>
         <load_address>0xe667</load_address>
         <run_address>0xe667</run_address>
         <size>0x212</size>
         <input_file_ref idref="fl-10"/>
      </object_component>
      <object_component id="oc-425">
         <name>.debug_info</name>
         <load_address>0xe879</load_address>
         <run_address>0xe879</run_address>
         <size>0x272</size>
         <input_file_ref idref="fl-10"/>
      </object_component>
      <object_component id="oc-43e">
         <name>.debug_info</name>
         <load_address>0xeaeb</load_address>
         <run_address>0xeaeb</run_address>
         <size>0x272</size>
         <input_file_ref idref="fl-10"/>
      </object_component>
      <object_component id="oc-376">
         <name>.debug_info</name>
         <load_address>0xed5d</load_address>
         <run_address>0xed5d</run_address>
         <size>0x25c</size>
         <input_file_ref idref="fl-10"/>
      </object_component>
      <object_component id="oc-382">
         <name>.debug_info</name>
         <load_address>0xefb9</load_address>
         <run_address>0xefb9</run_address>
         <size>0x1c2</size>
         <input_file_ref idref="fl-10"/>
      </object_component>
      <object_component id="oc-29d">
         <name>.debug_info</name>
         <load_address>0xf17b</load_address>
         <run_address>0xf17b</run_address>
         <size>0x1c4</size>
         <input_file_ref idref="fl-10"/>
      </object_component>
      <object_component id="oc-297">
         <name>.debug_info</name>
         <load_address>0xf33f</load_address>
         <run_address>0xf33f</run_address>
         <size>0x266</size>
         <input_file_ref idref="fl-10"/>
      </object_component>
      <object_component id="oc-37c">
         <name>.debug_info</name>
         <load_address>0xf5a5</load_address>
         <run_address>0xf5a5</run_address>
         <size>0x1ba</size>
         <input_file_ref idref="fl-10"/>
      </object_component>
      <object_component id="oc-d5">
         <name>.debug_info</name>
         <load_address>0xf75f</load_address>
         <run_address>0xf75f</run_address>
         <size>0x198</size>
         <input_file_ref idref="fl-10"/>
      </object_component>
      <object_component id="oc-cf">
         <name>.debug_info</name>
         <load_address>0xf8f7</load_address>
         <run_address>0xf8f7</run_address>
         <size>0x1fa</size>
         <input_file_ref idref="fl-10"/>
      </object_component>
      <object_component id="oc-4b1">
         <name>.debug_info</name>
         <load_address>0xfaf1</load_address>
         <run_address>0xfaf1</run_address>
         <size>0x27f</size>
         <input_file_ref idref="fl-10"/>
      </object_component>
      <object_component id="oc-467">
         <name>.debug_info</name>
         <load_address>0xfd70</load_address>
         <run_address>0xfd70</run_address>
         <size>0x2b9</size>
         <input_file_ref idref="fl-10"/>
      </object_component>
      <object_component id="oc-219">
         <name>.debug_info</name>
         <load_address>0x10029</load_address>
         <run_address>0x10029</run_address>
         <size>0x1c3</size>
         <input_file_ref idref="fl-10"/>
      </object_component>
      <object_component id="oc-21f">
         <name>.debug_info</name>
         <load_address>0x101ec</load_address>
         <run_address>0x101ec</run_address>
         <size>0x1ff</size>
         <input_file_ref idref="fl-10"/>
      </object_component>
      <object_component id="oc-163">
         <name>.debug_info</name>
         <load_address>0x103eb</load_address>
         <run_address>0x103eb</run_address>
         <size>0x30e</size>
         <input_file_ref idref="fl-10"/>
      </object_component>
      <object_component id="oc-356">
         <name>.debug_info</name>
         <load_address>0x106f9</load_address>
         <run_address>0x106f9</run_address>
         <size>0x18e</size>
         <input_file_ref idref="fl-10"/>
      </object_component>
      <object_component id="oc-15d">
         <name>.debug_info</name>
         <load_address>0x10887</load_address>
         <run_address>0x10887</run_address>
         <size>0x1db</size>
         <input_file_ref idref="fl-10"/>
      </object_component>
      <object_component id="oc-16f">
         <name>.debug_info</name>
         <load_address>0x10a62</load_address>
         <run_address>0x10a62</run_address>
         <size>0x1fc</size>
         <input_file_ref idref="fl-10"/>
      </object_component>
      <object_component id="oc-aa">
         <name>.debug_info</name>
         <load_address>0x10c5e</load_address>
         <run_address>0x10c5e</run_address>
         <size>0x38c</size>
         <input_file_ref idref="fl-10"/>
      </object_component>
      <object_component id="oc-37">
         <name>.debug_info</name>
         <load_address>0x10fea</load_address>
         <run_address>0x10fea</run_address>
         <size>0x20b</size>
         <input_file_ref idref="fl-10"/>
      </object_component>
      <object_component id="oc-b7">
         <name>.debug_info</name>
         <load_address>0x111f5</load_address>
         <run_address>0x111f5</run_address>
         <size>0x1ee</size>
         <input_file_ref idref="fl-10"/>
      </object_component>
      <object_component id="oc-c3">
         <name>.debug_info</name>
         <load_address>0x113e3</load_address>
         <run_address>0x113e3</run_address>
         <size>0x1a7</size>
         <input_file_ref idref="fl-10"/>
      </object_component>
      <object_component id="oc-b1">
         <name>.debug_info</name>
         <load_address>0x1158a</load_address>
         <run_address>0x1158a</run_address>
         <size>0x197</size>
         <input_file_ref idref="fl-10"/>
      </object_component>
      <object_component id="oc-db">
         <name>.debug_info</name>
         <load_address>0x11721</load_address>
         <run_address>0x11721</run_address>
         <size>0x241</size>
         <input_file_ref idref="fl-10"/>
      </object_component>
      <object_component id="oc-444">
         <name>.debug_info</name>
         <load_address>0x11962</load_address>
         <run_address>0x11962</run_address>
         <size>0x1ce</size>
         <input_file_ref idref="fl-10"/>
      </object_component>
      <object_component id="oc-44a">
         <name>.debug_info</name>
         <load_address>0x11b30</load_address>
         <run_address>0x11b30</run_address>
         <size>0x1da</size>
         <input_file_ref idref="fl-10"/>
      </object_component>
      <object_component id="oc-370">
         <name>.debug_info</name>
         <load_address>0x11d0a</load_address>
         <run_address>0x11d0a</run_address>
         <size>0x30d</size>
         <input_file_ref idref="fl-10"/>
      </object_component>
      <object_component id="oc-350">
         <name>.debug_info</name>
         <load_address>0x12017</load_address>
         <run_address>0x12017</run_address>
         <size>0x268</size>
         <input_file_ref idref="fl-10"/>
      </object_component>
      <object_component id="oc-270">
         <name>.debug_info</name>
         <load_address>0x1227f</load_address>
         <run_address>0x1227f</run_address>
         <size>0x203</size>
         <input_file_ref idref="fl-10"/>
      </object_component>
      <object_component id="oc-c9">
         <name>.debug_info</name>
         <load_address>0x12482</load_address>
         <run_address>0x12482</run_address>
         <size>0x254</size>
         <input_file_ref idref="fl-10"/>
      </object_component>
      <object_component id="oc-276">
         <name>.debug_info</name>
         <load_address>0x126d6</load_address>
         <run_address>0x126d6</run_address>
         <size>0x1b1</size>
         <input_file_ref idref="fl-10"/>
      </object_component>
      <object_component id="oc-36a">
         <name>.debug_info</name>
         <load_address>0x12887</load_address>
         <run_address>0x12887</run_address>
         <size>0x284</size>
         <input_file_ref idref="fl-10"/>
      </object_component>
      <object_component id="oc-388">
[...]
         <name>CM_init</name>
         <value>0x200035c1</value>
         <object_component_ref idref="oc-1a0"/>
      </symbol>
      <symbol id="sm-2b3">
         <name>vectorTableRAM</name>
         <value>0x20000c00</value>
         <object_component_ref idref="oc-27"/>
      </symbol>
      <symbol id="sm-520">
         <name>Ethernet_device_struct</name>
         <value>0x2000d200</value>
      </symbol>
      <symbol id="sm-521">
         <name>Ethernet_descArray</name>
         <value>0x2000d464</value>
      </symbol>
      <symbol id="sm-522">
         <name>Ethernet_retrieveRxPacket</name>
         <value>0x20001af1</value>
         <object_component_ref idref="oc-162"/>
      </symbol>
      <symbol id="sm-523">
         <name>Ethernet_rxChan0BufUnavail</name>
         <value>0x2000de00</value>
         <object_component_ref idref="oc-a5"/>
      </symbol>
      <symbol id="sm-524">
         <name>Ethernet_rxChan1BufUnavail</name>
         <value>0x2000de08</value>
         <object_component_ref idref="oc-a5"/>
      </symbol>
      <symbol id="sm-525">
         <name>Ethernet_numTxPktFreeCallback</name>
         <value>0x2000ddb0</value>
         <object_component_ref idref="oc-a5"/>
      </symbol>
      <symbol id="sm-526">
         <name>Ethernet_writeTxDMAControl</name>
         <value>0x20002a79</value>
         <object_component_ref idref="oc-418"/>
      </symbol>
      <symbol id="sm-527">
         <name>Ethernet_getPHYMode</name>
         <value>0x20003a09</value>
         <object_component_ref idref="oc-176"/>
      </symbol>
      <symbol id="sm-528">
         <name>Ethernet_writeTxDescTailPointer</name>
         <value>0x200039f1</value>
         <object_component_ref idref="oc-210"/>
      </symbol>
      <symbol id="sm-529">
         <name>Ethernet_setMTLRxQueueOpMode</name>
         <value>0x20003849</value>
         <object_component_ref idref="oc-43d"/>
      </symbol>
      <symbol id="sm-52a">
         <name>Ethernet_transmitISR</name>
         <value>0x20002fb1</value>
         <object_component_ref idref="oc-30"/>
      </symbol>
      <symbol id="sm-52b">
         <name>Ethernet_setMTLOpmode</name>
         <value>0x200039b1</value>
         <object_component_ref idref="oc-375"/>
      </symbol>
      <symbol id="sm-52c">
         <name>Ethernet_writeTxDescListAddress</name>
         <value>0x200039e1</value>
         <object_component_ref idref="oc-412"/>
      </symbol>
      <symbol id="sm-52d">
         <name>Ethernet_performPushOnPacketQueue</name>
         <value>0x20003759</value>
         <object_component_ref idref="oc-188"/>
      </symbol>
      <symbol id="sm-52e">
         <name>Ethernet_writePHYRegister</name>
         <value>0x20002d21</value>
         <object_component_ref idref="oc-bc"/>
      </symbol>
      <symbol id="sm-52f">
         <name>Ethernet_removePacketsFromTxQueue</name>
         <value>0x20001f91</value>
         <object_component_ref idref="oc-99"/>
      </symbol>
      <symbol id="sm-530">
         <name>Ethernet_performPopOnPacketQueue</name>
         <value>0x200038f1</value>
         <object_component_ref idref="oc-14c"/>
      </symbol>
      <symbol id="sm-531">
         <name>Ethernet_rwakeupPktReceivedCount</name>
         <value>0x2000ddf8</value>
         <object_component_ref idref="oc-a5"/>
      </symbol>
      <symbol id="sm-532">
         <name>Ethernet_isTimestampIntActive</name>
         <value>0x200037b9</value>
         <object_component_ref idref="oc-b0"/>
      </symbol>
      <symbol id="sm-533">
         <name>Ethernet_setMACConfiguration</name>
         <value>0x20003a29</value>
         <object_component_ref idref="oc-29c"/>
      </symbol>
      <symbol id="sm-534">
         <name>Ethernet_genericRxCompletionInterruptCount</name>
         <value>0x2000ddd4</value>
         <object_component_ref idref="oc-a5"/>
      </symbol>
      <symbol id="sm-535">
         <name>Ethernet_numGetPacketBufferCallback</name>
         <value>0x2000ddb8</value>
         <object_component_ref idref="oc-a5"/>
      </symbol>
      <symbol id="sm-536">
         <name>Ethernet_initInterface</name>
         <value>0x20002581</value>
         <object_component_ref idref="oc-26f"/>
      </symbol>
      <symbol id="sm-537">
         <name>Ethernet_receiveISR</name>
         <value>0x20002f49</value>
         <object_component_ref idref="oc-36"/>
      </symbol>
      <symbol id="sm-538">
         <name>Ethernet_sendPacket</name>
         <value>0x200021d1</value>
         <object_component_ref idref="oc-466"/>
      </symbol>
      <symbol id="sm-539">
         <name>Ethernet_isTransmitTimestampStatusSet</name>
         <value>0x200037d9</value>
         <object_component_ref idref="oc-c2"/>
      </symbol>
      <symbol id="sm-53a">
         <name>Ethernet_rxReplacementFailedCount</name>
         <value>0x2000dddc</value>
         <object_component_ref idref="oc-a5"/>
      </symbol>
      <symbol id="sm-53b">
         <name>Ethernet_setTxDescRingLength</name>
         <value>0x20003921</value>
         <object_component_ref idref="oc-41e"/>
      </symbol>
      <symbol id="sm-53c">
         <name>Ethernet_readPHYRegister</name>
         <value>0x20003141</value>
         <object_component_ref idref="oc-b6"/>
      </symbol>
      <symbol id="sm-53d">
         <name>Ethernet_initRxChannel</name>
         <value>0x20002499</value>
         <object_component_ref idref="oc-36f"/>
      </symbol>
      <symbol id="sm-53e">
         <name>Ethernet_setDMAMode</name>
         <value>0x20003a21</value>
         <object_component_ref idref="oc-37b"/>
      </symbol>
      <symbol id="sm-53f">
         <name>Ethernet_addPacketsIntoRxQueue</name>
         <value>0x20002b11</value>
         <object_component_ref idref="oc-da"/>
      </symbol>
      <symbol id="sm-540">
         <name>Ethernet_HW_descQueueGetCount</name>
         <value>0x20003a51</value>
         <object_component_ref idref="oc-146"/>
      </symbol>
      <symbol id="sm-541">
         <name>Ethernet_genericISR</name>
         <value>0x20000d41</value>
         <object_component_ref idref="oc-3c"/>
      </symbol>
      <symbol id="sm-542">
         <name>Ethernet_configureRevMIIAddress</name>
         <value>0x200039a1</value>
         <object_component_ref idref="oc-34f"/>
      </symbol>
      <symbol id="sm-543">
         <name>Ethernet_clearDMAChannelInterrupt</name>
         <value>0x20003991</value>
         <object_component_ref idref="oc-9f"/>
      </symbol>
      <symbol id="sm-544">
         <name>Ethernet_genericInterruptCount</name>
         <value>0x2000ddc8</value>
         <object_component_ref idref="oc-a5"/>
      </symbol>
      <symbol id="sm-545">
         <name>Ethernet_eeeTxLPIEntryCount</name>
         <value>0x2000dde0</value>
         <object_component_ref idref="oc-a5"/>
      </symbol>
      <symbol id="sm-546">
         <name>Ethernet_eeeRxLPIEntryCount</name>
         <value>0x2000dde8</value>
         <object_component_ref idref="oc-a5"/>
      </symbol>
      <symbol id="sm-547">
         <name>Ethernet_getInitConfig</name>
         <value>0x200023b1</value>
         <object_component_ref idref="oc-275"/>
      </symbol>
      <symbol id="sm-548">
         <name>Ethernet_setRxDescRingLength</name>
         <value>0x20003909</value>
         <object_component_ref idref="oc-437"/>
      </symbol>
      <symbol id="sm-549">
         <name>Ethernet_phyLinkStatusChangeInterruptCount</name>
         <value>0x2000ddd8</value>
         <object_component_ref idref="oc-a5"/>
      </symbol>
      <symbol id="sm-54a">
         <name>Ethernet_rxInterruptCount</name>
         <value>0x2000ddc0</value>
         <object_component_ref idref="oc-a5"/>
      </symbol>
      <symbol id="sm-54b">
         <name>Ethernet_resetModule</name>
         <value>0x200036d9</value>
         <object_component_ref idref="oc-355"/>
      </symbol>
      <symbol id="sm-54c">
         <name>Ethernet_removePacketsFromRxQueue</name>
         <value>0x20002649</value>
         <object_component_ref idref="oc-a9"/>
      </symbol>
      <symbol id="sm-54d">
         <name>Ethernet_setMTLTxQueueOpMode</name>
         <value>0x20003799</value>
         <object_component_ref idref="oc-424"/>
      </symbol>
      <symbol id="sm-54e">
         <name>Ethernet_configureEEEClockGatingControl</name>
         <value>0x200035e9</value>
         <object_component_ref idref="oc-ce"/>
      </symbol>
      <symbol id="sm-54f">
         <name>Ethernet_addPacketsIntoTxQueue</name>
         <value>0x20001441</value>
         <object_component_ref idref="oc-152"/>
      </symbol>
      <symbol id="sm-550">
         <name>Ethernet_enableDmaInterrupt</name>
         <value>0x20003961</value>
         <object_component_ref idref="oc-16e"/>
      </symbol>
      <symbol id="sm-551">
         <name>Ethernet_txChan0BufUnavail</name>
         <value>0x2000ddfc</value>
         <object_component_ref idref="oc-a5"/>
      </symbol>
      <symbol id="sm-552">
         <name>Ethernet_earlyTxInterruptCount</name>
         <value>0x2000ddd0</value>
         <object_component_ref idref="oc-a5"/>
      </symbol>
      <symbol id="sm-553">
         <name>Ethernet_txChan1BufUnavail</name>
         <value>0x2000de04</value>
         <object_component_ref idref="oc-a5"/>
      </symbol>
      <symbol id="sm-554">
         <name>Ethernet_magicPktReceivedCount</name>
         <value>0x2000ddf4</value>
         <object_component_ref idref="oc-a5"/>
      </symbol>
      <symbol id="sm-555">
         <name>Ethernet_configurePHYAddress</name>
         <value>0x20003a19</value>
         <object_component_ref idref="oc-38d"/>
      </symbol>
      <symbol id="sm-556">
         <name>Ethernet_rxContextTimeStamp</name>
         <value>0x2000ddc4</value>
         <object_component_ref idref="oc-a5"/>
      </symbol>
      <symbol id="sm-557">
         <name>Ethernet_writeRxDescListAddress</name>
         <value>0x200039c1</value>
         <object_component_ref idref="oc-42b"/>
      </symbol>
      <symbol id="sm-558">
         <name>Ethernet_getOneStepTransmitTimestampPTP</name>
         <value>0x20002d99</value>
         <object_component_ref idref="oc-c8"/>
      </symbol>
      <symbol id="sm-559">
         <name>Ethernet_numRxCallback</name>
         <value>0x2000ddb4</value>
         <object_component_ref idref="oc-a5"/>
      </symbol>
      <symbol id="sm-55a">
         <name>Ethernet_setMACPacketFilter</name>
         <value>0x20003a31</value>
         <object_component_ref idref="oc-381"/>
      </symbol>
      <symbol id="sm-55b">
         <name>Ethernet_pmtInterruptCount</name>
         <value>0x2000ddf0</value>
         <object_component_ref idref="oc-a5"/>
      </symbol>
      <symbol id="sm-55c">
         <name>Ethernet_getHandle</name>
         <value>0x20001e29</value>
         <object_component_ref idref="oc-290"/>
      </symbol>
      <symbol id="sm-55d">
         <name>Ethernet_getRxERICount</name>
         <value>0x200038c1</value>
         <object_component_ref idref="oc-21e"/>
      </symbol>
      <symbol id="sm-55e">
         <name>Ethernet_enableRxDMAReception</name>
         <value>0x200038a9</value>
         <object_component_ref idref="oc-449"/>
      </symbol>
      <symbol id="sm-55f">
         <name>Ethernet_earlyRxInterruptCount</name>
         <value>0x2000ddcc</value>
         <object_component_ref idref="oc-a5"/>
      </symbol>
      <symbol id="sm-560">
         <name>Ethernet_enableMACRxQ</name>
         <value>0x20003611</value>
         <object_component_ref idref="oc-443"/>
      </symbol>
      <symbol id="sm-561">
         <name>Ethernet_nextDescAvailable</name>
         <value>0x20003891</value>
         <object_component_ref idref="oc-15c"/>
      </symbol>
      <symbol id="sm-562">
         <name>Ethernet_configureMDIO</name>
         <value>0x20003951</value>
         <object_component_ref idref="oc-387"/>
      </symbol>
      <symbol id="sm-563">
         <name>Ethernet_writeRxDescTailPointer</name>
         <value>0x200039d1</value>
         <object_component_ref idref="oc-e0"/>
      </symbol>
      <symbol id="sm-564">
         <name>Ethernet_writeRxDMAControl</name>
         <value>0x20003019</value>
         <object_component_ref idref="oc-431"/>
      </symbol>
      <symbol id="sm-565">
         <name>Ethernet_eeeRxLPIExitCount</name>
         <value>0x2000ddec</value>
         <object_component_ref idref="oc-a5"/>
      </symbol>
      <symbol id="sm-566">
         <name>Ethernet_setMACAddr</name>
         <value>0x20003779</value>
         <object_component_ref idref="oc-296"/>
      </symbol>
      <symbol id="sm-567">
         <name>Ethernet_txInterruptCount</name>
         <value>0x2000ddbc</value>
         <object_component_ref idref="oc-a5"/>
      </symbol>
      <symbol id="sm-568">
         <name>Ethernet_disableTxEEEMode</name>
         <value>0x20003971</value>
         <object_component_ref idref="oc-d4"/>
      </symbol>
      <symbol id="sm-569">
         <name>Ethernet_submitRxPacket</name>
         <value>0x20003081</value>
         <object_component_ref idref="oc-168"/>
      </symbol>
      <symbol id="sm-56a">
         <name>Ethernet_eeeTxLPIExitCount</name>
         <value>0x2000dde4</value>
         <object_component_ref idref="oc-a5"/>
      </symbol>
      <symbol id="sm-5a1">
         <name>Interrupt_disable</name>
         <value>0x20002881</value>
         <object_component_ref idref="oc-25d"/>
      </symbol>
      <symbol id="sm-5a2">
         <name>Interrupt_enable</name>
         <value>0x20002931</value>
         <object_component_ref idref="oc-257"/>
      </symbol>
      <symbol id="sm-5a3">
         <name>Interrupt_registerHandler</name>
         <value>0x20002ba1</value>
         <object_component_ref idref="oc-2a8"/>
      </symbol>
      <symbol id="sm-5e5">
         <name>IPC_sendCommand</name>
         <value>0x200030e1</value>
         <object_component_ref idref="oc-2cf"/>
      </symbol>
      <symbol id="sm-5e6">
         <name>IPC_CM_To_CPU2_PutBuffer</name>
         <value>0x20086000</value>
         <object_component_ref idref="oc-32b"/>
      </symbol>
      <symbol id="sm-5e7">
         <name>IPC_registerInterrupt</name>
         <value>0x20003249</value>
         <object_component_ref idref="oc-238"/>
      </symbol>
      <symbol id="sm-5e8">
         <name>IPC_CM_To_CPU1_PutBuffer</name>
         <value>0x20082000</value>
         <object_component_ref idref="oc-325"/>
      </symbol>
      <symbol id="sm-5e9">
         <name>IPC_Instance</name>
         <value>0x1fffc200</value>
         <object_component_ref idref="oc-23e"/>
      </symbol>
      <symbol id="sm-5ea">
         <name>IPC_CM_To_CPU2_GetBuffer</name>
         <value>0x20084000</value>
         <object_component_ref idref="oc-32e"/>
      </symbol>
      <symbol id="sm-5eb">
         <name>IPC_CM_To_CPU1_GetBuffer</name>
         <value>0x20080000</value>
         <object_component_ref idref="oc-328"/>
      </symbol>
      <symbol id="sm-5ec">
         <name>IPC_readCommand</name>
         <value>0x200032a1</value>
         <object_component_ref idref="oc-31c"/>
      </symbol>
      <symbol id="sm-604">
         <name>Platform_enablePeripheral</name>
         <value>0x20003a39</value>
         <object_component_ref idref="oc-251"/>
      </symbol>
      <symbol id="sm-605">
         <name>Platform_resetPeripheral</name>
         <value>0x20003a41</value>
         <object_component_ref idref="oc-24b"/>
      </symbol>
      <symbol id="sm-61d">
         <name>SysCtl_delay</name>
         <value>0x1fffe001</value>
         <object_component_ref idref="oc-1ac"/>
      </symbol>
      <symbol id="sm-61e">
         <name>SysCtl_enablePeripheral</name>
         <value>0x20003561</value>
         <object_component_ref idref="oc-315"/>
      </symbol>
      <symbol id="sm-61f">
         <name>SysCtl_resetPeripheral</name>
         <value>0x20003459</value>
         <object_component_ref idref="oc-33e"/>
      </symbol>
      <symbol id="sm-644">
         <name>memcpy</name>
         <value>0x200029dd</value>
         <object_component_ref idref="oc-50"/>
      </symbol>
      <symbol id="sm-645">
         <name>__aeabi_memcpy</name>
         <value>0x200029dd</value>
         <object_component_ref idref="oc-50"/>
      </symbol>
      <symbol id="sm-646">
         <name>__aeabi_memcpy8</name>
         <value>0x200029dd</value>
         <object_component_ref idref="oc-50"/>
      </symbol>
      <symbol id="sm-647">
         <name>__aeabi_memcpy4</name>
         <value>0x200029dd</value>
         <object_component_ref idref="oc-50"/>
      </symbol>
      <symbol id="sm-657">
         <name>__aeabi_memset</name>
         <value>0x20002c2b</value>
         <object_component_ref idref="oc-103"/>
      </symbol>
      <symbol id="sm-658">
         <name>memset</name>
         <value>0x20002c31</value>
         <object_component_ref idref="oc-103"/>
      </symbol>
      <symbol id="sm-659">
         <name>__aeabi_memset8</name>
         <value>0x20002c2b</value>
         <object_component_ref idref="oc-103"/>
      </symbol>
      <symbol id="sm-65a">
         <name>__aeabi_memset4</name>
         <value>0x20002c2b</value>
         <object_component_ref idref="oc-103"/>
      </symbol>
      <symbol id="sm-65b">
         <name>__aeabi_memclr8</name>
         <value>0x20002c29</value>
         <object_component_ref idref="oc-103"/>
      </symbol>
      <symbol id="sm-65c">
         <name>__aeabi_memclr4</name>
         <value>0x20002c29</value>
         <object_component_ref idref="oc-103"/>
      </symbol>
      <symbol id="sm-65d">
         <name>__aeabi_memclr</name>
         <value>0x20002c29</value>
         <object_component_ref idref="oc-103"/>
      </symbol>
      <symbol id="sm-66f">
         <name>__TI_zero_init</name>
         <value>0x200039fd</value>
         <object_component_ref idref="oc-62"/>
      </symbol>
      <symbol id="sm-686">
         <name>__TI_decompress_none</name>
         <value>0x2000397f</value>
         <object_component_ref idref="oc-1f"/>
      </symbol>
      <symbol id="sm-6a9">
         <name>__TI_decompress_lzss</name>
         <value>0x20002e75</value>
         <object_component_ref idref="oc-19"/>
      </symbol>
      <symbol id="sm-6bb">
         <name>__stack</name>
         <value>0x1fffc000</value>
         <object_component_ref idref="oc-42"/>
      </symbol>
      <symbol id="sm-6bc">
         <name>_c_int00_noargs</name>
         <value>0x20003639</value>
         <object_component_ref idref="oc-6e"/>
      </symbol>
      <symbol id="sm-6e4">
         <name>__TI_auto_init_nobinit_nopinit</name>
         <value>0x2000333d</value>
         <object_component_ref idref="oc-1db"/>
      </symbol>
      <symbol id="sm-6ee">
         <name>_system_pre_init</name>
         <value>0x2000143b</value>
         <object_component_ref idref="oc-109"/>
      </symbol>
      <symbol id="sm-6fa">
         <name>C$$EXIT</name>
         <value>0x20001ca5</value>
         <object_component_ref idref="oc-1cf"/>
      </symbol>
      <symbol id="sm-6fb">
         <name>abort</name>
         <value>0x20001ca5</value>
         <object_component_ref idref="oc-1cf"/>
      </symbol>
      <symbol id="sm-6fe">
         <name>__TI_static_base__</name>
         <value>0x1fffe008</value>
      </symbol>
      <symbol id="sm-702">
         <name>__mpu_init</name>
         <value>0x0</value>
      </symbol>
      <symbol id="sm-703">
         <name>_system_post_cinit</name>
         <value>0x0</value>
      </symbol>
      <symbol id="sm-704">
         <name>Platform_enableInterrupt</name>
         <value>0x20002931</value>
      </symbol>
      <symbol id="sm-705">
         <name>Platform_disableInterrupt</name>
         <value>0x20002881</value>
      </symbol>
   </symbol_table>
   <title>Link successful</title>
</link_info>
