<?xml version="1.0" encoding="ISO-8859-1" ?>
<link_info>
   <banner>TI ARM Linker PC v20.2.7.LTS</banner>
   <copyright>Copyright (c) 1996-2018 Texas Instruments Incorporated</copyright>
   <link_time>0x6a3b9faa</link_time>
   <link_errors>0x0</link_errors>
   <output_file>ATTLA_T_CM.out</output_file>
   <entry_point>
      <name>_c_int00_noargs</name>
      <address>0x20000bdd</address>
   </entry_point>
   <input_file_list>
      <input_file id="fl-2">
         <path>.\</path>
         <kind>object</kind>
         <file>main_cm.obj</file>
         <name>main_cm.obj</name>
      </input_file>
      <input_file id="fl-3">
         <path>.\CSU\</path>
         <kind>object</kind>
         <file>csu_Ethernet_cm.obj</file>
         <name>csu_Ethernet_cm.obj</name>
      </input_file>
      <input_file id="fl-4">
         <path>.\CSU\</path>
         <kind>object</kind>
         <file>csu_Ipc_cm.obj</file>
         <name>csu_Ipc_cm.obj</name>
      </input_file>
      <input_file id="fl-5">
         <path>.\HAL\</path>
         <kind>object</kind>
         <file>hal_Ethernet_cm.obj</file>
         <name>hal_Ethernet_cm.obj</name>
      </input_file>
      <input_file id="fl-6">
         <path>.\HAL\</path>
         <kind>object</kind>
         <file>hal_Ipc_cm.obj</file>
         <name>hal_Ipc_cm.obj</name>
      </input_file>
      <input_file id="fl-7">
         <path>.\HAL\</path>
         <kind>object</kind>
         <file>hal_Timer.obj</file>
         <name>hal_Timer.obj</name>
      </input_file>
      <input_file id="fl-8">
         <path>.\SDK\common\source\</path>
         <kind>object</kind>
         <file>cm.obj</file>
         <name>cm.obj</name>
      </input_file>
      <input_file id="fl-9">
         <path>.\SDK\common\source\</path>
         <kind>object</kind>
         <file>startup_cm.obj</file>
         <name>startup_cm.obj</name>
      </input_file>
      <input_file id="fl-a">
         <path>.\SDK\driverlib_cm\</path>
         <kind>object</kind>
         <file>aes.obj</file>
         <name>aes.obj</name>
      </input_file>
      <input_file id="fl-b">
         <path>.\SDK\driverlib_cm\</path>
         <kind>object</kind>
         <file>can.obj</file>
         <name>can.obj</name>
      </input_file>
      <input_file id="fl-c">
         <path>.\SDK\driverlib_cm\</path>
         <kind>object</kind>
         <file>cmmpu.obj</file>
         <name>cmmpu.obj</name>
      </input_file>
      <input_file id="fl-d">
         <path>.\SDK\driverlib_cm\</path>
         <kind>object</kind>
         <file>cputimer.obj</file>
         <name>cputimer.obj</name>
      </input_file>
      <input_file id="fl-e">
         <path>.\SDK\driverlib_cm\</path>
         <kind>object</kind>
         <file>dcsm.obj</file>
         <name>dcsm.obj</name>
      </input_file>
      <input_file id="fl-f">
         <path>.\SDK\driverlib_cm\</path>
         <kind>object</kind>
         <file>escss.obj</file>
         <name>escss.obj</name>
      </input_file>
      <input_file id="fl-10">
         <path>.\SDK\driverlib_cm\</path>
         <kind>object</kind>
         <file>ethernet.obj</file>
         <name>ethernet.obj</name>
      </input_file>
      <input_file id="fl-11">
         <path>.\SDK\driverlib_cm\</path>
         <kind>object</kind>
         <file>flash.obj</file>
         <name>flash.obj</name>
      </input_file>
      <input_file id="fl-12">
         <path>.\SDK\driverlib_cm\</path>
         <kind>object</kind>
         <file>gcrc.obj</file>
         <name>gcrc.obj</name>
      </input_file>
      <input_file id="fl-13">
         <path>.\SDK\driverlib_cm\</path>
         <kind>object</kind>
         <file>gpio.obj</file>
         <name>gpio.obj</name>
      </input_file>
      <input_file id="fl-14">
         <path>.\SDK\driverlib_cm\</path>
         <kind>object</kind>
         <file>i2c.obj</file>
         <name>i2c.obj</name>
      </input_file>
      <input_file id="fl-15">
         <path>.\SDK\driverlib_cm\</path>
         <kind>object</kind>
         <file>interrupt.obj</file>
         <name>interrupt.obj</name>
      </input_file>
      <input_file id="fl-16">
         <path>.\SDK\driverlib_cm\</path>
         <kind>object</kind>
         <file>ipc.obj</file>
         <name>ipc.obj</name>
      </input_file>
      <input_file id="fl-17">
         <path>.\SDK\driverlib_cm\</path>
         <kind>object</kind>
         <file>mcan.obj</file>
         <name>mcan.obj</name>
      </input_file>
      <input_file id="fl-18">
         <path>.\SDK\driverlib_cm\</path>
         <kind>object</kind>
         <file>memcfg.obj</file>
         <name>memcfg.obj</name>
      </input_file>
      <input_file id="fl-19">
         <path>.\SDK\driverlib_cm\</path>
         <kind>object</kind>
         <file>mpu.obj</file>
         <name>mpu.obj</name>
      </input_file>
      <input_file id="fl-1a">
         <path>.\SDK\driverlib_cm\</path>
         <kind>object</kind>
         <file>platform_port.obj</file>
         <name>platform_port.obj</name>
      </input_file>
      <input_file id="fl-1b">
         <path>.\SDK\driverlib_cm\</path>
         <kind>object</kind>
         <file>ssi.obj</file>
         <name>ssi.obj</name>
      </input_file>
      <input_file id="fl-1c">
         <path>.\SDK\driverlib_cm\</path>
         <kind>object</kind>
         <file>sysctl.obj</file>
         <name>sysctl.obj</name>
      </input_file>
      <input_file id="fl-1d">
         <path>.\SDK\driverlib_cm\</path>
         <kind>object</kind>
         <file>systick.obj</file>
         <name>systick.obj</name>
      </input_file>
      <input_file id="fl-1e">
         <path>.\SDK\driverlib_cm\</path>
         <kind>object</kind>
         <file>uart.obj</file>
         <name>uart.obj</name>
      </input_file>
      <input_file id="fl-1f">
         <path>.\SDK\driverlib_cm\</path>
         <kind>object</kind>
         <file>udma.obj</file>
         <name>udma.obj</name>
      </input_file>
      <input_file id="fl-20">
         <path>.\SDK\driverlib_cm\</path>
         <kind>object</kind>
         <file>usb.obj</file>
         <name>usb.obj</name>
      </input_file>
      <input_file id="fl-27">
         <kind>object</kind>
         <file>&lt;internal&gt;</file>
         <name>&lt;internal&gt;</name>
      </input_file>
      <input_file id="fl-dd">
         <path>C:\ti\ti-cgt-arm_20.2.7.LTS\lib\</path>
         <kind>archive</kind>
         <file>rtsv7M4_T_le_eabi.lib</file>
         <name>fs_add_t2.asm.obj</name>
      </input_file>
      <input_file id="fl-de">
         <path>C:\ti\ti-cgt-arm_20.2.7.LTS\lib\</path>
         <kind>archive</kind>
         <file>rtsv7M4_T_le_eabi.lib</file>
         <name>fs_cmp_t2.asm.obj</name>
      </input_file>
      <input_file id="fl-df">
         <path>C:\ti\ti-cgt-arm_20.2.7.LTS\lib\</path>
         <kind>archive</kind>
         <file>rtsv7M4_T_le_eabi.lib</file>
         <name>fs_mul_t2.asm.obj</name>
      </input_file>
      <input_file id="fl-e0">
         <path>C:\ti\ti-cgt-arm_20.2.7.LTS\lib\</path>
         <kind>archive</kind>
         <file>rtsv7M4_T_le_eabi.lib</file>
         <name>fs_toi_t2.asm.obj</name>
      </input_file>
      <input_file id="fl-e1">
         <path>C:\ti\ti-cgt-arm_20.2.7.LTS\lib\</path>
         <kind>archive</kind>
         <file>rtsv7M4_T_le_eabi.lib</file>
         <name>fs_tou_t2.asm.obj</name>
      </input_file>
      <input_file id="fl-e2">
         <path>C:\ti\ti-cgt-arm_20.2.7.LTS\lib\</path>
         <kind>archive</kind>
         <file>rtsv7M4_T_le_eabi.lib</file>
         <name>i_tofs_t2.asm.obj</name>
      </input_file>
      <input_file id="fl-e3">
         <path>C:\ti\ti-cgt-arm_20.2.7.LTS\lib\</path>
         <kind>archive</kind>
         <file>rtsv7M4_T_le_eabi.lib</file>
         <name>memcpy_t2.asm.obj</name>
      </input_file>
      <input_file id="fl-e4">
         <path>C:\ti\ti-cgt-arm_20.2.7.LTS\lib\</path>
         <kind>archive</kind>
         <file>rtsv7M4_T_le_eabi.lib</file>
         <name>u_tofs_t2.asm.obj</name>
      </input_file>
      <input_file id="fl-e5">
         <path>C:\ti\ti-cgt-arm_20.2.7.LTS\lib\</path>
         <kind>archive</kind>
         <file>rtsv7M4_T_le_eabi.lib</file>
         <name>memset_t2.asm.obj</name>
      </input_file>
      <input_file id="fl-e6">
         <path>C:\ti\ti-cgt-arm_20.2.7.LTS\lib\</path>
         <kind>archive</kind>
         <file>rtsv7M4_T_le_eabi.lib</file>
         <name>copy_zero_init.c.obj</name>
      </input_file>
      <input_file id="fl-e7">
         <path>C:\ti\ti-cgt-arm_20.2.7.LTS\lib\</path>
         <kind>archive</kind>
         <file>rtsv7M4_T_le_eabi.lib</file>
         <name>copy_decompress_none.c.obj</name>
      </input_file>
      <input_file id="fl-e8">
         <path>C:\ti\ti-cgt-arm_20.2.7.LTS\lib\</path>
         <kind>archive</kind>
         <file>rtsv7M4_T_le_eabi.lib</file>
         <name>copy_decompress_lzss.c.obj</name>
      </input_file>
      <input_file id="fl-e9">
         <path>C:\ti\ti-cgt-arm_20.2.7.LTS\lib\</path>
         <kind>archive</kind>
         <file>rtsv7M4_T_le_eabi.lib</file>
         <name>boot_cortex_m.c.obj</name>
      </input_file>
      <input_file id="fl-ea">
         <path>C:\ti\ti-cgt-arm_20.2.7.LTS\lib\</path>
         <kind>archive</kind>
         <file>rtsv7M4_T_le_eabi.lib</file>
         <name>autoinit.c.obj</name>
      </input_file>
      <input_file id="fl-eb">
         <path>C:\ti\ti-cgt-arm_20.2.7.LTS\lib\</path>
         <kind>archive</kind>
         <file>rtsv7M4_T_le_eabi.lib</file>
         <name>pre_init.c.obj</name>
      </input_file>
      <input_file id="fl-ec">
         <path>C:\ti\ti-cgt-arm_20.2.7.LTS\lib\</path>
         <kind>archive</kind>
         <file>rtsv7M4_T_le_eabi.lib</file>
         <name>cpy_tbl.c.obj</name>
      </input_file>
      <input_file id="fl-ed">
         <path>C:\ti\ti-cgt-arm_20.2.7.LTS\lib\</path>
         <kind>archive</kind>
         <file>rtsv7M4_T_le_eabi.lib</file>
         <name>exit.c.obj</name>
      </input_file>
      <input_file id="fl-ee">
         <path>C:\ti\ti-cgt-arm_20.2.7.LTS\lib\</path>
         <kind>archive</kind>
         <file>rtsv7M4_T_le_eabi.lib</file>
         <name>_lock.c.obj</name>
      </input_file>
      <input_file id="fl-ef">
         <path>C:\ti\ti-cgt-arm_20.2.7.LTS\lib\</path>
         <kind>archive</kind>
         <file>rtsv7M4_T_le_eabi.lib</file>
         <name>args_main.c.obj</name>
      </input_file>
   </input_file_list>
   <object_component_list>
      <object_component id="oc-2a">
         <name>.resetisr:resetISR</name>
         <load_address>0x20000800</load_address>
         <run_address>0x20000800</run_address>
         <size>0x6</size>
         <input_file_ref idref="fl-9"/>
      </object_component>
      <object_component id="oc-27">
         <name>.vtable:retain</name>
         <load_address>0x20000c00</load_address>
         <run_address>0x20000c00</run_address>
         <size>0x140</size>
         <input_file_ref idref="fl-9"/>
      </object_component>
      <object_component id="oc-35e">
         <name>.text:processReceivedEthernetPacket</name>
         <load_address>0x20000808</load_address>
         <run_address>0x20000808</run_address>
         <size>0x3d2</size>
         <input_file_ref idref="fl-3"/>
      </object_component>
      <object_component id="oc-6e">
         <name>.text:_c_int00_noargs:_c_int00_noargs</name>
         <load_address>0x20000bdc</load_address>
         <run_address>0x20000bdc</run_address>
         <size>0x24</size>
         <input_file_ref idref="fl-e9"/>
      </object_component>
      <object_component id="oc-3c">
         <name>.text:Ethernet_genericISR</name>
         <load_address>0x20000d40</load_address>
         <run_address>0x20000d40</run_address>
         <size>0x43e</size>
         <input_file_ref idref="fl-10"/>
      </object_component>
      <object_component id="oc-1b2">
         <name>.text:Initial_TIMER</name>
         <load_address>0x20001180</load_address>
         <run_address>0x20001180</run_address>
         <size>0x2ba</size>
         <input_file_ref idref="fl-7"/>
      </object_component>
      <object_component id="oc-109">
         <name>.text:_system_pre_init</name>
         <load_address>0x2000143a</load_address>
         <run_address>0x2000143a</run_address>
         <size>0x4</size>
         <input_file_ref idref="fl-eb"/>
      </object_component>
      <object_component id="oc-152">
         <name>.text:Ethernet_addPacketsIntoTxQueue</name>
         <load_address>0x20001440</load_address>
         <run_address>0x20001440</run_address>
         <size>0x2b8</size>
         <input_file_ref idref="fl-10"/>
      </object_component>
      <object_component id="oc-1ac">
         <name>.text:Initial_Ethernet</name>
         <load_address>0x200016f8</load_address>
         <run_address>0x200016f8</run_address>
         <size>0x220</size>
         <input_file_ref idref="fl-5"/>
      </object_component>
      <object_component id="oc-162">
         <name>.text:Ethernet_retrieveRxPacket</name>
         <load_address>0x20001918</load_address>
         <run_address>0x20001918</run_address>
         <size>0x1b3</size>
         <input_file_ref idref="fl-10"/>
      </object_component>
      <object_component id="oc-1cf">
         <name>.text:abort:abort</name>
         <load_address>0x20001acc</load_address>
         <run_address>0x20001acc</run_address>
         <size>0x4</size>
         <input_file_ref idref="fl-ed"/>
      </object_component>
      <object_component id="oc-2e2">
         <name>.text:Ethernet_StateMachine</name>
         <load_address>0x20001ad0</load_address>
         <run_address>0x20001ad0</run_address>
         <size>0x19e</size>
         <input_file_ref idref="fl-3"/>
      </object_component>
      <object_component id="oc-3b9">
         <name>.text:buildAndSendUdpPacket</name>
         <load_address>0x20001c70</load_address>
         <run_address>0x20001c70</run_address>
         <size>0x180</size>
         <input_file_ref idref="fl-3"/>
      </object_component>
      <object_component id="oc-28f">
         <name>.text:Ethernet_getHandle</name>
         <load_address>0x20001df0</load_address>
         <run_address>0x20001df0</run_address>
         <size>0x164</size>
         <input_file_ref idref="fl-10"/>
      </object_component>
      <object_component id="oc-99">
         <name>.text:Ethernet_removePacketsFromTxQueue</name>
         <load_address>0x20001f58</load_address>
         <run_address>0x20001f58</run_address>
         <size>0x142</size>
         <input_file_ref idref="fl-10"/>
      </object_component>
      <object_component id="oc-10f">
         <name>.text:main</name>
         <load_address>0x200020a0</load_address>
         <run_address>0x200020a0</run_address>
         <size>0xfe</size>
         <input_file_ref idref="fl-2"/>
      </object_component>
      <object_component id="oc-369">
         <name>.text:Ethernet_initTxChannel</name>
         <load_address>0x200021a0</load_address>
         <run_address>0x200021a0</run_address>
         <size>0xf6</size>
         <input_file_ref idref="fl-10"/>
      </object_component>
      <object_component id="oc-45b">
         <name>.text:Ethernet_sendPacket</name>
         <load_address>0x20002298</load_address>
         <run_address>0x20002298</run_address>
         <size>0xf3</size>
         <input_file_ref idref="fl-10"/>
      </object_component>
      <object_component id="oc-274">
         <name>.text:Ethernet_getInitConfig</name>
         <load_address>0x20002390</load_address>
         <run_address>0x20002390</run_address>
         <size>0xe4</size>
         <input_file_ref idref="fl-10"/>
      </object_component>
      <object_component id="oc-36f">
         <name>.text:Ethernet_initRxChannel</name>
         <load_address>0x20002478</load_address>
         <run_address>0x20002478</run_address>
         <size>0xe2</size>
         <input_file_ref idref="fl-10"/>
      </object_component>
      <object_component id="oc-26e">
         <name>.text:Ethernet_initInterface</name>
         <load_address>0x20002560</load_address>
         <run_address>0x20002560</run_address>
         <size>0xc6</size>
         <input_file_ref idref="fl-10"/>
      </object_component>
      <object_component id="oc-a9">
         <name>.text:Ethernet_removePacketsFromRxQueue</name>
         <load_address>0x20002628</load_address>
         <run_address>0x20002628</run_address>
         <size>0xc2</size>
         <input_file_ref idref="fl-10"/>
      </object_component>
      <object_component id="oc-2bb">
         <name>.text:CPUTimer_startTimer</name>
         <load_address>0x200026f0</load_address>
         <run_address>0x200026f0</run_address>
         <size>0xb2</size>
         <input_file_ref idref="fl-7"/>
      </object_component>
      <object_component id="oc-25c">
         <name>.text:Interrupt_disable</name>
         <load_address>0x200027a8</load_address>
         <run_address>0x200027a8</run_address>
         <size>0xac</size>
         <input_file_ref idref="fl-15"/>
      </object_component>
      <object_component id="oc-256">
         <name>.text:Interrupt_enable</name>
         <load_address>0x20002858</load_address>
         <run_address>0x20002858</run_address>
         <size>0xac</size>
         <input_file_ref idref="fl-15"/>
      </object_component>
      <object_component id="oc-50">
         <name>.text</name>
         <load_address>0x20002904</load_address>
         <run_address>0x20002904</run_address>
         <size>0x9c</size>
         <input_file_ref idref="fl-e3"/>
      </object_component>
      <object_component id="oc-40d">
         <name>.text:Ethernet_writeTxDMAControl</name>
         <load_address>0x200029a0</load_address>
         <run_address>0x200029a0</run_address>
         <size>0x92</size>
         <input_file_ref idref="fl-10"/>
      </object_component>
      <object_component id="oc-3ff">
         <name>.text:sendAckResponse</name>
         <load_address>0x20002a38</load_address>
         <run_address>0x20002a38</run_address>
         <size>0x8e</size>
         <input_file_ref idref="fl-3"/>
      </object_component>
      <object_component id="oc-da">
         <name>.text:Ethernet_addPacketsIntoRxQueue</name>
         <load_address>0x20002ac8</load_address>
         <run_address>0x20002ac8</run_address>
         <size>0x8c</size>
         <input_file_ref idref="fl-10"/>
      </object_component>
      <object_component id="oc-2a7">
         <name>.text:Interrupt_registerHandler</name>
         <load_address>0x20002b58</load_address>
         <run_address>0x20002b58</run_address>
         <size>0x88</size>
         <input_file_ref idref="fl-15"/>
      </object_component>
      <object_component id="oc-103">
         <name>.text</name>
         <load_address>0x20002be0</load_address>
         <run_address>0x20002be0</run_address>
         <size>0x7a</size>
         <input_file_ref idref="fl-e5"/>
      </object_component>
      <object_component id="oc-22a">
         <name>.text:CM_enableAllPeripherals</name>
         <load_address>0x20002c60</load_address>
         <run_address>0x20002c60</run_address>
         <size>0x76</size>
         <input_file_ref idref="fl-8"/>
      </object_component>
      <object_component id="oc-bc">
         <name>.text:Ethernet_writePHYRegister</name>
         <load_address>0x20002cd8</load_address>
         <run_address>0x20002cd8</run_address>
         <size>0x72</size>
         <input_file_ref idref="fl-10"/>
      </object_component>
      <object_component id="oc-c8">
         <name>.text:Ethernet_getOneStepTransmitTimestampPTP</name>
         <load_address>0x20002d50</load_address>
         <run_address>0x20002d50</run_address>
         <size>0x6f</size>
         <input_file_ref idref="fl-10"/>
      </object_component>
      <object_component id="oc-80">
         <name>.text:nmiISR</name>
         <load_address>0x20002dc0</load_address>
         <run_address>0x20002dc0</run_address>
         <size>0x6c</size>
         <input_file_ref idref="fl-9"/>
      </object_component>
      <object_component id="oc-19">
         <name>.text:decompress:lzss:__TI_decompress_lzss</name>
         <load_address>0x20002e2c</load_address>
         <run_address>0x20002e2c</run_address>
         <size>0x68</size>
         <input_file_ref idref="fl-e8"/>
      </object_component>
      <object_component id="oc-36">
         <name>.text:Ethernet_receiveISR</name>
         <load_address>0x20002e98</load_address>
         <run_address>0x20002e98</run_address>
         <size>0x62</size>
         <input_file_ref idref="fl-10"/>
      </object_component>
      <object_component id="oc-30">
         <name>.text:Ethernet_transmitISR</name>
         <load_address>0x20002f00</load_address>
         <run_address>0x20002f00</run_address>
         <size>0x62</size>
         <input_file_ref idref="fl-10"/>
      </object_component>
      <object_component id="oc-426">
         <name>.text:Ethernet_writeRxDMAControl</name>
         <load_address>0x20002f68</load_address>
         <run_address>0x20002f68</run_address>
         <size>0x62</size>
         <input_file_ref idref="fl-10"/>
      </object_component>
      <object_component id="oc-168">
         <name>.text:Ethernet_submitRxPacket</name>
         <load_address>0x20002fd0</load_address>
         <run_address>0x20002fd0</run_address>
         <size>0x5a</size>
         <input_file_ref idref="fl-10"/>
      </object_component>
      <object_component id="oc-2ce">
         <name>.text:IPC_sendCommand</name>
         <load_address>0x20003030</load_address>
         <run_address>0x20003030</run_address>
         <size>0x5a</size>
         <input_file_ref idref="fl-16"/>
      </object_component>
      <object_component id="oc-b6">
         <name>.text:Ethernet_readPHYRegister</name>
         <load_address>0x20003090</load_address>
         <run_address>0x20003090</run_address>
         <size>0x58</size>
         <input_file_ref idref="fl-10"/>
      </object_component>
      <object_component id="oc-468">
         <name>.text:buildIPHeader</name>
         <load_address>0x200030e8</load_address>
         <run_address>0x200030e8</run_address>
         <size>0x58</size>
         <input_file_ref idref="fl-3"/>
      </object_component>
      <object_component id="oc-3b3">
         <name>.text:sendEthernetFrame</name>
         <load_address>0x20003140</load_address>
         <run_address>0x20003140</run_address>
         <size>0x58</size>
         <input_file_ref idref="fl-3"/>
      </object_component>
      <object_component id="oc-27a">
         <name>.text:App_ethGetPacketBuffer</name>
         <load_address>0x20003198</load_address>
         <run_address>0x20003198</run_address>
         <size>0x52</size>
         <input_file_ref idref="fl-5"/>
      </object_component>
      <object_component id="oc-237">
         <name>.text:IPC_registerInterrupt</name>
         <load_address>0x200031f0</load_address>
         <run_address>0x200031f0</run_address>
         <size>0x52</size>
         <input_file_ref idref="fl-16"/>
      </object_component>
      <object_component id="oc-31c">
         <name>.text:IPC_readCommand</name>
         <load_address>0x20003248</load_address>
         <run_address>0x20003248</run_address>
         <size>0x50</size>
         <input_file_ref idref="fl-16"/>
      </object_component>
      <object_component id="oc-1a6">
         <name>.text:Initial_IPC</name>
         <load_address>0x20003298</load_address>
         <run_address>0x20003298</run_address>
         <size>0x4a</size>
         <input_file_ref idref="fl-6"/>
      </object_component>
      <object_component id="oc-1db">
         <name>.text:__TI_auto_init_nobinit_nopinit:__TI_auto_init_nobinit_nopinit</name>
         <load_address>0x200032e4</load_address>
         <run_address>0x200032e4</run_address>
         <size>0x44</size>
         <input_file_ref idref="fl-ea"/>
      </object_component>
      <object_component id="oc-462">
         <name>.text:buildEthernetHeader</name>
         <load_address>0x20003328</load_address>
         <run_address>0x20003328</run_address>
         <size>0x42</size>
         <input_file_ref idref="fl-3"/>
      </object_component>
      <object_component id="oc-46e">
         <name>.text:buildUDPHeader</name>
         <load_address>0x20003370</load_address>
         <run_address>0x20003370</run_address>
         <size>0x42</size>
         <input_file_ref idref="fl-3"/>
      </object_component>
      <object_component id="oc-241">
         <name>.text:initRxDescriptors</name>
         <load_address>0x200033b8</load_address>
         <run_address>0x200033b8</run_address>
         <size>0x42</size>
         <input_file_ref idref="fl-5"/>
      </object_component>
      <object_component id="oc-4a6">
         <name>.text:calcIPChecksum</name>
         <load_address>0x20003400</load_address>
         <run_address>0x20003400</run_address>
         <size>0x38</size>
         <input_file_ref idref="fl-3"/>
      </object_component>
      <object_component id="oc-33e">
         <name>.text:SysCtl_resetPeripheral</name>
         <load_address>0x20003438</load_address>
         <run_address>0x20003438</run_address>
         <size>0x36</size>
         <input_file_ref idref="fl-1c"/>
      </object_component>
      <object_component id="oc-2c1">
         <name>.text:isr_CpuTimer1</name>
         <load_address>0x20003470</load_address>
         <run_address>0x20003470</run_address>
         <size>0x34</size>
         <input_file_ref idref="fl-7"/>
      </object_component>
      <object_component id="oc-1c1">
         <name>.text:Cycle_1ms</name>
         <load_address>0x200034a8</load_address>
         <run_address>0x200034a8</run_address>
         <size>0x32</size>
         <input_file_ref idref="fl-2"/>
      </object_component>
      <object_component id="oc-231">
         <name>.text:isrIpcFromCPU1</name>
         <load_address>0x200034e0</load_address>
         <run_address>0x200034e0</run_address>
         <size>0x2e</size>
         <input_file_ref idref="fl-6"/>
      </object_component>
      <object_component id="oc-2af">
         <name>.text:CPUTimer_isBaseValid</name>
         <load_address>0x20003510</load_address>
         <run_address>0x20003510</run_address>
         <size>0x2c</size>
         <input_file_ref idref="fl-7"/>
      </object_component>
      <object_component id="oc-1c7">
         <name>.text:Cycle_100ms</name>
         <load_address>0x20003540</load_address>
         <run_address>0x20003540</run_address>
         <size>0x2a</size>
         <input_file_ref idref="fl-2"/>
      </object_component>
      <object_component id="oc-315">
         <name>.text:SysCtl_enablePeripheral</name>
         <load_address>0x20003570</load_address>
         <run_address>0x20003570</run_address>
         <size>0x2a</size>
         <input_file_ref idref="fl-1c"/>
      </object_component>
      <object_component id="oc-1b8">
         <name>.text:sendIpcMessageToCPU1</name>
         <load_address>0x200035a0</load_address>
         <run_address>0x200035a0</run_address>
         <size>0x2a</size>
         <input_file_ref idref="fl-6"/>
      </object_component>
      <object_component id="oc-1a0">
         <name>.text:CM_init</name>
         <load_address>0x200035d0</load_address>
         <run_address>0x200035d0</run_address>
         <size>0x28</size>
         <input_file_ref idref="fl-8"/>
      </object_component>
      <object_component id="oc-ce">
         <name>.text:Ethernet_configureEEEClockGatingControl</name>
         <load_address>0x200035f8</load_address>
         <run_address>0x200035f8</run_address>
         <size>0x26</size>
         <input_file_ref idref="fl-10"/>
      </object_component>
      <object_component id="oc-438">
         <name>.text:Ethernet_enableMACRxQ</name>
         <load_address>0x20003620</load_address>
         <run_address>0x20003620</run_address>
         <size>0x26</size>
         <input_file_ref idref="fl-10"/>
      </object_component>
      <object_component id="oc-2a1">
         <name>.text:isr_EmacRx0</name>
         <load_address>0x20003648</load_address>
         <run_address>0x20003648</run_address>
         <size>0x24</size>
         <input_file_ref idref="fl-5"/>
      </object_component>
      <object_component id="oc-2c7">
         <name>.text:isr_CpuTimer2</name>
         <load_address>0x20003670</load_address>
         <run_address>0x20003670</run_address>
         <size>0x22</size>
         <input_file_ref idref="fl-7"/>
      </object_component>
      <object_component id="oc-396">
         <name>.text:updateEthernetTask</name>
         <load_address>0x20003698</load_address>
         <run_address>0x20003698</run_address>
         <size>0x22</size>
         <input_file_ref idref="fl-5"/>
      </object_component>
      <object_component id="oc-352">
         <name>.text:Ethernet_resetModule</name>
         <load_address>0x200036c0</load_address>
         <run_address>0x200036c0</run_address>
         <size>0x20</size>
         <input_file_ref idref="fl-10"/>
      </object_component>
      <object_component id="oc-3ad">
         <name>.text:calcUdpMsgChecksum</name>
         <load_address>0x200036e0</load_address>
         <run_address>0x200036e0</run_address>
         <size>0x20</size>
         <input_file_ref idref="fl-3"/>
      </object_component>
      <object_component id="oc-2b5">
         <name>.text:isr_CpuTimer0</name>
         <load_address>0x20003700</load_address>
         <run_address>0x20003700</run_address>
         <size>0x20</size>
         <input_file_ref idref="fl-7"/>
      </object_component>
      <object_component id="oc-49e">
         <name>.text:Ethernet_performPushPacketQueueChain</name>
         <load_address>0x20003720</load_address>
         <run_address>0x20003720</run_address>
         <size>0x1e</size>
         <input_file_ref idref="fl-10"/>
      </object_component>
      <object_component id="oc-188">
         <name>.text:Ethernet_performPushOnPacketQueue</name>
         <load_address>0x20003740</load_address>
         <run_address>0x20003740</run_address>
         <size>0x1c</size>
         <input_file_ref idref="fl-10"/>
      </object_component>
      <object_component id="oc-295">
         <name>.text:Ethernet_setMACAddr</name>
         <load_address>0x20003760</load_address>
         <run_address>0x20003760</run_address>
         <size>0x1c</size>
         <input_file_ref idref="fl-10"/>
      </object_component>
      <object_component id="oc-419">
         <name>.text:Ethernet_setMTLTxQueueOpMode</name>
         <load_address>0x20003780</load_address>
         <run_address>0x20003780</run_address>
         <size>0x1c</size>
         <input_file_ref idref="fl-10"/>
      </object_component>
      <object_component id="oc-b0">
         <name>.text:Ethernet_isTimestampIntActive</name>
         <load_address>0x200037a0</load_address>
         <run_address>0x200037a0</run_address>
         <size>0x1a</size>
         <input_file_ref idref="fl-10"/>
      </object_component>
      <object_component id="oc-c2">
         <name>.text:Ethernet_isTransmitTimestampStatusSet</name>
         <load_address>0x200037c0</load_address>
         <run_address>0x200037c0</run_address>
         <size>0x1a</size>
         <input_file_ref idref="fl-10"/>
      </object_component>
      <object_component id="oc-432">
         <name>.text:Ethernet_setMTLRxQueueOpMode</name>
         <load_address>0x200037e0</load_address>
         <run_address>0x200037e0</run_address>
         <size>0x16</size>
         <input_file_ref idref="fl-10"/>
      </object_component>
      <object_component id="oc-280">
         <name>.text:App_ethRxCallback</name>
         <load_address>0x200037f8</load_address>
         <run_address>0x200037f8</run_address>
         <size>0x14</size>
         <input_file_ref idref="fl-5"/>
      </object_component>
      <object_component id="oc-15c">
         <name>.text:Ethernet_nextDescAvailable</name>
         <load_address>0x20003810</load_address>
         <run_address>0x20003810</run_address>
         <size>0x14</size>
         <input_file_ref idref="fl-10"/>
      </object_component>
      <object_component id="oc-43e">
         <name>.text:Ethernet_enableRxDMAReception</name>
         <load_address>0x20003828</load_address>
         <run_address>0x20003828</run_address>
         <size>0x12</size>
         <input_file_ref idref="fl-10"/>
      </object_component>
      <object_component id="oc-21d">
         <name>.text:Ethernet_getRxERICount</name>
         <load_address>0x20003840</load_address>
         <run_address>0x20003840</run_address>
         <size>0x12</size>
         <input_file_ref idref="fl-10"/>
      </object_component>
      <object_component id="oc-14c">
         <name>.text:Ethernet_performPopOnPacketQueue</name>
         <load_address>0x20003858</load_address>
         <run_address>0x20003858</run_address>
         <size>0x12</size>
         <input_file_ref idref="fl-10"/>
      </object_component>
      <object_component id="oc-42c">
         <name>.text:Ethernet_setRxDescRingLength</name>
         <load_address>0x20003870</load_address>
         <run_address>0x20003870</run_address>
         <size>0x12</size>
         <input_file_ref idref="fl-10"/>
      </object_component>
      <object_component id="oc-413">
         <name>.text:Ethernet_setTxDescRingLength</name>
         <load_address>0x20003888</load_address>
         <run_address>0x20003888</run_address>
         <size>0x12</size>
         <input_file_ref idref="fl-10"/>
      </object_component>
      <object_component id="oc-387">
         <name>.text:Ethernet_configureMDIO</name>
         <load_address>0x200038a0</load_address>
         <run_address>0x200038a0</run_address>
         <size>0x10</size>
         <input_file_ref idref="fl-10"/>
      </object_component>
      <object_component id="oc-16e">
         <name>.text:Ethernet_enableDmaInterrupt</name>
         <load_address>0x200038b0</load_address>
         <run_address>0x200038b0</run_address>
         <size>0x10</size>
         <input_file_ref idref="fl-10"/>
      </object_component>
      <object_component id="oc-d4">
         <name>.text:Ethernet_disableTxEEEMode</name>
         <load_address>0x200038c0</load_address>
         <run_address>0x200038c0</run_address>
         <size>0xe</size>
         <input_file_ref idref="fl-10"/>
      </object_component>
      <object_component id="oc-1f">
         <name>.text:decompress:none:__TI_decompress_none</name>
         <load_address>0x200038ce</load_address>
         <run_address>0x200038ce</run_address>
         <size>0xe</size>
         <input_file_ref idref="fl-e7"/>
      </object_component>
      <object_component id="oc-9f">
         <name>.text:Ethernet_clearDMAChannelInterrupt</name>
         <load_address>0x200038e0</load_address>
         <run_address>0x200038e0</run_address>
         <size>0xc</size>
         <input_file_ref idref="fl-10"/>
      </object_component>
      <object_component id="oc-34c">
         <name>.text:Ethernet_configureRevMIIAddress</name>
         <load_address>0x200038f0</load_address>
         <run_address>0x200038f0</run_address>
         <size>0xc</size>
         <input_file_ref idref="fl-10"/>
      </object_component>
      <object_component id="oc-375">
         <name>.text:Ethernet_setMTLOpmode</name>
         <load_address>0x20003900</load_address>
         <run_address>0x20003900</run_address>
         <size>0xc</size>
         <input_file_ref idref="fl-10"/>
      </object_component>
      <object_component id="oc-420">
         <name>.text:Ethernet_writeRxDescListAddress</name>
         <load_address>0x20003910</load_address>
         <run_address>0x20003910</run_address>
         <size>0xc</size>
         <input_file_ref idref="fl-10"/>
      </object_component>
      <object_component id="oc-e0">
         <name>.text:Ethernet_writeRxDescTailPointer</name>
         <load_address>0x20003920</load_address>
         <run_address>0x20003920</run_address>
         <size>0xc</size>
         <input_file_ref idref="fl-10"/>
      </object_component>
      <object_component id="oc-407">
         <name>.text:Ethernet_writeTxDescListAddress</name>
         <load_address>0x20003930</load_address>
         <run_address>0x20003930</run_address>
         <size>0xc</size>
         <input_file_ref idref="fl-10"/>
      </object_component>
      <object_component id="oc-20f">
         <name>.text:Ethernet_writeTxDescTailPointer</name>
         <load_address>0x20003940</load_address>
         <run_address>0x20003940</run_address>
         <size>0xc</size>
         <input_file_ref idref="fl-10"/>
      </object_component>
      <object_component id="oc-62">
         <name>.text:decompress:ZI:__TI_zero_init</name>
         <load_address>0x2000394c</load_address>
         <run_address>0x2000394c</run_address>
         <size>0xc</size>
         <input_file_ref idref="fl-e6"/>
      </object_component>
      <object_component id="oc-176">
         <name>.text:Ethernet_getPHYMode</name>
         <load_address>0x20003958</load_address>
         <run_address>0x20003958</run_address>
         <size>0xa</size>
         <input_file_ref idref="fl-10"/>
      </object_component>
      <object_component id="oc-38d">
         <name>.text:Ethernet_configurePHYAddress</name>
         <load_address>0x20003968</load_address>
         <run_address>0x20003968</run_address>
         <size>0x8</size>
         <input_file_ref idref="fl-10"/>
      </object_component>
      <object_component id="oc-37b">
         <name>.text:Ethernet_setDMAMode</name>
         <load_address>0x20003970</load_address>
         <run_address>0x20003970</run_address>
         <size>0x8</size>
         <input_file_ref idref="fl-10"/>
      </object_component>
      <object_component id="oc-29b">
         <name>.text:Ethernet_setMACConfiguration</name>
         <load_address>0x20003978</load_address>
         <run_address>0x20003978</run_address>
         <size>0x8</size>
         <input_file_ref idref="fl-10"/>
      </object_component>
      <object_component id="oc-381">
         <name>.text:Ethernet_setMACPacketFilter</name>
         <load_address>0x20003980</load_address>
         <run_address>0x20003980</run_address>
         <size>0x8</size>
         <input_file_ref idref="fl-10"/>
      </object_component>
      <object_component id="oc-250">
         <name>.text:Platform_enablePeripheral</name>
         <load_address>0x20003988</load_address>
         <run_address>0x20003988</run_address>
         <size>0x6</size>
         <input_file_ref idref="fl-1a"/>
      </object_component>
      <object_component id="oc-24a">
         <name>.text:Platform_resetPeripheral</name>
         <load_address>0x20003990</load_address>
         <run_address>0x20003990</run_address>
         <size>0x6</size>
         <input_file_ref idref="fl-1a"/>
      </object_component>
      <object_component id="oc-146">
         <name>.text:Ethernet_HW_descQueueGetCount</name>
         <load_address>0x20003998</load_address>
         <run_address>0x20003998</run_address>
         <size>0x4</size>
         <input_file_ref idref="fl-10"/>
      </object_component>
      <object_component id="oc-217">
         <name>.text:Ethernet_returnTopOfPacketQueue</name>
         <load_address>0x200039a0</load_address>
         <run_address>0x200039a0</run_address>
         <size>0x4</size>
         <input_file_ref idref="fl-10"/>
      </object_component>
      <object_component id="oc-268">
         <name>.text:Platform_disableCoreInterrupt</name>
         <load_address>0x200039a8</load_address>
         <run_address>0x200039a8</run_address>
         <size>0x4</size>
         <input_file_ref idref="fl-5"/>
      </object_component>
      <object_component id="oc-262">
         <name>.text:Platform_enableCoreInterrupt</name>
         <load_address>0x200039b0</load_address>
         <run_address>0x200039b0</run_address>
         <size>0x4</size>
         <input_file_ref idref="fl-5"/>
      </object_component>
      <object_component id="oc-17f">
         <name>.text:__error__</name>
         <load_address>0x200039b8</load_address>
         <run_address>0x200039b8</run_address>
         <size>0x4</size>
         <input_file_ref idref="fl-8"/>
      </object_component>
      <object_component id="oc-286">
         <name>.text:App_ethTxCallback</name>
         <load_address>0x200039c0</load_address>
         <run_address>0x200039c0</run_address>
         <size>0x2</size>
         <input_file_ref idref="fl-5"/>
      </object_component>
      <object_component id="oc-8c">
         <name>.text:defaultISR</name>
         <load_address>0x200039c8</load_address>
         <run_address>0x200039c8</run_address>
         <size>0x2</size>
         <input_file_ref idref="fl-9"/>
      </object_component>
      <object_component id="oc-86">
         <name>.text:faultISR</name>
         <load_address>0x200039d0</load_address>
         <run_address>0x200039d0</run_address>
         <size>0x2</size>
         <input_file_ref idref="fl-9"/>
      </object_component>
      <object_component id="oc-4e5">
         <name>.cinit..vtable.load</name>
         <load_address>0x1fffe000</load_address>
         <run_address>0x1fffe000</run_address>
         <size>0x24</size>
      </object_component>
      <object_component id="oc-4e6">
         <name>.cinit..data.load</name>
         <load_address>0x1fffe024</load_address>
         <run_address>0x1fffe024</run_address>
         <size>0x1c</size>
      </object_component>
      <object_component id="oc-4e3">
         <name>__TI_handler_table</name>
         <load_address>0x1fffe040</load_address>
         <run_address>0x1fffe040</run_address>
         <size>0xc</size>
      </object_component>
      <object_component id="oc-4e7">
         <name>.cinit..bss.load</name>
         <load_address>0x1fffe050</load_address>
         <run_address>0x1fffe050</run_address>
         <size>0x8</size>
      </object_component>
      <object_component id="oc-4e4">
         <name>__TI_cinit_table</name>
         <load_address>0x1fffe058</load_address>
         <run_address>0x1fffe058</run_address>
         <size>0x18</size>
      </object_component>
      <object_component id="oc-42">
         <name>.stack</name>
         <uninitialized>true</uninitialized>
         <run_address>0x1fffc000</run_address>
         <size>0x4</size>
         <input_file_ref idref="fl-e9"/>
      </object_component>
      <object_component id="oc-4e9">
         <name>.stack</name>
         <uninitialized>true</uninitialized>
         <run_address>0x1fffc000</run_address>
         <size>0x0</size>
      </object_component>
      <object_component id="oc-2e1">
         <name>.data</name>
         <load_address>0x2000dba8</load_address>
         <run_address>0x2000dba8</run_address>
         <size>0x2</size>
         <input_file_ref idref="fl-2"/>
      </object_component>
      <object_component id="oc-2dd">
         <name>.data</name>
         <load_address>0x2000dba4</load_address>
         <run_address>0x2000dba4</run_address>
         <size>0x4</size>
         <input_file_ref idref="fl-3"/>
      </object_component>
      <object_component id="oc-3fc">
         <name>.data:xEthApp</name>
         <load_address>0x2000db84</load_address>
         <run_address>0x2000db84</run_address>
         <size>0x18</size>
         <input_file_ref idref="fl-3"/>
      </object_component>
      <object_component id="oc-3bf">
         <name>.data</name>
         <load_address>0x2000db9c</load_address>
         <run_address>0x2000db9c</run_address>
         <size>0x8</size>
         <input_file_ref idref="fl-4"/>
      </object_component>
      <object_component id="oc-247">
         <name>.data:xEthDriver</name>
         <load_address>0x2000da20</load_address>
         <run_address>0x2000da20</run_address>
         <size>0x108</size>
         <input_file_ref idref="fl-5"/>
      </object_component>
      <object_component id="oc-35a">
         <name>.data</name>
         <load_address>0x2000dbaa</load_address>
         <run_address>0x2000dbaa</run_address>
         <size>0x1</size>
         <input_file_ref idref="fl-5"/>
      </object_component>
      <object_component id="oc-a5">
         <name>.data</name>
         <load_address>0x2000db28</load_address>
         <run_address>0x2000db28</run_address>
         <size>0x5c</size>
         <input_file_ref idref="fl-10"/>
      </object_component>
      <object_component id="oc-458">
         <name>.bss:s_xTxPktDesc</name>
         <uninitialized>true</uninitialized>
         <run_address>0x2000d664</run_address>
         <size>0x130</size>
         <input_file_ref idref="fl-3"/>
      </object_component>
      <object_component id="oc-405">
         <name>.bss:arpReply$1</name>
         <uninitialized>true</uninitialized>
         <run_address>0x2000d998</run_address>
         <size>0x3c</size>
         <input_file_ref idref="fl-3"/>
      </object_component>
      <object_component id="oc-48b">
         <name>.bss:s_ucAckBuf$2</name>
         <uninitialized>true</uninitialized>
         <run_address>0x2000d9d4</run_address>
         <size>0x3c</size>
         <input_file_ref idref="fl-3"/>
      </object_component>
      <object_component id="oc-28c">
         <name>.bss:s_ucRxBuf</name>
         <uninitialized>true</uninitialized>
         <run_address>0x2000c000</run_address>
         <size>0x1200</size>
         <input_file_ref idref="fl-5"/>
      </object_component>
      <object_component id="oc-333">
         <name>.bss:s_xRxPktDesc</name>
         <uninitialized>true</uninitialized>
         <run_address>0x2000d8b4</run_address>
         <size>0xe4</size>
         <input_file_ref idref="fl-5"/>
      </object_component>
      <object_component id="oc-3aa">
         <name>.common:xEthCtrl</name>
         <uninitialized>true</uninitialized>
         <run_address>0x2000d794</run_address>
         <size>0x120</size>
      </object_component>
      <object_component id="oc-1be">
         <name>.common:xTimer</name>
         <uninitialized>true</uninitialized>
         <run_address>0x2000da10</run_address>
         <size>0xe</size>
      </object_component>
      <object_component id="oc-96">
         <name>.common:Ethernet_device_struct</name>
         <uninitialized>true</uninitialized>
         <run_address>0x2000d200</run_address>
         <size>0x264</size>
      </object_component>
      <object_component id="oc-368">
         <name>.common:Ethernet_descArray</name>
         <uninitialized>true</uninitialized>
         <run_address>0x2000d464</run_address>
         <size>0x200</size>
      </object_component>
      <object_component id="oc-23d">
         <name>.const:IPC_Instance</name>
         <load_address>0x1fffc200</load_address>
         <run_address>0x1fffc200</run_address>
         <size>0x88</size>
         <input_file_ref idref="fl-16"/>
      </object_component>
      <object_component id="oc-325">
         <name>MSGRAM_CM_TO_CPU1</name>
         <uninitialized>true</uninitialized>
         <run_address>0x20082000</run_address>
         <size>0x110</size>
         <input_file_ref idref="fl-16"/>
      </object_component>
      <object_component id="oc-32b">
         <name>MSGRAM_CM_TO_CPU2</name>
         <uninitialized>true</uninitialized>
         <run_address>0x20086000</run_address>
         <size>0x110</size>
         <input_file_ref idref="fl-16"/>
      </object_component>
      <object_component id="oc-328">
         <name>MSGRAM_CPU1_TO_CM</name>
         <uninitialized>true</uninitialized>
         <run_address>0x20080000</run_address>
         <size>0x110</size>
         <input_file_ref idref="fl-16"/>
      </object_component>
      <object_component id="oc-32e">
         <name>MSGRAM_CPU2_TO_CM</name>
         <uninitialized>true</uninitialized>
         <run_address>0x20084000</run_address>
         <size>0x110</size>
         <input_file_ref idref="fl-16"/>
      </object_component>
      <object_component id="oc-1ce">
         <name>.debug_info</name>
         <load_address>0x0</load_address>
         <run_address>0x0</run_address>
         <size>0x4d1</size>
         <input_file_ref idref="fl-2"/>
      </object_component>
      <object_component id="oc-1c2">
         <name>.debug_info</name>
         <load_address>0x4d1</load_address>
         <run_address>0x4d1</run_address>
         <size>0x13b</size>
         <input_file_ref idref="fl-2"/>
      </object_component>
      <object_component id="oc-1c8">
         <name>.debug_info</name>
         <load_address>0x60c</load_address>
         <run_address>0x60c</run_address>
         <size>0x175</size>
         <input_file_ref idref="fl-2"/>
      </object_component>
      <object_component id="oc-111">
         <name>.debug_info</name>
         <load_address>0x781</load_address>
         <run_address>0x781</run_address>
         <size>0x1b1</size>
         <input_file_ref idref="fl-2"/>
      </object_component>
      <object_component id="oc-126">
         <name>.debug_info</name>
         <load_address>0x932</load_address>
         <run_address>0x932</run_address>
         <size>0x224f</size>
         <input_file_ref idref="fl-2"/>
      </object_component>
      <object_component id="oc-452">
         <name>.debug_info</name>
         <load_address>0x2b81</load_address>
         <run_address>0x2b81</run_address>
         <size>0x281</size>
         <input_file_ref idref="fl-2"/>
      </object_component>
      <object_component id="oc-310">
         <name>.debug_info</name>
         <load_address>0x2e02</load_address>
         <run_address>0x2e02</run_address>
         <size>0x297</size>
         <input_file_ref idref="fl-2"/>
      </object_component>
      <object_component id="oc-12b">
         <name>.debug_info</name>
         <load_address>0x3099</load_address>
         <run_address>0x3099</run_address>
         <size>0x4e1</size>
         <input_file_ref idref="fl-2"/>
      </object_component>
      <object_component id="oc-2d8">
         <name>.debug_info</name>
         <load_address>0x357a</load_address>
         <run_address>0x357a</run_address>
         <size>0xc2</size>
         <input_file_ref idref="fl-2"/>
      </object_component>
      <object_component id="oc-135">
         <name>.debug_info</name>
         <load_address>0x363c</load_address>
         <run_address>0x363c</run_address>
         <size>0x26b</size>
         <input_file_ref idref="fl-2"/>
      </object_component>
      <object_component id="oc-339">
         <name>.debug_info</name>
         <load_address>0x38a7</load_address>
         <run_address>0x38a7</run_address>
         <size>0x74</size>
         <input_file_ref idref="fl-2"/>
      </object_component>
      <object_component id="oc-44d">
         <name>.debug_info</name>
         <load_address>0x391b</load_address>
         <run_address>0x391b</run_address>
         <size>0x198</size>
         <input_file_ref idref="fl-2"/>
      </object_component>
      <object_component id="oc-130">
         <name>.debug_info</name>
         <load_address>0x3ab3</load_address>
         <run_address>0x3ab3</run_address>
         <size>0x8b</size>
         <input_file_ref idref="fl-2"/>
      </object_component>
      <object_component id="oc-190">
         <name>.debug_info</name>
         <load_address>0x3b3e</load_address>
         <run_address>0x3b3e</run_address>
         <size>0x2a4</size>
         <input_file_ref idref="fl-2"/>
      </object_component>
      <object_component id="oc-e7">
         <name>.debug_info</name>
         <load_address>0x3de2</load_address>
         <run_address>0x3de2</run_address>
         <size>0xbb</size>
         <input_file_ref idref="fl-2"/>
      </object_component>
      <object_component id="oc-141">
         <name>.debug_info</name>
         <load_address>0x3e9d</load_address>
         <run_address>0x3e9d</run_address>
         <size>0x2c</size>
         <input_file_ref idref="fl-2"/>
      </object_component>
      <object_component id="oc-497">
         <name>.debug_info</name>
         <load_address>0x3ec9</load_address>
         <run_address>0x3ec9</run_address>
         <size>0x2c</size>
         <input_file_ref idref="fl-2"/>
      </object_component>
      <object_component id="oc-13c">
         <name>.debug_info</name>
         <load_address>0x3ef5</load_address>
         <run_address>0x3ef5</run_address>
         <size>0x35</size>
         <input_file_ref idref="fl-2"/>
      </object_component>
      <object_component id="oc-3ab">
         <name>.debug_info</name>
         <load_address>0x3f2a</load_address>
         <run_address>0x3f2a</run_address>
         <size>0x4e3</size>
         <input_file_ref idref="fl-3"/>
      </object_component>
      <object_component id="oc-459">
         <name>.debug_info</name>
         <load_address>0x440d</load_address>
         <run_address>0x440d</run_address>
         <size>0xfe</size>
         <input_file_ref idref="fl-3"/>
      </object_component>
      <object_component id="oc-2de">
         <name>.debug_info</name>
         <load_address>0x450b</load_address>
         <run_address>0x450b</run_address>
         <size>0x137</size>
         <input_file_ref idref="fl-3"/>
      </object_component>
      <object_component id="oc-3fd">
         <name>.debug_info</name>
         <load_address>0x4642</load_address>
         <run_address>0x4642</run_address>
         <size>0xf5</size>
         <input_file_ref idref="fl-3"/>
      </object_component>
      <object_component id="oc-3af">
         <name>.debug_info</name>
         <load_address>0x4737</load_address>
         <run_address>0x4737</run_address>
         <size>0x1d3</size>
         <input_file_ref idref="fl-3"/>
      </object_component>
      <object_component id="oc-464">
         <name>.debug_info</name>
         <load_address>0x490a</load_address>
         <run_address>0x490a</run_address>
         <size>0x17e</size>
         <input_file_ref idref="fl-3"/>
      </object_component>
      <object_component id="oc-4a7">
         <name>.debug_info</name>
         <load_address>0x4a88</load_address>
         <run_address>0x4a88</run_address>
         <size>0x1a9</size>
         <input_file_ref idref="fl-3"/>
      </object_component>
      <object_component id="oc-469">
         <name>.debug_info</name>
         <load_address>0x4c31</load_address>
         <run_address>0x4c31</run_address>
         <size>0x1e6</size>
         <input_file_ref idref="fl-3"/>
      </object_component>
      <object_component id="oc-46f">
         <name>.debug_info</name>
         <load_address>0x4e17</load_address>
         <run_address>0x4e17</run_address>
         <size>0x1f5</size>
         <input_file_ref idref="fl-3"/>
      </object_component>
      <object_component id="oc-3b4">
         <name>.debug_info</name>
         <load_address>0x500c</load_address>
         <run_address>0x500c</run_address>
         <size>0x1ce</size>
         <input_file_ref idref="fl-3"/>
      </object_component>
      <object_component id="oc-400">
         <name>.debug_info</name>
         <load_address>0x51da</load_address>
         <run_address>0x51da</run_address>
         <size>0x2d4</size>
         <input_file_ref idref="fl-3"/>
      </object_component>
      <object_component id="oc-3ba">
         <name>.debug_info</name>
         <load_address>0x54ae</load_address>
         <run_address>0x54ae</run_address>
         <size>0x360</size>
         <input_file_ref idref="fl-3"/>
      </object_component>
      <object_component id="oc-35f">
         <name>.debug_info</name>
         <load_address>0x580e</load_address>
         <run_address>0x580e</run_address>
         <size>0x40e</size>
         <input_file_ref idref="fl-3"/>
      </object_component>
      <object_component id="oc-2e3">
         <name>.debug_info</name>
         <load_address>0x5c1c</load_address>
         <run_address>0x5c1c</run_address>
         <size>0x255</size>
         <input_file_ref idref="fl-3"/>
      </object_component>
      <object_component id="oc-477">
         <name>.debug_info</name>
         <load_address>0x5e71</load_address>
         <run_address>0x5e71</run_address>
         <size>0x2e1</size>
         <input_file_ref idref="fl-4"/>
      </object_component>
      <object_component id="oc-3c0">
         <name>.debug_info</name>
         <load_address>0x6152</load_address>
         <run_address>0x6152</run_address>
         <size>0x12b</size>
         <input_file_ref idref="fl-4"/>
      </object_component>
      <object_component id="oc-2ae">
         <name>.debug_info</name>
         <load_address>0x627d</load_address>
         <run_address>0x627d</run_address>
         <size>0x8e6</size>
         <input_file_ref idref="fl-5"/>
      </object_component>
      <object_component id="oc-248">
         <name>.debug_info</name>
         <load_address>0x6b63</load_address>
         <run_address>0x6b63</run_address>
         <size>0xfb</size>
         <input_file_ref idref="fl-5"/>
      </object_component>
      <object_component id="oc-28d">
         <name>.debug_info</name>
         <load_address>0x6c5e</load_address>
         <run_address>0x6c5e</run_address>
         <size>0xf8</size>
         <input_file_ref idref="fl-5"/>
      </object_component>
      <object_component id="oc-334">
         <name>.debug_info</name>
         <load_address>0x6d56</load_address>
         <run_address>0x6d56</run_address>
         <size>0xfe</size>
         <input_file_ref idref="fl-5"/>
      </object_component>
      <object_component id="oc-35b">
         <name>.debug_info</name>
         <load_address>0x6e54</load_address>
         <run_address>0x6e54</run_address>
         <size>0xfe</size>
         <input_file_ref idref="fl-5"/>
      </object_component>
      <object_component id="oc-397">
         <name>.debug_info</name>
         <load_address>0x6f52</load_address>
         <run_address>0x6f52</run_address>
         <size>0x1a6</size>
         <input_file_ref idref="fl-5"/>
      </object_component>
      <object_component id="oc-2a2">
         <name>.debug_info</name>
         <load_address>0x70f8</load_address>
         <run_address>0x70f8</run_address>
         <size>0x188</size>
         <input_file_ref idref="fl-5"/>
      </object_component>
      <object_component id="oc-263">
         <name>.debug_info</name>
         <load_address>0x7280</load_address>
         <run_address>0x7280</run_address>
         <size>0x167</size>
         <input_file_ref idref="fl-5"/>
      </object_component>
      <object_component id="oc-269">
         <name>.debug_info</name>
         <load_address>0x73e7</load_address>
         <run_address>0x73e7</run_address>
         <size>0x169</size>
         <input_file_ref idref="fl-5"/>
      </object_component>
      <object_component id="oc-242">
         <name>.debug_info</name>
         <load_address>0x7550</load_address>
         <run_address>0x7550</run_address>
         <size>0x15b</size>
         <input_file_ref idref="fl-5"/>
      </object_component>
      <object_component id="oc-1ad">
         <name>.debug_info</name>
         <load_address>0x76ab</load_address>
         <run_address>0x76ab</run_address>
         <size>0x4b9</size>
         <input_file_ref idref="fl-5"/>
      </object_component>
      <object_component id="oc-287">
         <name>.debug_info</name>
         <load_address>0x7b64</load_address>
         <run_address>0x7b64</run_address>
         <size>0x176</size>
         <input_file_ref idref="fl-5"/>
      </object_component>
      <object_component id="oc-27b">
         <name>.debug_info</name>
         <load_address>0x7cda</load_address>
         <run_address>0x7cda</run_address>
         <size>0x175</size>
         <input_file_ref idref="fl-5"/>
      </object_component>
      <object_component id="oc-281">
         <name>.debug_info</name>
         <load_address>0x7e4f</load_address>
         <run_address>0x7e4f</run_address>
         <size>0x1cc</size>
         <input_file_ref idref="fl-5"/>
      </object_component>
      <object_component id="oc-2d5">
         <name>.debug_info</name>
         <load_address>0x801b</load_address>
         <run_address>0x801b</run_address>
         <size>0x468</size>
         <input_file_ref idref="fl-6"/>
      </object_component>
      <object_component id="oc-1b9">
         <name>.debug_info</name>
         <load_address>0x8483</load_address>
         <run_address>0x8483</run_address>
         <size>0x1d0</size>
         <input_file_ref idref="fl-6"/>
      </object_component>
      <object_component id="oc-233">
         <name>.debug_info</name>
         <load_address>0x8653</load_address>
         <run_address>0x8653</run_address>
         <size>0x18d</size>
         <input_file_ref idref="fl-6"/>
      </object_component>
      <object_component id="oc-1a7">
         <name>.debug_info</name>
         <load_address>0x87e0</load_address>
         <run_address>0x87e0</run_address>
         <size>0x152</size>
         <input_file_ref idref="fl-6"/>
      </object_component>
      <object_component id="oc-1bf">
         <name>.debug_info</name>
         <load_address>0x8932</load_address>
         <run_address>0x8932</run_address>
         <size>0x445</size>
         <input_file_ref idref="fl-7"/>
      </object_component>
      <object_component id="oc-2b0">
         <name>.debug_info</name>
         <load_address>0x8d77</load_address>
         <run_address>0x8d77</run_address>
         <size>0x200</size>
         <input_file_ref idref="fl-7"/>
      </object_component>
      <object_component id="oc-2c8">
         <name>.debug_info</name>
         <load_address>0x8f77</load_address>
         <run_address>0x8f77</run_address>
         <size>0x137</size>
         <input_file_ref idref="fl-7"/>
      </object_component>
      <object_component id="oc-2c2">
         <name>.debug_info</name>
         <load_address>0x90ae</load_address>
         <run_address>0x90ae</run_address>
         <size>0x137</size>
         <input_file_ref idref="fl-7"/>
      </object_component>
      <object_component id="oc-2b7">
         <name>.debug_info</name>
         <load_address>0x91e5</load_address>
         <run_address>0x91e5</run_address>
         <size>0x137</size>
         <input_file_ref idref="fl-7"/>
      </object_component>
      <object_component id="oc-2bd">
         <name>.debug_info</name>
         <load_address>0x931c</load_address>
         <run_address>0x931c</run_address>
         <size>0x226</size>
         <input_file_ref idref="fl-7"/>
      </object_component>
      <object_component id="oc-1b4">
         <name>.debug_info</name>
         <load_address>0x9542</load_address>
         <run_address>0x9542</run_address>
         <size>0x51b</size>
         <input_file_ref idref="fl-7"/>
      </object_component>
      <object_component id="oc-228">
         <name>.debug_info</name>
         <load_address>0x9a5d</load_address>
         <run_address>0x9a5d</run_address>
         <size>0x398</size>
         <input_file_ref idref="fl-8"/>
      </object_component>
      <object_component id="oc-180">
         <name>.debug_info</name>
         <load_address>0x9df5</load_address>
         <run_address>0x9df5</run_address>
         <size>0x16e</size>
         <input_file_ref idref="fl-8"/>
      </object_component>
      <object_component id="oc-22b">
         <name>.debug_info</name>
         <load_address>0x9f63</load_address>
         <run_address>0x9f63</run_address>
         <size>0x322</size>
         <input_file_ref idref="fl-8"/>
      </object_component>
      <object_component id="oc-1a1">
         <name>.debug_info</name>
         <load_address>0xa285</load_address>
         <run_address>0xa285</run_address>
         <size>0x15e</size>
         <input_file_ref idref="fl-8"/>
      </object_component>
      <object_component id="oc-94">
         <name>.debug_info</name>
         <load_address>0xa3e3</load_address>
         <run_address>0xa3e3</run_address>
         <size>0x34e</size>
         <input_file_ref idref="fl-9"/>
      </object_component>
      <object_component id="oc-28">
         <name>.debug_info</name>
         <load_address>0xa731</load_address>
         <run_address>0xa731</run_address>
         <size>0x10c</size>
         <input_file_ref idref="fl-9"/>
      </object_component>
      <object_component id="oc-2b">
         <name>.debug_info</name>
         <load_address>0xa83d</load_address>
         <run_address>0xa83d</run_address>
         <size>0x159</size>
         <input_file_ref idref="fl-9"/>
      </object_component>
      <object_component id="oc-81">
         <name>.debug_info</name>
         <load_address>0xa996</load_address>
         <run_address>0xa996</run_address>
         <size>0x155</size>
         <input_file_ref idref="fl-9"/>
      </object_component>
      <object_component id="oc-87">
         <name>.debug_info</name>
         <load_address>0xaaeb</load_address>
         <run_address>0xaaeb</run_address>
         <size>0x14e</size>
         <input_file_ref idref="fl-9"/>
      </object_component>
      <object_component id="oc-8d">
         <name>.debug_info</name>
         <load_address>0xac39</load_address>
         <run_address>0xac39</run_address>
         <size>0x152</size>
         <input_file_ref idref="fl-9"/>
      </object_component>
      <object_component id="oc-4b">
         <name>.debug_info</name>
         <load_address>0xad8b</load_address>
         <run_address>0xad8b</run_address>
         <size>0x84</size>
         <input_file_ref idref="fl-c"/>
      </object_component>
      <object_component id="oc-97">
         <name>.debug_info</name>
         <load_address>0xae0f</load_address>
         <run_address>0xae0f</run_address>
         <size>0x48d</size>
         <input_file_ref idref="fl-10"/>
      </object_component>
      <object_component id="oc-a6">
         <name>.debug_info</name>
         <load_address>0xb29c</load_address>
         <run_address>0xb29c</run_address>
         <size>0x79b</size>
         <input_file_ref idref="fl-10"/>
      </object_component>
      <object_component id="oc-211">
         <name>.debug_info</name>
         <load_address>0xba37</load_address>
         <run_address>0xba37</run_address>
         <size>0x218</size>
         <input_file_ref idref="fl-10"/>
      </object_component>
      <object_component id="oc-409">
         <name>.debug_info</name>
         <load_address>0xbc4f</load_address>
         <run_address>0xbc4f</run_address>
         <size>0x218</size>
         <input_file_ref idref="fl-10"/>
      </object_component>
      <object_component id="oc-40f">
         <name>.debug_info</name>
         <load_address>0xbe67</load_address>
         <run_address>0xbe67</run_address>
         <size>0x2bc</size>
         <input_file_ref idref="fl-10"/>
      </object_component>
      <object_component id="oc-e2">
         <name>.debug_info</name>
         <load_address>0xc123</load_address>
         <run_address>0xc123</run_address>
         <size>0x218</size>
         <input_file_ref idref="fl-10"/>
      </object_component>
      <object_component id="oc-422">
         <name>.debug_info</name>
         <load_address>0xc33b</load_address>
         <run_address>0xc33b</run_address>
         <size>0x218</size>
         <input_file_ref idref="fl-10"/>
      </object_component>
      <object_component id="oc-428">
         <name>.debug_info</name>
         <load_address>0xc553</load_address>
         <run_address>0xc553</run_address>
         <size>0x29c</size>
         <input_file_ref idref="fl-10"/>
      </object_component>
      <object_component id="oc-178">
         <name>.debug_info</name>
         <load_address>0xc7ef</load_address>
         <run_address>0xc7ef</run_address>
         <size>0x190</size>
         <input_file_ref idref="fl-10"/>
      </object_component>
      <object_component id="oc-be">
         <name>.debug_info</name>
         <load_address>0xc97f</load_address>
         <run_address>0xc97f</run_address>
         <size>0x222</size>
         <input_file_ref idref="fl-10"/>
      </object_component>
      <object_component id="oc-148">
         <name>.debug_info</name>
         <load_address>0xcba1</load_address>
         <run_address>0xcba1</run_address>
         <size>0x1cc</size>
         <input_file_ref idref="fl-10"/>
      </object_component>
      <object_component id="oc-14e">
         <name>.debug_info</name>
         <load_address>0xcd6d</load_address>
         <run_address>0xcd6d</run_address>
         <size>0x1e9</size>
         <input_file_ref idref="fl-10"/>
      </object_component>
      <object_component id="oc-18a">
         <name>.debug_info</name>
         <load_address>0xcf56</load_address>
         <run_address>0xcf56</run_address>
         <size>0x20a</size>
         <input_file_ref idref="fl-10"/>
      </object_component>
      <object_component id="oc-154">
         <name>.debug_info</name>
         <load_address>0xd160</load_address>
         <run_address>0xd160</run_address>
         <size>0x298</size>
         <input_file_ref idref="fl-10"/>
      </object_component>
      <object_component id="oc-9b">
         <name>.debug_info</name>
         <load_address>0xd3f8</load_address>
         <run_address>0xd3f8</run_address>
         <size>0x33e</size>
         <input_file_ref idref="fl-10"/>
      </object_component>
      <object_component id="oc-a1">
         <name>.debug_info</name>
         <load_address>0xd736</load_address>
         <run_address>0xd736</run_address>
         <size>0x208</size>
         <input_file_ref idref="fl-10"/>
      </object_component>
      <object_component id="oc-32">
         <name>.debug_info</name>
         <load_address>0xd93e</load_address>
         <run_address>0xd93e</run_address>
         <size>0x20d</size>
         <input_file_ref idref="fl-10"/>
      </object_component>
      <object_component id="oc-16a">
         <name>.debug_info</name>
         <load_address>0xdb4b</load_address>
         <run_address>0xdb4b</run_address>
         <size>0x251</size>
         <input_file_ref idref="fl-10"/>
      </object_component>
      <object_component id="oc-415">
         <name>.debug_info</name>
         <load_address>0xdd9c</load_address>
         <run_address>0xdd9c</run_address>
         <size>0x212</size>
         <input_file_ref idref="fl-10"/>
      </object_component>
      <object_component id="oc-42e">
         <name>.debug_info</name>
         <load_address>0xdfae</load_address>
         <run_address>0xdfae</run_address>
         <size>0x212</size>
         <input_file_ref idref="fl-10"/>
      </object_component>
      <object_component id="oc-41a">
         <name>.debug_info</name>
         <load_address>0xe1c0</load_address>
         <run_address>0xe1c0</run_address>
         <size>0x272</size>
         <input_file_ref idref="fl-10"/>
      </object_component>
      <object_component id="oc-433">
         <name>.debug_info</name>
         <load_address>0xe432</load_address>
         <run_address>0xe432</run_address>
         <size>0x272</size>
         <input_file_ref idref="fl-10"/>
      </object_component>
      <object_component id="oc-376">
         <name>.debug_info</name>
         <load_address>0xe6a4</load_address>
         <run_address>0xe6a4</run_address>
         <size>0x25c</size>
         <input_file_ref idref="fl-10"/>
      </object_component>
      <object_component id="oc-382">
         <name>.debug_info</name>
         <load_address>0xe900</load_address>
         <run_address>0xe900</run_address>
         <size>0x1c2</size>
         <input_file_ref idref="fl-10"/>
      </object_component>
      <object_component id="oc-29c">
         <name>.debug_info</name>
         <load_address>0xeac2</load_address>
         <run_address>0xeac2</run_address>
         <size>0x1c4</size>
         <input_file_ref idref="fl-10"/>
      </object_component>
      <object_component id="oc-296">
         <name>.debug_info</name>
         <load_address>0xec86</load_address>
         <run_address>0xec86</run_address>
         <size>0x266</size>
         <input_file_ref idref="fl-10"/>
      </object_component>
      <object_component id="oc-37c">
         <name>.debug_info</name>
         <load_address>0xeeec</load_address>
         <run_address>0xeeec</run_address>
         <size>0x1ba</size>
         <input_file_ref idref="fl-10"/>
      </object_component>
      <object_component id="oc-d5">
         <name>.debug_info</name>
         <load_address>0xf0a6</load_address>
         <run_address>0xf0a6</run_address>
         <size>0x198</size>
         <input_file_ref idref="fl-10"/>
      </object_component>
      <object_component id="oc-cf">
         <name>.debug_info</name>
         <load_address>0xf23e</load_address>
         <run_address>0xf23e</run_address>
         <size>0x1fa</size>
         <input_file_ref idref="fl-10"/>
      </object_component>
      <object_component id="oc-49f">
         <name>.debug_info</name>
         <load_address>0xf438</load_address>
         <run_address>0xf438</run_address>
         <size>0x27f</size>
         <input_file_ref idref="fl-10"/>
      </object_component>
      <object_component id="oc-45c">
         <name>.debug_info</name>
         <load_address>0xf6b7</load_address>
         <run_address>0xf6b7</run_address>
         <size>0x2b9</size>
         <input_file_ref idref="fl-10"/>
      </object_component>
      <object_component id="oc-218">
         <name>.debug_info</name>
         <load_address>0xf970</load_address>
         <run_address>0xf970</run_address>
         <size>0x1c3</size>
         <input_file_ref idref="fl-10"/>
      </object_component>
      <object_component id="oc-21e">
         <name>.debug_info</name>
         <load_address>0xfb33</load_address>
         <run_address>0xfb33</run_address>
         <size>0x1ff</size>
         <input_file_ref idref="fl-10"/>
      </object_component>
      <object_component id="oc-163">
         <name>.debug_info</name>
         <load_address>0xfd32</load_address>
         <run_address>0xfd32</run_address>
         <size>0x30e</size>
         <input_file_ref idref="fl-10"/>
      </object_component>
      <object_component id="oc-353">
         <name>.debug_info</name>
         <load_address>0x10040</load_address>
         <run_address>0x10040</run_address>
         <size>0x18e</size>
         <input_file_ref idref="fl-10"/>
      </object_component>
      <object_component id="oc-15d">
         <name>.debug_info</name>
         <load_address>0x101ce</load_address>
         <run_address>0x101ce</run_address>
         <size>0x1db</size>
         <input_file_ref idref="fl-10"/>
      </object_component>
      <object_component id="oc-16f">
         <name>.debug_info</name>
         <load_address>0x103a9</load_address>
         <run_address>0x103a9</run_address>
         <size>0x1fc</size>
         <input_file_ref idref="fl-10"/>
      </object_component>
      <object_component id="oc-aa">
         <name>.debug_info</name>
         <load_address>0x105a5</load_address>
         <run_address>0x105a5</run_address>
         <size>0x38c</size>
         <input_file_ref idref="fl-10"/>
      </object_component>
      <object_component id="oc-37">
         <name>.debug_info</name>
         <load_address>0x10931</load_address>
         <run_address>0x10931</run_address>
         <size>0x20b</size>
         <input_file_ref idref="fl-10"/>
      </object_component>
      <object_component id="oc-b7">
         <name>.debug_info</name>
         <load_address>0x10b3c</load_address>
         <run_address>0x10b3c</run_address>
         <size>0x1ee</size>
         <input_file_ref idref="fl-10"/>
      </object_component>
      <object_component id="oc-c3">
         <name>.debug_info</name>
         <load_address>0x10d2a</load_address>
         <run_address>0x10d2a</run_address>
         <size>0x1a7</size>
         <input_file_ref idref="fl-10"/>
      </object_component>
      <object_component id="oc-b1">
         <name>.debug_info</name>
         <load_address>0x10ed1</load_address>
         <run_address>0x10ed1</run_address>
         <size>0x197</size>
         <input_file_ref idref="fl-10"/>
      </object_component>
      <object_component id="oc-db">
         <name>.debug_info</name>
         <load_address>0x11068</load_address>
         <run_address>0x11068</run_address>
         <size>0x241</size>
         <input_file_ref idref="fl-10"/>
      </object_component>
      <object_component id="oc-439">
         <name>.debug_info</name>
         <load_address>0x112a9</load_address>
         <run_address>0x112a9</run_address>
         <size>0x1ce</size>
         <input_file_ref idref="fl-10"/>
      </object_component>
      <object_component id="oc-43f">
         <name>.debug_info</name>
         <load_address>0x11477</load_address>
         <run_address>0x11477</run_address>
         <size>0x1da</size>
         <input_file_ref idref="fl-10"/>
      </object_component>
      <object_component id="oc-370">
         <name>.debug_info</name>
         <load_address>0x11651</load_address>
         <run_address>0x11651</run_address>
         <size>0x30d</size>
         <input_file_ref idref="fl-10"/>
      </object_component>
      <object_component id="oc-34d">
         <name>.debug_info</name>
         <load_address>0x1195e</load_address>
         <run_address>0x1195e</run_address>
         <size>0x268</size>
         <input_file_ref idref="fl-10"/>
      </object_component>
      <object_component id="oc-26f">
         <name>.debug_info</name>
         <load_address>0x11bc6</load_address>
         <run_address>0x11bc6</run_address>
         <size>0x203</size>
         <input_file_ref idref="fl-10"/>
      </object_component>
      <object_component id="oc-c9">
         <name>.debug_info</name>
         <load_address>0x11dc9</load_address>
         <run_address>0x11dc9</run_address>
         <size>0x254</size>
         <input_file_ref idref="fl-10"/>
      </object_component>
      <object_component id="oc-275">
         <name>.debug_info</name>
         <load_address>0x1201d</load_address>
         <run_address>0x1201d</run_address>
         <size>0x1b1</size>
         <input_file_ref idref="fl-10"/>
      </object_component>
      <object_component id="oc-36a">
         <name>.debug_info</name>
         <load_address>0x121ce</load_address>
         <run_address>0x121ce</run_address>
         <size>0x284</size>
         <input_file_ref idref="fl-10"/>
      </object_component>
      <object_component id="oc-388">
         <name>.debug_info</name>
         <load_address>0x12452</load_address>
         <run_address>0x12452</run_address>
         <size>0x24c</size>
         <input_file_ref idref="fl-10"/>
      </object_component>
      <object_component id="oc-38e">
         <name>.debug_info</name>
         <load_address>0x1269e</load_address>
         <run_address>0x1269e</run_address>
         <size>0x1cc</size>
         <input_file_ref idref="fl-10"/>
      </object_component>
      <object_component id="oc-290">
         <name>.debug_info</name>
         <load_address>0x1286a</load_address>
         <run_address>0x1286a</run_address>
         <size>0x42e</size>
         <input_file_ref idref="fl-10"/>
      </object_component>
      <object_component id="oc-3d">
         <name>.debug_info</name>
         <load_address>0x12c98</load_address>
         <run_address>0x12c98</run_address>
         <size>0x706</size>
         <input_file_ref idref="fl-10"/>
      </object_component>
      <object_component id="oc-348">
         <name>.debug_info</name>
         <load_address>0x1339e</load_address>
[...]
      <symbol id="sm-266">
         <name>__error__</name>
         <value>0x200039b9</value>
         <object_component_ref idref="oc-17f"/>
      </symbol>
      <symbol id="sm-267">
         <name>CM_init</name>
         <value>0x200035d1</value>
         <object_component_ref idref="oc-1a0"/>
      </symbol>
      <symbol id="sm-29c">
         <name>vectorTableRAM</name>
         <value>0x20000c00</value>
         <object_component_ref idref="oc-27"/>
      </symbol>
      <symbol id="sm-509">
         <name>Ethernet_device_struct</name>
         <value>0x2000d200</value>
      </symbol>
      <symbol id="sm-50a">
         <name>Ethernet_descArray</name>
         <value>0x2000d464</value>
      </symbol>
      <symbol id="sm-50b">
         <name>Ethernet_retrieveRxPacket</name>
         <value>0x20001919</value>
         <object_component_ref idref="oc-162"/>
      </symbol>
      <symbol id="sm-50c">
         <name>Ethernet_rxChan0BufUnavail</name>
         <value>0x2000db78</value>
         <object_component_ref idref="oc-a5"/>
      </symbol>
      <symbol id="sm-50d">
         <name>Ethernet_rxChan1BufUnavail</name>
         <value>0x2000db80</value>
         <object_component_ref idref="oc-a5"/>
      </symbol>
      <symbol id="sm-50e">
         <name>Ethernet_numTxPktFreeCallback</name>
         <value>0x2000db28</value>
         <object_component_ref idref="oc-a5"/>
      </symbol>
      <symbol id="sm-50f">
         <name>Ethernet_writeTxDMAControl</name>
         <value>0x200029a1</value>
         <object_component_ref idref="oc-40d"/>
      </symbol>
      <symbol id="sm-510">
         <name>Ethernet_getPHYMode</name>
         <value>0x20003959</value>
         <object_component_ref idref="oc-176"/>
      </symbol>
      <symbol id="sm-511">
         <name>Ethernet_writeTxDescTailPointer</name>
         <value>0x20003941</value>
         <object_component_ref idref="oc-20f"/>
      </symbol>
      <symbol id="sm-512">
         <name>Ethernet_setMTLRxQueueOpMode</name>
         <value>0x200037e1</value>
         <object_component_ref idref="oc-432"/>
      </symbol>
      <symbol id="sm-513">
         <name>Ethernet_transmitISR</name>
         <value>0x20002f01</value>
         <object_component_ref idref="oc-30"/>
      </symbol>
      <symbol id="sm-514">
         <name>Ethernet_setMTLOpmode</name>
         <value>0x20003901</value>
         <object_component_ref idref="oc-375"/>
      </symbol>
      <symbol id="sm-515">
         <name>Ethernet_writeTxDescListAddress</name>
         <value>0x20003931</value>
         <object_component_ref idref="oc-407"/>
      </symbol>
      <symbol id="sm-516">
         <name>Ethernet_performPushOnPacketQueue</name>
         <value>0x20003741</value>
         <object_component_ref idref="oc-188"/>
      </symbol>
      <symbol id="sm-517">
         <name>Ethernet_writePHYRegister</name>
         <value>0x20002cd9</value>
         <object_component_ref idref="oc-bc"/>
      </symbol>
      <symbol id="sm-518">
         <name>Ethernet_removePacketsFromTxQueue</name>
         <value>0x20001f59</value>
         <object_component_ref idref="oc-99"/>
      </symbol>
      <symbol id="sm-519">
         <name>Ethernet_performPopOnPacketQueue</name>
         <value>0x20003859</value>
         <object_component_ref idref="oc-14c"/>
      </symbol>
      <symbol id="sm-51a">
         <name>Ethernet_rwakeupPktReceivedCount</name>
         <value>0x2000db70</value>
         <object_component_ref idref="oc-a5"/>
      </symbol>
      <symbol id="sm-51b">
         <name>Ethernet_isTimestampIntActive</name>
         <value>0x200037a1</value>
         <object_component_ref idref="oc-b0"/>
      </symbol>
      <symbol id="sm-51c">
         <name>Ethernet_setMACConfiguration</name>
         <value>0x20003979</value>
         <object_component_ref idref="oc-29b"/>
      </symbol>
      <symbol id="sm-51d">
         <name>Ethernet_genericRxCompletionInterruptCount</name>
         <value>0x2000db4c</value>
         <object_component_ref idref="oc-a5"/>
      </symbol>
      <symbol id="sm-51e">
         <name>Ethernet_numGetPacketBufferCallback</name>
         <value>0x2000db30</value>
         <object_component_ref idref="oc-a5"/>
      </symbol>
      <symbol id="sm-51f">
         <name>Ethernet_initInterface</name>
         <value>0x20002561</value>
         <object_component_ref idref="oc-26e"/>
      </symbol>
      <symbol id="sm-520">
         <name>Ethernet_receiveISR</name>
         <value>0x20002e99</value>
         <object_component_ref idref="oc-36"/>
      </symbol>
      <symbol id="sm-521">
         <name>Ethernet_sendPacket</name>
         <value>0x20002299</value>
         <object_component_ref idref="oc-45b"/>
      </symbol>
      <symbol id="sm-522">
         <name>Ethernet_isTransmitTimestampStatusSet</name>
         <value>0x200037c1</value>
         <object_component_ref idref="oc-c2"/>
      </symbol>
      <symbol id="sm-523">
         <name>Ethernet_rxReplacementFailedCount</name>
         <value>0x2000db54</value>
         <object_component_ref idref="oc-a5"/>
      </symbol>
      <symbol id="sm-524">
         <name>Ethernet_setTxDescRingLength</name>
         <value>0x20003889</value>
         <object_component_ref idref="oc-413"/>
      </symbol>
      <symbol id="sm-525">
         <name>Ethernet_readPHYRegister</name>
         <value>0x20003091</value>
         <object_component_ref idref="oc-b6"/>
      </symbol>
      <symbol id="sm-526">
         <name>Ethernet_initRxChannel</name>
         <value>0x20002479</value>
         <object_component_ref idref="oc-36f"/>
      </symbol>
      <symbol id="sm-527">
         <name>Ethernet_setDMAMode</name>
         <value>0x20003971</value>
         <object_component_ref idref="oc-37b"/>
      </symbol>
      <symbol id="sm-528">
         <name>Ethernet_addPacketsIntoRxQueue</name>
         <value>0x20002ac9</value>
         <object_component_ref idref="oc-da"/>
      </symbol>
      <symbol id="sm-529">
         <name>Ethernet_HW_descQueueGetCount</name>
         <value>0x20003999</value>
         <object_component_ref idref="oc-146"/>
      </symbol>
      <symbol id="sm-52a">
         <name>Ethernet_genericISR</name>
         <value>0x20000d41</value>
         <object_component_ref idref="oc-3c"/>
      </symbol>
      <symbol id="sm-52b">
         <name>Ethernet_configureRevMIIAddress</name>
         <value>0x200038f1</value>
         <object_component_ref idref="oc-34c"/>
      </symbol>
      <symbol id="sm-52c">
         <name>Ethernet_clearDMAChannelInterrupt</name>
         <value>0x200038e1</value>
         <object_component_ref idref="oc-9f"/>
      </symbol>
      <symbol id="sm-52d">
         <name>Ethernet_genericInterruptCount</name>
         <value>0x2000db40</value>
         <object_component_ref idref="oc-a5"/>
      </symbol>
      <symbol id="sm-52e">
         <name>Ethernet_eeeTxLPIEntryCount</name>
         <value>0x2000db58</value>
         <object_component_ref idref="oc-a5"/>
      </symbol>
      <symbol id="sm-52f">
         <name>Ethernet_eeeRxLPIEntryCount</name>
         <value>0x2000db60</value>
         <object_component_ref idref="oc-a5"/>
      </symbol>
      <symbol id="sm-530">
         <name>Ethernet_getInitConfig</name>
         <value>0x20002391</value>
         <object_component_ref idref="oc-274"/>
      </symbol>
      <symbol id="sm-531">
         <name>Ethernet_setRxDescRingLength</name>
         <value>0x20003871</value>
         <object_component_ref idref="oc-42c"/>
      </symbol>
      <symbol id="sm-532">
         <name>Ethernet_phyLinkStatusChangeInterruptCount</name>
         <value>0x2000db50</value>
         <object_component_ref idref="oc-a5"/>
      </symbol>
      <symbol id="sm-533">
         <name>Ethernet_rxInterruptCount</name>
         <value>0x2000db38</value>
         <object_component_ref idref="oc-a5"/>
      </symbol>
      <symbol id="sm-534">
         <name>Ethernet_resetModule</name>
         <value>0x200036c1</value>
         <object_component_ref idref="oc-352"/>
      </symbol>
      <symbol id="sm-535">
         <name>Ethernet_removePacketsFromRxQueue</name>
         <value>0x20002629</value>
         <object_component_ref idref="oc-a9"/>
      </symbol>
      <symbol id="sm-536">
         <name>Ethernet_setMTLTxQueueOpMode</name>
         <value>0x20003781</value>
         <object_component_ref idref="oc-419"/>
      </symbol>
      <symbol id="sm-537">
         <name>Ethernet_configureEEEClockGatingControl</name>
         <value>0x200035f9</value>
         <object_component_ref idref="oc-ce"/>
      </symbol>
      <symbol id="sm-538">
         <name>Ethernet_addPacketsIntoTxQueue</name>
         <value>0x20001441</value>
         <object_component_ref idref="oc-152"/>
      </symbol>
      <symbol id="sm-539">
         <name>Ethernet_enableDmaInterrupt</name>
         <value>0x200038b1</value>
         <object_component_ref idref="oc-16e"/>
      </symbol>
      <symbol id="sm-53a">
         <name>Ethernet_txChan0BufUnavail</name>
         <value>0x2000db74</value>
         <object_component_ref idref="oc-a5"/>
      </symbol>
      <symbol id="sm-53b">
         <name>Ethernet_earlyTxInterruptCount</name>
         <value>0x2000db48</value>
         <object_component_ref idref="oc-a5"/>
      </symbol>
      <symbol id="sm-53c">
         <name>Ethernet_txChan1BufUnavail</name>
         <value>0x2000db7c</value>
         <object_component_ref idref="oc-a5"/>
      </symbol>
      <symbol id="sm-53d">
         <name>Ethernet_magicPktReceivedCount</name>
         <value>0x2000db6c</value>
         <object_component_ref idref="oc-a5"/>
      </symbol>
      <symbol id="sm-53e">
         <name>Ethernet_configurePHYAddress</name>
         <value>0x20003969</value>
         <object_component_ref idref="oc-38d"/>
      </symbol>
      <symbol id="sm-53f">
         <name>Ethernet_rxContextTimeStamp</name>
         <value>0x2000db3c</value>
         <object_component_ref idref="oc-a5"/>
      </symbol>
      <symbol id="sm-540">
         <name>Ethernet_writeRxDescListAddress</name>
         <value>0x20003911</value>
         <object_component_ref idref="oc-420"/>
      </symbol>
      <symbol id="sm-541">
         <name>Ethernet_getOneStepTransmitTimestampPTP</name>
         <value>0x20002d51</value>
         <object_component_ref idref="oc-c8"/>
      </symbol>
      <symbol id="sm-542">
         <name>Ethernet_numRxCallback</name>
         <value>0x2000db2c</value>
         <object_component_ref idref="oc-a5"/>
      </symbol>
      <symbol id="sm-543">
         <name>Ethernet_setMACPacketFilter</name>
         <value>0x20003981</value>
         <object_component_ref idref="oc-381"/>
      </symbol>
      <symbol id="sm-544">
         <name>Ethernet_pmtInterruptCount</name>
         <value>0x2000db68</value>
         <object_component_ref idref="oc-a5"/>
      </symbol>
      <symbol id="sm-545">
         <name>Ethernet_getHandle</name>
         <value>0x20001df1</value>
         <object_component_ref idref="oc-28f"/>
      </symbol>
      <symbol id="sm-546">
         <name>Ethernet_getRxERICount</name>
         <value>0x20003841</value>
         <object_component_ref idref="oc-21d"/>
      </symbol>
      <symbol id="sm-547">
         <name>Ethernet_enableRxDMAReception</name>
         <value>0x20003829</value>
         <object_component_ref idref="oc-43e"/>
      </symbol>
      <symbol id="sm-548">
         <name>Ethernet_earlyRxInterruptCount</name>
         <value>0x2000db44</value>
         <object_component_ref idref="oc-a5"/>
      </symbol>
      <symbol id="sm-549">
         <name>Ethernet_enableMACRxQ</name>
         <value>0x20003621</value>
         <object_component_ref idref="oc-438"/>
      </symbol>
      <symbol id="sm-54a">
         <name>Ethernet_nextDescAvailable</name>
         <value>0x20003811</value>
         <object_component_ref idref="oc-15c"/>
      </symbol>
      <symbol id="sm-54b">
         <name>Ethernet_configureMDIO</name>
         <value>0x200038a1</value>
         <object_component_ref idref="oc-387"/>
      </symbol>
      <symbol id="sm-54c">
         <name>Ethernet_writeRxDescTailPointer</name>
         <value>0x20003921</value>
         <object_component_ref idref="oc-e0"/>
      </symbol>
      <symbol id="sm-54d">
         <name>Ethernet_writeRxDMAControl</name>
         <value>0x20002f69</value>
         <object_component_ref idref="oc-426"/>
      </symbol>
      <symbol id="sm-54e">
         <name>Ethernet_eeeRxLPIExitCount</name>
         <value>0x2000db64</value>
         <object_component_ref idref="oc-a5"/>
      </symbol>
      <symbol id="sm-54f">
         <name>Ethernet_setMACAddr</name>
         <value>0x20003761</value>
         <object_component_ref idref="oc-295"/>
      </symbol>
      <symbol id="sm-550">
         <name>Ethernet_txInterruptCount</name>
         <value>0x2000db34</value>
         <object_component_ref idref="oc-a5"/>
      </symbol>
      <symbol id="sm-551">
         <name>Ethernet_disableTxEEEMode</name>
         <value>0x200038c1</value>
         <object_component_ref idref="oc-d4"/>
      </symbol>
      <symbol id="sm-552">
         <name>Ethernet_submitRxPacket</name>
         <value>0x20002fd1</value>
         <object_component_ref idref="oc-168"/>
      </symbol>
      <symbol id="sm-553">
         <name>Ethernet_eeeTxLPIExitCount</name>
         <value>0x2000db5c</value>
         <object_component_ref idref="oc-a5"/>
      </symbol>
      <symbol id="sm-58a">
         <name>Interrupt_disable</name>
         <value>0x200027a9</value>
         <object_component_ref idref="oc-25c"/>
      </symbol>
      <symbol id="sm-58b">
         <name>Interrupt_enable</name>
         <value>0x20002859</value>
         <object_component_ref idref="oc-256"/>
      </symbol>
      <symbol id="sm-58c">
         <name>Interrupt_registerHandler</name>
         <value>0x20002b59</value>
         <object_component_ref idref="oc-2a7"/>
      </symbol>
      <symbol id="sm-5ce">
         <name>IPC_sendCommand</name>
         <value>0x20003031</value>
         <object_component_ref idref="oc-2ce"/>
      </symbol>
      <symbol id="sm-5cf">
         <name>IPC_CM_To_CPU2_PutBuffer</name>
         <value>0x20086000</value>
         <object_component_ref idref="oc-32b"/>
      </symbol>
      <symbol id="sm-5d0">
         <name>IPC_registerInterrupt</name>
         <value>0x200031f1</value>
         <object_component_ref idref="oc-237"/>
      </symbol>
      <symbol id="sm-5d1">
         <name>IPC_CM_To_CPU1_PutBuffer</name>
         <value>0x20082000</value>
         <object_component_ref idref="oc-325"/>
      </symbol>
      <symbol id="sm-5d2">
         <name>IPC_Instance</name>
         <value>0x1fffc200</value>
         <object_component_ref idref="oc-23d"/>
      </symbol>
      <symbol id="sm-5d3">
         <name>IPC_CM_To_CPU2_GetBuffer</name>
         <value>0x20084000</value>
         <object_component_ref idref="oc-32e"/>
      </symbol>
      <symbol id="sm-5d4">
         <name>IPC_CM_To_CPU1_GetBuffer</name>
         <value>0x20080000</value>
         <object_component_ref idref="oc-328"/>
      </symbol>
      <symbol id="sm-5d5">
         <name>IPC_readCommand</name>
         <value>0x20003249</value>
         <object_component_ref idref="oc-31c"/>
      </symbol>
      <symbol id="sm-5ed">
         <name>Platform_enablePeripheral</name>
         <value>0x20003989</value>
         <object_component_ref idref="oc-250"/>
      </symbol>
      <symbol id="sm-5ee">
         <name>Platform_resetPeripheral</name>
         <value>0x20003991</value>
         <object_component_ref idref="oc-24a"/>
      </symbol>
      <symbol id="sm-604">
         <name>SysCtl_enablePeripheral</name>
         <value>0x20003571</value>
         <object_component_ref idref="oc-315"/>
      </symbol>
      <symbol id="sm-605">
         <name>SysCtl_resetPeripheral</name>
         <value>0x20003439</value>
         <object_component_ref idref="oc-33e"/>
      </symbol>
      <symbol id="sm-62a">
         <name>memcpy</name>
         <value>0x20002905</value>
         <object_component_ref idref="oc-50"/>
      </symbol>
      <symbol id="sm-62b">
         <name>__aeabi_memcpy</name>
         <value>0x20002905</value>
         <object_component_ref idref="oc-50"/>
      </symbol>
      <symbol id="sm-62c">
         <name>__aeabi_memcpy8</name>
         <value>0x20002905</value>
         <object_component_ref idref="oc-50"/>
      </symbol>
      <symbol id="sm-62d">
         <name>__aeabi_memcpy4</name>
         <value>0x20002905</value>
         <object_component_ref idref="oc-50"/>
      </symbol>
      <symbol id="sm-63d">
         <name>__aeabi_memset</name>
         <value>0x20002be3</value>
         <object_component_ref idref="oc-103"/>
      </symbol>
      <symbol id="sm-63e">
         <name>memset</name>
         <value>0x20002be9</value>
         <object_component_ref idref="oc-103"/>
      </symbol>
      <symbol id="sm-63f">
         <name>__aeabi_memset8</name>
         <value>0x20002be3</value>
         <object_component_ref idref="oc-103"/>
      </symbol>
      <symbol id="sm-640">
         <name>__aeabi_memset4</name>
         <value>0x20002be3</value>
         <object_component_ref idref="oc-103"/>
      </symbol>
      <symbol id="sm-641">
         <name>__aeabi_memclr8</name>
         <value>0x20002be1</value>
         <object_component_ref idref="oc-103"/>
      </symbol>
      <symbol id="sm-642">
         <name>__aeabi_memclr4</name>
         <value>0x20002be1</value>
         <object_component_ref idref="oc-103"/>
      </symbol>
      <symbol id="sm-643">
         <name>__aeabi_memclr</name>
         <value>0x20002be1</value>
         <object_component_ref idref="oc-103"/>
      </symbol>
      <symbol id="sm-655">
         <name>__TI_zero_init</name>
         <value>0x2000394d</value>
         <object_component_ref idref="oc-62"/>
      </symbol>
      <symbol id="sm-66c">
         <name>__TI_decompress_none</name>
         <value>0x200038cf</value>
         <object_component_ref idref="oc-1f"/>
      </symbol>
      <symbol id="sm-68f">
         <name>__TI_decompress_lzss</name>
         <value>0x20002e2d</value>
         <object_component_ref idref="oc-19"/>
      </symbol>
      <symbol id="sm-6a1">
         <name>__stack</name>
         <value>0x1fffc000</value>
         <object_component_ref idref="oc-42"/>
      </symbol>
      <symbol id="sm-6a2">
         <name>_c_int00_noargs</name>
         <value>0x20000bdd</value>
         <object_component_ref idref="oc-6e"/>
      </symbol>
      <symbol id="sm-6ca">
         <name>__TI_auto_init_nobinit_nopinit</name>
         <value>0x200032e5</value>
         <object_component_ref idref="oc-1db"/>
      </symbol>
      <symbol id="sm-6d4">
         <name>_system_pre_init</name>
         <value>0x2000143b</value>
         <object_component_ref idref="oc-109"/>
      </symbol>
      <symbol id="sm-6e0">
         <name>C$$EXIT</name>
         <value>0x20001acd</value>
         <object_component_ref idref="oc-1cf"/>
      </symbol>
      <symbol id="sm-6e1">
         <name>abort</name>
         <value>0x20001acd</value>
         <object_component_ref idref="oc-1cf"/>
      </symbol>
      <symbol id="sm-6e4">
         <name>__TI_static_base__</name>
         <value>0x1fffe000</value>
      </symbol>
      <symbol id="sm-6e8">
         <name>__mpu_init</name>
         <value>0x0</value>
      </symbol>
      <symbol id="sm-6e9">
         <name>_system_post_cinit</name>
         <value>0x0</value>
      </symbol>
      <symbol id="sm-6ea">
         <name>Platform_enableInterrupt</name>
         <value>0x20002859</value>
      </symbol>
      <symbol id="sm-6eb">
         <name>Platform_disableInterrupt</name>
         <value>0x200027a9</value>
      </symbol>
   </symbol_table>
   <title>Link successful</title>
</link_info>
